[2026-10-04 14:59:48.948] [info] Creature sprite xBR catalog ready: scale=x2, 122 animations, 4636 components, 4636 resources, 1590551 frames, 5318041716 index bytes across 4636 lazy content-addressed shards; catalog-version=V2; 50317 authenticated directory entries; source=CreatureSprites-XN.catalog; filter=NEAREST; index cache budget=128 MiB; metadata cache budget=128 MiB; shard validation=background-on-demand
[2026-10-04 14:59:48.969] [info] Creature sprite catalog shard 4618 ready on demand for animation 0x4000, resref SNOMC: 1 resources, 189392 metadata bytes
[2026-10-04 14:59:49.216] [info] Creature sprite catalog shard 4619 ready on demand for animation 0x4002, resref SNOMM: 1 resources, 100156 metadata bytes
[2026-10-04 14:59:49.310] [info] Creature sprite catalog shard 4620 ready on demand for animation 0x4010, resref SNOWC: 1 resources, 189392 metadata bytes
[2026-10-04 14:59:49.561] [info] Creature sprite catalog shard 4621 ready on demand for animation 0x4012, resref SNOWM: 1 resources, 100156 metadata bytes
[2026-10-04 14:59:49.651] [info] Creature sprite catalog shard 4622 ready on demand for animation 0x4100, resref SSIMC: 1 resources, 189392 metadata bytes
[2026-10-04 14:59:49.875] [info] Creature sprite catalog shard 4623 ready on demand for animation 0x4101, resref SSIMS: 1 resources, 189392 metadata bytes
[2026-10-04 14:59:50.115] [info] Creature sprite catalog shard 4624 ready on demand for animation 0x4102, resref SSIMM: 1 resources, 100156 metadata bytes
[2026-10-04 14:59:50.198] [info] Creature sprite catalog shard 4625 ready on demand for animation 0x4110, resref SSIWC: 1 resources, 189392 metadata bytes
[2026-10-04 14:59:50.374] [info] Creature sprite catalog shard 4626 ready on demand for animation 0x4112, resref SSIWM: 1 resources, 100148 metadata bytes
[2026-10-04 14:59:50.434] [info] Creature sprite catalog shard 4627 ready on demand for animation 0x4200, resref SHMCM: 1 resources, 22196 metadata bytes
[2026-10-04 14:59:50.458] [info] Creature sprite catalog shard 4628 ready on demand for animation 0x4300, resref MSPLG1: 1 resources, 22188 metadata bytes
[2026-10-04 14:59:50.493] [info] Creature sprite catalog shard 4629 ready on demand for animation 0x4400, resref LHMC: 1 resources, 14396 metadata bytes
[2026-10-04 14:59:50.502] [info] Creature sprite catalog shard 4630 ready on demand for animation 0x4410, resref LHFC: 1 resources, 14396 metadata bytes
[2026-10-04 14:59:50.518] [info] Creature sprite catalog shard 4631 ready on demand for animation 0x4500, resref LFAM: 1 resources, 14396 metadata bytes
[2026-10-04 14:59:50.536] [info] Creature sprite catalog shard 4632 ready on demand for animation 0x4600, resref LDMF: 1 resources, 14396 metadata bytes
[2026-10-04 14:59:50.549] [info] Creature sprite catalog shard 4633 ready on demand for animation 0x4700, resref LEMF: 1 resources, 14396 metadata bytes
[2026-10-04 14:59:50.563] [info] Creature sprite catalog shard 4634 ready on demand for animation 0x4710, resref LEFF: 1 resources, 14396 metadata bytes
[2026-10-04 14:59:50.579] [info] Creature sprite catalog shard 4635 ready on demand for animation 0x4800, resref LIMC: 1 resources, 14396 metadata bytes
{"resources":18,"frames":1543,"native_cycle_slots":24573,"decoded_pixels":190777248,"palette_encodings":3,"K":6,"passed":true}
