[2026-10-04 14:59:48.725] [info] Creature sprite xBR catalog ready: scale=x2, 18 animations, 18 components, 18 resources, 1543 frames, 10598736 index bytes across 18 lazy content-addressed shards; catalog-version=V2; 18 authenticated directory entries; source=CreatureSprites-XN.catalog; filter=NEAREST; index cache budget=128 MiB; metadata cache budget=128 MiB; shard validation=background-on-demand
[2026-10-04 14:59:48.745] [info] Creature sprite catalog shard 0 ready on demand for animation 0x4000, resref SNOMC: 1 resources, 189392 metadata bytes
[2026-10-04 14:59:48.972] [info] Creature sprite catalog shard 1 ready on demand for animation 0x4002, resref SNOMM: 1 resources, 100156 metadata bytes
[2026-10-04 14:59:49.060] [info] Creature sprite catalog shard 2 ready on demand for animation 0x4010, resref SNOWC: 1 resources, 189392 metadata bytes
[2026-10-04 14:59:49.315] [info] Creature sprite catalog shard 3 ready on demand for animation 0x4012, resref SNOWM: 1 resources, 100156 metadata bytes
[2026-10-04 14:59:49.404] [info] Creature sprite catalog shard 4 ready on demand for animation 0x4100, resref SSIMC: 1 resources, 189392 metadata bytes
[2026-10-04 14:59:49.628] [info] Creature sprite catalog shard 5 ready on demand for animation 0x4101, resref SSIMS: 1 resources, 189392 metadata bytes
[2026-10-04 14:59:49.861] [info] Creature sprite catalog shard 6 ready on demand for animation 0x4102, resref SSIMM: 1 resources, 100156 metadata bytes
[2026-10-04 14:59:49.954] [info] Creature sprite catalog shard 7 ready on demand for animation 0x4110, resref SSIWC: 1 resources, 189392 metadata bytes
[2026-10-04 14:59:50.148] [info] Creature sprite catalog shard 8 ready on demand for animation 0x4112, resref SSIWM: 1 resources, 100148 metadata bytes
[2026-10-04 14:59:50.200] [info] Creature sprite catalog shard 9 ready on demand for animation 0x4200, resref SHMCM: 1 resources, 22196 metadata bytes
[2026-10-04 14:59:50.211] [info] Creature sprite catalog shard 10 ready on demand for animation 0x4300, resref MSPLG1: 1 resources, 22188 metadata bytes
[2026-10-04 14:59:50.245] [info] Creature sprite catalog shard 11 ready on demand for animation 0x4400, resref LHMC: 1 resources, 14396 metadata bytes
[2026-10-04 14:59:50.255] [info] Creature sprite catalog shard 12 ready on demand for animation 0x4410, resref LHFC: 1 resources, 14396 metadata bytes
[2026-10-04 14:59:50.270] [info] Creature sprite catalog shard 13 ready on demand for animation 0x4500, resref LFAM: 1 resources, 14396 metadata bytes
[2026-10-04 14:59:50.289] [info] Creature sprite catalog shard 14 ready on demand for animation 0x4600, resref LDMF: 1 resources, 14396 metadata bytes
[2026-10-04 14:59:50.301] [info] Creature sprite catalog shard 15 ready on demand for animation 0x4700, resref LEMF: 1 resources, 14396 metadata bytes
[2026-10-04 14:59:50.316] [info] Creature sprite catalog shard 16 ready on demand for animation 0x4710, resref LEFF: 1 resources, 14396 metadata bytes
[2026-10-04 14:59:50.331] [info] Creature sprite catalog shard 17 ready on demand for animation 0x4800, resref LIMC: 1 resources, 14396 metadata bytes
{"resources":18,"frames":1543,"native_cycle_slots":24573,"decoded_pixels":190777248,"palette_encodings":3,"K":6,"passed":true}
