[2026-10-04 15:35:13.315] [info] Creature sprite xBR catalog ready: scale=x2, 18 animations, 34 components, 34 resources, 2580 frames, 16029980 index bytes across 34 lazy content-addressed shards; catalog-version=V2; 39 authenticated directory entries; source=CreatureSprites-XN.catalog; filter=NEAREST; index cache budget=128 MiB; metadata cache budget=128 MiB; shard validation=background-on-demand
[2026-10-04 15:35:13.317] [info] Creature sprite catalog shard 0 ready on demand for animation 0xC000, resref ABATG1: 1 resources, 59764 metadata bytes
[2026-10-04 15:35:13.335] [info] Creature sprite catalog shard 1 ready on demand for animation 0xC000, resref ABATG1E: 1 resources, 37100 metadata bytes
[2026-10-04 15:35:13.350] [info] Creature sprite catalog shard 2 ready on demand for animation 0xC100, resref ACATG1: 1 resources, 81456 metadata bytes
[2026-10-04 15:35:13.385] [info] Creature sprite catalog shard 3 ready on demand for animation 0xC100, resref ACATG1E: 1 resources, 50072 metadata bytes
[2026-10-04 15:35:13.409] [info] Creature sprite catalog shard 4 ready on demand for animation 0xC200, resref ACHKG1: 1 resources, 55384 metadata bytes
[2026-10-04 15:35:13.435] [info] Creature sprite catalog shard 5 ready on demand for animation 0xC200, resref ACHKG1E: 1 resources, 37932 metadata bytes
[2026-10-04 15:35:13.446] [info] Creature sprite catalog shard 6 ready on demand for animation 0xC300, resref ARATG1: 1 resources, 29916 metadata bytes
[2026-10-04 15:35:13.457] [info] Creature sprite catalog shard 7 ready on demand for animation 0xC300, resref ARATG1E: 1 resources, 19180 metadata bytes
[2026-10-04 15:35:13.471] [info] Creature sprite catalog shard 8 ready on demand for animation 0xC300, resref ARATINV: 1 resources, 3920 metadata bytes
[2026-10-04 15:35:13.491] [info] Creature sprite catalog shard 9 ready on demand for animation 0xC400, resref ASQUG1: 1 resources, 41640 metadata bytes
[2026-10-04 15:35:13.504] [info] Creature sprite catalog shard 10 ready on demand for animation 0xC400, resref ASQUG1E: 1 resources, 24224 metadata bytes
[2026-10-04 15:35:13.517] [info] Creature sprite catalog shard 11 ready on demand for animation 0xC400, resref ASQUINV: 1 resources, 3920 metadata bytes
[2026-10-04 15:35:13.557] [info] Creature sprite catalog shard 12 ready on demand for animation 0xC600, resref NBEGHG1: 1 resources, 109212 metadata bytes
[2026-10-04 15:35:13.670] [info] Creature sprite catalog shard 13 ready on demand for animation 0xC600, resref NBEGHG1E: 1 resources, 66796 metadata bytes
[2026-10-04 15:35:13.754] [info] Creature sprite catalog shard 14 ready on demand for animation 0xC610, resref NPROHG1: 1 resources, 109212 metadata bytes
[2026-10-04 15:35:13.874] [info] Creature sprite catalog shard 15 ready on demand for animation 0xC610, resref NPROHG1E: 1 resources, 66796 metadata bytes
[2026-10-04 15:35:13.950] [info] Creature sprite catalog shard 16 ready on demand for animation 0xC700, resref NBOYHG1: 1 resources, 108760 metadata bytes
[2026-10-04 15:35:14.039] [info] Creature sprite catalog shard 17 ready on demand for animation 0xC700, resref NBOYHG1E: 1 resources, 66524 metadata bytes
[2026-10-04 15:35:14.104] [info] Creature sprite catalog shard 18 ready on demand for animation 0xC710, resref NGRLHG1: 1 resources, 108820 metadata bytes
[2026-10-04 15:35:14.189] [info] Creature sprite catalog shard 19 ready on demand for animation 0xC710, resref NGRLHG1E: 1 resources, 66612 metadata bytes
[2026-10-04 15:35:14.246] [info] Creature sprite catalog shard 20 ready on demand for animation 0xC800, resref NFAMHG1: 1 resources, 108760 metadata bytes
[2026-10-04 15:35:14.395] [info] Creature sprite catalog shard 21 ready on demand for animation 0xC800, resref NFAMHG1E: 1 resources, 66524 metadata bytes
[2026-10-04 15:35:14.509] [info] Creature sprite catalog shard 22 ready on demand for animation 0xC810, resref NFAWHG1: 1 resources, 109212 metadata bytes
[2026-10-04 15:35:14.681] [info] Creature sprite catalog shard 23 ready on demand for animation 0xC810, resref NFAWHG1E: 1 resources, 66796 metadata bytes
[2026-10-04 15:35:14.779] [info] Creature sprite catalog shard 24 ready on demand for animation 0xC900, resref NSIMHG1: 1 resources, 108760 metadata bytes
[2026-10-04 15:35:14.905] [info] Creature sprite catalog shard 25 ready on demand for animation 0xC900, resref NSIMHG1E: 1 resources, 66524 metadata bytes
[2026-10-04 15:35:14.981] [info] Creature sprite catalog shard 26 ready on demand for animation 0xC910, resref NSIWHG1: 1 resources, 109212 metadata bytes
[2026-10-04 15:35:15.108] [info] Creature sprite catalog shard 27 ready on demand for animation 0xC910, resref NSIWHG1E: 1 resources, 66796 metadata bytes
[2026-10-04 15:35:15.177] [info] Creature sprite catalog shard 28 ready on demand for animation 0xCA00, resref NNOMHG1: 1 resources, 109212 metadata bytes
[2026-10-04 15:35:15.317] [info] Creature sprite catalog shard 29 ready on demand for animation 0xCA00, resref NNOMHG1E: 1 resources, 66796 metadata bytes
[2026-10-04 15:35:15.425] [info] Creature sprite catalog shard 30 ready on demand for animation 0xCA10, resref NNOWHG1: 1 resources, 109212 metadata bytes
[2026-10-04 15:35:15.579] [info] Creature sprite catalog shard 31 ready on demand for animation 0xCA10, resref NNOWHG1E: 1 resources, 66796 metadata bytes
[2026-10-04 15:35:15.667] [info] Creature sprite catalog shard 32 ready on demand for animation 0xCB00, resref NSLVHG1: 1 resources, 108760 metadata bytes
[2026-10-04 15:35:15.795] [info] Creature sprite catalog shard 33 ready on demand for animation 0xCB00, resref NSLVHG1E: 1 resources, 66524 metadata bytes
{"resources":39,"frames":2734,"native_cycle_slots":14970,"decoded_pixels":291168216,"palette_encodings":3,"K":6,"passed":true}
