[2026-10-04 15:35:40.016] [info] Creature sprite xBR catalog ready: scale=x2, 140 animations, 4670 components, 4670 resources, 1593131 frames, 5334071696 index bytes across 4670 lazy content-addressed shards; catalog-version=V2; 50356 authenticated directory entries; source=CreatureSprites-XN.catalog; filter=NEAREST; index cache budget=128 MiB; metadata cache budget=128 MiB; shard validation=background-on-demand
[2026-10-04 15:35:40.017] [info] Creature sprite catalog shard 4636 ready on demand for animation 0xC000, resref ABATG1: 1 resources, 59764 metadata bytes
[2026-10-04 15:35:40.034] [info] Creature sprite catalog shard 4637 ready on demand for animation 0xC000, resref ABATG1E: 1 resources, 37100 metadata bytes
[2026-10-04 15:35:40.050] [info] Creature sprite catalog shard 4638 ready on demand for animation 0xC100, resref ACATG1: 1 resources, 81456 metadata bytes
[2026-10-04 15:35:40.086] [info] Creature sprite catalog shard 4639 ready on demand for animation 0xC100, resref ACATG1E: 1 resources, 50072 metadata bytes
[2026-10-04 15:35:40.108] [info] Creature sprite catalog shard 4640 ready on demand for animation 0xC200, resref ACHKG1: 1 resources, 55384 metadata bytes
[2026-10-04 15:35:40.133] [info] Creature sprite catalog shard 4641 ready on demand for animation 0xC200, resref ACHKG1E: 1 resources, 37932 metadata bytes
[2026-10-04 15:35:40.144] [info] Creature sprite catalog shard 4642 ready on demand for animation 0xC300, resref ARATG1: 1 resources, 29916 metadata bytes
[2026-10-04 15:35:40.155] [info] Creature sprite catalog shard 4643 ready on demand for animation 0xC300, resref ARATG1E: 1 resources, 19180 metadata bytes
[2026-10-04 15:35:40.169] [info] Creature sprite catalog shard 4644 ready on demand for animation 0xC300, resref ARATINV: 1 resources, 3920 metadata bytes
[2026-10-04 15:35:40.189] [info] Creature sprite catalog shard 4645 ready on demand for animation 0xC400, resref ASQUG1: 1 resources, 41640 metadata bytes
[2026-10-04 15:35:40.203] [info] Creature sprite catalog shard 4646 ready on demand for animation 0xC400, resref ASQUG1E: 1 resources, 24224 metadata bytes
[2026-10-04 15:35:40.216] [info] Creature sprite catalog shard 4647 ready on demand for animation 0xC400, resref ASQUINV: 1 resources, 3920 metadata bytes
[2026-10-04 15:35:40.255] [info] Creature sprite catalog shard 4648 ready on demand for animation 0xC600, resref NBEGHG1: 1 resources, 109212 metadata bytes
[2026-10-04 15:35:40.368] [info] Creature sprite catalog shard 4649 ready on demand for animation 0xC600, resref NBEGHG1E: 1 resources, 66796 metadata bytes
[2026-10-04 15:35:40.454] [info] Creature sprite catalog shard 4650 ready on demand for animation 0xC610, resref NPROHG1: 1 resources, 109212 metadata bytes
[2026-10-04 15:35:40.576] [info] Creature sprite catalog shard 4651 ready on demand for animation 0xC610, resref NPROHG1E: 1 resources, 66796 metadata bytes
[2026-10-04 15:35:40.655] [info] Creature sprite catalog shard 4652 ready on demand for animation 0xC700, resref NBOYHG1: 1 resources, 108760 metadata bytes
[2026-10-04 15:35:40.740] [info] Creature sprite catalog shard 4653 ready on demand for animation 0xC700, resref NBOYHG1E: 1 resources, 66524 metadata bytes
[2026-10-04 15:35:40.789] [info] Creature sprite catalog shard 4654 ready on demand for animation 0xC710, resref NGRLHG1: 1 resources, 108820 metadata bytes
[2026-10-04 15:35:40.872] [info] Creature sprite catalog shard 4655 ready on demand for animation 0xC710, resref NGRLHG1E: 1 resources, 66612 metadata bytes
[2026-10-04 15:35:40.928] [info] Creature sprite catalog shard 4656 ready on demand for animation 0xC800, resref NFAMHG1: 1 resources, 108760 metadata bytes
[2026-10-04 15:35:41.079] [info] Creature sprite catalog shard 4657 ready on demand for animation 0xC800, resref NFAMHG1E: 1 resources, 66524 metadata bytes
[2026-10-04 15:35:41.179] [info] Creature sprite catalog shard 4658 ready on demand for animation 0xC810, resref NFAWHG1: 1 resources, 109212 metadata bytes
[2026-10-04 15:35:41.344] [info] Creature sprite catalog shard 4659 ready on demand for animation 0xC810, resref NFAWHG1E: 1 resources, 66796 metadata bytes
[2026-10-04 15:35:41.458] [info] Creature sprite catalog shard 4660 ready on demand for animation 0xC900, resref NSIMHG1: 1 resources, 108760 metadata bytes
[2026-10-04 15:35:41.585] [info] Creature sprite catalog shard 4661 ready on demand for animation 0xC900, resref NSIMHG1E: 1 resources, 66524 metadata bytes
[2026-10-04 15:35:41.663] [info] Creature sprite catalog shard 4662 ready on demand for animation 0xC910, resref NSIWHG1: 1 resources, 109212 metadata bytes
[2026-10-04 15:35:41.773] [info] Creature sprite catalog shard 4663 ready on demand for animation 0xC910, resref NSIWHG1E: 1 resources, 66796 metadata bytes
[2026-10-04 15:35:41.854] [info] Creature sprite catalog shard 4664 ready on demand for animation 0xCA00, resref NNOMHG1: 1 resources, 109212 metadata bytes
[2026-10-04 15:35:41.995] [info] Creature sprite catalog shard 4665 ready on demand for animation 0xCA00, resref NNOMHG1E: 1 resources, 66796 metadata bytes
[2026-10-04 15:35:42.087] [info] Creature sprite catalog shard 4666 ready on demand for animation 0xCA10, resref NNOWHG1: 1 resources, 109212 metadata bytes
[2026-10-04 15:35:42.232] [info] Creature sprite catalog shard 4667 ready on demand for animation 0xCA10, resref NNOWHG1E: 1 resources, 66796 metadata bytes
[2026-10-04 15:35:42.319] [info] Creature sprite catalog shard 4668 ready on demand for animation 0xCB00, resref NSLVHG1: 1 resources, 108760 metadata bytes
[2026-10-04 15:35:42.445] [info] Creature sprite catalog shard 4669 ready on demand for animation 0xCB00, resref NSLVHG1E: 1 resources, 66524 metadata bytes
{"resources":39,"frames":2734,"native_cycle_slots":14970,"decoded_pixels":291168216,"palette_encodings":3,"K":6,"passed":true}
