[2026-10-04 18:49:31.962] [info] Creature sprite xBR catalog ready: scale=x2, 7 animations, 65 components, 65 resources, 6422 frames, 59311732 index bytes across 65 lazy content-addressed shards; catalog-version=V2; 65 authenticated directory entries; source=CreatureSprites-XN.catalog; filter=NEAREST; index cache budget=128 MiB; metadata cache budget=128 MiB; shard validation=background-on-demand
[2026-10-04 18:49:31.965] [info] Creature sprite catalog shard 0 ready on demand for animation 0x2000, resref MSIRBG1: 1 resources, 107084 metadata bytes
[2026-10-04 18:49:32.012] [info] Creature sprite catalog shard 1 ready on demand for animation 0x2000, resref MSIRBG1E: 1 resources, 65496 metadata bytes
[2026-10-04 18:49:32.046] [info] Creature sprite catalog shard 2 ready on demand for animation 0x2000, resref MSIRBG2: 1 resources, 132332 metadata bytes
[2026-10-04 18:49:32.087] [info] Creature sprite catalog shard 3 ready on demand for animation 0x2000, resref MSIRBG2E: 1 resources, 80480 metadata bytes
[2026-10-04 18:49:32.112] [info] Creature sprite catalog shard 4 ready on demand for animation 0x2000, resref MSIRG1: 1 resources, 107084 metadata bytes
[2026-10-04 18:49:32.211] [info] Creature sprite catalog shard 5 ready on demand for animation 0x2000, resref MSIRG1E: 1 resources, 65496 metadata bytes
[2026-10-04 18:49:32.290] [info] Creature sprite catalog shard 6 ready on demand for animation 0x2000, resref MSIRG2: 1 resources, 132332 metadata bytes
[2026-10-04 18:49:32.437] [info] Creature sprite catalog shard 7 ready on demand for animation 0x2000, resref MSIRG2E: 1 resources, 80400 metadata bytes
[2026-10-04 18:49:32.534] [info] Creature sprite catalog shard 8 ready on demand for animation 0x2100, resref UVOLG1: 1 resources, 138008 metadata bytes
[2026-10-04 18:49:32.694] [info] Creature sprite catalog shard 9 ready on demand for animation 0x2100, resref UVOLG1E: 1 resources, 83960 metadata bytes
[2026-10-04 18:49:32.805] [info] Creature sprite catalog shard 10 ready on demand for animation 0x2100, resref UVOLG2: 1 resources, 136228 metadata bytes
[2026-10-04 18:49:32.973] [info] Creature sprite catalog shard 11 ready on demand for animation 0x2100, resref UVOLG2E: 1 resources, 82836 metadata bytes
[2026-10-04 18:49:33.071] [info] Creature sprite catalog shard 12 ready on demand for animation 0x2100, resref UVOLMG1: 1 resources, 22492 metadata bytes
[2026-10-04 18:49:33.079] [info] Creature sprite catalog shard 13 ready on demand for animation 0x2100, resref UVOLMG1E: 1 resources, 15124 metadata bytes
[2026-10-04 18:49:33.092] [info] Creature sprite catalog shard 14 ready on demand for animation 0x2100, resref UVOLMG2: 1 resources, 3928 metadata bytes
[2026-10-04 18:49:33.106] [info] Creature sprite catalog shard 15 ready on demand for animation 0x2100, resref UVOLMG2E: 1 resources, 3928 metadata bytes
[2026-10-04 18:49:33.150] [info] Creature sprite catalog shard 16 ready on demand for animation 0x2200, resref MOGMG1: 1 resources, 133500 metadata bytes
[2026-10-04 18:49:33.516] [info] Creature sprite catalog shard 17 ready on demand for animation 0x2200, resref MOGMG1E: 1 resources, 81412 metadata bytes
[2026-10-04 18:49:33.752] [info] Creature sprite catalog shard 18 ready on demand for animation 0x2200, resref MOGMG2: 1 resources, 132208 metadata bytes
[2026-10-04 18:49:34.107] [info] Creature sprite catalog shard 19 ready on demand for animation 0x2200, resref MOGMG2E: 1 resources, 80280 metadata bytes
[2026-10-04 18:49:34.313] [info] Creature sprite catalog shard 20 ready on demand for animation 0x2200, resref MOGMSG1: 1 resources, 133500 metadata bytes
[2026-10-04 18:49:34.355] [info] Creature sprite catalog shard 21 ready on demand for animation 0x2200, resref MOGMSG1E: 1 resources, 81412 metadata bytes
[2026-10-04 18:49:34.385] [info] Creature sprite catalog shard 22 ready on demand for animation 0x2200, resref MOGMSG2: 1 resources, 132208 metadata bytes
[2026-10-04 18:49:34.418] [info] Creature sprite catalog shard 23 ready on demand for animation 0x2200, resref MOGMSG2E: 1 resources, 80280 metadata bytes
[2026-10-04 18:49:34.466] [info] Creature sprite catalog shard 24 ready on demand for animation 0x2300, resref MDKNG1: 1 resources, 157424 metadata bytes
[2026-10-04 18:49:34.931] [info] Creature sprite catalog shard 25 ready on demand for animation 0x2300, resref MDKNG1E: 1 resources, 95300 metadata bytes
[2026-10-04 18:49:35.221] [info] Creature sprite catalog shard 26 ready on demand for animation 0x2300, resref MDKNG2: 1 resources, 149572 metadata bytes
[2026-10-04 18:49:35.729] [info] Creature sprite catalog shard 27 ready on demand for animation 0x2300, resref MDKNG2E: 1 resources, 90720 metadata bytes
[2026-10-04 18:49:36.040] [info] Creature sprite catalog shard 28 ready on demand for animation 0x8000, resref MGNLG1: 1 resources, 124504 metadata bytes
[2026-10-04 18:49:36.358] [info] Creature sprite catalog shard 29 ready on demand for animation 0x8000, resref MGNLG1E: 1 resources, 75976 metadata bytes
[2026-10-04 18:49:36.557] [info] Creature sprite catalog shard 30 ready on demand for animation 0x8000, resref MGNLG2: 1 resources, 114860 metadata bytes
[2026-10-04 18:49:36.855] [info] Creature sprite catalog shard 31 ready on demand for animation 0x8000, resref MGNLG2E: 1 resources, 69960 metadata bytes
[2026-10-04 18:49:37.048] [info] Creature sprite catalog shard 32 ready on demand for animation 0x8000, resref MGNLHG1: 1 resources, 124504 metadata bytes
[2026-10-04 18:49:37.198] [info] Creature sprite catalog shard 33 ready on demand for animation 0x8000, resref MGNLHG1E: 1 resources, 75976 metadata bytes
[2026-10-04 18:49:37.319] [info] Creature sprite catalog shard 34 ready on demand for animation 0x8000, resref MGNLHG2: 1 resources, 29020 metadata bytes
[2026-10-04 18:49:37.365] [info] Creature sprite catalog shard 35 ready on demand for animation 0x8000, resref MGNLHG2E: 1 resources, 18440 metadata bytes
[2026-10-04 18:49:37.401] [info] Creature sprite catalog shard 36 ready on demand for animation 0x8000, resref MGNLINV: 1 resources, 3924 metadata bytes
[2026-10-04 18:49:37.421] [info] Creature sprite catalog shard 37 ready on demand for animation 0x8000, resref MGNLSG1: 1 resources, 124504 metadata bytes
[2026-10-04 18:49:37.459] [info] Creature sprite catalog shard 38 ready on demand for animation 0x8000, resref MGNLSG1E: 1 resources, 75976 metadata bytes
[2026-10-04 18:49:37.499] [info] Creature sprite catalog shard 39 ready on demand for animation 0x8000, resref MGNLSG2: 1 resources, 88952 metadata bytes
[2026-10-04 18:49:37.528] [info] Creature sprite catalog shard 40 ready on demand for animation 0x8000, resref MGNLSG2E: 1 resources, 54480 metadata bytes
[2026-10-04 18:49:37.556] [info] Creature sprite catalog shard 41 ready on demand for animation 0x8100, resref MHOBBG1: 1 resources, 124296 metadata bytes
[2026-10-04 18:49:37.639] [info] Creature sprite catalog shard 42 ready on demand for animation 0x8100, resref MHOBBG1E: 1 resources, 76064 metadata bytes
[2026-10-04 18:49:37.673] [info] Creature sprite catalog shard 43 ready on demand for animation 0x8100, resref MHOBBG2: 1 resources, 46076 metadata bytes
[2026-10-04 18:49:37.710] [info] Creature sprite catalog shard 44 ready on demand for animation 0x8100, resref MHOBBG2E: 1 resources, 28628 metadata bytes
[2026-10-04 18:49:37.748] [info] Creature sprite catalog shard 45 ready on demand for animation 0x8100, resref MHOBG1: 1 resources, 124296 metadata bytes
[2026-10-04 18:49:37.991] [info] Creature sprite catalog shard 46 ready on demand for animation 0x8100, resref MHOBG1E: 1 resources, 76064 metadata bytes
[2026-10-04 18:49:38.139] [info] Creature sprite catalog shard 47 ready on demand for animation 0x8100, resref MHOBG2: 1 resources, 131976 metadata bytes
[2026-10-04 18:49:38.455] [info] Creature sprite catalog shard 48 ready on demand for animation 0x8100, resref MHOBG2E: 1 resources, 80172 metadata bytes
[2026-10-04 18:49:38.629] [info] Creature sprite catalog shard 49 ready on demand for animation 0x8100, resref MHOBSG1: 1 resources, 124296 metadata bytes
[2026-10-04 18:49:38.682] [info] Creature sprite catalog shard 50 ready on demand for animation 0x8100, resref MHOBSG1E: 1 resources, 76064 metadata bytes
[2026-10-04 18:49:38.721] [info] Creature sprite catalog shard 51 ready on demand for animation 0x8100, resref MHOBSG2: 1 resources, 89008 metadata bytes
[2026-10-04 18:49:38.767] [info] Creature sprite catalog shard 52 ready on demand for animation 0x8100, resref MHOBSG2E: 1 resources, 54408 metadata bytes
[2026-10-04 18:49:38.789] [info] Creature sprite catalog shard 53 ready on demand for animation 0x8200, resref MKOBBG1: 1 resources, 104572 metadata bytes
[2026-10-04 18:49:38.827] [info] Creature sprite catalog shard 54 ready on demand for animation 0x8200, resref MKOBBG1E: 1 resources, 64184 metadata bytes
[2026-10-04 18:49:38.846] [info] Creature sprite catalog shard 55 ready on demand for animation 0x8200, resref MKOBBG2: 1 resources, 131928 metadata bytes
[2026-10-04 18:49:38.888] [info] Creature sprite catalog shard 56 ready on demand for animation 0x8200, resref MKOBBG2E: 1 resources, 80148 metadata bytes
[2026-10-04 18:49:38.912] [info] Creature sprite catalog shard 57 ready on demand for animation 0x8200, resref MKOBG1: 1 resources, 104572 metadata bytes
[2026-10-04 18:49:39.022] [info] Creature sprite catalog shard 58 ready on demand for animation 0x8200, resref MKOBG1E: 1 resources, 64184 metadata bytes
[2026-10-04 18:49:39.098] [info] Creature sprite catalog shard 59 ready on demand for animation 0x8200, resref MKOBG2: 1 resources, 131928 metadata bytes
[2026-10-04 18:49:39.240] [info] Creature sprite catalog shard 60 ready on demand for animation 0x8200, resref MKOBG2E: 1 resources, 80148 metadata bytes
[2026-10-04 18:49:39.328] [info] Creature sprite catalog shard 61 ready on demand for animation 0x8200, resref MKOBSG1: 1 resources, 104572 metadata bytes
[2026-10-04 18:49:39.360] [info] Creature sprite catalog shard 62 ready on demand for animation 0x8200, resref MKOBSG1E: 1 resources, 64184 metadata bytes
[2026-10-04 18:49:39.386] [info] Creature sprite catalog shard 63 ready on demand for animation 0x8200, resref MKOBSG2: 1 resources, 131928 metadata bytes
[2026-10-04 18:49:39.426] [info] Creature sprite catalog shard 64 ready on demand for animation 0x8200, resref MKOBSG2E: 1 resources, 80148 metadata bytes
{"resources":65,"frames":6422,"native_cycle_slots":15843,"decoded_pixels":1067611176,"palette_encodings":3,"K":6,"passed":true}
