[2026-10-04 18:52:05.472] [info] Creature sprite xBR catalog ready: scale=x2, 154 animations, 6753 components, 6753 resources, 1692747 frames, 5529552212 index bytes across 6753 lazy content-addressed shards; catalog-version=V2; 55383 authenticated directory entries; source=CreatureSprites-XN.catalog; filter=NEAREST; index cache budget=128 MiB; metadata cache budget=128 MiB; shard validation=background-on-demand
[2026-10-04 18:52:05.485] [info] Creature sprite catalog shard 6692 ready on demand for animation 0x2000, resref MSIRG1: 1 resources, 107084 metadata bytes
[2026-10-04 18:52:05.494] [info] Creature sprite catalog shard 6688 ready on demand for animation 0x2000, resref MSIRBG1: 1 resources, 107084 metadata bytes
[2026-10-04 18:52:05.542] [info] Creature sprite catalog shard 6694 ready on demand for animation 0x2000, resref MSIRG2: 1 resources, 132332 metadata bytes
[2026-10-04 18:52:05.555] [info] Creature sprite catalog shard 6690 ready on demand for animation 0x2000, resref MSIRBG2: 1 resources, 132332 metadata bytes
[2026-10-04 18:52:05.589] [info] Creature sprite catalog shard 6693 ready on demand for animation 0x2000, resref MSIRG1E: 1 resources, 65496 metadata bytes
[2026-10-04 18:52:05.600] [info] Creature sprite catalog shard 6689 ready on demand for animation 0x2000, resref MSIRBG1E: 1 resources, 65496 metadata bytes
[2026-10-04 18:52:05.634] [info] Creature sprite catalog shard 6695 ready on demand for animation 0x2000, resref MSIRG2E: 1 resources, 80400 metadata bytes
[2026-10-04 18:52:05.647] [info] Creature sprite catalog shard 6691 ready on demand for animation 0x2000, resref MSIRBG2E: 1 resources, 80480 metadata bytes
[2026-10-04 18:52:05.680] [info] Creature sprite catalog shard 6696 ready on demand for animation 0x2100, resref UVOLG1: 1 resources, 138008 metadata bytes
[2026-10-04 18:52:05.692] [info] Creature sprite catalog shard 6700 ready on demand for animation 0x2100, resref UVOLMG1: 1 resources, 22492 metadata bytes
[2026-10-04 18:52:05.742] [info] Creature sprite catalog shard 6698 ready on demand for animation 0x2100, resref UVOLG2: 1 resources, 136228 metadata bytes
[2026-10-04 18:52:05.753] [info] Creature sprite catalog shard 6702 ready on demand for animation 0x2100, resref UVOLMG2: 1 resources, 3928 metadata bytes
[2026-10-04 18:52:05.784] [info] Creature sprite catalog shard 6697 ready on demand for animation 0x2100, resref UVOLG1E: 1 resources, 83960 metadata bytes
[2026-10-04 18:52:05.800] [info] Creature sprite catalog shard 6701 ready on demand for animation 0x2100, resref UVOLMG1E: 1 resources, 15124 metadata bytes
[2026-10-04 18:52:05.833] [info] Creature sprite catalog shard 6699 ready on demand for animation 0x2100, resref UVOLG2E: 1 resources, 82836 metadata bytes
[2026-10-04 18:52:05.876] [info] Creature sprite catalog shard 6704 ready on demand for animation 0x2200, resref MOGMG1: 1 resources, 133500 metadata bytes
[2026-10-04 18:52:05.893] [info] Creature sprite catalog shard 6708 ready on demand for animation 0x2200, resref MOGMSG1: 1 resources, 133500 metadata bytes
[2026-10-04 18:52:05.996] [info] Creature sprite catalog shard 6706 ready on demand for animation 0x2200, resref MOGMG2: 1 resources, 132208 metadata bytes
[2026-10-04 18:52:06.001] [info] Creature sprite catalog shard 6710 ready on demand for animation 0x2200, resref MOGMSG2: 1 resources, 132208 metadata bytes
[2026-10-04 18:52:06.067] [info] Creature sprite catalog shard 6705 ready on demand for animation 0x2200, resref MOGMG1E: 1 resources, 81412 metadata bytes
[2026-10-04 18:52:06.079] [info] Creature sprite catalog shard 6709 ready on demand for animation 0x2200, resref MOGMSG1E: 1 resources, 81412 metadata bytes
[2026-10-04 18:52:06.139] [info] Creature sprite catalog shard 6707 ready on demand for animation 0x2200, resref MOGMG2E: 1 resources, 80280 metadata bytes
[2026-10-04 18:52:06.155] [info] Creature sprite catalog shard 6711 ready on demand for animation 0x2200, resref MOGMSG2E: 1 resources, 80280 metadata bytes
[2026-10-04 18:52:06.215] [info] Creature sprite catalog shard 6712 ready on demand for animation 0x2300, resref MDKNG1: 1 resources, 157424 metadata bytes
[2026-10-04 18:52:06.288] [info] Creature sprite catalog shard 6714 ready on demand for animation 0x2300, resref MDKNG2: 1 resources, 149572 metadata bytes
[2026-10-04 18:52:06.333] [info] Creature sprite catalog shard 6713 ready on demand for animation 0x2300, resref MDKNG1E: 1 resources, 95300 metadata bytes
[2026-10-04 18:52:06.371] [info] Creature sprite catalog shard 6715 ready on demand for animation 0x2300, resref MDKNG2E: 1 resources, 90720 metadata bytes
[2026-10-04 18:52:06.420] [info] Creature sprite catalog shard 6716 ready on demand for animation 0x8000, resref MGNLG1: 1 resources, 124504 metadata bytes
[2026-10-04 18:52:06.439] [info] Creature sprite catalog shard 6720 ready on demand for animation 0x8000, resref MGNLHG1: 1 resources, 124504 metadata bytes
[2026-10-04 18:52:06.449] [info] Creature sprite catalog shard 6725 ready on demand for animation 0x8000, resref MGNLSG1: 1 resources, 124504 metadata bytes
[2026-10-04 18:52:06.568] [info] Creature sprite catalog shard 6718 ready on demand for animation 0x8000, resref MGNLG2: 1 resources, 114860 metadata bytes
[2026-10-04 18:52:06.572] [info] Creature sprite catalog shard 6727 ready on demand for animation 0x8000, resref MGNLSG2: 1 resources, 88952 metadata bytes
[2026-10-04 18:52:06.589] [info] Creature sprite catalog shard 6722 ready on demand for animation 0x8000, resref MGNLHG2: 1 resources, 29020 metadata bytes
[2026-10-04 18:52:06.659] [info] Creature sprite catalog shard 6717 ready on demand for animation 0x8000, resref MGNLG1E: 1 resources, 75976 metadata bytes
[2026-10-04 18:52:06.669] [info] Creature sprite catalog shard 6721 ready on demand for animation 0x8000, resref MGNLHG1E: 1 resources, 75976 metadata bytes
[2026-10-04 18:52:06.680] [info] Creature sprite catalog shard 6726 ready on demand for animation 0x8000, resref MGNLSG1E: 1 resources, 75976 metadata bytes
[2026-10-04 18:52:06.751] [info] Creature sprite catalog shard 6719 ready on demand for animation 0x8000, resref MGNLG2E: 1 resources, 69960 metadata bytes
[2026-10-04 18:52:06.757] [info] Creature sprite catalog shard 6728 ready on demand for animation 0x8000, resref MGNLSG2E: 1 resources, 54480 metadata bytes
[2026-10-04 18:52:06.774] [info] Creature sprite catalog shard 6723 ready on demand for animation 0x8000, resref MGNLHG2E: 1 resources, 18440 metadata bytes
[2026-10-04 18:52:06.826] [info] Creature sprite catalog shard 6733 ready on demand for animation 0x8100, resref MHOBG1: 1 resources, 124296 metadata bytes
[2026-10-04 18:52:06.837] [info] Creature sprite catalog shard 6729 ready on demand for animation 0x8100, resref MHOBBG1: 1 resources, 124296 metadata bytes
[2026-10-04 18:52:06.851] [info] Creature sprite catalog shard 6737 ready on demand for animation 0x8100, resref MHOBSG1: 1 resources, 124296 metadata bytes
[2026-10-04 18:52:06.940] [info] Creature sprite catalog shard 6735 ready on demand for animation 0x8100, resref MHOBG2: 1 resources, 131976 metadata bytes
[2026-10-04 18:52:06.944] [info] Creature sprite catalog shard 6739 ready on demand for animation 0x8100, resref MHOBSG2: 1 resources, 89008 metadata bytes
[2026-10-04 18:52:06.960] [info] Creature sprite catalog shard 6731 ready on demand for animation 0x8100, resref MHOBBG2: 1 resources, 46076 metadata bytes
[2026-10-04 18:52:07.016] [info] Creature sprite catalog shard 6734 ready on demand for animation 0x8100, resref MHOBG1E: 1 resources, 76064 metadata bytes
[2026-10-04 18:52:07.021] [info] Creature sprite catalog shard 6730 ready on demand for animation 0x8100, resref MHOBBG1E: 1 resources, 76064 metadata bytes
[2026-10-04 18:52:07.036] [info] Creature sprite catalog shard 6738 ready on demand for animation 0x8100, resref MHOBSG1E: 1 resources, 76064 metadata bytes
[2026-10-04 18:52:07.092] [info] Creature sprite catalog shard 6736 ready on demand for animation 0x8100, resref MHOBG2E: 1 resources, 80172 metadata bytes
[2026-10-04 18:52:07.098] [info] Creature sprite catalog shard 6740 ready on demand for animation 0x8100, resref MHOBSG2E: 1 resources, 54408 metadata bytes
[2026-10-04 18:52:07.114] [info] Creature sprite catalog shard 6732 ready on demand for animation 0x8100, resref MHOBBG2E: 1 resources, 28628 metadata bytes
[2026-10-04 18:52:07.147] [info] Creature sprite catalog shard 6745 ready on demand for animation 0x8200, resref MKOBG1: 1 resources, 104572 metadata bytes
[2026-10-04 18:52:07.160] [info] Creature sprite catalog shard 6741 ready on demand for animation 0x8200, resref MKOBBG1: 1 resources, 104572 metadata bytes
[2026-10-04 18:52:07.174] [info] Creature sprite catalog shard 6749 ready on demand for animation 0x8200, resref MKOBSG1: 1 resources, 104572 metadata bytes
[2026-10-04 18:52:07.229] [info] Creature sprite catalog shard 6747 ready on demand for animation 0x8200, resref MKOBG2: 1 resources, 131928 metadata bytes
[2026-10-04 18:52:07.236] [info] Creature sprite catalog shard 6743 ready on demand for animation 0x8200, resref MKOBBG2: 1 resources, 131928 metadata bytes
[2026-10-04 18:52:07.251] [info] Creature sprite catalog shard 6751 ready on demand for animation 0x8200, resref MKOBSG2: 1 resources, 131928 metadata bytes
[2026-10-04 18:52:07.290] [info] Creature sprite catalog shard 6746 ready on demand for animation 0x8200, resref MKOBG1E: 1 resources, 64184 metadata bytes
[2026-10-04 18:52:07.297] [info] Creature sprite catalog shard 6742 ready on demand for animation 0x8200, resref MKOBBG1E: 1 resources, 64184 metadata bytes
[2026-10-04 18:52:07.313] [info] Creature sprite catalog shard 6750 ready on demand for animation 0x8200, resref MKOBSG1E: 1 resources, 64184 metadata bytes
[2026-10-04 18:52:07.349] [info] Creature sprite catalog shard 6748 ready on demand for animation 0x8200, resref MKOBG2E: 1 resources, 80148 metadata bytes
[2026-10-04 18:52:07.359] [info] Creature sprite catalog shard 6744 ready on demand for animation 0x8200, resref MKOBBG2E: 1 resources, 80148 metadata bytes
[2026-10-04 18:52:07.375] [info] Creature sprite catalog shard 6752 ready on demand for animation 0x8200, resref MKOBSG2E: 1 resources, 80148 metadata bytes
{"native_composites":8364,"resolved_layers":12728,"decoded_pixels":129638760,"missing_layers":0,"passed":true}
