[2026-10-04 18:49:39.501] [info] Creature sprite xBR catalog ready: scale=x2, 154 animations, 6753 components, 6753 resources, 1692747 frames, 5529552212 index bytes across 6753 lazy content-addressed shards; catalog-version=V2; 55383 authenticated directory entries; source=CreatureSprites-XN.catalog; filter=NEAREST; index cache budget=128 MiB; metadata cache budget=128 MiB; shard validation=background-on-demand
[2026-10-04 18:49:39.505] [info] Creature sprite catalog shard 6688 ready on demand for animation 0x2000, resref MSIRBG1: 1 resources, 107084 metadata bytes
[2026-10-04 18:49:39.539] [info] Creature sprite catalog shard 6689 ready on demand for animation 0x2000, resref MSIRBG1E: 1 resources, 65496 metadata bytes
[2026-10-04 18:49:39.573] [info] Creature sprite catalog shard 6690 ready on demand for animation 0x2000, resref MSIRBG2: 1 resources, 132332 metadata bytes
[2026-10-04 18:49:39.615] [info] Creature sprite catalog shard 6691 ready on demand for animation 0x2000, resref MSIRBG2E: 1 resources, 80480 metadata bytes
[2026-10-04 18:49:39.640] [info] Creature sprite catalog shard 6692 ready on demand for animation 0x2000, resref MSIRG1: 1 resources, 107084 metadata bytes
[2026-10-04 18:49:39.741] [info] Creature sprite catalog shard 6693 ready on demand for animation 0x2000, resref MSIRG1E: 1 resources, 65496 metadata bytes
[2026-10-04 18:49:39.816] [info] Creature sprite catalog shard 6694 ready on demand for animation 0x2000, resref MSIRG2: 1 resources, 132332 metadata bytes
[2026-10-04 18:49:39.950] [info] Creature sprite catalog shard 6695 ready on demand for animation 0x2000, resref MSIRG2E: 1 resources, 80400 metadata bytes
[2026-10-04 18:49:40.045] [info] Creature sprite catalog shard 6696 ready on demand for animation 0x2100, resref UVOLG1: 1 resources, 138008 metadata bytes
[2026-10-04 18:49:40.205] [info] Creature sprite catalog shard 6697 ready on demand for animation 0x2100, resref UVOLG1E: 1 resources, 83960 metadata bytes
[2026-10-04 18:49:40.316] [info] Creature sprite catalog shard 6698 ready on demand for animation 0x2100, resref UVOLG2: 1 resources, 136228 metadata bytes
[2026-10-04 18:49:40.485] [info] Creature sprite catalog shard 6699 ready on demand for animation 0x2100, resref UVOLG2E: 1 resources, 82836 metadata bytes
[2026-10-04 18:49:40.583] [info] Creature sprite catalog shard 6700 ready on demand for animation 0x2100, resref UVOLMG1: 1 resources, 22492 metadata bytes
[2026-10-04 18:49:40.591] [info] Creature sprite catalog shard 6701 ready on demand for animation 0x2100, resref UVOLMG1E: 1 resources, 15124 metadata bytes
[2026-10-04 18:49:40.603] [info] Creature sprite catalog shard 6702 ready on demand for animation 0x2100, resref UVOLMG2: 1 resources, 3928 metadata bytes
[2026-10-04 18:49:40.617] [info] Creature sprite catalog shard 6703 ready on demand for animation 0x2100, resref UVOLMG2E: 1 resources, 3928 metadata bytes
[2026-10-04 18:49:40.664] [info] Creature sprite catalog shard 6704 ready on demand for animation 0x2200, resref MOGMG1: 1 resources, 133500 metadata bytes
[2026-10-04 18:49:41.053] [info] Creature sprite catalog shard 6705 ready on demand for animation 0x2200, resref MOGMG1E: 1 resources, 81412 metadata bytes
[2026-10-04 18:49:41.293] [info] Creature sprite catalog shard 6706 ready on demand for animation 0x2200, resref MOGMG2: 1 resources, 132208 metadata bytes
[2026-10-04 18:49:41.652] [info] Creature sprite catalog shard 6707 ready on demand for animation 0x2200, resref MOGMG2E: 1 resources, 80280 metadata bytes
[2026-10-04 18:49:41.870] [info] Creature sprite catalog shard 6708 ready on demand for animation 0x2200, resref MOGMSG1: 1 resources, 133500 metadata bytes
[2026-10-04 18:49:41.913] [info] Creature sprite catalog shard 6709 ready on demand for animation 0x2200, resref MOGMSG1E: 1 resources, 81412 metadata bytes
[2026-10-04 18:49:41.942] [info] Creature sprite catalog shard 6710 ready on demand for animation 0x2200, resref MOGMSG2: 1 resources, 132208 metadata bytes
[2026-10-04 18:49:41.975] [info] Creature sprite catalog shard 6711 ready on demand for animation 0x2200, resref MOGMSG2E: 1 resources, 80280 metadata bytes
[2026-10-04 18:49:42.023] [info] Creature sprite catalog shard 6712 ready on demand for animation 0x2300, resref MDKNG1: 1 resources, 157424 metadata bytes
[2026-10-04 18:49:42.486] [info] Creature sprite catalog shard 6713 ready on demand for animation 0x2300, resref MDKNG1E: 1 resources, 95300 metadata bytes
[2026-10-04 18:49:42.775] [info] Creature sprite catalog shard 6714 ready on demand for animation 0x2300, resref MDKNG2: 1 resources, 149572 metadata bytes
[2026-10-04 18:49:43.269] [info] Creature sprite catalog shard 6715 ready on demand for animation 0x2300, resref MDKNG2E: 1 resources, 90720 metadata bytes
[2026-10-04 18:49:43.568] [info] Creature sprite catalog shard 6716 ready on demand for animation 0x8000, resref MGNLG1: 1 resources, 124504 metadata bytes
[2026-10-04 18:49:43.885] [info] Creature sprite catalog shard 6717 ready on demand for animation 0x8000, resref MGNLG1E: 1 resources, 75976 metadata bytes
[2026-10-04 18:49:44.089] [info] Creature sprite catalog shard 6718 ready on demand for animation 0x8000, resref MGNLG2: 1 resources, 114860 metadata bytes
[2026-10-04 18:49:44.396] [info] Creature sprite catalog shard 6719 ready on demand for animation 0x8000, resref MGNLG2E: 1 resources, 69960 metadata bytes
[2026-10-04 18:49:44.580] [info] Creature sprite catalog shard 6720 ready on demand for animation 0x8000, resref MGNLHG1: 1 resources, 124504 metadata bytes
[2026-10-04 18:49:44.728] [info] Creature sprite catalog shard 6721 ready on demand for animation 0x8000, resref MGNLHG1E: 1 resources, 75976 metadata bytes
[2026-10-04 18:49:44.840] [info] Creature sprite catalog shard 6722 ready on demand for animation 0x8000, resref MGNLHG2: 1 resources, 29020 metadata bytes
[2026-10-04 18:49:44.876] [info] Creature sprite catalog shard 6723 ready on demand for animation 0x8000, resref MGNLHG2E: 1 resources, 18440 metadata bytes
[2026-10-04 18:49:44.913] [info] Creature sprite catalog shard 6724 ready on demand for animation 0x8000, resref MGNLINV: 1 resources, 3924 metadata bytes
[2026-10-04 18:49:44.931] [info] Creature sprite catalog shard 6725 ready on demand for animation 0x8000, resref MGNLSG1: 1 resources, 124504 metadata bytes
[2026-10-04 18:49:44.970] [info] Creature sprite catalog shard 6726 ready on demand for animation 0x8000, resref MGNLSG1E: 1 resources, 75976 metadata bytes
[2026-10-04 18:49:45.009] [info] Creature sprite catalog shard 6727 ready on demand for animation 0x8000, resref MGNLSG2: 1 resources, 88952 metadata bytes
[2026-10-04 18:49:45.039] [info] Creature sprite catalog shard 6728 ready on demand for animation 0x8000, resref MGNLSG2E: 1 resources, 54480 metadata bytes
[2026-10-04 18:49:45.066] [info] Creature sprite catalog shard 6729 ready on demand for animation 0x8100, resref MHOBBG1: 1 resources, 124296 metadata bytes
[2026-10-04 18:49:45.150] [info] Creature sprite catalog shard 6730 ready on demand for animation 0x8100, resref MHOBBG1E: 1 resources, 76064 metadata bytes
[2026-10-04 18:49:45.184] [info] Creature sprite catalog shard 6731 ready on demand for animation 0x8100, resref MHOBBG2: 1 resources, 46076 metadata bytes
[2026-10-04 18:49:45.222] [info] Creature sprite catalog shard 6732 ready on demand for animation 0x8100, resref MHOBBG2E: 1 resources, 28628 metadata bytes
[2026-10-04 18:49:45.259] [info] Creature sprite catalog shard 6733 ready on demand for animation 0x8100, resref MHOBG1: 1 resources, 124296 metadata bytes
[2026-10-04 18:49:45.487] [info] Creature sprite catalog shard 6734 ready on demand for animation 0x8100, resref MHOBG1E: 1 resources, 76064 metadata bytes
[2026-10-04 18:49:45.639] [info] Creature sprite catalog shard 6735 ready on demand for animation 0x8100, resref MHOBG2: 1 resources, 131976 metadata bytes
[2026-10-04 18:49:45.953] [info] Creature sprite catalog shard 6736 ready on demand for animation 0x8100, resref MHOBG2E: 1 resources, 80172 metadata bytes
[2026-10-04 18:49:46.122] [info] Creature sprite catalog shard 6737 ready on demand for animation 0x8100, resref MHOBSG1: 1 resources, 124296 metadata bytes
[2026-10-04 18:49:46.160] [info] Creature sprite catalog shard 6738 ready on demand for animation 0x8100, resref MHOBSG1E: 1 resources, 76064 metadata bytes
[2026-10-04 18:49:46.201] [info] Creature sprite catalog shard 6739 ready on demand for animation 0x8100, resref MHOBSG2: 1 resources, 89008 metadata bytes
[2026-10-04 18:49:46.245] [info] Creature sprite catalog shard 6740 ready on demand for animation 0x8100, resref MHOBSG2E: 1 resources, 54408 metadata bytes
[2026-10-04 18:49:46.268] [info] Creature sprite catalog shard 6741 ready on demand for animation 0x8200, resref MKOBBG1: 1 resources, 104572 metadata bytes
[2026-10-04 18:49:46.306] [info] Creature sprite catalog shard 6742 ready on demand for animation 0x8200, resref MKOBBG1E: 1 resources, 64184 metadata bytes
[2026-10-04 18:49:46.325] [info] Creature sprite catalog shard 6743 ready on demand for animation 0x8200, resref MKOBBG2: 1 resources, 131928 metadata bytes
[2026-10-04 18:49:46.368] [info] Creature sprite catalog shard 6744 ready on demand for animation 0x8200, resref MKOBBG2E: 1 resources, 80148 metadata bytes
[2026-10-04 18:49:46.390] [info] Creature sprite catalog shard 6745 ready on demand for animation 0x8200, resref MKOBG1: 1 resources, 104572 metadata bytes
[2026-10-04 18:49:46.502] [info] Creature sprite catalog shard 6746 ready on demand for animation 0x8200, resref MKOBG1E: 1 resources, 64184 metadata bytes
[2026-10-04 18:49:46.580] [info] Creature sprite catalog shard 6747 ready on demand for animation 0x8200, resref MKOBG2: 1 resources, 131928 metadata bytes
[2026-10-04 18:49:46.722] [info] Creature sprite catalog shard 6748 ready on demand for animation 0x8200, resref MKOBG2E: 1 resources, 80148 metadata bytes
[2026-10-04 18:49:46.811] [info] Creature sprite catalog shard 6749 ready on demand for animation 0x8200, resref MKOBSG1: 1 resources, 104572 metadata bytes
[2026-10-04 18:49:46.840] [info] Creature sprite catalog shard 6750 ready on demand for animation 0x8200, resref MKOBSG1E: 1 resources, 64184 metadata bytes
[2026-10-04 18:49:46.866] [info] Creature sprite catalog shard 6751 ready on demand for animation 0x8200, resref MKOBSG2: 1 resources, 131928 metadata bytes
[2026-10-04 18:49:46.907] [info] Creature sprite catalog shard 6752 ready on demand for animation 0x8200, resref MKOBSG2E: 1 resources, 80148 metadata bytes
{"resources":65,"frames":6422,"native_cycle_slots":15843,"decoded_pixels":1067611176,"palette_encodings":3,"K":6,"passed":true}
