{"stage": "plan", "resources": 65, "physical_frames": 6422, "unique_source_work": 5757, "unique_encoded_work": 5757}
{"stage": "guides", "done": 64, "total": 5481}
{"stage": "guides", "done": 128, "total": 5481}
{"stage": "guides", "done": 192, "total": 5481}
{"stage": "guides", "done": 256, "total": 5481}
{"stage": "guides", "done": 320, "total": 5481}
{"stage": "guides", "done": 384, "total": 5481}
{"stage": "guides", "done": 448, "total": 5481}
{"stage": "guides", "done": 512, "total": 5481}
{"stage": "guides", "done": 576, "total": 5481}
{"stage": "guides", "done": 640, "total": 5481}
{"stage": "guides", "done": 704, "total": 5481}
{"stage": "guides", "done": 768, "total": 5481}
{"stage": "guides", "done": 832, "total": 5481}
{"stage": "guides", "done": 896, "total": 5481}
{"stage": "guides", "done": 960, "total": 5481}
{"stage": "guides", "done": 1024, "total": 5481}
{"stage": "guides", "done": 1088, "total": 5481}
{"stage": "guides", "done": 1152, "total": 5481}
{"stage": "guides", "done": 1216, "total": 5481}
{"stage": "guides", "done": 1280, "total": 5481}
{"stage": "guides", "done": 1344, "total": 5481}
{"stage": "guides", "done": 1408, "total": 5481}
{"stage": "guides", "done": 1472, "total": 5481}
{"stage": "guides", "done": 1536, "total": 5481}
{"stage": "guides", "done": 1600, "total": 5481}
{"stage": "guides", "done": 1664, "total": 5481}
{"stage": "guides", "done": 1728, "total": 5481}
{"stage": "guides", "done": 1792, "total": 5481}
{"stage": "guides", "done": 1856, "total": 5481}
{"stage": "guides", "done": 1920, "total": 5481}
{"stage": "guides", "done": 1984, "total": 5481}
{"stage": "guides", "done": 2048, "total": 5481}
{"stage": "guides", "done": 2112, "total": 5481}
{"stage": "guides", "done": 2176, "total": 5481}
{"stage": "guides", "done": 2240, "total": 5481}
{"stage": "guides", "done": 2304, "total": 5481}
{"stage": "guides", "done": 2368, "total": 5481}
{"stage": "guides", "done": 2432, "total": 5481}
{"stage": "guides", "done": 2496, "total": 5481}
{"stage": "guides", "done": 2560, "total": 5481}
{"stage": "guides", "done": 2624, "total": 5481}
{"stage": "guides", "done": 2688, "total": 5481}
{"stage": "guides", "done": 2752, "total": 5481}
{"stage": "guides", "done": 2816, "total": 5481}
{"stage": "guides", "done": 2880, "total": 5481}
{"stage": "guides", "done": 2944, "total": 5481}
{"stage": "guides", "done": 3008, "total": 5481}
{"stage": "guides", "done": 3072, "total": 5481}
{"stage": "guides", "done": 3136, "total": 5481}
{"stage": "guides", "done": 3200, "total": 5481}
{"stage": "guides", "done": 3264, "total": 5481}
{"stage": "guides", "done": 3328, "total": 5481}
{"stage": "guides", "done": 3392, "total": 5481}
{"stage": "guides", "done": 3456, "total": 5481}
{"stage": "guides", "done": 3520, "total": 5481}
{"stage": "guides", "done": 3584, "total": 5481}
{"stage": "guides", "done": 3648, "total": 5481}
{"stage": "guides", "done": 3712, "total": 5481}
{"stage": "guides", "done": 3776, "total": 5481}
{"stage": "guides", "done": 3840, "total": 5481}
{"stage": "guides", "done": 3904, "total": 5481}
{"stage": "guides", "done": 3968, "total": 5481}
{"stage": "guides", "done": 4032, "total": 5481}
{"stage": "guides", "done": 4096, "total": 5481}
{"stage": "guides", "done": 4160, "total": 5481}
{"stage": "guides", "done": 4224, "total": 5481}
{"stage": "guides", "done": 4288, "total": 5481}
{"stage": "guides", "done": 4352, "total": 5481}
{"stage": "guides", "done": 4416, "total": 5481}
{"stage": "guides", "done": 4480, "total": 5481}
{"stage": "guides", "done": 4544, "total": 5481}
{"stage": "guides", "done": 4608, "total": 5481}
{"stage": "guides", "done": 4672, "total": 5481}
{"stage": "guides", "done": 4736, "total": 5481}
{"stage": "guides", "done": 4800, "total": 5481}
{"stage": "guides", "done": 4864, "total": 5481}
{"stage": "guides", "done": 4928, "total": 5481}
{"stage": "guides", "done": 4992, "total": 5481}
{"stage": "guides", "done": 5056, "total": 5481}
{"stage": "guides", "done": 5120, "total": 5481}
{"stage": "guides", "done": 5184, "total": 5481}
{"stage": "guides", "done": 5248, "total": 5481}
{"stage": "guides", "done": 5312, "total": 5481}
{"stage": "guides", "done": 5376, "total": 5481}
{"stage": "guides", "done": 5440, "total": 5481}
{"stage": "guides", "done": 5481, "total": 5481}
{"stage": "neural-targets", "done": 86, "total": 32871}
{"stage": "neural-targets", "done": 172, "total": 32871}
{"stage": "neural-targets", "done": 258, "total": 32871}
{"stage": "neural-targets", "done": 344, "total": 32871}
{"stage": "neural-targets", "done": 430, "total": 32871}
{"stage": "neural-targets", "done": 516, "total": 32871}
{"stage": "neural-targets", "done": 602, "total": 32871}
{"stage": "neural-targets", "done": 688, "total": 32871}
{"stage": "neural-targets", "done": 774, "total": 32871}
{"stage": "neural-targets", "done": 860, "total": 32871}
{"stage": "neural-targets", "done": 946, "total": 32871}
{"stage": "neural-targets", "done": 1032, "total": 32871}
{"stage": "neural-targets", "done": 1118, "total": 32871}
{"stage": "neural-targets", "done": 1204, "total": 32871}
{"stage": "neural-targets", "done": 1290, "total": 32871}
{"stage": "neural-targets", "done": 1376, "total": 32871}
{"stage": "neural-targets", "done": 1462, "total": 32871}
{"stage": "neural-targets", "done": 1548, "total": 32871}
{"stage": "neural-targets", "done": 1634, "total": 32871}
{"stage": "neural-targets", "done": 1720, "total": 32871}
{"stage": "neural-targets", "done": 1806, "total": 32871}
{"stage": "neural-targets", "done": 1892, "total": 32871}
{"stage": "neural-targets", "done": 1978, "total": 32871}
{"stage": "neural-targets", "done": 2064, "total": 32871}
{"stage": "neural-targets", "done": 2150, "total": 32871}
{"stage": "neural-targets", "done": 2236, "total": 32871}
{"stage": "neural-targets", "done": 2322, "total": 32871}
{"stage": "neural-targets", "done": 2408, "total": 32871}
{"stage": "neural-targets", "done": 2494, "total": 32871}
{"stage": "neural-targets", "done": 2580, "total": 32871}
{"stage": "neural-targets", "done": 2666, "total": 32871}
{"stage": "neural-targets", "done": 2752, "total": 32871}
{"stage": "neural-targets", "done": 2838, "total": 32871}
{"stage": "neural-targets", "done": 2924, "total": 32871}
{"stage": "neural-targets", "done": 3010, "total": 32871}
{"stage": "neural-targets", "done": 3096, "total": 32871}
{"stage": "neural-targets", "done": 3182, "total": 32871}
{"stage": "neural-targets", "done": 3268, "total": 32871}
{"stage": "neural-targets", "done": 3354, "total": 32871}
{"stage": "neural-targets", "done": 3440, "total": 32871}
{"stage": "neural-targets", "done": 3526, "total": 32871}
{"stage": "neural-targets", "done": 3612, "total": 32871}
{"stage": "neural-targets", "done": 3698, "total": 32871}
{"stage": "neural-targets", "done": 3784, "total": 32871}
{"stage": "neural-targets", "done": 3870, "total": 32871}
{"stage": "neural-targets", "done": 3956, "total": 32871}
{"stage": "neural-targets", "done": 4042, "total": 32871}
{"stage": "neural-targets", "done": 4128, "total": 32871}
{"stage": "neural-targets", "done": 4214, "total": 32871}
{"stage": "neural-targets", "done": 4300, "total": 32871}
{"stage": "neural-targets", "done": 4386, "total": 32871}
{"stage": "neural-targets", "done": 4472, "total": 32871}
{"stage": "neural-targets", "done": 4558, "total": 32871}
{"stage": "neural-targets", "done": 4644, "total": 32871}
{"stage": "neural-targets", "done": 4730, "total": 32871}
{"stage": "neural-targets", "done": 4816, "total": 32871}
{"stage": "neural-targets", "done": 4902, "total": 32871}
{"stage": "neural-targets", "done": 4988, "total": 32871}
{"stage": "neural-targets", "done": 5074, "total": 32871}
{"stage": "neural-targets", "done": 5160, "total": 32871}
{"stage": "neural-targets", "done": 5246, "total": 32871}
{"stage": "neural-targets", "done": 5332, "total": 32871}
{"stage": "neural-targets", "done": 5418, "total": 32871}
{"stage": "neural-targets", "done": 5504, "total": 32871}
{"stage": "neural-targets", "done": 5590, "total": 32871}
{"stage": "neural-targets", "done": 5676, "total": 32871}
{"stage": "neural-targets", "done": 5762, "total": 32871}
{"stage": "neural-targets", "done": 5848, "total": 32871}
{"stage": "neural-targets", "done": 5934, "total": 32871}
{"stage": "neural-targets", "done": 6020, "total": 32871}
{"stage": "neural-targets", "done": 6106, "total": 32871}
{"stage": "neural-targets", "done": 6192, "total": 32871}
{"stage": "neural-targets", "done": 6278, "total": 32871}
{"stage": "neural-targets", "done": 6364, "total": 32871}
{"stage": "neural-targets", "done": 6450, "total": 32871}
{"stage": "neural-targets", "done": 6536, "total": 32871}
{"stage": "neural-targets", "done": 6622, "total": 32871}
{"stage": "neural-targets", "done": 6708, "total": 32871}
{"stage": "neural-targets", "done": 6794, "total": 32871}
{"stage": "neural-targets", "done": 6880, "total": 32871}
{"stage": "neural-targets", "done": 6966, "total": 32871}
{"stage": "neural-targets", "done": 7052, "total": 32871}
{"stage": "neural-targets", "done": 7138, "total": 32871}
{"stage": "neural-targets", "done": 7224, "total": 32871}
{"stage": "neural-targets", "done": 7310, "total": 32871}
{"stage": "neural-targets", "done": 7396, "total": 32871}
{"stage": "neural-targets", "done": 7482, "total": 32871}
{"stage": "neural-targets", "done": 7568, "total": 32871}
{"stage": "neural-targets", "done": 7654, "total": 32871}
{"stage": "neural-targets", "done": 7740, "total": 32871}
{"stage": "neural-targets", "done": 7826, "total": 32871}
{"stage": "neural-targets", "done": 7912, "total": 32871}
{"stage": "neural-targets", "done": 7998, "total": 32871}
{"stage": "neural-targets", "done": 8084, "total": 32871}
{"stage": "neural-targets", "done": 8170, "total": 32871}
{"stage": "neural-targets", "done": 8256, "total": 32871}
{"stage": "neural-targets", "done": 8342, "total": 32871}
{"stage": "neural-targets", "done": 8428, "total": 32871}
{"stage": "neural-targets", "done": 8514, "total": 32871}
{"stage": "neural-targets", "done": 8600, "total": 32871}
{"stage": "neural-targets", "done": 8686, "total": 32871}
{"stage": "neural-targets", "done": 8772, "total": 32871}
{"stage": "neural-targets", "done": 8858, "total": 32871}
{"stage": "neural-targets", "done": 8944, "total": 32871}
{"stage": "neural-targets", "done": 9030, "total": 32871}
{"stage": "neural-targets", "done": 9116, "total": 32871}
{"stage": "neural-targets", "done": 9202, "total": 32871}
{"stage": "neural-targets", "done": 9288, "total": 32871}
{"stage": "neural-targets", "done": 9374, "total": 32871}
{"stage": "neural-targets", "done": 9460, "total": 32871}
{"stage": "neural-targets", "done": 9546, "total": 32871}
{"stage": "neural-targets", "done": 9632, "total": 32871}
{"stage": "neural-targets", "done": 9718, "total": 32871}
{"stage": "neural-targets", "done": 9804, "total": 32871}
{"stage": "neural-targets", "done": 9890, "total": 32871}
{"stage": "neural-targets", "done": 9976, "total": 32871}
{"stage": "neural-targets", "done": 10062, "total": 32871}
{"stage": "neural-targets", "done": 10148, "total": 32871}
{"stage": "neural-targets", "done": 10234, "total": 32871}
{"stage": "neural-targets", "done": 10320, "total": 32871}
{"stage": "neural-targets", "done": 10395, "total": 32871}
{"stage": "neural-targets", "done": 10481, "total": 32871}
{"stage": "neural-targets", "done": 10567, "total": 32871}
{"stage": "neural-targets", "done": 10653, "total": 32871}
{"stage": "neural-targets", "done": 10739, "total": 32871}
{"stage": "neural-targets", "done": 10825, "total": 32871}
{"stage": "neural-targets", "done": 10911, "total": 32871}
{"stage": "neural-targets", "done": 10997, "total": 32871}
{"stage": "neural-targets", "done": 11083, "total": 32871}
{"stage": "neural-targets", "done": 11169, "total": 32871}
{"stage": "neural-targets", "done": 11255, "total": 32871}
{"stage": "neural-targets", "done": 11341, "total": 32871}
{"stage": "neural-targets", "done": 11427, "total": 32871}
{"stage": "neural-targets", "done": 11513, "total": 32871}
{"stage": "neural-targets", "done": 11599, "total": 32871}
{"stage": "neural-targets", "done": 11685, "total": 32871}
{"stage": "neural-targets", "done": 11771, "total": 32871}
{"stage": "neural-targets", "done": 11857, "total": 32871}
{"stage": "neural-targets", "done": 11943, "total": 32871}
{"stage": "neural-targets", "done": 12029, "total": 32871}
{"stage": "neural-targets", "done": 12115, "total": 32871}
{"stage": "neural-targets", "done": 12201, "total": 32871}
{"stage": "neural-targets", "done": 12287, "total": 32871}
{"stage": "neural-targets", "done": 12373, "total": 32871}
{"stage": "neural-targets", "done": 12459, "total": 32871}
{"stage": "neural-targets", "done": 12513, "total": 32871}
{"stage": "neural-targets", "done": 12599, "total": 32871}
{"stage": "neural-targets", "done": 12685, "total": 32871}
{"stage": "neural-targets", "done": 12705, "total": 32871}
{"stage": "neural-targets", "done": 12791, "total": 32871}
{"stage": "neural-targets", "done": 12849, "total": 32871}
{"stage": "neural-targets", "done": 12935, "total": 32871}
{"stage": "neural-targets", "done": 13021, "total": 32871}
{"stage": "neural-targets", "done": 13107, "total": 32871}
{"stage": "neural-targets", "done": 13193, "total": 32871}
{"stage": "neural-targets", "done": 13279, "total": 32871}
{"stage": "neural-targets", "done": 13365, "total": 32871}
{"stage": "neural-targets", "done": 13451, "total": 32871}
{"stage": "neural-targets", "done": 13537, "total": 32871}
{"stage": "neural-targets", "done": 13623, "total": 32871}
{"stage": "neural-targets", "done": 13709, "total": 32871}
{"stage": "neural-targets", "done": 13795, "total": 32871}
{"stage": "neural-targets", "done": 13881, "total": 32871}
{"stage": "neural-targets", "done": 13967, "total": 32871}
{"stage": "neural-targets", "done": 14053, "total": 32871}
{"stage": "neural-targets", "done": 14139, "total": 32871}
{"stage": "neural-targets", "done": 14225, "total": 32871}
{"stage": "neural-targets", "done": 14311, "total": 32871}
{"stage": "neural-targets", "done": 14397, "total": 32871}
{"stage": "neural-targets", "done": 14483, "total": 32871}
{"stage": "neural-targets", "done": 14569, "total": 32871}
{"stage": "neural-targets", "done": 14655, "total": 32871}
{"stage": "neural-targets", "done": 14741, "total": 32871}
{"stage": "neural-targets", "done": 14827, "total": 32871}
{"stage": "neural-targets", "done": 14913, "total": 32871}
{"stage": "neural-targets", "done": 14999, "total": 32871}
{"stage": "neural-targets", "done": 15085, "total": 32871}
{"stage": "neural-targets", "done": 15171, "total": 32871}
{"stage": "neural-targets", "done": 15257, "total": 32871}
{"stage": "neural-targets", "done": 15343, "total": 32871}
{"stage": "neural-targets", "done": 15429, "total": 32871}
{"stage": "neural-targets", "done": 15515, "total": 32871}
{"stage": "neural-targets", "done": 15601, "total": 32871}
{"stage": "neural-targets", "done": 15687, "total": 32871}
{"stage": "neural-targets", "done": 15773, "total": 32871}
{"stage": "neural-targets", "done": 15859, "total": 32871}
{"stage": "neural-targets", "done": 15945, "total": 32871}
{"stage": "neural-targets", "done": 16031, "total": 32871}
{"stage": "neural-targets", "done": 16117, "total": 32871}
{"stage": "neural-targets", "done": 16203, "total": 32871}
{"stage": "neural-targets", "done": 16289, "total": 32871}
{"stage": "neural-targets", "done": 16375, "total": 32871}
{"stage": "neural-targets", "done": 16461, "total": 32871}
{"stage": "neural-targets", "done": 16547, "total": 32871}
{"stage": "neural-targets", "done": 16633, "total": 32871}
{"stage": "neural-targets", "done": 16653, "total": 32871}
{"stage": "neural-targets", "done": 16739, "total": 32871}
{"stage": "neural-targets", "done": 16825, "total": 32871}
{"stage": "neural-targets", "done": 16911, "total": 32871}
{"stage": "neural-targets", "done": 16997, "total": 32871}
{"stage": "neural-targets", "done": 17083, "total": 32871}
{"stage": "neural-targets", "done": 17169, "total": 32871}
{"stage": "neural-targets", "done": 17255, "total": 32871}
{"stage": "neural-targets", "done": 17341, "total": 32871}
{"stage": "neural-targets", "done": 17427, "total": 32871}
{"stage": "neural-targets", "done": 17513, "total": 32871}
{"stage": "neural-targets", "done": 17599, "total": 32871}
{"stage": "neural-targets", "done": 17685, "total": 32871}
{"stage": "neural-targets", "done": 17771, "total": 32871}
{"stage": "neural-targets", "done": 17857, "total": 32871}
{"stage": "neural-targets", "done": 17943, "total": 32871}
{"stage": "neural-targets", "done": 18029, "total": 32871}
{"stage": "neural-targets", "done": 18115, "total": 32871}
{"stage": "neural-targets", "done": 18201, "total": 32871}
{"stage": "neural-targets", "done": 18287, "total": 32871}
{"stage": "neural-targets", "done": 18373, "total": 32871}
{"stage": "neural-targets", "done": 18459, "total": 32871}
{"stage": "neural-targets", "done": 18545, "total": 32871}
{"stage": "neural-targets", "done": 18631, "total": 32871}
{"stage": "neural-targets", "done": 18717, "total": 32871}
{"stage": "neural-targets", "done": 18803, "total": 32871}
{"stage": "neural-targets", "done": 18889, "total": 32871}
{"stage": "neural-targets", "done": 18975, "total": 32871}
{"stage": "neural-targets", "done": 19061, "total": 32871}
{"stage": "neural-targets", "done": 19147, "total": 32871}
{"stage": "neural-targets", "done": 19233, "total": 32871}
{"stage": "neural-targets", "done": 19319, "total": 32871}
{"stage": "neural-targets", "done": 19405, "total": 32871}
{"stage": "neural-targets", "done": 19491, "total": 32871}
{"stage": "neural-targets", "done": 19577, "total": 32871}
{"stage": "neural-targets", "done": 19663, "total": 32871}
{"stage": "neural-targets", "done": 19749, "total": 32871}
{"stage": "neural-targets", "done": 19835, "total": 32871}
{"stage": "neural-targets", "done": 19921, "total": 32871}
{"stage": "neural-targets", "done": 20007, "total": 32871}
{"stage": "neural-targets", "done": 20093, "total": 32871}
{"stage": "neural-targets", "done": 20179, "total": 32871}
{"stage": "neural-targets", "done": 20265, "total": 32871}
{"stage": "neural-targets", "done": 20351, "total": 32871}
{"stage": "neural-targets", "done": 20437, "total": 32871}
{"stage": "neural-targets", "done": 20523, "total": 32871}
{"stage": "neural-targets", "done": 20609, "total": 32871}
{"stage": "neural-targets", "done": 20695, "total": 32871}
{"stage": "neural-targets", "done": 20781, "total": 32871}
{"stage": "neural-targets", "done": 20867, "total": 32871}
{"stage": "neural-targets", "done": 20953, "total": 32871}
{"stage": "neural-targets", "done": 20991, "total": 32871}
{"stage": "neural-targets", "done": 21077, "total": 32871}
{"stage": "neural-targets", "done": 21163, "total": 32871}
{"stage": "neural-targets", "done": 21249, "total": 32871}
{"stage": "neural-targets", "done": 21335, "total": 32871}
{"stage": "neural-targets", "done": 21421, "total": 32871}
{"stage": "neural-targets", "done": 21507, "total": 32871}
{"stage": "neural-targets", "done": 21593, "total": 32871}
{"stage": "neural-targets", "done": 21609, "total": 32871}
{"stage": "neural-targets", "done": 21687, "total": 32871}
{"stage": "neural-targets", "done": 21773, "total": 32871}
{"stage": "neural-targets", "done": 21777, "total": 32871}
{"stage": "neural-targets", "done": 21863, "total": 32871}
{"stage": "neural-targets", "done": 21949, "total": 32871}
{"stage": "neural-targets", "done": 22035, "total": 32871}
{"stage": "neural-targets", "done": 22121, "total": 32871}
{"stage": "neural-targets", "done": 22207, "total": 32871}
{"stage": "neural-targets", "done": 22293, "total": 32871}
{"stage": "neural-targets", "done": 22379, "total": 32871}
{"stage": "neural-targets", "done": 22465, "total": 32871}
{"stage": "neural-targets", "done": 22551, "total": 32871}
{"stage": "neural-targets", "done": 22637, "total": 32871}
{"stage": "neural-targets", "done": 22723, "total": 32871}
{"stage": "neural-targets", "done": 22809, "total": 32871}
{"stage": "neural-targets", "done": 22895, "total": 32871}
{"stage": "neural-targets", "done": 22981, "total": 32871}
{"stage": "neural-targets", "done": 23067, "total": 32871}
{"stage": "neural-targets", "done": 23153, "total": 32871}
{"stage": "neural-targets", "done": 23239, "total": 32871}
{"stage": "neural-targets", "done": 23325, "total": 32871}
{"stage": "neural-targets", "done": 23411, "total": 32871}
{"stage": "neural-targets", "done": 23497, "total": 32871}
{"stage": "neural-targets", "done": 23583, "total": 32871}
{"stage": "neural-targets", "done": 23669, "total": 32871}
{"stage": "neural-targets", "done": 23755, "total": 32871}
{"stage": "neural-targets", "done": 23841, "total": 32871}
{"stage": "neural-targets", "done": 23927, "total": 32871}
{"stage": "neural-targets", "done": 24013, "total": 32871}
{"stage": "neural-targets", "done": 24099, "total": 32871}
{"stage": "neural-targets", "done": 24185, "total": 32871}
{"stage": "neural-targets", "done": 24271, "total": 32871}
{"stage": "neural-targets", "done": 24357, "total": 32871}
{"stage": "neural-targets", "done": 24443, "total": 32871}
{"stage": "neural-targets", "done": 24529, "total": 32871}
{"stage": "neural-targets", "done": 24615, "total": 32871}
{"stage": "neural-targets", "done": 24701, "total": 32871}
{"stage": "neural-targets", "done": 24787, "total": 32871}
{"stage": "neural-targets", "done": 24873, "total": 32871}
{"stage": "neural-targets", "done": 24959, "total": 32871}
{"stage": "neural-targets", "done": 25045, "total": 32871}
{"stage": "neural-targets", "done": 25131, "total": 32871}
{"stage": "neural-targets", "done": 25217, "total": 32871}
{"stage": "neural-targets", "done": 25303, "total": 32871}
{"stage": "neural-targets", "done": 25389, "total": 32871}
{"stage": "neural-targets", "done": 25475, "total": 32871}
{"stage": "neural-targets", "done": 25561, "total": 32871}
{"stage": "neural-targets", "done": 25647, "total": 32871}
{"stage": "neural-targets", "done": 25733, "total": 32871}
{"stage": "neural-targets", "done": 25819, "total": 32871}
{"stage": "neural-targets", "done": 25905, "total": 32871}
{"stage": "neural-targets", "done": 25991, "total": 32871}
{"stage": "neural-targets", "done": 26077, "total": 32871}
{"stage": "neural-targets", "done": 26163, "total": 32871}
{"stage": "neural-targets", "done": 26249, "total": 32871}
{"stage": "neural-targets", "done": 26335, "total": 32871}
{"stage": "neural-targets", "done": 26421, "total": 32871}
{"stage": "neural-targets", "done": 26507, "total": 32871}
{"stage": "neural-targets", "done": 26541, "total": 32871}
{"stage": "neural-targets", "done": 26627, "total": 32871}
{"stage": "neural-targets", "done": 26713, "total": 32871}
{"stage": "neural-targets", "done": 26799, "total": 32871}
{"stage": "neural-targets", "done": 26885, "total": 32871}
{"stage": "neural-targets", "done": 26971, "total": 32871}
{"stage": "neural-targets", "done": 27057, "total": 32871}
{"stage": "neural-targets", "done": 27143, "total": 32871}
{"stage": "neural-targets", "done": 27229, "total": 32871}
{"stage": "neural-targets", "done": 27315, "total": 32871}
{"stage": "neural-targets", "done": 27401, "total": 32871}
{"stage": "neural-targets", "done": 27487, "total": 32871}
{"stage": "neural-targets", "done": 27573, "total": 32871}
{"stage": "neural-targets", "done": 27659, "total": 32871}
{"stage": "neural-targets", "done": 27745, "total": 32871}
{"stage": "neural-targets", "done": 27831, "total": 32871}
{"stage": "neural-targets", "done": 27917, "total": 32871}
{"stage": "neural-targets", "done": 28003, "total": 32871}
{"stage": "neural-targets", "done": 28089, "total": 32871}
{"stage": "neural-targets", "done": 28175, "total": 32871}
{"stage": "neural-targets", "done": 28261, "total": 32871}
{"stage": "neural-targets", "done": 28347, "total": 32871}
{"stage": "neural-targets", "done": 28433, "total": 32871}
{"stage": "neural-targets", "done": 28519, "total": 32871}
{"stage": "neural-targets", "done": 28605, "total": 32871}
{"stage": "neural-targets", "done": 28691, "total": 32871}
{"stage": "neural-targets", "done": 28777, "total": 32871}
{"stage": "neural-targets", "done": 28863, "total": 32871}
{"stage": "neural-targets", "done": 28949, "total": 32871}
{"stage": "neural-targets", "done": 29035, "total": 32871}
{"stage": "neural-targets", "done": 29121, "total": 32871}
{"stage": "neural-targets", "done": 29207, "total": 32871}
{"stage": "neural-targets", "done": 29293, "total": 32871}
{"stage": "neural-targets", "done": 29379, "total": 32871}
{"stage": "neural-targets", "done": 29465, "total": 32871}
{"stage": "neural-targets", "done": 29551, "total": 32871}
{"stage": "neural-targets", "done": 29637, "total": 32871}
{"stage": "neural-targets", "done": 29723, "total": 32871}
{"stage": "neural-targets", "done": 29809, "total": 32871}
{"stage": "neural-targets", "done": 29895, "total": 32871}
{"stage": "neural-targets", "done": 29981, "total": 32871}
{"stage": "neural-targets", "done": 30067, "total": 32871}
{"stage": "neural-targets", "done": 30153, "total": 32871}
{"stage": "neural-targets", "done": 30239, "total": 32871}
{"stage": "neural-targets", "done": 30325, "total": 32871}
{"stage": "neural-targets", "done": 30411, "total": 32871}
{"stage": "neural-targets", "done": 30497, "total": 32871}
{"stage": "neural-targets", "done": 30583, "total": 32871}
{"stage": "neural-targets", "done": 30669, "total": 32871}
{"stage": "neural-targets", "done": 30755, "total": 32871}
{"stage": "neural-targets", "done": 30841, "total": 32871}
{"stage": "neural-targets", "done": 30927, "total": 32871}
{"stage": "neural-targets", "done": 31013, "total": 32871}
{"stage": "neural-targets", "done": 31099, "total": 32871}
{"stage": "neural-targets", "done": 31185, "total": 32871}
{"stage": "neural-targets", "done": 31271, "total": 32871}
{"stage": "neural-targets", "done": 31357, "total": 32871}
{"stage": "neural-targets", "done": 31443, "total": 32871}
{"stage": "neural-targets", "done": 31529, "total": 32871}
{"stage": "neural-targets", "done": 31611, "total": 32871}
{"stage": "neural-targets", "done": 31697, "total": 32871}
{"stage": "neural-targets", "done": 31783, "total": 32871}
{"stage": "neural-targets", "done": 31857, "total": 32871}
{"stage": "neural-targets", "done": 31869, "total": 32871}
{"stage": "neural-targets", "done": 31929, "total": 32871}
{"stage": "neural-targets", "done": 32015, "total": 32871}
{"stage": "neural-targets", "done": 32101, "total": 32871}
{"stage": "neural-targets", "done": 32187, "total": 32871}
{"stage": "neural-targets", "done": 32229, "total": 32871}
{"stage": "neural-targets", "done": 32315, "total": 32871}
{"stage": "neural-targets", "done": 32401, "total": 32871}
{"stage": "neural-targets", "done": 32487, "total": 32871}
{"stage": "neural-targets", "done": 32573, "total": 32871}
{"stage": "neural-targets", "done": 32659, "total": 32871}
{"stage": "neural-targets", "done": 32745, "total": 32871}
{"stage": "neural-targets", "done": 32805, "total": 32871}
{"stage": "neural-targets", "done": 32871, "total": 32871}
{"stage": "encoding", "done": 32, "total": 5479}
{"stage": "encoding", "done": 64, "total": 5479}
{"stage": "encoding", "done": 96, "total": 5479}
{"stage": "encoding", "done": 128, "total": 5479}
{"stage": "encoding", "done": 160, "total": 5479}
{"stage": "encoding", "done": 192, "total": 5479}
{"stage": "encoding", "done": 224, "total": 5479}
{"stage": "encoding", "done": 256, "total": 5479}
{"stage": "encoding", "done": 288, "total": 5479}
{"stage": "encoding", "done": 320, "total": 5479}
{"stage": "encoding", "done": 352, "total": 5479}
{"stage": "encoding", "done": 384, "total": 5479}
{"stage": "encoding", "done": 416, "total": 5479}
{"stage": "encoding", "done": 448, "total": 5479}
{"stage": "encoding", "done": 480, "total": 5479}
{"stage": "encoding", "done": 512, "total": 5479}
{"stage": "encoding", "done": 544, "total": 5479}
{"stage": "encoding", "done": 576, "total": 5479}
{"stage": "encoding", "done": 608, "total": 5479}
{"stage": "encoding", "done": 640, "total": 5479}
{"stage": "encoding", "done": 672, "total": 5479}
{"stage": "encoding", "done": 704, "total": 5479}
{"stage": "encoding", "done": 736, "total": 5479}
{"stage": "encoding", "done": 768, "total": 5479}
{"stage": "encoding", "done": 800, "total": 5479}
{"stage": "encoding", "done": 832, "total": 5479}
{"stage": "encoding", "done": 864, "total": 5479}
{"stage": "encoding", "done": 896, "total": 5479}
{"stage": "encoding", "done": 928, "total": 5479}
{"stage": "encoding", "done": 960, "total": 5479}
{"stage": "encoding", "done": 992, "total": 5479}
{"stage": "encoding", "done": 1024, "total": 5479}
{"stage": "encoding", "done": 1056, "total": 5479}
{"stage": "encoding", "done": 1088, "total": 5479}
{"stage": "encoding", "done": 1120, "total": 5479}
{"stage": "encoding", "done": 1152, "total": 5479}
{"stage": "encoding", "done": 1184, "total": 5479}
{"stage": "encoding", "done": 1216, "total": 5479}
{"stage": "encoding", "done": 1248, "total": 5479}
{"stage": "encoding", "done": 1280, "total": 5479}
{"stage": "encoding", "done": 1312, "total": 5479}
{"stage": "encoding", "done": 1344, "total": 5479}
{"stage": "encoding", "done": 1376, "total": 5479}
{"stage": "encoding", "done": 1408, "total": 5479}
{"stage": "encoding", "done": 1440, "total": 5479}
{"stage": "encoding", "done": 1472, "total": 5479}
{"stage": "encoding", "done": 1504, "total": 5479}
{"stage": "encoding", "done": 1536, "total": 5479}
{"stage": "encoding", "done": 1568, "total": 5479}
{"stage": "encoding", "done": 1600, "total": 5479}
{"stage": "encoding", "done": 1632, "total": 5479}
{"stage": "encoding", "done": 1664, "total": 5479}
{"stage": "encoding", "done": 1696, "total": 5479}
{"stage": "encoding", "done": 1728, "total": 5479}
{"stage": "encoding", "done": 1760, "total": 5479}
{"stage": "encoding", "done": 1792, "total": 5479}
{"stage": "encoding", "done": 1824, "total": 5479}
{"stage": "encoding", "done": 1856, "total": 5479}
{"stage": "encoding", "done": 1888, "total": 5479}
{"stage": "encoding", "done": 1920, "total": 5479}
{"stage": "encoding", "done": 1952, "total": 5479}
{"stage": "encoding", "done": 1984, "total": 5479}
{"stage": "encoding", "done": 2016, "total": 5479}
{"stage": "encoding", "done": 2048, "total": 5479}
{"stage": "encoding", "done": 2080, "total": 5479}
{"stage": "encoding", "done": 2112, "total": 5479}
{"stage": "encoding", "done": 2144, "total": 5479}
{"stage": "encoding", "done": 2176, "total": 5479}
{"stage": "encoding", "done": 2208, "total": 5479}
{"stage": "encoding", "done": 2240, "total": 5479}
{"stage": "encoding", "done": 2272, "total": 5479}
{"stage": "encoding", "done": 2304, "total": 5479}
{"stage": "encoding", "done": 2336, "total": 5479}
{"stage": "encoding", "done": 2368, "total": 5479}
{"stage": "encoding", "done": 2400, "total": 5479}
{"stage": "encoding", "done": 2432, "total": 5479}
{"stage": "encoding", "done": 2464, "total": 5479}
{"stage": "encoding", "done": 2496, "total": 5479}
{"stage": "encoding", "done": 2528, "total": 5479}
{"stage": "encoding", "done": 2560, "total": 5479}
{"stage": "encoding", "done": 2592, "total": 5479}
{"stage": "encoding", "done": 2624, "total": 5479}
{"stage": "encoding", "done": 2656, "total": 5479}
{"stage": "encoding", "done": 2688, "total": 5479}
{"stage": "encoding", "done": 2720, "total": 5479}
{"stage": "encoding", "done": 2752, "total": 5479}
{"stage": "encoding", "done": 2784, "total": 5479}
{"stage": "encoding", "done": 2816, "total": 5479}
{"stage": "encoding", "done": 2848, "total": 5479}
{"stage": "encoding", "done": 2880, "total": 5479}
{"stage": "encoding", "done": 2912, "total": 5479}
{"stage": "encoding", "done": 2944, "total": 5479}
{"stage": "encoding", "done": 2976, "total": 5479}
{"stage": "encoding", "done": 3008, "total": 5479}
{"stage": "encoding", "done": 3040, "total": 5479}
{"stage": "encoding", "done": 3072, "total": 5479}
{"stage": "encoding", "done": 3104, "total": 5479}
{"stage": "encoding", "done": 3136, "total": 5479}
{"stage": "encoding", "done": 3168, "total": 5479}
{"stage": "encoding", "done": 3200, "total": 5479}
{"stage": "encoding", "done": 3232, "total": 5479}
{"stage": "encoding", "done": 3264, "total": 5479}
{"stage": "encoding", "done": 3296, "total": 5479}
{"stage": "encoding", "done": 3328, "total": 5479}
{"stage": "encoding", "done": 3360, "total": 5479}
{"stage": "encoding", "done": 3392, "total": 5479}
{"stage": "encoding", "done": 3424, "total": 5479}
{"stage": "encoding", "done": 3456, "total": 5479}
{"stage": "encoding", "done": 3488, "total": 5479}
{"stage": "encoding", "done": 3520, "total": 5479}
{"stage": "encoding", "done": 3552, "total": 5479}
{"stage": "encoding", "done": 3584, "total": 5479}
{"stage": "encoding", "done": 3616, "total": 5479}
{"stage": "encoding", "done": 3648, "total": 5479}
{"stage": "encoding", "done": 3680, "total": 5479}
{"stage": "encoding", "done": 3712, "total": 5479}
{"stage": "encoding", "done": 3744, "total": 5479}
{"stage": "encoding", "done": 3776, "total": 5479}
{"stage": "encoding", "done": 3808, "total": 5479}
{"stage": "encoding", "done": 3840, "total": 5479}
{"stage": "encoding", "done": 3872, "total": 5479}
{"stage": "encoding", "done": 3904, "total": 5479}
{"stage": "encoding", "done": 3936, "total": 5479}
{"stage": "encoding", "done": 3968, "total": 5479}
{"stage": "encoding", "done": 4000, "total": 5479}
{"stage": "encoding", "done": 4032, "total": 5479}
{"stage": "encoding", "done": 4064, "total": 5479}
{"stage": "encoding", "done": 4096, "total": 5479}
{"stage": "encoding", "done": 4128, "total": 5479}
{"stage": "encoding", "done": 4160, "total": 5479}
{"stage": "encoding", "done": 4192, "total": 5479}
{"stage": "encoding", "done": 4224, "total": 5479}
{"stage": "encoding", "done": 4256, "total": 5479}
{"stage": "encoding", "done": 4288, "total": 5479}
{"stage": "encoding", "done": 4320, "total": 5479}
{"stage": "encoding", "done": 4352, "total": 5479}
{"stage": "encoding", "done": 4384, "total": 5479}
{"stage": "encoding", "done": 4416, "total": 5479}
{"stage": "encoding", "done": 4448, "total": 5479}
{"stage": "encoding", "done": 4480, "total": 5479}
{"stage": "encoding", "done": 4512, "total": 5479}
{"stage": "encoding", "done": 4544, "total": 5479}
{"stage": "encoding", "done": 4576, "total": 5479}
{"stage": "encoding", "done": 4608, "total": 5479}
{"stage": "encoding", "done": 4640, "total": 5479}
{"stage": "encoding", "done": 4672, "total": 5479}
{"stage": "encoding", "done": 4704, "total": 5479}
{"stage": "encoding", "done": 4736, "total": 5479}
{"stage": "encoding", "done": 4768, "total": 5479}
{"stage": "encoding", "done": 4800, "total": 5479}
{"stage": "encoding", "done": 4832, "total": 5479}
{"stage": "encoding", "done": 4864, "total": 5479}
{"stage": "encoding", "done": 4896, "total": 5479}
{"stage": "encoding", "done": 4928, "total": 5479}
{"stage": "encoding", "done": 4960, "total": 5479}
{"stage": "encoding", "done": 4992, "total": 5479}
{"stage": "encoding", "done": 5024, "total": 5479}
{"stage": "encoding", "done": 5056, "total": 5479}
{"stage": "encoding", "done": 5088, "total": 5479}
{"stage": "encoding", "done": 5120, "total": 5479}
{"stage": "encoding", "done": 5152, "total": 5479}
{"stage": "encoding", "done": 5184, "total": 5479}
{"stage": "encoding", "done": 5216, "total": 5479}
{"stage": "encoding", "done": 5248, "total": 5479}
{"stage": "encoding", "done": 5280, "total": 5479}
{"stage": "encoding", "done": 5312, "total": 5479}
{"stage": "encoding", "done": 5344, "total": 5479}
{"stage": "encoding", "done": 5376, "total": 5479}
{"stage": "encoding", "done": 5408, "total": 5479}
{"stage": "encoding", "done": 5440, "total": 5479}
{"stage": "encoding", "done": 5472, "total": 5479}
{"stage": "encoding", "done": 5479, "total": 5479}
{"stage": "complete", "resources": 65, "frames": 6422, "stats": {"encoded_cache_hits": 276, "new_guides": 5481, "special_work": 2, "new_neural_targets": 32871, "new_encoded_work": 5479}}
