[2026-10-02 00:06:59.377] [warning] WATER_ROUTE2 registry rejected wed=AR0900 overlay=WTLAKE slot=1
[2026-10-02 00:06:59.377] [warning] WATER_ROUTE2 registry has no validated entry; native q=0 fallback is active
[2026-10-02 00:06:59.734] [info] Creature sprite xBR catalog ready: scale=x2, 2 animations, 1312 components, 1312 resources, 358697 frames, 1913643492 index bytes across 1312 lazy content-addressed shards; catalog-version=V2; 1312 authenticated directory entries; source=CreatureSprites-XN.catalog; filter=BOX/NEAREST; index cache budget=128 MiB; metadata cache budget=128 MiB; shard validation=background-on-demand
[2026-10-02 00:06:59.736] [info] P4_SPRITE_PROBE enabled: target=0x6110, period=1s, maxRows=7200, CSV=G:\AI\BG2_Upscale\sprite\families\playable-characters\6110-human-female-fighter\research\palette-q3m-p4-box-x2-20261001-v1\captures\box-x2\p4-20261001T220659-1790892419735420.csv
[2026-10-02 00:06:59.755] [warning] RenderTexture prologue is detoured (likely EEex); recovered at reference RVA 0x4257C0 by verifying the un-patched pattern tail
[2026-10-02 00:07:00.185] [info] DrawColorTone hook installed
[2026-10-02 00:07:09.765] [info] Composing creature sprite CHFB1G17 animation=0x6110 frame 241 as Character composite layer 1/3: scale=x2, BAM logical 20x63, final bordered texture 120x97 physical 240x194 via transient replacement id 30 (BOX/NEAREST, delete-pending after queued draw)
[2026-10-02 00:07:09.765] [info] Composing creature sprite WQNJ8G1 animation=0x6110 frame 241 as Character composite layer 2/3: scale=x2, BAM logical 52x54, final bordered texture 120x97 physical 240x194 via transient replacement id 30 (BOX/NEAREST, delete-pending after queued draw)
[2026-10-02 00:07:09.765] [info] Composing creature sprite WQNFSG1 animation=0x6110 frame 1166 as Character composite layer 3/3: scale=x2, BAM logical 96x84, final bordered texture 120x97 physical 240x194 via transient replacement id 30 (BOX/NEAREST, delete-pending after queued draw)
[2026-10-02 00:07:11.812] [info] Composing creature sprite CHFB1G12 animation=0x6110 frame 193 as Character composite layer 1/3: scale=x2, BAM logical 20x63, final bordered texture 120x97 physical 240x194 via transient replacement id 79 (BOX/NEAREST, delete-pending after queued draw)
[2026-10-02 00:08:15.045] [info] Creature sprite catalog shard 666 ready on demand for animation 0x6110, resref CHFB1G1: 1 resources, 653904 metadata bytes
[2026-10-02 00:08:15.046] [info] Composing creature sprite CHFB1G1 animation=0x6110 frame 203 as Character composite layer 1/3: scale=x2, BAM logical 22x63, final bordered texture 118x100 physical 236x200 via transient replacement id 127 (BOX/NEAREST, delete-pending after queued draw)
[2026-10-02 00:08:15.046] [info] Native occlusion phase0: owner=Character instance=0x6AD88370 subject=0x6110, clip_calls=1 successful_clip_calls=1, native_clip=present infinity=0x6A8FF978 at (1784,2754,z=0) fx_rect=0x15AD30 clip_rect=0x15AD80 dither=1 clip_flags=0x8030084 result=1, final_draw=(461,211) logical=118x100 draw_flags=0x8030085 native_texture=1 replacement=creature-sprite
[2026-10-02 00:08:15.084] [info] Creature sprite catalog shard 667 ready on demand for animation 0x6110, resref CHFB1G11: 1 resources, 653904 metadata bytes
[2026-10-02 00:08:15.084] [info] Composing creature sprite CHFB1G11 animation=0x6110 frame 232 as Character composite layer 1/3: scale=x2, BAM logical 17x63, final bordered texture 121x97 physical 242x194 via transient replacement id 127 (BOX/NEAREST, delete-pending after queued draw)
[2026-10-02 00:08:15.084] [info] Native occlusion phase0: owner=Character instance=0x6AD88370 subject=0x6110, clip_calls=1 successful_clip_calls=1, native_clip=present infinity=0x6A8FF978 at (1793,2752,z=0) fx_rect=0x15AD30 clip_rect=0x15AD80 dither=1 clip_flags=0x8030084 result=1, final_draw=(470,209) logical=121x97 draw_flags=0x8030085 native_texture=1 replacement=creature-sprite
[2026-10-02 00:08:16.720] [warning] Registered creature CVidCell frame could not be resolved: owner=CGameAnimationTypeCharacter, animation=0x6110, resref=CHFB1G11, sequence=6, slot=10; native rendering retained
[2026-10-02 00:08:16.737] [info] Native occlusion phase0: owner=Character instance=0x6AD88370 subject=0x6110, clip_calls=1 successful_clip_calls=1, native_clip=present infinity=0x6A8FF978 at (1985,2679,z=0) fx_rect=0x15AD30 clip_rect=0x15AD80 dither=1 clip_flags=0x8030094 result=1, final_draw=(538,135) logical=120x96 draw_flags=0x8030095 native_texture=1 replacement=creature-sprite
[2026-10-02 00:08:16.787] [info] Native occlusion phase0: owner=Character instance=0x6AD88370 subject=0x6110, clip_calls=1 successful_clip_calls=1, native_clip=present infinity=0x6A8FF978 at (1989,2671,z=0) fx_rect=0x15AD30 clip_rect=0x15AD80 dither=1 clip_flags=0x8030094 result=1, final_draw=(539,127) logical=123x96 draw_flags=0x8030095 native_texture=1 replacement=creature-sprite
[2026-10-02 00:08:31.323] [info] Native occlusion phase0: owner=Character instance=0x6AD88370 subject=0x6110, clip_calls=1 successful_clip_calls=1, native_clip=present infinity=0x6A8FF978 at (1800,2766,z=0) fx_rect=0x15AD30 clip_rect=0x15AD80 dither=1 clip_flags=0x8030094 result=1, final_draw=(508,222) logical=120x97 draw_flags=0x8030095 native_texture=1 replacement=creature-sprite
