[2026-10-04 16:10:35.578] [info] Creature sprite xBR catalog ready: scale=x2, 7 animations, 99 components, 99 resources, 4725 frames, 28871924 index bytes across 99 lazy content-addressed shards; catalog-version=V2; 121 authenticated directory entries; source=CreatureSprites-XN.catalog; filter=NEAREST; index cache budget=128 MiB; metadata cache budget=128 MiB; shard validation=background-on-demand
[2026-10-04 16:10:35.584] [info] Creature sprite catalog shard 0 ready on demand for animation 0x6400, resref UDRZ1A1: 1 resources, 46488 metadata bytes
[2026-10-04 16:10:35.652] [info] Creature sprite catalog shard 1 ready on demand for animation 0x6400, resref UDRZ1A1E: 1 resources, 28860 metadata bytes
[2026-10-04 16:10:35.693] [info] Creature sprite catalog shard 2 ready on demand for animation 0x6400, resref UDRZ1A3: 1 resources, 45476 metadata bytes
[2026-10-04 16:10:35.760] [info] Creature sprite catalog shard 3 ready on demand for animation 0x6400, resref UDRZ1A3E: 1 resources, 28188 metadata bytes
[2026-10-04 16:10:35.799] [info] Creature sprite catalog shard 4 ready on demand for animation 0x6400, resref UDRZ1A5: 1 resources, 28332 metadata bytes
[2026-10-04 16:10:35.843] [info] Creature sprite catalog shard 5 ready on demand for animation 0x6400, resref UDRZ1A5E: 1 resources, 17996 metadata bytes
[2026-10-04 16:10:35.869] [info] Creature sprite catalog shard 6 ready on demand for animation 0x6400, resref UDRZ1CA: 1 resources, 48684 metadata bytes
[2026-10-04 16:10:35.916] [info] Creature sprite catalog shard 7 ready on demand for animation 0x6400, resref UDRZ1CAE: 1 resources, 30648 metadata bytes
[2026-10-04 16:10:35.962] [info] Creature sprite catalog shard 8 ready on demand for animation 0x6400, resref UDRZ1G1: 1 resources, 161776 metadata bytes
[2026-10-04 16:10:36.136] [info] Creature sprite catalog shard 9 ready on demand for animation 0x6400, resref UDRZ1G1E: 1 resources, 98544 metadata bytes
[2026-10-04 16:10:36.245] [info] Creature sprite catalog shard 10 ready on demand for animation 0x6400, resref UDRZ1W2: 1 resources, 45424 metadata bytes
[2026-10-04 16:10:36.297] [info] Creature sprite catalog shard 11 ready on demand for animation 0x6400, resref UDRZ1W2E: 1 resources, 28164 metadata bytes
[2026-10-04 16:10:36.346] [info] Creature sprite catalog shard 12 ready on demand for animation 0x6401, resref UELM1A2: 1 resources, 45476 metadata bytes
[2026-10-04 16:10:36.417] [info] Creature sprite catalog shard 13 ready on demand for animation 0x6401, resref UELM1A2E: 1 resources, 28188 metadata bytes
[2026-10-04 16:10:36.460] [info] Creature sprite catalog shard 14 ready on demand for animation 0x6401, resref UELM1A4: 1 resources, 45476 metadata bytes
[2026-10-04 16:10:36.522] [info] Creature sprite catalog shard 15 ready on demand for animation 0x6401, resref UELM1A4E: 1 resources, 28188 metadata bytes
[2026-10-04 16:10:36.564] [info] Creature sprite catalog shard 16 ready on demand for animation 0x6401, resref UELM1CA: 1 resources, 48684 metadata bytes
[2026-10-04 16:10:36.647] [info] Creature sprite catalog shard 17 ready on demand for animation 0x6401, resref UELM1CAE: 1 resources, 30648 metadata bytes
[2026-10-04 16:10:36.702] [info] Creature sprite catalog shard 18 ready on demand for animation 0x6401, resref UELM1G1: 1 resources, 161736 metadata bytes
[2026-10-04 16:10:36.925] [info] Creature sprite catalog shard 19 ready on demand for animation 0x6401, resref UELM1G1E: 1 resources, 98520 metadata bytes
[2026-10-04 16:10:37.053] [info] Creature sprite catalog shard 20 ready on demand for animation 0x6401, resref UELM1W2: 1 resources, 45384 metadata bytes
[2026-10-04 16:10:37.119] [info] Creature sprite catalog shard 21 ready on demand for animation 0x6401, resref UELM1W2E: 1 resources, 28140 metadata bytes
[2026-10-04 16:10:37.179] [info] Creature sprite catalog shard 22 ready on demand for animation 0x6402, resref CMNK1A1: 1 resources, 45800 metadata bytes
[2026-10-04 16:10:37.240] [info] Creature sprite catalog shard 23 ready on demand for animation 0x6402, resref CMNK1A1E: 1 resources, 28528 metadata bytes
[2026-10-04 16:10:37.270] [info] Creature sprite catalog shard 24 ready on demand for animation 0x6402, resref CMNK1A2: 1 resources, 45476 metadata bytes
[2026-10-04 16:10:37.310] [info] Creature sprite catalog shard 25 ready on demand for animation 0x6402, resref CMNK1A2E: 1 resources, 28188 metadata bytes
[2026-10-04 16:10:37.345] [info] Creature sprite catalog shard 26 ready on demand for animation 0x6402, resref CMNK1A3: 1 resources, 45476 metadata bytes
[2026-10-04 16:10:37.390] [info] Creature sprite catalog shard 27 ready on demand for animation 0x6402, resref CMNK1A3E: 1 resources, 28188 metadata bytes
[2026-10-04 16:10:37.424] [info] Creature sprite catalog shard 28 ready on demand for animation 0x6402, resref CMNK1A4: 1 resources, 45476 metadata bytes
[2026-10-04 16:10:37.480] [info] Creature sprite catalog shard 29 ready on demand for animation 0x6402, resref CMNK1A4E: 1 resources, 28188 metadata bytes
[2026-10-04 16:10:37.512] [info] Creature sprite catalog shard 30 ready on demand for animation 0x6402, resref CMNK1A5: 1 resources, 28332 metadata bytes
[2026-10-04 16:10:37.543] [info] Creature sprite catalog shard 31 ready on demand for animation 0x6402, resref CMNK1A5E: 1 resources, 17996 metadata bytes
[2026-10-04 16:10:37.573] [info] Creature sprite catalog shard 32 ready on demand for animation 0x6402, resref CMNK1A6: 1 resources, 36916 metadata bytes
[2026-10-04 16:10:37.614] [info] Creature sprite catalog shard 33 ready on demand for animation 0x6402, resref CMNK1A6E: 1 resources, 23112 metadata bytes
[2026-10-04 16:10:37.649] [info] Creature sprite catalog shard 34 ready on demand for animation 0x6402, resref CMNK1CA: 1 resources, 48588 metadata bytes
[2026-10-04 16:10:37.698] [info] Creature sprite catalog shard 35 ready on demand for animation 0x6402, resref CMNK1CAE: 1 resources, 30648 metadata bytes
[2026-10-04 16:10:37.742] [info] Creature sprite catalog shard 36 ready on demand for animation 0x6402, resref CMNK1G1: 1 resources, 161776 metadata bytes
[2026-10-04 16:10:37.886] [info] Creature sprite catalog shard 37 ready on demand for animation 0x6402, resref CMNK1G1E: 1 resources, 98544 metadata bytes
[2026-10-04 16:10:37.991] [info] Creature sprite catalog shard 38 ready on demand for animation 0x6402, resref CMNK1SA: 1 resources, 19796 metadata bytes
[2026-10-04 16:10:38.016] [info] Creature sprite catalog shard 39 ready on demand for animation 0x6402, resref CMNK1SAE: 1 resources, 12840 metadata bytes
[2026-10-04 16:10:38.028] [info] Creature sprite catalog shard 40 ready on demand for animation 0x6402, resref CMNK1SX: 1 resources, 15516 metadata bytes
[2026-10-04 16:10:38.044] [info] Creature sprite catalog shard 41 ready on demand for animation 0x6402, resref CMNK1SXE: 1 resources, 10252 metadata bytes
[2026-10-04 16:10:38.059] [info] Creature sprite catalog shard 42 ready on demand for animation 0x6402, resref CMNK1W2: 1 resources, 45424 metadata bytes
[2026-10-04 16:10:38.100] [info] Creature sprite catalog shard 43 ready on demand for animation 0x6402, resref CMNK1W2E: 1 resources, 28164 metadata bytes
FAIL: no native frames resolved
