[2026-10-04 16:15:05.782] [info] Creature sprite xBR catalog ready: scale=x2, 7 animations, 99 components, 99 resources, 4725 frames, 28871924 index bytes across 99 lazy content-addressed shards; catalog-version=V2; 121 authenticated directory entries; source=CreatureSprites-XN.catalog; filter=NEAREST; index cache budget=128 MiB; metadata cache budget=128 MiB; shard validation=background-on-demand
[2026-10-04 16:15:05.787] [info] Creature sprite catalog shard 0 ready on demand for animation 0x6400, resref UDRZ1A1: 1 resources, 46488 metadata bytes
[2026-10-04 16:15:05.851] [info] Creature sprite catalog shard 1 ready on demand for animation 0x6400, resref UDRZ1A1E: 1 resources, 28860 metadata bytes
[2026-10-04 16:15:05.893] [info] Creature sprite catalog shard 2 ready on demand for animation 0x6400, resref UDRZ1A3: 1 resources, 45476 metadata bytes
[2026-10-04 16:15:05.963] [info] Creature sprite catalog shard 3 ready on demand for animation 0x6400, resref UDRZ1A3E: 1 resources, 28188 metadata bytes
[2026-10-04 16:15:06.001] [info] Creature sprite catalog shard 4 ready on demand for animation 0x6400, resref UDRZ1A5: 1 resources, 28332 metadata bytes
[2026-10-04 16:15:06.044] [info] Creature sprite catalog shard 5 ready on demand for animation 0x6400, resref UDRZ1A5E: 1 resources, 17996 metadata bytes
[2026-10-04 16:15:06.083] [info] Creature sprite catalog shard 6 ready on demand for animation 0x6400, resref UDRZ1CA: 1 resources, 48684 metadata bytes
[2026-10-04 16:15:06.130] [info] Creature sprite catalog shard 7 ready on demand for animation 0x6400, resref UDRZ1CAE: 1 resources, 30648 metadata bytes
[2026-10-04 16:15:06.175] [info] Creature sprite catalog shard 8 ready on demand for animation 0x6400, resref UDRZ1G1: 1 resources, 161776 metadata bytes
[2026-10-04 16:15:06.362] [info] Creature sprite catalog shard 9 ready on demand for animation 0x6400, resref UDRZ1G1E: 1 resources, 98544 metadata bytes
[2026-10-04 16:15:06.486] [info] Creature sprite catalog shard 10 ready on demand for animation 0x6400, resref UDRZ1W2: 1 resources, 45424 metadata bytes
[2026-10-04 16:15:06.540] [info] Creature sprite catalog shard 11 ready on demand for animation 0x6400, resref UDRZ1W2E: 1 resources, 28164 metadata bytes
[2026-10-04 16:15:06.587] [info] Creature sprite catalog shard 12 ready on demand for animation 0x6401, resref UELM1A2: 1 resources, 45476 metadata bytes
[2026-10-04 16:15:06.659] [info] Creature sprite catalog shard 13 ready on demand for animation 0x6401, resref UELM1A2E: 1 resources, 28188 metadata bytes
[2026-10-04 16:15:06.702] [info] Creature sprite catalog shard 14 ready on demand for animation 0x6401, resref UELM1A4: 1 resources, 45476 metadata bytes
[2026-10-04 16:15:06.761] [info] Creature sprite catalog shard 15 ready on demand for animation 0x6401, resref UELM1A4E: 1 resources, 28188 metadata bytes
[2026-10-04 16:15:06.805] [info] Creature sprite catalog shard 16 ready on demand for animation 0x6401, resref UELM1CA: 1 resources, 48684 metadata bytes
[2026-10-04 16:15:06.874] [info] Creature sprite catalog shard 17 ready on demand for animation 0x6401, resref UELM1CAE: 1 resources, 30648 metadata bytes
[2026-10-04 16:15:06.930] [info] Creature sprite catalog shard 18 ready on demand for animation 0x6401, resref UELM1G1: 1 resources, 161736 metadata bytes
[2026-10-04 16:15:07.151] [info] Creature sprite catalog shard 19 ready on demand for animation 0x6401, resref UELM1G1E: 1 resources, 98520 metadata bytes
[2026-10-04 16:15:07.277] [info] Creature sprite catalog shard 20 ready on demand for animation 0x6401, resref UELM1W2: 1 resources, 45384 metadata bytes
[2026-10-04 16:15:07.355] [info] Creature sprite catalog shard 21 ready on demand for animation 0x6401, resref UELM1W2E: 1 resources, 28140 metadata bytes
[2026-10-04 16:15:07.399] [info] Creature sprite catalog shard 22 ready on demand for animation 0x6402, resref CMNK1A1: 1 resources, 45800 metadata bytes
[2026-10-04 16:15:07.446] [info] Creature sprite catalog shard 23 ready on demand for animation 0x6402, resref CMNK1A1E: 1 resources, 28528 metadata bytes
[2026-10-04 16:15:07.485] [info] Creature sprite catalog shard 24 ready on demand for animation 0x6402, resref CMNK1A2: 1 resources, 45476 metadata bytes
[2026-10-04 16:15:07.538] [info] Creature sprite catalog shard 25 ready on demand for animation 0x6402, resref CMNK1A2E: 1 resources, 28188 metadata bytes
[2026-10-04 16:15:07.569] [info] Creature sprite catalog shard 26 ready on demand for animation 0x6402, resref CMNK1A3: 1 resources, 45476 metadata bytes
[2026-10-04 16:15:07.614] [info] Creature sprite catalog shard 27 ready on demand for animation 0x6402, resref CMNK1A3E: 1 resources, 28188 metadata bytes
[2026-10-04 16:15:07.648] [info] Creature sprite catalog shard 28 ready on demand for animation 0x6402, resref CMNK1A4: 1 resources, 45476 metadata bytes
[2026-10-04 16:15:07.687] [info] Creature sprite catalog shard 29 ready on demand for animation 0x6402, resref CMNK1A4E: 1 resources, 28188 metadata bytes
[2026-10-04 16:15:07.722] [info] Creature sprite catalog shard 30 ready on demand for animation 0x6402, resref CMNK1A5: 1 resources, 28332 metadata bytes
[2026-10-04 16:15:07.751] [info] Creature sprite catalog shard 31 ready on demand for animation 0x6402, resref CMNK1A5E: 1 resources, 17996 metadata bytes
[2026-10-04 16:15:07.777] [info] Creature sprite catalog shard 32 ready on demand for animation 0x6402, resref CMNK1A6: 1 resources, 36916 metadata bytes
[2026-10-04 16:15:07.821] [info] Creature sprite catalog shard 33 ready on demand for animation 0x6402, resref CMNK1A6E: 1 resources, 23112 metadata bytes
[2026-10-04 16:15:07.842] [info] Creature sprite catalog shard 34 ready on demand for animation 0x6402, resref CMNK1CA: 1 resources, 48588 metadata bytes
[2026-10-04 16:15:07.891] [info] Creature sprite catalog shard 35 ready on demand for animation 0x6402, resref CMNK1CAE: 1 resources, 30648 metadata bytes
[2026-10-04 16:15:07.934] [info] Creature sprite catalog shard 36 ready on demand for animation 0x6402, resref CMNK1G1: 1 resources, 161776 metadata bytes
[2026-10-04 16:15:08.078] [info] Creature sprite catalog shard 37 ready on demand for animation 0x6402, resref CMNK1G1E: 1 resources, 98544 metadata bytes
[2026-10-04 16:15:08.160] [info] Creature sprite catalog shard 38 ready on demand for animation 0x6402, resref CMNK1SA: 1 resources, 19796 metadata bytes
[2026-10-04 16:15:08.177] [info] Creature sprite catalog shard 39 ready on demand for animation 0x6402, resref CMNK1SAE: 1 resources, 12840 metadata bytes
[2026-10-04 16:15:08.189] [info] Creature sprite catalog shard 40 ready on demand for animation 0x6402, resref CMNK1SX: 1 resources, 15516 metadata bytes
[2026-10-04 16:15:08.205] [info] Creature sprite catalog shard 41 ready on demand for animation 0x6402, resref CMNK1SXE: 1 resources, 10252 metadata bytes
[2026-10-04 16:15:08.220] [info] Creature sprite catalog shard 42 ready on demand for animation 0x6402, resref CMNK1W2: 1 resources, 45424 metadata bytes
[2026-10-04 16:15:08.260] [info] Creature sprite catalog shard 43 ready on demand for animation 0x6402, resref CMNK1W2E: 1 resources, 28164 metadata bytes
[2026-10-04 16:15:08.294] [info] Creature sprite catalog shard 45 ready on demand for animation 0x6403, resref MSKL1A1: 1 resources, 45860 metadata bytes
[2026-10-04 16:15:08.338] [info] Creature sprite catalog shard 46 ready on demand for animation 0x6403, resref MSKL1A1E: 1 resources, 28512 metadata bytes
[2026-10-04 16:15:08.371] [info] Creature sprite catalog shard 47 ready on demand for animation 0x6403, resref MSKL1A2: 1 resources, 45476 metadata bytes
[2026-10-04 16:15:08.408] [info] Creature sprite catalog shard 48 ready on demand for animation 0x6403, resref MSKL1A2E: 1 resources, 28188 metadata bytes
[2026-10-04 16:15:08.445] [info] Creature sprite catalog shard 49 ready on demand for animation 0x6403, resref MSKL1A3: 1 resources, 45476 metadata bytes
[2026-10-04 16:15:08.486] [info] Creature sprite catalog shard 50 ready on demand for animation 0x6403, resref MSKL1A3E: 1 resources, 28188 metadata bytes
[2026-10-04 16:15:08.521] [info] Creature sprite catalog shard 51 ready on demand for animation 0x6403, resref MSKL1A4: 1 resources, 45476 metadata bytes
[2026-10-04 16:15:08.561] [info] Creature sprite catalog shard 52 ready on demand for animation 0x6403, resref MSKL1A4E: 1 resources, 28188 metadata bytes
[2026-10-04 16:15:08.580] [info] Creature sprite catalog shard 53 ready on demand for animation 0x6403, resref MSKL1A5: 1 resources, 28332 metadata bytes
[2026-10-04 16:15:08.611] [info] Creature sprite catalog shard 54 ready on demand for animation 0x6403, resref MSKL1A5E: 1 resources, 17996 metadata bytes
[2026-10-04 16:15:08.637] [info] Creature sprite catalog shard 55 ready on demand for animation 0x6403, resref MSKL1A6: 1 resources, 36916 metadata bytes
[2026-10-04 16:15:08.662] [info] Creature sprite catalog shard 56 ready on demand for animation 0x6403, resref MSKL1A6E: 1 resources, 23112 metadata bytes
[2026-10-04 16:15:08.688] [info] Creature sprite catalog shard 57 ready on demand for animation 0x6403, resref MSKL1CA: 1 resources, 48588 metadata bytes
[2026-10-04 16:15:08.734] [info] Creature sprite catalog shard 58 ready on demand for animation 0x6403, resref MSKL1CAE: 1 resources, 30648 metadata bytes
[2026-10-04 16:15:08.777] [info] Creature sprite catalog shard 59 ready on demand for animation 0x6403, resref MSKL1G1: 1 resources, 177996 metadata bytes
[2026-10-04 16:15:08.933] [info] Creature sprite catalog shard 60 ready on demand for animation 0x6403, resref MSKL1G1E: 1 resources, 112416 metadata bytes
[2026-10-04 16:15:09.063] [info] Creature sprite catalog shard 61 ready on demand for animation 0x6403, resref MSKL1SA: 1 resources, 19796 metadata bytes
[2026-10-04 16:15:09.086] [info] Creature sprite catalog shard 62 ready on demand for animation 0x6403, resref MSKL1SAE: 1 resources, 12840 metadata bytes
[2026-10-04 16:15:09.097] [info] Creature sprite catalog shard 63 ready on demand for animation 0x6403, resref MSKL1SX: 1 resources, 15516 metadata bytes
[2026-10-04 16:15:09.115] [info] Creature sprite catalog shard 64 ready on demand for animation 0x6403, resref MSKL1SXE: 1 resources, 10252 metadata bytes
[2026-10-04 16:15:09.127] [info] Creature sprite catalog shard 65 ready on demand for animation 0x6403, resref MSKL1W2: 1 resources, 45424 metadata bytes
[2026-10-04 16:15:09.166] [info] Creature sprite catalog shard 66 ready on demand for animation 0x6403, resref MSKL1W2E: 1 resources, 28164 metadata bytes
[2026-10-04 16:15:09.207] [info] Creature sprite catalog shard 67 ready on demand for animation 0x6404, resref USAR1A1: 1 resources, 45508 metadata bytes
[2026-10-04 16:15:09.315] [info] Creature sprite catalog shard 68 ready on demand for animation 0x6404, resref USAR1A1E: 1 resources, 28260 metadata bytes
[2026-10-04 16:15:09.386] [info] Creature sprite catalog shard 69 ready on demand for animation 0x6404, resref USAR1A3: 1 resources, 45424 metadata bytes
[2026-10-04 16:15:09.495] [info] Creature sprite catalog shard 70 ready on demand for animation 0x6404, resref USAR1A3E: 1 resources, 28164 metadata bytes
[2026-10-04 16:15:09.565] [info] Creature sprite catalog shard 71 ready on demand for animation 0x6404, resref USAR1A5: 1 resources, 45508 metadata bytes
[2026-10-04 16:15:09.655] [info] Creature sprite catalog shard 72 ready on demand for animation 0x6404, resref USAR1A5E: 1 resources, 28260 metadata bytes
[2026-10-04 16:15:09.752] [info] Creature sprite catalog shard 73 ready on demand for animation 0x6404, resref USAR1G1: 1 resources, 156368 metadata bytes
[2026-10-04 16:15:10.098] [info] Creature sprite catalog shard 74 ready on demand for animation 0x6404, resref USAR1G1E: 1 resources, 112524 metadata bytes
[2026-10-04 16:15:10.353] [info] Creature sprite catalog shard 75 ready on demand for animation 0x6404, resref USAR1W2: 1 resources, 45380 metadata bytes
[2026-10-04 16:15:10.449] [info] Creature sprite catalog shard 76 ready on demand for animation 0x6404, resref USAR1W2E: 1 resources, 28164 metadata bytes
[2026-10-04 16:15:10.509] [info] Creature sprite catalog shard 77 ready on demand for animation 0x6405, resref MDGU1A1: 1 resources, 45800 metadata bytes
[2026-10-04 16:15:10.522] [info] Creature sprite catalog shard 78 ready on demand for animation 0x6405, resref MDGU1A1E: 1 resources, 28528 metadata bytes
[2026-10-04 16:15:10.531] [info] Creature sprite catalog shard 79 ready on demand for animation 0x6405, resref MDGU1A2: 1 resources, 45476 metadata bytes
[2026-10-04 16:15:10.551] [info] Creature sprite catalog shard 80 ready on demand for animation 0x6405, resref MDGU1A2E: 1 resources, 28188 metadata bytes
[2026-10-04 16:15:10.566] [info] Creature sprite catalog shard 81 ready on demand for animation 0x6405, resref MDGU1A3: 1 resources, 45476 metadata bytes
[2026-10-04 16:15:10.580] [info] Creature sprite catalog shard 82 ready on demand for animation 0x6405, resref MDGU1A3E: 1 resources, 28188 metadata bytes
[2026-10-04 16:15:10.594] [info] Creature sprite catalog shard 83 ready on demand for animation 0x6405, resref MDGU1A4: 1 resources, 45476 metadata bytes
[2026-10-04 16:15:10.613] [info] Creature sprite catalog shard 84 ready on demand for animation 0x6405, resref MDGU1A4E: 1 resources, 28188 metadata bytes
[2026-10-04 16:15:10.625] [info] Creature sprite catalog shard 85 ready on demand for animation 0x6405, resref MDGU1A5: 1 resources, 28332 metadata bytes
[2026-10-04 16:15:10.640] [info] Creature sprite catalog shard 86 ready on demand for animation 0x6405, resref MDGU1A5E: 1 resources, 17996 metadata bytes
[2026-10-04 16:15:10.654] [info] Creature sprite catalog shard 87 ready on demand for animation 0x6405, resref MDGU1A6: 1 resources, 36916 metadata bytes
[2026-10-04 16:15:10.672] [info] Creature sprite catalog shard 88 ready on demand for animation 0x6405, resref MDGU1A6E: 1 resources, 23112 metadata bytes
[2026-10-04 16:15:10.685] [info] Creature sprite catalog shard 89 ready on demand for animation 0x6405, resref MDGU1CA: 1 resources, 48684 metadata bytes
[2026-10-04 16:15:10.705] [info] Creature sprite catalog shard 90 ready on demand for animation 0x6405, resref MDGU1CAE: 1 resources, 30648 metadata bytes
[2026-10-04 16:15:10.718] [info] Creature sprite catalog shard 91 ready on demand for animation 0x6405, resref MDGU1G1: 1 resources, 161776 metadata bytes
[2026-10-04 16:15:10.763] [info] Creature sprite catalog shard 92 ready on demand for animation 0x6405, resref MDGU1G1E: 1 resources, 98544 metadata bytes
[2026-10-04 16:15:10.791] [info] Creature sprite catalog shard 93 ready on demand for animation 0x6405, resref MDGU1SA: 1 resources, 19796 metadata bytes
[2026-10-04 16:15:10.809] [info] Creature sprite catalog shard 94 ready on demand for animation 0x6405, resref MDGU1SAE: 1 resources, 12840 metadata bytes
[2026-10-04 16:15:10.825] [info] Creature sprite catalog shard 95 ready on demand for animation 0x6405, resref MDGU1SX: 1 resources, 15516 metadata bytes
[2026-10-04 16:15:10.840] [info] Creature sprite catalog shard 96 ready on demand for animation 0x6405, resref MDGU1SXE: 1 resources, 10252 metadata bytes
[2026-10-04 16:15:10.855] [info] Creature sprite catalog shard 97 ready on demand for animation 0x6405, resref MDGU1W2: 1 resources, 45424 metadata bytes
[2026-10-04 16:15:10.905] [info] Creature sprite catalog shard 98 ready on demand for animation 0x6405, resref MDGU1W2E: 1 resources, 28164 metadata bytes
{"resources":120,"frames":5659,"native_cycle_slots":21143,"decoded_pixels":525329064,"palette_encodings":3,"K":6,"passed":true}
