[2026-10-04 16:15:06.027] [info] Creature sprite xBR catalog ready: scale=x2, 147 animations, 4769 components, 4769 resources, 1597856 frames, 5362943620 index bytes across 4769 lazy content-addressed shards; catalog-version=V2; 50477 authenticated directory entries; source=CreatureSprites-XN.catalog; filter=NEAREST; index cache budget=128 MiB; metadata cache budget=128 MiB; shard validation=background-on-demand
[2026-10-04 16:15:06.033] [info] Creature sprite catalog shard 4670 ready on demand for animation 0x6400, resref UDRZ1A1: 1 resources, 46488 metadata bytes
[2026-10-04 16:15:06.099] [info] Creature sprite catalog shard 4671 ready on demand for animation 0x6400, resref UDRZ1A1E: 1 resources, 28860 metadata bytes
[2026-10-04 16:15:06.141] [info] Creature sprite catalog shard 4672 ready on demand for animation 0x6400, resref UDRZ1A3: 1 resources, 45476 metadata bytes
[2026-10-04 16:15:06.208] [info] Creature sprite catalog shard 4673 ready on demand for animation 0x6400, resref UDRZ1A3E: 1 resources, 28188 metadata bytes
[2026-10-04 16:15:06.256] [info] Creature sprite catalog shard 4674 ready on demand for animation 0x6400, resref UDRZ1A5: 1 resources, 28332 metadata bytes
[2026-10-04 16:15:06.290] [info] Creature sprite catalog shard 4675 ready on demand for animation 0x6400, resref UDRZ1A5E: 1 resources, 17996 metadata bytes
[2026-10-04 16:15:06.314] [info] Creature sprite catalog shard 4676 ready on demand for animation 0x6400, resref UDRZ1CA: 1 resources, 48684 metadata bytes
[2026-10-04 16:15:06.361] [info] Creature sprite catalog shard 4677 ready on demand for animation 0x6400, resref UDRZ1CAE: 1 resources, 30648 metadata bytes
[2026-10-04 16:15:06.420] [info] Creature sprite catalog shard 4678 ready on demand for animation 0x6400, resref UDRZ1G1: 1 resources, 161776 metadata bytes
[2026-10-04 16:15:06.599] [info] Creature sprite catalog shard 4679 ready on demand for animation 0x6400, resref UDRZ1G1E: 1 resources, 98544 metadata bytes
[2026-10-04 16:15:06.705] [info] Creature sprite catalog shard 4680 ready on demand for animation 0x6400, resref UDRZ1W2: 1 resources, 45424 metadata bytes
[2026-10-04 16:15:06.754] [info] Creature sprite catalog shard 4681 ready on demand for animation 0x6400, resref UDRZ1W2E: 1 resources, 28164 metadata bytes
[2026-10-04 16:15:06.803] [info] Creature sprite catalog shard 4682 ready on demand for animation 0x6401, resref UELM1A2: 1 resources, 45476 metadata bytes
[2026-10-04 16:15:06.874] [info] Creature sprite catalog shard 4683 ready on demand for animation 0x6401, resref UELM1A2E: 1 resources, 28188 metadata bytes
[2026-10-04 16:15:06.918] [info] Creature sprite catalog shard 4684 ready on demand for animation 0x6401, resref UELM1A4: 1 resources, 45476 metadata bytes
[2026-10-04 16:15:06.980] [info] Creature sprite catalog shard 4685 ready on demand for animation 0x6401, resref UELM1A4E: 1 resources, 28188 metadata bytes
[2026-10-04 16:15:07.024] [info] Creature sprite catalog shard 4686 ready on demand for animation 0x6401, resref UELM1CA: 1 resources, 48684 metadata bytes
[2026-10-04 16:15:07.091] [info] Creature sprite catalog shard 4687 ready on demand for animation 0x6401, resref UELM1CAE: 1 resources, 30648 metadata bytes
[2026-10-04 16:15:07.148] [info] Creature sprite catalog shard 4688 ready on demand for animation 0x6401, resref UELM1G1: 1 resources, 161736 metadata bytes
[2026-10-04 16:15:07.381] [info] Creature sprite catalog shard 4689 ready on demand for animation 0x6401, resref UELM1G1E: 1 resources, 98520 metadata bytes
[2026-10-04 16:15:07.525] [info] Creature sprite catalog shard 4690 ready on demand for animation 0x6401, resref UELM1W2: 1 resources, 45384 metadata bytes
[2026-10-04 16:15:07.588] [info] Creature sprite catalog shard 4691 ready on demand for animation 0x6401, resref UELM1W2E: 1 resources, 28140 metadata bytes
[2026-10-04 16:15:07.629] [info] Creature sprite catalog shard 4692 ready on demand for animation 0x6402, resref CMNK1A1: 1 resources, 45800 metadata bytes
[2026-10-04 16:15:07.679] [info] Creature sprite catalog shard 4693 ready on demand for animation 0x6402, resref CMNK1A1E: 1 resources, 28528 metadata bytes
[2026-10-04 16:15:07.713] [info] Creature sprite catalog shard 4694 ready on demand for animation 0x6402, resref CMNK1A2: 1 resources, 45476 metadata bytes
[2026-10-04 16:15:07.751] [info] Creature sprite catalog shard 4695 ready on demand for animation 0x6402, resref CMNK1A2E: 1 resources, 28188 metadata bytes
[2026-10-04 16:15:07.786] [info] Creature sprite catalog shard 4696 ready on demand for animation 0x6402, resref CMNK1A3: 1 resources, 45476 metadata bytes
[2026-10-04 16:15:07.831] [info] Creature sprite catalog shard 4697 ready on demand for animation 0x6402, resref CMNK1A3E: 1 resources, 28188 metadata bytes
[2026-10-04 16:15:07.864] [info] Creature sprite catalog shard 4698 ready on demand for animation 0x6402, resref CMNK1A4: 1 resources, 45476 metadata bytes
[2026-10-04 16:15:07.904] [info] Creature sprite catalog shard 4699 ready on demand for animation 0x6402, resref CMNK1A4E: 1 resources, 28188 metadata bytes
[2026-10-04 16:15:07.937] [info] Creature sprite catalog shard 4700 ready on demand for animation 0x6402, resref CMNK1A5: 1 resources, 28332 metadata bytes
[2026-10-04 16:15:07.968] [info] Creature sprite catalog shard 4701 ready on demand for animation 0x6402, resref CMNK1A5E: 1 resources, 17996 metadata bytes
[2026-10-04 16:15:07.992] [info] Creature sprite catalog shard 4702 ready on demand for animation 0x6402, resref CMNK1A6: 1 resources, 36916 metadata bytes
[2026-10-04 16:15:08.035] [info] Creature sprite catalog shard 4703 ready on demand for animation 0x6402, resref CMNK1A6E: 1 resources, 23112 metadata bytes
[2026-10-04 16:15:08.060] [info] Creature sprite catalog shard 4704 ready on demand for animation 0x6402, resref CMNK1CA: 1 resources, 48588 metadata bytes
[2026-10-04 16:15:08.107] [info] Creature sprite catalog shard 4705 ready on demand for animation 0x6402, resref CMNK1CAE: 1 resources, 30648 metadata bytes
[2026-10-04 16:15:08.151] [info] Creature sprite catalog shard 4706 ready on demand for animation 0x6402, resref CMNK1G1: 1 resources, 161776 metadata bytes
[2026-10-04 16:15:08.295] [info] Creature sprite catalog shard 4707 ready on demand for animation 0x6402, resref CMNK1G1E: 1 resources, 98544 metadata bytes
[2026-10-04 16:15:08.379] [info] Creature sprite catalog shard 4708 ready on demand for animation 0x6402, resref CMNK1SA: 1 resources, 19796 metadata bytes
[2026-10-04 16:15:08.408] [info] Creature sprite catalog shard 4709 ready on demand for animation 0x6402, resref CMNK1SAE: 1 resources, 12840 metadata bytes
[2026-10-04 16:15:08.420] [info] Creature sprite catalog shard 4710 ready on demand for animation 0x6402, resref CMNK1SX: 1 resources, 15516 metadata bytes
[2026-10-04 16:15:08.436] [info] Creature sprite catalog shard 4711 ready on demand for animation 0x6402, resref CMNK1SXE: 1 resources, 10252 metadata bytes
[2026-10-04 16:15:08.450] [info] Creature sprite catalog shard 4712 ready on demand for animation 0x6402, resref CMNK1W2: 1 resources, 45424 metadata bytes
[2026-10-04 16:15:08.490] [info] Creature sprite catalog shard 4713 ready on demand for animation 0x6402, resref CMNK1W2E: 1 resources, 28164 metadata bytes
[2026-10-04 16:15:08.524] [info] Creature sprite catalog shard 4715 ready on demand for animation 0x6403, resref MSKL1A1: 1 resources, 45860 metadata bytes
[2026-10-04 16:15:08.568] [info] Creature sprite catalog shard 4716 ready on demand for animation 0x6403, resref MSKL1A1E: 1 resources, 28512 metadata bytes
[2026-10-04 16:15:08.601] [info] Creature sprite catalog shard 4717 ready on demand for animation 0x6403, resref MSKL1A2: 1 resources, 45476 metadata bytes
[2026-10-04 16:15:08.639] [info] Creature sprite catalog shard 4718 ready on demand for animation 0x6403, resref MSKL1A2E: 1 resources, 28188 metadata bytes
[2026-10-04 16:15:08.660] [info] Creature sprite catalog shard 4719 ready on demand for animation 0x6403, resref MSKL1A3: 1 resources, 45476 metadata bytes
[2026-10-04 16:15:08.702] [info] Creature sprite catalog shard 4720 ready on demand for animation 0x6403, resref MSKL1A3E: 1 resources, 28188 metadata bytes
[2026-10-04 16:15:08.738] [info] Creature sprite catalog shard 4721 ready on demand for animation 0x6403, resref MSKL1A4: 1 resources, 45476 metadata bytes
[2026-10-04 16:15:08.776] [info] Creature sprite catalog shard 4722 ready on demand for animation 0x6403, resref MSKL1A4E: 1 resources, 28188 metadata bytes
[2026-10-04 16:15:08.798] [info] Creature sprite catalog shard 4723 ready on demand for animation 0x6403, resref MSKL1A5: 1 resources, 28332 metadata bytes
[2026-10-04 16:15:08.829] [info] Creature sprite catalog shard 4724 ready on demand for animation 0x6403, resref MSKL1A5E: 1 resources, 17996 metadata bytes
[2026-10-04 16:15:08.854] [info] Creature sprite catalog shard 4725 ready on demand for animation 0x6403, resref MSKL1A6: 1 resources, 36916 metadata bytes
[2026-10-04 16:15:08.881] [info] Creature sprite catalog shard 4726 ready on demand for animation 0x6403, resref MSKL1A6E: 1 resources, 23112 metadata bytes
[2026-10-04 16:15:08.904] [info] Creature sprite catalog shard 4727 ready on demand for animation 0x6403, resref MSKL1CA: 1 resources, 48588 metadata bytes
[2026-10-04 16:15:08.950] [info] Creature sprite catalog shard 4728 ready on demand for animation 0x6403, resref MSKL1CAE: 1 resources, 30648 metadata bytes
[2026-10-04 16:15:08.993] [info] Creature sprite catalog shard 4729 ready on demand for animation 0x6403, resref MSKL1G1: 1 resources, 177996 metadata bytes
[2026-10-04 16:15:09.142] [info] Creature sprite catalog shard 4730 ready on demand for animation 0x6403, resref MSKL1G1E: 1 resources, 112416 metadata bytes
[2026-10-04 16:15:09.265] [info] Creature sprite catalog shard 4731 ready on demand for animation 0x6403, resref MSKL1SA: 1 resources, 19796 metadata bytes
[2026-10-04 16:15:09.286] [info] Creature sprite catalog shard 4732 ready on demand for animation 0x6403, resref MSKL1SAE: 1 resources, 12840 metadata bytes
[2026-10-04 16:15:09.299] [info] Creature sprite catalog shard 4733 ready on demand for animation 0x6403, resref MSKL1SX: 1 resources, 15516 metadata bytes
[2026-10-04 16:15:09.315] [info] Creature sprite catalog shard 4734 ready on demand for animation 0x6403, resref MSKL1SXE: 1 resources, 10252 metadata bytes
[2026-10-04 16:15:09.330] [info] Creature sprite catalog shard 4735 ready on demand for animation 0x6403, resref MSKL1W2: 1 resources, 45424 metadata bytes
[2026-10-04 16:15:09.370] [info] Creature sprite catalog shard 4736 ready on demand for animation 0x6403, resref MSKL1W2E: 1 resources, 28164 metadata bytes
[2026-10-04 16:15:09.406] [info] Creature sprite catalog shard 4737 ready on demand for animation 0x6404, resref USAR1A1: 1 resources, 45508 metadata bytes
[2026-10-04 16:15:09.516] [info] Creature sprite catalog shard 4738 ready on demand for animation 0x6404, resref USAR1A1E: 1 resources, 28260 metadata bytes
[2026-10-04 16:15:09.587] [info] Creature sprite catalog shard 4739 ready on demand for animation 0x6404, resref USAR1A3: 1 resources, 45424 metadata bytes
[2026-10-04 16:15:09.687] [info] Creature sprite catalog shard 4740 ready on demand for animation 0x6404, resref USAR1A3E: 1 resources, 28164 metadata bytes
[2026-10-04 16:15:09.765] [info] Creature sprite catalog shard 4741 ready on demand for animation 0x6404, resref USAR1A5: 1 resources, 45508 metadata bytes
[2026-10-04 16:15:09.860] [info] Creature sprite catalog shard 4742 ready on demand for animation 0x6404, resref USAR1A5E: 1 resources, 28260 metadata bytes
[2026-10-04 16:15:09.953] [info] Creature sprite catalog shard 4743 ready on demand for animation 0x6404, resref USAR1G1: 1 resources, 156368 metadata bytes
[2026-10-04 16:15:10.290] [info] Creature sprite catalog shard 4744 ready on demand for animation 0x6404, resref USAR1G1E: 1 resources, 112524 metadata bytes
[2026-10-04 16:15:10.545] [info] Creature sprite catalog shard 4745 ready on demand for animation 0x6404, resref USAR1W2: 1 resources, 45380 metadata bytes
[2026-10-04 16:15:10.648] [info] Creature sprite catalog shard 4746 ready on demand for animation 0x6404, resref USAR1W2E: 1 resources, 28164 metadata bytes
[2026-10-04 16:15:10.704] [info] Creature sprite catalog shard 4747 ready on demand for animation 0x6405, resref MDGU1A1: 1 resources, 45800 metadata bytes
[2026-10-04 16:15:10.721] [info] Creature sprite catalog shard 4748 ready on demand for animation 0x6405, resref MDGU1A1E: 1 resources, 28528 metadata bytes
[2026-10-04 16:15:10.737] [info] Creature sprite catalog shard 4749 ready on demand for animation 0x6405, resref MDGU1A2: 1 resources, 45476 metadata bytes
[2026-10-04 16:15:10.751] [info] Creature sprite catalog shard 4750 ready on demand for animation 0x6405, resref MDGU1A2E: 1 resources, 28188 metadata bytes
[2026-10-04 16:15:10.764] [info] Creature sprite catalog shard 4751 ready on demand for animation 0x6405, resref MDGU1A3: 1 resources, 45476 metadata bytes
[2026-10-04 16:15:10.782] [info] Creature sprite catalog shard 4752 ready on demand for animation 0x6405, resref MDGU1A3E: 1 resources, 28188 metadata bytes
[2026-10-04 16:15:10.795] [info] Creature sprite catalog shard 4753 ready on demand for animation 0x6405, resref MDGU1A4: 1 resources, 45476 metadata bytes
[2026-10-04 16:15:10.813] [info] Creature sprite catalog shard 4754 ready on demand for animation 0x6405, resref MDGU1A4E: 1 resources, 28188 metadata bytes
[2026-10-04 16:15:10.827] [info] Creature sprite catalog shard 4755 ready on demand for animation 0x6405, resref MDGU1A5: 1 resources, 28332 metadata bytes
[2026-10-04 16:15:10.842] [info] Creature sprite catalog shard 4756 ready on demand for animation 0x6405, resref MDGU1A5E: 1 resources, 17996 metadata bytes
[2026-10-04 16:15:10.855] [info] Creature sprite catalog shard 4757 ready on demand for animation 0x6405, resref MDGU1A6: 1 resources, 36916 metadata bytes
[2026-10-04 16:15:10.874] [info] Creature sprite catalog shard 4758 ready on demand for animation 0x6405, resref MDGU1A6E: 1 resources, 23112 metadata bytes
[2026-10-04 16:15:10.888] [info] Creature sprite catalog shard 4759 ready on demand for animation 0x6405, resref MDGU1CA: 1 resources, 48684 metadata bytes
[2026-10-04 16:15:10.906] [info] Creature sprite catalog shard 4760 ready on demand for animation 0x6405, resref MDGU1CAE: 1 resources, 30648 metadata bytes
[2026-10-04 16:15:10.921] [info] Creature sprite catalog shard 4761 ready on demand for animation 0x6405, resref MDGU1G1: 1 resources, 161776 metadata bytes
[2026-10-04 16:15:10.976] [info] Creature sprite catalog shard 4762 ready on demand for animation 0x6405, resref MDGU1G1E: 1 resources, 98544 metadata bytes
[2026-10-04 16:15:10.998] [info] Creature sprite catalog shard 4763 ready on demand for animation 0x6405, resref MDGU1SA: 1 resources, 19796 metadata bytes
[2026-10-04 16:15:11.011] [info] Creature sprite catalog shard 4764 ready on demand for animation 0x6405, resref MDGU1SAE: 1 resources, 12840 metadata bytes
[2026-10-04 16:15:11.027] [info] Creature sprite catalog shard 4765 ready on demand for animation 0x6405, resref MDGU1SX: 1 resources, 15516 metadata bytes
[2026-10-04 16:15:11.042] [info] Creature sprite catalog shard 4766 ready on demand for animation 0x6405, resref MDGU1SXE: 1 resources, 10252 metadata bytes
[2026-10-04 16:15:11.058] [info] Creature sprite catalog shard 4767 ready on demand for animation 0x6405, resref MDGU1W2: 1 resources, 45424 metadata bytes
[2026-10-04 16:15:11.105] [info] Creature sprite catalog shard 4768 ready on demand for animation 0x6405, resref MDGU1W2E: 1 resources, 28164 metadata bytes
{"resources":120,"frames":5659,"native_cycle_slots":21143,"decoded_pixels":525329064,"palette_encodings":3,"K":6,"passed":true}
