[2026-10-04 02:45:12.086] [info] Creature sprite xBR catalog ready: scale=x4, 2 animations, 2 components, 2 resources, 2 frames, 32 index bytes across 2 lazy content-addressed shards; catalog-version=V1; 0 authenticated directory entries; source=CreatureSprites-XN.catalog; filter=NEAREST; index cache budget=128 MiB; metadata cache budget=128 MiB; shard validation=background-on-demand
[2026-10-04 02:45:12.087] [info] Creature sprite catalog shard 0 ready on demand for animation 0x6110, resref CEST: 1 resources, 1004 metadata bytes
[2026-10-04 02:45:12.102] [info] Creature sprite catalog shard 1 ready on demand for animation 0xE400, resref MEST: 1 resources, 1004 metadata bytes
[2026-10-04 02:45:12.126] [info] Creature sprite xBR catalog ready: scale=x4, 2 animations, 2 components, 2 resources, 2 frames, 32 index bytes across 2 lazy content-addressed shards; catalog-version=V2; 2 authenticated directory entries; source=CreatureSprites-XN.catalog; filter=NEAREST; index cache budget=128 MiB; metadata cache budget=128 MiB; shard validation=background-on-demand
[2026-10-04 02:45:12.127] [info] Creature sprite catalog shard 1 ready on demand for animation 0xE400, resref MEST: 1 resources, 1004 metadata bytes
[2026-10-04 02:45:12.133] [warning] Creature sprite catalog component 0 quarantined: invalid creature-sprite xN registry prefix: G:\AI\BG2_Upscale\engine\InfinityEngine-Enhancer\source-patchee\creature-sprite-registry-format-test\CreatureSprites-XN-A5617ABCED02E0CB9DE012A97ADEE1426F44BCCF3E3A7DC29BE9369DD64968C0.registry (version=0, scale=0, stream=0); other validated components remain available and native rendering is retained
[2026-10-04 02:45:12.134] [warning] Creature sprite xBR pack disabled: creature-sprite catalog directory digest/count mismatch
[2026-10-04 02:45:12.140] [warning] Creature sprite xBR pack disabled: catalog directory references a non-member component
[2026-10-04 02:45:12.142] [info] Creature sprite xBR catalog ready: scale=x2, 1 animations, 1 components, 2 resources, 2 frames, 8 index bytes across 2 lazy content-addressed shards; catalog-version=V2; 2 authenticated directory entries; source=CreatureSprites-XN.catalog; filter=NEAREST; index cache budget=128 MiB; metadata cache budget=128 MiB; shard validation=background-on-demand
[2026-10-04 02:45:12.142] [info] Creature sprite catalog shard 0 ready on demand for animation 0x1200, resref MDR11100: 1 resources, 1004 metadata bytes
[2026-10-04 02:45:12.142] [info] Creature sprite catalog shard 1 ready on demand for animation 0x1200, resref MDR12100: 1 resources, 1004 metadata bytes
[2026-10-04 02:45:12.149] [info] Creature sprite xBR catalog ready: scale=x2, 2 animations, 2 components, 2 resources, 2 frames, 8 index bytes across 2 lazy content-addressed shards; catalog-version=V2; 2 authenticated directory entries; source=CreatureSprites-XN.catalog; filter=NEAREST; index cache budget=128 MiB; metadata cache budget=128 MiB; shard validation=background-on-demand
[2026-10-04 02:45:12.149] [info] Creature sprite catalog shard 0 ready on demand for animation 0x1200, resref MDR11100: 1 resources, 1004 metadata bytes
[2026-10-04 02:45:12.165] [info] Creature sprite catalog shard 1 ready on demand for animation 0x6110, resref UEST: 1 resources, 1004 metadata bytes
[2026-10-04 02:45:12.183] [info] Creature sprite xBR catalog ready: scale=x2, 1 animations, 1 components, 1 resources, 1 frames, 4 index bytes across 1 lazy content-addressed shards; catalog-version=V1; 0 authenticated directory entries; source=CreatureSprites-XN.catalog; filter=NEAREST; index cache budget=128 MiB; metadata cache budget=128 MiB; shard validation=background-on-demand
[2026-10-04 02:45:12.184] [info] Creature sprite xBR catalog ready: scale=x4, 1 animations, 1 components, 1 resources, 1 frames, 16 index bytes across 1 lazy content-addressed shards; catalog-version=V2; 1 authenticated directory entries; source=CreatureSprites-XN.catalog; filter=NEAREST; index cache budget=128 MiB; metadata cache budget=128 MiB; shard validation=background-on-demand
[2026-10-04 02:45:12.185] [info] Creature sprite xBR catalog ready: scale=x2, 1 animations, 1 components, 1 resources, 1 frames, 4 index bytes across 1 lazy content-addressed shards; catalog-version=V2; 1 authenticated directory entries; source=CreatureSprites-XN.catalog; filter=NEAREST; index cache budget=128 MiB; metadata cache budget=128 MiB; shard validation=background-on-demand
[2026-10-04 02:45:12.186] [info] Creature sprite xBR catalog ready: scale=x2, 1 animations, 1 components, 2 resources, 2 frames, 8 index bytes across 2 lazy content-addressed shards; catalog-version=V2; 2 authenticated directory entries; source=CreatureSprites-XN.catalog; filter=NEAREST; index cache budget=128 MiB; metadata cache budget=128 MiB; shard validation=background-on-demand
[2026-10-04 02:45:12.186] [info] Creature sprite xBR catalog ready: scale=x2, 1 animations, 1 components, 2 resources, 2 frames, 8 index bytes across 2 lazy content-addressed shards; catalog-version=V2; 2 authenticated directory entries; source=CreatureSprites-XN.catalog; filter=NEAREST; index cache budget=128 MiB; metadata cache budget=128 MiB; shard validation=background-on-demand
[2026-10-04 02:45:12.187] [info] Creature sprite xBR catalog ready: scale=x2, 1 animations, 1 components, 1 resources, 2 frames, 8192 index bytes across 1 lazy content-addressed shards; catalog-version=V2; 1 authenticated directory entries; source=CreatureSprites-XN.catalog; filter=NEAREST; index cache budget=128 MiB; metadata cache budget=128 MiB; shard validation=background-on-demand
[2026-10-04 02:45:12.191] [info] Creature sprite catalog shard 0 ready on demand for animation 0x6110, resref PEST: 1 resources, 1864 metadata bytes
[2026-10-04 02:45:12.197] [info] Creature sprite xBR catalog ready: scale=x4, 1 animations, 1 components, 1 resources, 1 frames, 4096 index bytes across 1 lazy content-addressed shards; catalog-version=V2; 1 authenticated directory entries; source=CreatureSprites-XN.catalog; filter=NEAREST; index cache budget=128 MiB; metadata cache budget=128 MiB; shard validation=background-on-demand
[2026-10-04 02:45:12.200] [info] Creature sprite catalog shard 0 ready on demand for animation 0x6110, resref QEST: 1 resources, 1004 metadata bytes
[2026-10-04 02:45:12.216] [info] Creature sprite xBR catalog ready: scale=x2, 1 animations, 4 components, 4 resources, 4 frames, 4096 index bytes across 4 lazy content-addressed shards; catalog-version=V2; 4 authenticated directory entries; source=CreatureSprites-XN.catalog; filter=NEAREST; index cache budget=128 MiB; metadata cache budget=128 MiB; shard validation=background-on-demand
[2026-10-04 02:45:12.216] [info] Creature sprite catalog shard 0 ready on demand for animation 0x6110, resref AEST: 1 resources, 1004 metadata bytes
[2026-10-04 02:45:12.217] [info] Creature sprite catalog shard 1 ready on demand for animation 0x6110, resref BEST: 1 resources, 1004 metadata bytes
[2026-10-04 02:45:12.217] [info] Creature sprite catalog shard 2 ready on demand for animation 0x6110, resref CEST: 1 resources, 1004 metadata bytes
[2026-10-04 02:45:12.217] [info] Creature sprite catalog shard 3 ready on demand for animation 0x6110, resref DEST: 1 resources, 1004 metadata bytes
[2026-10-04 02:45:12.219] [info] Creature sprite xBR catalog ready: scale=x4, 1 animations, 4 components, 4 resources, 4 frames, 16384 index bytes across 4 lazy content-addressed shards; catalog-version=V2; 4 authenticated directory entries; source=CreatureSprites-XN.catalog; filter=NEAREST; index cache budget=128 MiB; metadata cache budget=128 MiB; shard validation=background-on-demand
[2026-10-04 02:45:12.221] [info] Creature sprite catalog shard 0 ready on demand for animation 0x6110, resref AEST: 1 resources, 1004 metadata bytes
[2026-10-04 02:45:12.221] [info] Creature sprite catalog shard 1 ready on demand for animation 0x6110, resref BEST: 1 resources, 1004 metadata bytes
[2026-10-04 02:45:12.221] [info] Creature sprite catalog shard 2 ready on demand for animation 0x6110, resref CEST: 1 resources, 1004 metadata bytes
[2026-10-04 02:45:12.221] [info] Creature sprite catalog shard 3 ready on demand for animation 0x6110, resref DEST: 1 resources, 1004 metadata bytes
[2026-10-04 02:45:12.222] [info] Creature sprite xBR catalog ready: scale=x2, 1 animations, 1 components, 1 resources, 1 frames, 1024 index bytes across 1 lazy content-addressed shards; catalog-version=V2; 1 authenticated directory entries; source=CreatureSprites-XN.catalog; filter=NEAREST; index cache budget=128 MiB; metadata cache budget=128 MiB; shard validation=background-on-demand
[2026-10-04 02:45:12.223] [info] Creature sprite catalog shard 0 ready on demand for animation 0x6110, resref REST: 1 resources, 1004 metadata bytes
[2026-10-04 02:45:12.227] [info] Creature sprite xBR catalog ready: scale=x4, 1 animations, 1 components, 1 resources, 1 frames, 4096 index bytes across 1 lazy content-addressed shards; catalog-version=V2; 1 authenticated directory entries; source=CreatureSprites-XN.catalog; filter=NEAREST; index cache budget=128 MiB; metadata cache budget=128 MiB; shard validation=background-on-demand
[2026-10-04 02:45:12.227] [info] Creature sprite catalog shard 0 ready on demand for animation 0x6110, resref QEST: 1 resources, 1004 metadata bytes
[2026-10-04 02:45:12.243] [info] Creature sprite xBR catalog ready: scale=x4, 1 animations, 2 components, 2 resources, 2 frames, 8192 index bytes across 2 lazy content-addressed shards; catalog-version=V2; 2 authenticated directory entries; source=CreatureSprites-XN.catalog; filter=NEAREST; index cache budget=128 MiB; metadata cache budget=128 MiB; shard validation=background-on-demand
[2026-10-04 02:45:12.244] [info] Creature sprite catalog shard 0 ready on demand for animation 0x6110, resref QEST: 1 resources, 1004 metadata bytes
[2026-10-04 02:45:12.257] [info] Creature sprite catalog shard 1 ready on demand for animation 0x6110, resref UEST: 1 resources, 1004 metadata bytes
[2026-10-04 02:45:12.272] [warning] Creature sprite catalog component 1 quarantined: cannot decompress an XPRESS_HUFF frame exactly; other validated components remain available and native rendering is retained
[2026-10-04 02:45:12.274] [info] Creature sprite xBR catalog ready: scale=x2, 1 animations, 1 components, 1 resources, 1 frames, 4096 index bytes across 1 lazy content-addressed shards; catalog-version=V2; 1 authenticated directory entries; source=CreatureSprites-XN.catalog; filter=NEAREST; index cache budget=128 MiB; metadata cache budget=128 MiB; shard validation=background-on-demand
[2026-10-04 02:45:12.274] [info] Creature sprite catalog shard 0 ready on demand for animation 0x6110, resref VEST: 1 resources, 1004 metadata bytes
[2026-10-04 02:45:12.288] [warning] Creature sprite catalog component 0 quarantined: lazy payload lacks a palette representative; other validated components remain available and native rendering is retained
[2026-10-04 02:45:12.290] [info] Creature sprite xBR catalog ready: scale=x2, 1 animations, 1 components, 1 resources, 1 frames, 4096 index bytes across 1 lazy content-addressed shards; catalog-version=V2; 1 authenticated directory entries; source=CreatureSprites-XN.catalog; filter=NEAREST; index cache budget=128 MiB; metadata cache budget=128 MiB; shard validation=background-on-demand
[2026-10-04 02:45:12.290] [warning] Creature sprite catalog component 0 quarantined: invalid creature-sprite frame payload; other validated components remain available and native rendering is retained
[2026-10-04 02:45:12.307] [info] Creature sprite xBR catalog ready: scale=x2, 1 animations, 1 components, 1 resources, 1 frames, 4096 index bytes across 1 lazy content-addressed shards; catalog-version=V2; 1 authenticated directory entries; source=CreatureSprites-XN.catalog; filter=NEAREST; index cache budget=128 MiB; metadata cache budget=128 MiB; shard validation=background-on-demand
[2026-10-04 02:45:12.309] [warning] Creature sprite catalog component 0 quarantined: invalid creature-sprite frame header; other validated components remain available and native rendering is retained
[2026-10-04 02:45:12.320] [info] Creature sprite xBR catalog ready: scale=x2, 1 animations, 1 components, 1 resources, 1 frames, 4096 index bytes across 1 lazy content-addressed shards; catalog-version=V2; 1 authenticated directory entries; source=CreatureSprites-XN.catalog; filter=NEAREST; index cache budget=128 MiB; metadata cache budget=128 MiB; shard validation=background-on-demand
[2026-10-04 02:45:12.320] [warning] Creature sprite catalog component 0 quarantined: invalid creature-sprite frame payload; other validated components remain available and native rendering is retained
[2026-10-04 02:45:12.336] [info] Creature sprite xBR catalog ready: scale=x2, 1 animations, 1 components, 1 resources, 1 frames, 4096 index bytes across 1 lazy content-addressed shards; catalog-version=V2; 1 authenticated directory entries; source=CreatureSprites-XN.catalog; filter=NEAREST; index cache budget=128 MiB; metadata cache budget=128 MiB; shard validation=background-on-demand
[2026-10-04 02:45:12.336] [warning] Creature sprite catalog component 0 quarantined: invalid creature-sprite frame payload; other validated components remain available and native rendering is retained
[2026-10-04 02:45:12.351] [info] Creature sprite xBR catalog ready: scale=x2, 1 animations, 1 components, 1 resources, 1 frames, 4096 index bytes across 1 lazy content-addressed shards; catalog-version=V2; 1 authenticated directory entries; source=CreatureSprites-XN.catalog; filter=NEAREST; index cache budget=128 MiB; metadata cache budget=128 MiB; shard validation=background-on-demand
[2026-10-04 02:45:12.351] [warning] Creature sprite catalog component 0 quarantined: truncated creature-sprite frame payload; other validated components remain available and native rendering is retained
[2026-10-04 02:45:12.367] [info] Creature sprite xBR catalog ready: scale=x4, 1 animations, 1 components, 1 resources, 1 frames, 144000000 index bytes across 1 lazy content-addressed shards; catalog-version=V2; 1 authenticated directory entries; source=CreatureSprites-XN.catalog; filter=NEAREST; index cache budget=128 MiB; metadata cache budget=128 MiB; shard validation=background-on-demand
[2026-10-04 02:45:12.367] [warning] Creature sprite catalog component 0 quarantined: invalid creature-sprite frame payload; other validated components remain available and native rendering is retained
[2026-10-04 02:45:12.382] [warning] Creature sprite xBR pack disabled: invalid creature-sprite catalog shard entry
[2026-10-04 02:45:12.388] [warning] Creature sprite xBR pack disabled: invalid creature-sprite registry catalog header
[2026-10-04 02:45:12.389] [warning] Creature sprite xBR pack disabled: invalid creature-sprite xN monolith prefix
[2026-10-04 02:45:12.390] [warning] Creature sprite xBR pack disabled: invalid creature-sprite registry header: CreatureSprites-XN-0000.registry
[2026-10-04 02:45:12.394] [info] Creature sprite xBR catalog ready: scale=x4, 1 animations, 1 components, 2 resources, 2 frames, 32 index bytes across 2 lazy content-addressed shards; catalog-version=V1; 0 authenticated directory entries; source=CreatureSprites-XN.catalog; filter=NEAREST; index cache budget=128 MiB; metadata cache budget=128 MiB; shard validation=background-on-demand
[2026-10-04 02:45:12.394] [info] Creature sprite catalog shard 0 ready on demand for animation 0x6110, resref CEST: 1 resources, 1004 metadata bytes
[2026-10-04 02:45:12.397] [info] Creature sprite catalog shard 1 ready on demand for animation 0x6110, resref MEST: 1 resources, 1004 metadata bytes
[2026-10-04 02:45:12.413] [info] Creature sprite xBR catalog ready: scale=x2, 1 animations, 1 components, 1 resources, 1 frames, 4 index bytes across 1 lazy content-addressed shards; catalog-version=V1; 0 authenticated directory entries; source=CreatureSprites-XN.catalog; filter=NEAREST; index cache budget=128 MiB; metadata cache budget=128 MiB; shard validation=background-on-demand
[2026-10-04 02:45:12.413] [info] Creature sprite catalog shard 0 ready on demand for animation 0x6110, resref XEST: 1 resources, 1004 metadata bytes
[2026-10-04 02:45:12.429] [info] Creature sprite xBR catalog ready: scale=x4, 2 animations, 1 components, 1 resources, 1 frames, 16 index bytes across 1 lazy content-addressed shards; catalog-version=V1; 0 authenticated directory entries; source=CreatureSprites-XN.catalog; filter=NEAREST; index cache budget=128 MiB; metadata cache budget=128 MiB; shard validation=background-on-demand
[2026-10-04 02:45:12.429] [info] Creature sprite catalog shard 0 ready on demand for animation 0x6110, resref CEST: 1 resources, 1004 metadata bytes
[2026-10-04 02:45:12.444] [info] Creature sprite xBR catalog ready: scale=x4, 2 animations, 1 components, 1 resources, 1 frames, 16 index bytes across 1 lazy content-addressed shards; catalog-version=V1; 0 authenticated directory entries; source=CreatureSprites-XN.catalog; filter=NEAREST; index cache budget=128 MiB; metadata cache budget=128 MiB; shard validation=background-on-demand
[2026-10-04 02:45:12.445] [warning] Creature sprite catalog component 0 quarantined: catalog directory/profile differs from its V3/V5/V6 shard; other validated components remain available and native rendering is retained
[2026-10-04 02:45:12.462] [info] Creature sprite xBR catalog ready: scale=x4, 1 animations, 2 components, 2 resources, 2 frames, 32 index bytes across 2 lazy content-addressed shards; catalog-version=V1; 0 authenticated directory entries; source=CreatureSprites-XN.catalog; filter=NEAREST; index cache budget=128 MiB; metadata cache budget=128 MiB; shard validation=background-on-demand
[2026-10-04 02:45:12.462] [warning] Creature sprite catalog component 0 quarantined: duplicate resref discovered in V1 animation mapping; other validated components remain available and native rendering is retained
[2026-10-04 02:45:12.462] [warning] Creature sprite catalog component 1 quarantined: duplicate resref discovered in V1 animation mapping; other validated components remain available and native rendering is retained
[2026-10-04 02:45:12.475] [info] Creature sprite xBR catalog ready: scale=x4, 1 animations, 1 components, 1 resources, 1 frames, 16 index bytes across 1 lazy content-addressed shards; catalog-version=V1; 0 authenticated directory entries; source=CreatureSprites-XN.catalog; filter=NEAREST; index cache budget=128 MiB; metadata cache budget=128 MiB; shard validation=background-on-demand
[2026-10-04 02:45:12.476] [info] Creature sprite catalog shard 0 ready on demand for animation 0x7F07, resref GEST: 1 resources, 1004 metadata bytes
[2026-10-04 02:45:12.490] [info] Creature sprite xBR catalog ready: scale=x4, 3 animations, 2 components, 2 resources, 2 frames, 32 index bytes across 2 lazy content-addressed shards; catalog-version=V1; 0 authenticated directory entries; source=CreatureSprites-XN.catalog; filter=NEAREST; index cache budget=128 MiB; metadata cache budget=128 MiB; shard validation=background-on-demand
[2026-10-04 02:45:12.501] [info] Creature sprite xBR pack ready: animation 0x1000, scale=x4, 1 resources, 1 frames, 16 index bytes; source=CreatureSprites-XN.registry; filter=NEAREST; registry budget=512 MiB
[2026-10-04 02:45:12.508] [info] Creature sprite xBR pack ready: animation 0x1200, scale=x4, 1 resources, 1 frames, 16 index bytes; source=CreatureSprites-XN.registry; filter=NEAREST; registry budget=512 MiB
[2026-10-04 02:45:12.515] [warning] Creature sprite xBR pack disabled: invalid creature-sprite catalog animation entry
[2026-10-04 02:45:12.516] [warning] Creature sprite xBR pack disabled: invalid creature-sprite catalog animation entry
[2026-10-04 02:45:12.523] [warning] Creature sprite xBR pack disabled: invalid creature-sprite catalog animation entry
[2026-10-04 02:45:12.524] [warning] Creature sprite xBR pack disabled: invalid creature-sprite catalog animation entry
[2026-10-04 02:45:12.528] [warning] Creature sprite xBR pack disabled: invalid creature-sprite catalog animation entry
[2026-10-04 02:45:12.529] [warning] Creature sprite xBR pack disabled: invalid creature-sprite catalog animation entry
[2026-10-04 02:45:12.530] [warning] Creature sprite xBR pack disabled: invalid creature-sprite catalog animation entry
[2026-10-04 02:45:12.535] [warning] Creature sprite xBR pack disabled: invalid creature-sprite catalog animation entry
[2026-10-04 02:45:12.536] [warning] Creature sprite xBR pack disabled: non-canonical creature-sprite animation membership
[2026-10-04 02:45:12.537] [warning] Creature sprite xBR pack disabled: invalid creature-sprite catalog animation entry
[2026-10-04 02:45:12.538] [warning] Creature sprite xBR pack disabled: invalid creature-sprite catalog component entry
[2026-10-04 02:45:12.538] [warning] Creature sprite xBR pack disabled: invalid creature-sprite catalog component membership
[2026-10-04 02:45:12.542] [warning] Creature sprite xBR pack disabled: creature-sprite catalog component mismatch
[2026-10-04 02:45:12.547] [info] Creature sprite xBR catalog ready: scale=x4, 2 animations, 2 components, 2 resources, 2 frames, 32 index bytes across 2 lazy content-addressed shards; catalog-version=V1; 0 authenticated directory entries; source=CreatureSprites-XN.catalog; filter=NEAREST; index cache budget=128 MiB; metadata cache budget=128 MiB; shard validation=background-on-demand
[2026-10-04 02:45:12.547] [warning] Creature sprite catalog component 0 quarantined: catalog directory/profile differs from its V3/V5/V6 shard; other validated components remain available and native rendering is retained
[2026-10-04 02:45:12.555] [info] Creature sprite xBR catalog ready: scale=x4, 2 animations, 2 components, 2 resources, 2 frames, 32 index bytes across 2 lazy content-addressed shards; catalog-version=V1; 0 authenticated directory entries; source=CreatureSprites-XN.catalog; filter=NEAREST; index cache budget=128 MiB; metadata cache budget=128 MiB; shard validation=background-on-demand
[2026-10-04 02:45:12.555] [warning] Creature sprite catalog component 0 quarantined: catalog directory/profile differs from its V3/V5/V6 shard; other validated components remain available and native rendering is retained
[2026-10-04 02:45:12.568] [info] Creature sprite xBR catalog ready: scale=x4, 2 animations, 2 components, 2 resources, 2 frames, 32 index bytes across 2 lazy content-addressed shards; catalog-version=V1; 0 authenticated directory entries; source=CreatureSprites-XN.catalog; filter=NEAREST; index cache budget=128 MiB; metadata cache budget=128 MiB; shard validation=background-on-demand
[2026-10-04 02:45:12.568] [warning] Creature sprite catalog component 0 quarantined: invalid catalog shard resource directory; other validated components remain available and native rendering is retained
[2026-10-04 02:45:12.583] [info] Creature sprite xBR catalog ready: scale=x4, 2 animations, 2 components, 2 resources, 2 frames, 32 index bytes across 2 lazy content-addressed shards; catalog-version=V1; 0 authenticated directory entries; source=CreatureSprites-XN.catalog; filter=NEAREST; index cache budget=128 MiB; metadata cache budget=128 MiB; shard validation=background-on-demand
[2026-10-04 02:45:12.588] [warning] Creature sprite catalog component 0 quarantined: invalid catalog shard resource directory; other validated components remain available and native rendering is retained
[2026-10-04 02:45:12.599] [info] Creature sprite xBR catalog ready: scale=x4, 2 animations, 2 components, 2 resources, 2 frames, 32 index bytes across 2 lazy content-addressed shards; catalog-version=V1; 0 authenticated directory entries; source=CreatureSprites-XN.catalog; filter=NEAREST; index cache budget=128 MiB; metadata cache budget=128 MiB; shard validation=background-on-demand
[2026-10-04 02:45:12.599] [info] Creature sprite catalog shard 0 ready on demand for animation 0x6110, resref CEST: 1 resources, 1000 metadata bytes
[2026-10-04 02:45:12.624] [info] Creature sprite xBR catalog ready: scale=x4, 2 animations, 2 components, 2 resources, 2 frames, 32 index bytes across 2 lazy content-addressed shards; catalog-version=V1; 0 authenticated directory entries; source=CreatureSprites-XN.catalog; filter=NEAREST; index cache budget=128 MiB; metadata cache budget=128 MiB; shard validation=background-on-demand
[2026-10-04 02:45:12.624] [warning] Creature sprite catalog component 0 quarantined: invalid catalog shard directory header; other validated components remain available and native rendering is retained
[2026-10-04 02:45:12.629] [warning] Creature sprite xBR pack disabled: invalid creature-sprite registry size: G:\AI\BG2_Upscale\engine\InfinityEngine-Enhancer\source-patchee\creature-sprite-registry-format-test\CreatureSprites-XN.catalog
[2026-10-04 02:45:12.636] [info] Creature sprite xBR pack ready: animation 0x6110, scale=x4, 2 resources, 2 frames, 32 index bytes across 2 lazy shards; source=CreatureSprites-XN.set; filter=NEAREST; index cache budget=128 MiB
[2026-10-04 02:45:12.637] [info] Creature sprite xBR pack ready: animation 0x6110, scale=x4, 1 resources, 1 frames, 16 index bytes across 1 lazy shards; source=CreatureSprites-XN.set; filter=NEAREST; index cache budget=128 MiB
[2026-10-04 02:45:12.638] [info] Creature sprite xBR pack ready: animation 0x6110, scale=x2, 2 resources, 2 frames, 8 index bytes across 2 lazy shards; source=CreatureSprites-XN.set; filter=NEAREST; index cache budget=128 MiB
[2026-10-04 02:45:12.639] [warning] Creature sprite xBR pack disabled: invalid creature-sprite xN registry prefix: G:\AI\BG2_Upscale\engine\InfinityEngine-Enhancer\source-patchee\creature-sprite-registry-format-test\CreatureSprites-XN-0001.registry (version=0, scale=0, stream=0)
[2026-10-04 02:45:12.644] [warning] Creature sprite xBR pack disabled: creature-sprite registry-set shard mismatch: CreatureSprites-XN-0000.registry
[2026-10-04 02:45:12.649] [warning] Creature sprite xBR pack disabled: creature-sprite registry-set shard mismatch: CreatureSprites-XN-0000.registry
[2026-10-04 02:45:12.650] [warning] Creature sprite xBR pack disabled: invalid creature-sprite registry-set entry
[2026-10-04 02:45:12.653] [warning] Creature sprite xBR pack disabled: duplicate creature-sprite resref across shards
[2026-10-04 02:45:12.659] [warning] Creature sprite xBR pack disabled: creature-sprite registry-set shard mismatch: CreatureSprites-XN-0001.registry
[2026-10-04 02:45:12.661] [warning] Creature sprite xBR pack disabled: creature-sprite registry-set shard mismatch: CreatureSprites-XN-0000.registry
[2026-10-04 02:45:12.662] [info] Creature sprite xBR pack ready: animation 0x6110, scale=x4, 1 resources, 1 frames, 16 index bytes; source=CreatureSprites-XN.registry; filter=NEAREST; registry budget=512 MiB
[2026-10-04 02:45:12.663] [info] Creature sprite xBR pack ready: animation 0xE400, scale=x2, 1 resources, 1 frames, 4 index bytes; source=CreatureSprites-X2.registry; filter=NEAREST; registry budget=128 MiB
[2026-10-04 02:45:12.663] [info] Creature sprite xBR pack ready: animation 0x6110, scale=x2, 1 resources, 1 frames, 4 index bytes; source=CreatureSprites-XN.registry; filter=NEAREST; registry budget=128 MiB
[2026-10-04 02:45:12.664] [info] Creature sprite xBR pack ready: animation 0x6102, scale=x2, 1 resources, 1 frames, 4 index bytes; source=CreatureSprites-XN.registry; filter=NEAREST; registry budget=128 MiB
[2026-10-04 02:45:12.665] [warning] Creature sprite xBR pack disabled: invalid creature-sprite xN registry prefix: G:\AI\BG2_Upscale\engine\InfinityEngine-Enhancer\source-patchee\creature-sprite-registry-format-test\CreatureSprites-XN.registry (version=4, scale=4, stream=1)
[2026-10-04 02:45:12.666] [warning] Creature sprite xBR pack disabled: invalid creature-sprite xN registry prefix: G:\AI\BG2_Upscale\engine\InfinityEngine-Enhancer\source-patchee\creature-sprite-registry-format-test\CreatureSprites-XN.registry (version=3, scale=3, stream=1)
[2026-10-04 02:45:12.666] [warning] Creature sprite xBR pack disabled: invalid creature-sprite frame payload
[2026-10-04 02:45:12.667] [warning] Creature sprite xBR pack disabled: invalid creature-sprite xN monolith prefix
[2026-10-04 02:45:12.671] [info] Creature sprite xBR pack ready: animation 0x6110, scale=x2, 92 resources, 92 frames, 368 index bytes; source=CreatureSprites-X2.registry; filter=NEAREST; registry budget=128 MiB
[2026-10-04 02:45:12.672] [info] Creature sprite xBR pack ready: animation 0xE400, scale=x2, 1 resources, 1 frames, 4 index bytes; source=CreatureSprites-X2.registry; filter=NEAREST; registry budget=128 MiB
[2026-10-04 02:45:12.672] [warning] Creature sprite xBR pack disabled: invalid creature-sprite registry header: CreatureSprites-X2.registry
[2026-10-04 02:45:12.673] [warning] Creature sprite xBR pack disabled: invalid creature-sprite animation id
[2026-10-04 02:45:12.712] [info] Prepared item icon x2 registry v2: 2 cycle slots, 0 MiB
[2026-10-04 02:45:12.722] [info] Prepared area-animation x4 runtime pack v2: 1 BAM, 1 timed, 2 frames, 0.00 MiB raw
[2026-10-04 02:45:12.722] [info] Prepared area-animation x4 runtime pack v2: 1 BAM, 1 timed, 2 frames, 0.00 MiB raw
[2026-10-04 02:45:12.724] [info] Prepared area-animation x4 runtime pack v2: 1 BAM, 0 timed, 4 frames, 0.00 MiB raw
[2026-10-04 02:45:12.725] [info] Prepared area-animation x4 runtime pack v2: 1 BAM, 0 timed, 2 frames, 0.00 MiB raw
[2026-10-04 02:45:12.727] [info] Prepared area-animation x4 runtime pack v2: 1 BAM, 1 timed, 8 frames, 0.00 MiB raw
[2026-10-04 02:45:12.731] [info] Prepared area-animation x4 runtime pack v2: 1 BAM, 1 timed, 4 frames, 0.00 MiB raw
[2026-10-04 02:45:12.739] [info] Prepared area-animation x4 runtime pack v3: 2 BAM, 2 timed, 4 frames, 0.00 MiB raw
[2026-10-04 02:45:12.745] [info] Prepared area-animation x4 runtime pack v3: 2 BAM, 2 timed, 4 frames, 0.00 MiB raw
[2026-10-04 02:45:12.745] [warning] Area-animation position miss: resref=TESTA, read=(-2147483648, -2147483648), no unbound fallback
[2026-10-04 02:45:12.745] [warning] Area-animation x4 runtime pack disabled: empty or duplicate area-animation resref
[2026-10-04 02:45:12.749] [warning] Area-animation x4 runtime pack disabled: unbound area-animation resource carries a position
[2026-10-04 02:45:12.753] [warning] Area-animation x4 runtime pack disabled: invalid area-animation position header
[2026-10-04 02:45:12.753] [info] Prepared area-animation x4 runtime pack v1: 1 BAM, 0 timed, 1 frames, 0.00 MiB raw
[2026-10-04 02:45:12.754] [info] Area-animation x4: per-area packs enabled from G:\AI\BG2_Upscale\engine\InfinityEngine-Enhancer\source-patchee\area-animation-registry-format-test\assets\areas
[2026-10-04 02:45:12.755] [info] Prepared area-animation x4 runtime pack v2: 1 BAM, 1 timed, 2 frames, 0.00 MiB raw
[2026-10-04 02:45:12.755] [info] Area-animation x4: no pack for area AR0000; the engine renders its own BAM
[2026-10-04 02:45:12.756] [warning] Area-animation x4 runtime pack disabled: invalid area-animation resource header
All InfinityEngine-Enhancer native tests passed
