[2026-10-04 02:44:22.766] [info] Creature sprite xBR catalog ready: scale=x2, 1 animations, 23 components, 23 resources, 10323 frames, 19932072 index bytes across 23 lazy content-addressed shards; catalog-version=V2; 23 authenticated directory entries; source=CreatureSprites-XN.catalog; filter=NEAREST; index cache budget=128 MiB; metadata cache budget=128 MiB; shard validation=background-on-demand
[2026-10-04 02:44:22.798] [info] Creature sprite catalog shard 0 ready on demand for animation 0x6110, resref CHFB1A1: 1 resources, 7274360 metadata bytes
[2026-10-04 02:44:23.288] [info] Creature sprite catalog shard 1 ready on demand for animation 0x6110, resref CHFB1A2: 1 resources, 5557640 metadata bytes
[2026-10-04 02:44:23.726] [info] Creature sprite catalog shard 2 ready on demand for animation 0x6110, resref CHFB1A3: 1 resources, 6894020 metadata bytes
[2026-10-04 02:44:24.227] [info] Creature sprite catalog shard 3 ready on demand for animation 0x6110, resref CHFB1A4: 1 resources, 6387020 metadata bytes
[2026-10-04 02:44:24.695] [info] Creature sprite catalog shard 4 ready on demand for animation 0x6110, resref CHFB1A5: 1 resources, 6894540 metadata bytes
[2026-10-04 02:44:25.170] [info] Creature sprite catalog shard 5 ready on demand for animation 0x6110, resref CHFB1A6: 1 resources, 5558676 metadata bytes
[2026-10-04 02:44:25.592] [info] Creature sprite catalog shard 6 ready on demand for animation 0x6110, resref CHFB1A7: 1 resources, 6826400 metadata bytes
[2026-10-04 02:44:26.085] [info] Creature sprite catalog shard 7 ready on demand for animation 0x6110, resref CHFB1A8: 1 resources, 7184360 metadata bytes
[2026-10-04 02:44:26.598] [info] Creature sprite catalog shard 8 ready on demand for animation 0x6110, resref CHFB1A9: 1 resources, 6826400 metadata bytes
[2026-10-04 02:44:27.138] [info] Creature sprite catalog shard 9 ready on demand for animation 0x6110, resref CHFB1CA: 1 resources, 14134152 metadata bytes
[2026-10-04 02:44:28.115] [info] Creature sprite catalog shard 10 ready on demand for animation 0x6110, resref CHFB1G1: 1 resources, 3760336 metadata bytes
[2026-10-04 02:44:28.407] [info] Creature sprite catalog shard 11 ready on demand for animation 0x6110, resref CHFB1G11: 1 resources, 5216376 metadata bytes
[2026-10-04 02:44:28.814] [info] Creature sprite catalog shard 12 ready on demand for animation 0x6110, resref CHFB1G12: 1 resources, 4916716 metadata bytes
[2026-10-04 02:44:29.260] [info] Creature sprite catalog shard 13 ready on demand for animation 0x6110, resref CHFB1G13: 1 resources, 3524976 metadata bytes
[2026-10-04 02:44:29.583] [info] Creature sprite catalog shard 14 ready on demand for animation 0x6110, resref CHFB1G14: 1 resources, 4130456 metadata bytes
[2026-10-04 02:44:29.986] [info] Creature sprite catalog shard 15 ready on demand for animation 0x6110, resref CHFB1G15: 1 resources, 10371036 metadata bytes
[2026-10-04 02:44:30.794] [info] Creature sprite catalog shard 16 ready on demand for animation 0x6110, resref CHFB1G16: 1 resources, 2627716 metadata bytes
[2026-10-04 02:44:31.100] [info] Creature sprite catalog shard 17 ready on demand for animation 0x6110, resref CHFB1G17: 1 resources, 4543176 metadata bytes
[2026-10-04 02:44:31.578] [info] Creature sprite catalog shard 18 ready on demand for animation 0x6110, resref CHFB1G18: 1 resources, 8167476 metadata bytes
[2026-10-04 02:44:32.357] [info] Creature sprite catalog shard 19 ready on demand for animation 0x6110, resref CHFB1G19: 1 resources, 7397756 metadata bytes
[2026-10-04 02:44:33.052] [info] Creature sprite catalog shard 20 ready on demand for animation 0x6110, resref CHFB1SA: 1 resources, 6731116 metadata bytes
[2026-10-04 02:44:33.568] [info] Creature sprite catalog shard 21 ready on demand for animation 0x6110, resref CHFB1SS: 1 resources, 7529320 metadata bytes
[2026-10-04 02:44:34.127] [info] Creature sprite catalog shard 22 ready on demand for animation 0x6110, resref CHFB1SX: 1 resources, 5681816 metadata bytes
{"passed":true,"resources":23,"frames":10323,"slots":24868,"cold_misses":0,"maximum_wait_ms":84.8784,"palettes":6,"encodings":3,"SDF":true}
