[2026-10-04 02:45:12.301] [info] Creature sprite xBR catalog ready: scale=x2, 1 animations, 23 components, 23 resources, 10323 frames, 19932072 index bytes across 23 lazy content-addressed shards; catalog-version=V2; 23 authenticated directory entries; source=CreatureSprites-XN.catalog; filter=NEAREST; index cache budget=128 MiB; metadata cache budget=128 MiB; shard validation=background-on-demand
[2026-10-04 02:45:12.317] [info] Creature sprite catalog shard 0 ready on demand for animation 0x6110, resref CHFB1A1: 1 resources, 116400 metadata bytes
[2026-10-04 02:45:12.455] [info] Creature sprite catalog shard 1 ready on demand for animation 0x6110, resref CHFB1A2: 1 resources, 116400 metadata bytes
[2026-10-04 02:45:12.567] [info] Creature sprite catalog shard 2 ready on demand for animation 0x6110, resref CHFB1A3: 1 resources, 116400 metadata bytes
[2026-10-04 02:45:12.700] [info] Creature sprite catalog shard 3 ready on demand for animation 0x6110, resref CHFB1A4: 1 resources, 116400 metadata bytes
[2026-10-04 02:45:12.833] [info] Creature sprite catalog shard 4 ready on demand for animation 0x6110, resref CHFB1A5: 1 resources, 116400 metadata bytes
[2026-10-04 02:45:12.972] [info] Creature sprite catalog shard 5 ready on demand for animation 0x6110, resref CHFB1A6: 1 resources, 108696 metadata bytes
[2026-10-04 02:45:13.086] [info] Creature sprite catalog shard 6 ready on demand for animation 0x6110, resref CHFB1A7: 1 resources, 116400 metadata bytes
[2026-10-04 02:45:13.219] [info] Creature sprite catalog shard 7 ready on demand for animation 0x6110, resref CHFB1A8: 1 resources, 116400 metadata bytes
[2026-10-04 02:45:13.362] [info] Creature sprite catalog shard 8 ready on demand for animation 0x6110, resref CHFB1A9: 1 resources, 116400 metadata bytes
[2026-10-04 02:45:13.513] [info] Creature sprite catalog shard 9 ready on demand for animation 0x6110, resref CHFB1CA: 1 resources, 241752 metadata bytes
[2026-10-04 02:45:13.794] [info] Creature sprite catalog shard 10 ready on demand for animation 0x6110, resref CHFB1G1: 1 resources, 735136 metadata bytes
[2026-10-04 02:45:13.881] [info] Creature sprite catalog shard 11 ready on demand for animation 0x6110, resref CHFB1G11: 1 resources, 735136 metadata bytes
[2026-10-04 02:45:14.003] [info] Creature sprite catalog shard 12 ready on demand for animation 0x6110, resref CHFB1G12: 1 resources, 735136 metadata bytes
[2026-10-04 02:45:14.129] [info] Creature sprite catalog shard 13 ready on demand for animation 0x6110, resref CHFB1G13: 1 resources, 735136 metadata bytes
[2026-10-04 02:45:14.233] [info] Creature sprite catalog shard 14 ready on demand for animation 0x6110, resref CHFB1G14: 1 resources, 735136 metadata bytes
[2026-10-04 02:45:14.361] [info] Creature sprite catalog shard 15 ready on demand for animation 0x6110, resref CHFB1G15: 1 resources, 735136 metadata bytes
[2026-10-04 02:45:14.605] [info] Creature sprite catalog shard 16 ready on demand for animation 0x6110, resref CHFB1G16: 1 resources, 735136 metadata bytes
[2026-10-04 02:45:14.716] [info] Creature sprite catalog shard 17 ready on demand for animation 0x6110, resref CHFB1G17: 1 resources, 735136 metadata bytes
[2026-10-04 02:45:14.898] [info] Creature sprite catalog shard 18 ready on demand for animation 0x6110, resref CHFB1G18: 1 resources, 735136 metadata bytes
[2026-10-04 02:45:15.150] [info] Creature sprite catalog shard 19 ready on demand for animation 0x6110, resref CHFB1G19: 1 resources, 735136 metadata bytes
[2026-10-04 02:45:15.388] [info] Creature sprite catalog shard 20 ready on demand for animation 0x6110, resref CHFB1SA: 1 resources, 108696 metadata bytes
[2026-10-04 02:45:15.543] [info] Creature sprite catalog shard 21 ready on demand for animation 0x6110, resref CHFB1SS: 1 resources, 116400 metadata bytes
[2026-10-04 02:45:15.710] [info] Creature sprite catalog shard 22 ready on demand for animation 0x6110, resref CHFB1SX: 1 resources, 108696 metadata bytes
{"passed":true,"resources":23,"frames":10323,"slots":24868,"cold_misses":0,"maximum_wait_ms":24.5007,"palettes":6,"encodings":3,"SDF":false}
