[2026-10-04 12:07:37.403] [info] Creature sprite xBR catalog ready: scale=x2, 91 animations, 4592 components, 4592 resources, 1587864 frames, 5298070116 index bytes across 4592 lazy content-addressed shards; catalog-version=V2; 50273 authenticated directory entries; source=CreatureSprites-XN.catalog; filter=NEAREST; index cache budget=128 MiB; metadata cache budget=128 MiB; shard validation=background-on-demand
[2026-10-04 12:07:37.412] [info] Creature sprite catalog shard 4572 ready on demand for animation 0xA000, resref MWYVG1: 1 resources, 45956 metadata bytes
[2026-10-04 12:07:37.535] [info] Creature sprite catalog shard 4573 ready on demand for animation 0xA000, resref MWYVG1E: 1 resources, 28492 metadata bytes
[2026-10-04 12:07:37.639] [info] Creature sprite catalog shard 4574 ready on demand for animation 0xA000, resref MWYVG2: 1 resources, 77544 metadata bytes
[2026-10-04 12:07:37.842] [info] Creature sprite catalog shard 4575 ready on demand for animation 0xA000, resref MWYVG2E: 1 resources, 114100 metadata bytes
[2026-10-04 12:07:38.381] [info] Creature sprite catalog shard 4576 ready on demand for animation 0xA000, resref MWYVG3: 1 resources, 159716 metadata bytes
[2026-10-04 12:07:38.821] [info] Creature sprite catalog shard 4577 ready on demand for animation 0xA000, resref MWYVG3E: 1 resources, 96756 metadata bytes
[2026-10-04 12:07:39.045] [info] Creature sprite catalog shard 4578 ready on demand for animation 0xA000, resref MWYVINV: 1 resources, 3920 metadata bytes
[2026-10-04 12:07:39.084] [info] Creature sprite catalog shard 4579 ready on demand for animation 0xA100, resref MCARG1: 1 resources, 97276 metadata bytes
[2026-10-04 12:07:39.358] [info] Creature sprite catalog shard 4580 ready on demand for animation 0xA100, resref MCARG1E: 1 resources, 59356 metadata bytes
[2026-10-04 12:07:39.556] [info] Creature sprite catalog shard 4581 ready on demand for animation 0xA100, resref MCARG2: 1 resources, 94276 metadata bytes
[2026-10-04 12:07:39.775] [info] Creature sprite catalog shard 4582 ready on demand for animation 0xA100, resref MCARG2E: 1 resources, 58032 metadata bytes
[2026-10-04 12:07:39.936] [info] Creature sprite catalog shard 4583 ready on demand for animation 0xA100, resref MCARG3: 1 resources, 112212 metadata bytes
[2026-10-04 12:07:40.207] [info] Creature sprite catalog shard 4584 ready on demand for animation 0xA100, resref MCARG3E: 1 resources, 68532 metadata bytes
[2026-10-04 12:07:40.386] [info] Creature sprite catalog shard 4585 ready on demand for animation 0xA200, resref MWYVG1: 1 resources, 45956 metadata bytes
[2026-10-04 12:07:40.509] [info] Creature sprite catalog shard 4586 ready on demand for animation 0xA200, resref MWYVG1E: 1 resources, 28492 metadata bytes
[2026-10-04 12:07:40.601] [info] Creature sprite catalog shard 4587 ready on demand for animation 0xA200, resref MWYVG2: 1 resources, 77544 metadata bytes
[2026-10-04 12:07:40.794] [info] Creature sprite catalog shard 4588 ready on demand for animation 0xA200, resref MWYVG2E: 1 resources, 114100 metadata bytes
[2026-10-04 12:07:41.321] [info] Creature sprite catalog shard 4589 ready on demand for animation 0xA200, resref MWYVG3: 1 resources, 159716 metadata bytes
[2026-10-04 12:07:41.723] [info] Creature sprite catalog shard 4590 ready on demand for animation 0xA200, resref MWYVG3E: 1 resources, 96756 metadata bytes
[2026-10-04 12:07:41.963] [info] Creature sprite catalog shard 4591 ready on demand for animation 0xA200, resref MWYVINV: 1 resources, 3920 metadata bytes
{"resources":20,"frames":1692,"native_cycle_slots":7441,"decoded_pixels":791699328,"palette_encodings":3,"K":6,"passed":true}
