[2026-10-04 12:07:26.787] [info] Creature sprite xBR catalog ready: scale=x2, 3 animations, 20 components, 20 resources, 1692 frames, 43983296 index bytes across 20 lazy content-addressed shards; catalog-version=V2; 20 authenticated directory entries; source=CreatureSprites-XN.catalog; filter=NEAREST; index cache budget=128 MiB; metadata cache budget=128 MiB; shard validation=background-on-demand
[2026-10-04 12:07:26.796] [info] Creature sprite catalog shard 0 ready on demand for animation 0xA000, resref MWYVG1: 1 resources, 45956 metadata bytes
[2026-10-04 12:07:26.924] [info] Creature sprite catalog shard 1 ready on demand for animation 0xA000, resref MWYVG1E: 1 resources, 28492 metadata bytes
[2026-10-04 12:07:27.011] [info] Creature sprite catalog shard 2 ready on demand for animation 0xA000, resref MWYVG2: 1 resources, 77544 metadata bytes
[2026-10-04 12:07:27.206] [info] Creature sprite catalog shard 3 ready on demand for animation 0xA000, resref MWYVG2E: 1 resources, 114100 metadata bytes
[2026-10-04 12:07:27.733] [info] Creature sprite catalog shard 4 ready on demand for animation 0xA000, resref MWYVG3: 1 resources, 159716 metadata bytes
[2026-10-04 12:07:28.157] [info] Creature sprite catalog shard 5 ready on demand for animation 0xA000, resref MWYVG3E: 1 resources, 96756 metadata bytes
[2026-10-04 12:07:28.390] [info] Creature sprite catalog shard 6 ready on demand for animation 0xA000, resref MWYVINV: 1 resources, 3920 metadata bytes
[2026-10-04 12:07:28.427] [info] Creature sprite catalog shard 7 ready on demand for animation 0xA100, resref MCARG1: 1 resources, 97276 metadata bytes
[2026-10-04 12:07:28.706] [info] Creature sprite catalog shard 8 ready on demand for animation 0xA100, resref MCARG1E: 1 resources, 59356 metadata bytes
[2026-10-04 12:07:28.901] [info] Creature sprite catalog shard 9 ready on demand for animation 0xA100, resref MCARG2: 1 resources, 94276 metadata bytes
[2026-10-04 12:07:29.121] [info] Creature sprite catalog shard 10 ready on demand for animation 0xA100, resref MCARG2E: 1 resources, 58032 metadata bytes
[2026-10-04 12:07:29.278] [info] Creature sprite catalog shard 11 ready on demand for animation 0xA100, resref MCARG3: 1 resources, 112212 metadata bytes
[2026-10-04 12:07:29.550] [info] Creature sprite catalog shard 12 ready on demand for animation 0xA100, resref MCARG3E: 1 resources, 68532 metadata bytes
[2026-10-04 12:07:29.729] [info] Creature sprite catalog shard 13 ready on demand for animation 0xA200, resref MWYVG1: 1 resources, 45956 metadata bytes
[2026-10-04 12:07:29.851] [info] Creature sprite catalog shard 14 ready on demand for animation 0xA200, resref MWYVG1E: 1 resources, 28492 metadata bytes
[2026-10-04 12:07:29.941] [info] Creature sprite catalog shard 15 ready on demand for animation 0xA200, resref MWYVG2: 1 resources, 77544 metadata bytes
[2026-10-04 12:07:30.135] [info] Creature sprite catalog shard 16 ready on demand for animation 0xA200, resref MWYVG2E: 1 resources, 114100 metadata bytes
[2026-10-04 12:07:30.662] [info] Creature sprite catalog shard 17 ready on demand for animation 0xA200, resref MWYVG3: 1 resources, 159716 metadata bytes
[2026-10-04 12:07:31.070] [info] Creature sprite catalog shard 18 ready on demand for animation 0xA200, resref MWYVG3E: 1 resources, 96756 metadata bytes
[2026-10-04 12:07:31.299] [info] Creature sprite catalog shard 19 ready on demand for animation 0xA200, resref MWYVINV: 1 resources, 3920 metadata bytes
{"resources":20,"frames":1692,"native_cycle_slots":7441,"decoded_pixels":791699328,"palette_encodings":3,"K":6,"passed":true}
