{"stage": "plan", "resources": 20, "physical_frames": 1692, "unique_source_work": 1567, "unique_encoded_work": 1570}
{"stage": "guides", "done": 64, "total": 1391}
{"stage": "guides", "done": 128, "total": 1391}
{"stage": "guides", "done": 192, "total": 1391}
{"stage": "guides", "done": 256, "total": 1391}
{"stage": "guides", "done": 320, "total": 1391}
{"stage": "guides", "done": 384, "total": 1391}
{"stage": "guides", "done": 448, "total": 1391}
{"stage": "guides", "done": 512, "total": 1391}
{"stage": "guides", "done": 576, "total": 1391}
{"stage": "guides", "done": 640, "total": 1391}
{"stage": "guides", "done": 704, "total": 1391}
{"stage": "guides", "done": 768, "total": 1391}
{"stage": "guides", "done": 832, "total": 1391}
{"stage": "guides", "done": 896, "total": 1391}
{"stage": "guides", "done": 960, "total": 1391}
{"stage": "guides", "done": 1024, "total": 1391}
{"stage": "guides", "done": 1088, "total": 1391}
{"stage": "guides", "done": 1152, "total": 1391}
{"stage": "guides", "done": 1216, "total": 1391}
{"stage": "guides", "done": 1280, "total": 1391}
{"stage": "guides", "done": 1344, "total": 1391}
{"stage": "guides", "done": 1391, "total": 1391}
{"stage": "neural-targets", "done": 86, "total": 8328}
{"stage": "neural-targets", "done": 172, "total": 8328}
{"stage": "neural-targets", "done": 258, "total": 8328}
{"stage": "neural-targets", "done": 344, "total": 8328}
{"stage": "neural-targets", "done": 430, "total": 8328}
{"stage": "neural-targets", "done": 516, "total": 8328}
{"stage": "neural-targets", "done": 602, "total": 8328}
{"stage": "neural-targets", "done": 678, "total": 8328}
{"stage": "neural-targets", "done": 764, "total": 8328}
{"stage": "neural-targets", "done": 850, "total": 8328}
{"stage": "neural-targets", "done": 936, "total": 8328}
{"stage": "neural-targets", "done": 1022, "total": 8328}
{"stage": "neural-targets", "done": 1108, "total": 8328}
{"stage": "neural-targets", "done": 1194, "total": 8328}
{"stage": "neural-targets", "done": 1280, "total": 8328}
{"stage": "neural-targets", "done": 1366, "total": 8328}
{"stage": "neural-targets", "done": 1452, "total": 8328}
{"stage": "neural-targets", "done": 1538, "total": 8328}
{"stage": "neural-targets", "done": 1624, "total": 8328}
{"stage": "neural-targets", "done": 1710, "total": 8328}
{"stage": "neural-targets", "done": 1796, "total": 8328}
{"stage": "neural-targets", "done": 1882, "total": 8328}
{"stage": "neural-targets", "done": 1968, "total": 8328}
{"stage": "neural-targets", "done": 2054, "total": 8328}
{"stage": "neural-targets", "done": 2140, "total": 8328}
{"stage": "neural-targets", "done": 2226, "total": 8328}
{"stage": "neural-targets", "done": 2312, "total": 8328}
{"stage": "neural-targets", "done": 2398, "total": 8328}
{"stage": "neural-targets", "done": 2484, "total": 8328}
{"stage": "neural-targets", "done": 2570, "total": 8328}
{"stage": "neural-targets", "done": 2656, "total": 8328}
{"stage": "neural-targets", "done": 2742, "total": 8328}
{"stage": "neural-targets", "done": 2784, "total": 8328}
{"stage": "neural-targets", "done": 2870, "total": 8328}
{"stage": "neural-targets", "done": 2956, "total": 8328}
{"stage": "neural-targets", "done": 3042, "total": 8328}
{"stage": "neural-targets", "done": 3128, "total": 8328}
{"stage": "neural-targets", "done": 3214, "total": 8328}
{"stage": "neural-targets", "done": 3300, "total": 8328}
{"stage": "neural-targets", "done": 3386, "total": 8328}
{"stage": "neural-targets", "done": 3472, "total": 8328}
{"stage": "neural-targets", "done": 3558, "total": 8328}
{"stage": "neural-targets", "done": 3644, "total": 8328}
{"stage": "neural-targets", "done": 3730, "total": 8328}
{"stage": "neural-targets", "done": 3816, "total": 8328}
{"stage": "neural-targets", "done": 3902, "total": 8328}
{"stage": "neural-targets", "done": 3988, "total": 8328}
{"stage": "neural-targets", "done": 4074, "total": 8328}
{"stage": "neural-targets", "done": 4160, "total": 8328}
{"stage": "neural-targets", "done": 4246, "total": 8328}
{"stage": "neural-targets", "done": 4332, "total": 8328}
{"stage": "neural-targets", "done": 4418, "total": 8328}
{"stage": "neural-targets", "done": 4504, "total": 8328}
{"stage": "neural-targets", "done": 4578, "total": 8328}
{"stage": "neural-targets", "done": 4664, "total": 8328}
{"stage": "neural-targets", "done": 4750, "total": 8328}
{"stage": "neural-targets", "done": 4836, "total": 8328}
{"stage": "neural-targets", "done": 4922, "total": 8328}
{"stage": "neural-targets", "done": 5008, "total": 8328}
{"stage": "neural-targets", "done": 5094, "total": 8328}
{"stage": "neural-targets", "done": 5180, "total": 8328}
{"stage": "neural-targets", "done": 5266, "total": 8328}
{"stage": "neural-targets", "done": 5352, "total": 8328}
{"stage": "neural-targets", "done": 5438, "total": 8328}
{"stage": "neural-targets", "done": 5524, "total": 8328}
{"stage": "neural-targets", "done": 5610, "total": 8328}
{"stage": "neural-targets", "done": 5696, "total": 8328}
{"stage": "neural-targets", "done": 5782, "total": 8328}
{"stage": "neural-targets", "done": 5868, "total": 8328}
{"stage": "neural-targets", "done": 5954, "total": 8328}
{"stage": "neural-targets", "done": 6040, "total": 8328}
{"stage": "neural-targets", "done": 6126, "total": 8328}
{"stage": "neural-targets", "done": 6212, "total": 8328}
{"stage": "neural-targets", "done": 6298, "total": 8328}
{"stage": "neural-targets", "done": 6384, "total": 8328}
{"stage": "neural-targets", "done": 6470, "total": 8328}
{"stage": "neural-targets", "done": 6556, "total": 8328}
{"stage": "neural-targets", "done": 6642, "total": 8328}
{"stage": "neural-targets", "done": 6728, "total": 8328}
{"stage": "neural-targets", "done": 6814, "total": 8328}
{"stage": "neural-targets", "done": 6900, "total": 8328}
{"stage": "neural-targets", "done": 6986, "total": 8328}
{"stage": "neural-targets", "done": 7072, "total": 8328}
{"stage": "neural-targets", "done": 7158, "total": 8328}
{"stage": "neural-targets", "done": 7244, "total": 8328}
{"stage": "neural-targets", "done": 7330, "total": 8328}
{"stage": "neural-targets", "done": 7398, "total": 8328}
{"stage": "neural-targets", "done": 7484, "total": 8328}
{"stage": "neural-targets", "done": 7570, "total": 8328}
{"stage": "neural-targets", "done": 7656, "total": 8328}
{"stage": "neural-targets", "done": 7742, "total": 8328}
{"stage": "neural-targets", "done": 7828, "total": 8328}
{"stage": "neural-targets", "done": 7914, "total": 8328}
{"stage": "neural-targets", "done": 8000, "total": 8328}
{"stage": "neural-targets", "done": 8086, "total": 8328}
{"stage": "neural-targets", "done": 8154, "total": 8328}
{"stage": "neural-targets", "done": 8240, "total": 8328}
{"stage": "neural-targets", "done": 8250, "total": 8328}
{"stage": "neural-targets", "done": 8322, "total": 8328}
{"stage": "neural-targets", "done": 8328, "total": 8328}
{"stage": "encoding", "done": 32, "total": 1388}
{"stage": "encoding", "done": 64, "total": 1388}
{"stage": "encoding", "done": 96, "total": 1388}
{"stage": "encoding", "done": 128, "total": 1388}
{"stage": "encoding", "done": 160, "total": 1388}
{"stage": "encoding", "done": 192, "total": 1388}
{"stage": "encoding", "done": 224, "total": 1388}
{"stage": "encoding", "done": 256, "total": 1388}
{"stage": "encoding", "done": 288, "total": 1388}
{"stage": "encoding", "done": 320, "total": 1388}
{"stage": "encoding", "done": 352, "total": 1388}
{"stage": "encoding", "done": 384, "total": 1388}
{"stage": "encoding", "done": 416, "total": 1388}
{"stage": "encoding", "done": 448, "total": 1388}
{"stage": "encoding", "done": 480, "total": 1388}
{"stage": "encoding", "done": 512, "total": 1388}
{"stage": "encoding", "done": 544, "total": 1388}
{"stage": "encoding", "done": 576, "total": 1388}
{"stage": "encoding", "done": 608, "total": 1388}
{"stage": "encoding", "done": 640, "total": 1388}
{"stage": "encoding", "done": 672, "total": 1388}
{"stage": "encoding", "done": 704, "total": 1388}
{"stage": "encoding", "done": 736, "total": 1388}
{"stage": "encoding", "done": 768, "total": 1388}
{"stage": "encoding", "done": 800, "total": 1388}
{"stage": "encoding", "done": 832, "total": 1388}
{"stage": "encoding", "done": 864, "total": 1388}
{"stage": "encoding", "done": 896, "total": 1388}
{"stage": "encoding", "done": 928, "total": 1388}
{"stage": "encoding", "done": 960, "total": 1388}
{"stage": "encoding", "done": 992, "total": 1388}
{"stage": "encoding", "done": 1024, "total": 1388}
{"stage": "encoding", "done": 1056, "total": 1388}
{"stage": "encoding", "done": 1088, "total": 1388}
{"stage": "encoding", "done": 1120, "total": 1388}
{"stage": "encoding", "done": 1152, "total": 1388}
{"stage": "encoding", "done": 1184, "total": 1388}
{"stage": "encoding", "done": 1216, "total": 1388}
{"stage": "encoding", "done": 1248, "total": 1388}
{"stage": "encoding", "done": 1280, "total": 1388}
{"stage": "encoding", "done": 1312, "total": 1388}
{"stage": "encoding", "done": 1344, "total": 1388}
{"stage": "encoding", "done": 1376, "total": 1388}
{"stage": "encoding", "done": 1388, "total": 1388}
{"resources": 20, "frames": 1692, "animations": 3, "stats": {"encoded_cache_hits": 176, "new_guides": 1391, "special_work": 6, "new_neural_targets": 8328, "new_encoded_work": 1388}, "resume": {"encoded_cache_hits": 1570}}
