[2026-10-04 01:42:38.710] [info] Creature sprite xBR catalog ready: scale=x2, 1 animations, 12 components, 12 resources, 516 frames, 13416236 index bytes across 12 lazy content-addressed shards; catalog-version=V2; 12 authenticated directory entries; source=CreatureSprites-XN.catalog; filter=NEAREST; index cache budget=128 MiB; metadata cache budget=128 MiB; shard validation=background-on-demand
[2026-10-04 01:42:38.719] [info] Creature sprite catalog shard 0 ready on demand for animation 0x3000, resref MAKHDG1: 1 resources, 2057912 metadata bytes
[2026-10-04 01:42:38.742] [info] Creature sprite catalog shard 1 ready on demand for animation 0x3000, resref MAKHDG1E: 1 resources, 2057912 metadata bytes
[2026-10-04 01:42:38.758] [info] Creature sprite catalog shard 2 ready on demand for animation 0x3000, resref MAKHDG2: 1 resources, 2058288 metadata bytes
[2026-10-04 01:42:38.774] [info] Creature sprite catalog shard 3 ready on demand for animation 0x3000, resref MAKHDG2E: 1 resources, 2058048 metadata bytes
[2026-10-04 01:42:38.790] [info] Creature sprite catalog shard 4 ready on demand for animation 0x3000, resref MAKHDG3: 1 resources, 2057464 metadata bytes
[2026-10-04 01:42:38.804] [info] Creature sprite catalog shard 5 ready on demand for animation 0x3000, resref MAKHDG3E: 1 resources, 2057464 metadata bytes
[2026-10-04 01:42:38.865] [info] Creature sprite catalog shard 6 ready on demand for animation 0x3000, resref MAKHG1: 1 resources, 13698332 metadata bytes
[2026-10-04 01:42:38.902] [info] Creature sprite catalog shard 7 ready on demand for animation 0x3000, resref MAKHG1E: 1 resources, 8190148 metadata bytes
[2026-10-04 01:42:38.946] [info] Creature sprite catalog shard 8 ready on demand for animation 0x3000, resref MAKHG2: 1 resources, 7504344 metadata bytes
[2026-10-04 01:42:38.979] [info] Creature sprite catalog shard 9 ready on demand for animation 0x3000, resref MAKHG2E: 1 resources, 4607316 metadata bytes
[2026-10-04 01:42:39.050] [info] Creature sprite catalog shard 10 ready on demand for animation 0x3000, resref MAKHG3: 1 resources, 19748196 metadata bytes
[2026-10-04 01:42:39.102] [info] Creature sprite catalog shard 11 ready on demand for animation 0x3000, resref MAKHG3E: 1 resources, 11184928 metadata bytes
LOOKUP resref=MAKHDG1 cold=0 warm=1 ready_ms=22.3268
LOOKUP resref=MAKHDG1E cold=0 warm=1 ready_ms=15.4835
LOOKUP resref=MAKHDG2 cold=0 warm=1 ready_ms=15.4591
LOOKUP resref=MAKHDG2E cold=0 warm=1 ready_ms=15.4727
LOOKUP resref=MAKHDG3 cold=0 warm=1 ready_ms=15.5175
LOOKUP resref=MAKHDG3E cold=0 warm=1 ready_ms=15.5326
LOOKUP resref=MAKHG1 cold=0 warm=1 ready_ms=61.0098
LOOKUP resref=MAKHG1E cold=0 warm=1 ready_ms=46.4862
LOOKUP resref=MAKHG2 cold=0 warm=1 ready_ms=31.0567
LOOKUP resref=MAKHG2E cold=0 warm=1 ready_ms=31.4623
LOOKUP resref=MAKHG3 cold=0 warm=1 ready_ms=76.9664
LOOKUP resref=MAKHG3E cold=0 warm=1 ready_ms=46.5264
{"cold_misses":12,"warm_hits":12,"requested_wait_mode":"WaitForCharacterMetadata","native_owner":9}
