[2026-10-04 01:44:55.634] [info] Creature sprite xBR catalog ready: scale=x2, 1 animations, 12 components, 12 resources, 516 frames, 13416236 index bytes across 12 lazy content-addressed shards; catalog-version=V2; 12 authenticated directory entries; source=CreatureSprites-XN.catalog; filter=NEAREST; index cache budget=128 MiB; metadata cache budget=128 MiB; shard validation=background-on-demand
[2026-10-04 01:44:55.642] [info] Creature sprite catalog shard 0 ready on demand for animation 0x3000, resref MAKHDG1: 1 resources, 2057912 metadata bytes
[2026-10-04 01:44:55.651] [info] Creature sprite catalog shard 1 ready on demand for animation 0x3000, resref MAKHDG1E: 1 resources, 2057912 metadata bytes
[2026-10-04 01:44:55.661] [info] Creature sprite catalog shard 2 ready on demand for animation 0x3000, resref MAKHDG2: 1 resources, 2058288 metadata bytes
[2026-10-04 01:44:55.671] [info] Creature sprite catalog shard 3 ready on demand for animation 0x3000, resref MAKHDG2E: 1 resources, 2058048 metadata bytes
[2026-10-04 01:44:55.682] [info] Creature sprite catalog shard 4 ready on demand for animation 0x3000, resref MAKHDG3: 1 resources, 2057464 metadata bytes
[2026-10-04 01:44:55.690] [info] Creature sprite catalog shard 5 ready on demand for animation 0x3000, resref MAKHDG3E: 1 resources, 2057464 metadata bytes
[2026-10-04 01:44:55.742] [info] Creature sprite catalog shard 6 ready on demand for animation 0x3000, resref MAKHG1: 1 resources, 13698332 metadata bytes
[2026-10-04 01:44:55.772] [info] Creature sprite catalog shard 7 ready on demand for animation 0x3000, resref MAKHG1E: 1 resources, 8190148 metadata bytes
[2026-10-04 01:44:55.797] [info] Creature sprite catalog shard 8 ready on demand for animation 0x3000, resref MAKHG2: 1 resources, 7504344 metadata bytes
[2026-10-04 01:44:55.828] [info] Creature sprite catalog shard 9 ready on demand for animation 0x3000, resref MAKHG2E: 1 resources, 4607316 metadata bytes
[2026-10-04 01:44:55.895] [info] Creature sprite catalog shard 10 ready on demand for animation 0x3000, resref MAKHG3: 1 resources, 19748196 metadata bytes
[2026-10-04 01:44:55.936] [info] Creature sprite catalog shard 11 ready on demand for animation 0x3000, resref MAKHG3E: 1 resources, 11184928 metadata bytes
LOOKUP resref=MAKHDG1 cold=1 warm=1 ready_ms=8.2731
LOOKUP resref=MAKHDG1E cold=1 warm=1 ready_ms=8.95
LOOKUP resref=MAKHDG2 cold=1 warm=1 ready_ms=9.845
LOOKUP resref=MAKHDG2E cold=1 warm=1 ready_ms=10.0537
LOOKUP resref=MAKHDG3 cold=1 warm=1 ready_ms=10.4083
LOOKUP resref=MAKHDG3E cold=1 warm=1 ready_ms=8.2173
LOOKUP resref=MAKHG1 cold=1 warm=1 ready_ms=52.2972
LOOKUP resref=MAKHG1E cold=1 warm=1 ready_ms=29.685
LOOKUP resref=MAKHG2 cold=1 warm=1 ready_ms=25.6245
LOOKUP resref=MAKHG2E cold=1 warm=1 ready_ms=30.968
LOOKUP resref=MAKHG3 cold=1 warm=1 ready_ms=67.1278
LOOKUP resref=MAKHG3E cold=1 warm=1 ready_ms=40.8411
{"cold_misses":0,"warm_hits":12,"requested_wait_mode":"WaitForAnkhegMetadata","native_owner":9}
