[2026-10-04 01:55:10.398] [info] Creature sprite xBR catalog ready: scale=x2, 1 animations, 12 components, 12 resources, 516 frames, 13416236 index bytes across 12 lazy content-addressed shards; catalog-version=V2; 12 authenticated directory entries; source=CreatureSprites-XN.catalog; filter=NEAREST; index cache budget=128 MiB; metadata cache budget=128 MiB; shard validation=background-on-demand
[2026-10-04 01:55:10.407] [info] Creature sprite catalog shard 0 ready on demand for animation 0x3000, resref MAKHDG1: 1 resources, 2057912 metadata bytes
[2026-10-04 01:55:10.417] [info] Creature sprite catalog shard 1 ready on demand for animation 0x3000, resref MAKHDG1E: 1 resources, 2057912 metadata bytes
[2026-10-04 01:55:10.428] [info] Creature sprite catalog shard 2 ready on demand for animation 0x3000, resref MAKHDG2: 1 resources, 2058288 metadata bytes
[2026-10-04 01:55:10.439] [info] Creature sprite catalog shard 3 ready on demand for animation 0x3000, resref MAKHDG2E: 1 resources, 2058048 metadata bytes
[2026-10-04 01:55:10.452] [info] Creature sprite catalog shard 4 ready on demand for animation 0x3000, resref MAKHDG3: 1 resources, 2057464 metadata bytes
[2026-10-04 01:55:10.461] [info] Creature sprite catalog shard 5 ready on demand for animation 0x3000, resref MAKHDG3E: 1 resources, 2057464 metadata bytes
[2026-10-04 01:55:10.516] [info] Creature sprite catalog shard 6 ready on demand for animation 0x3000, resref MAKHG1: 1 resources, 13698332 metadata bytes
[2026-10-04 01:55:10.545] [info] Creature sprite catalog shard 7 ready on demand for animation 0x3000, resref MAKHG1E: 1 resources, 8190148 metadata bytes
[2026-10-04 01:55:10.578] [info] Creature sprite catalog shard 8 ready on demand for animation 0x3000, resref MAKHG2: 1 resources, 7504344 metadata bytes
[2026-10-04 01:55:10.611] [info] Creature sprite catalog shard 9 ready on demand for animation 0x3000, resref MAKHG2E: 1 resources, 4607316 metadata bytes
[2026-10-04 01:55:10.680] [info] Creature sprite catalog shard 10 ready on demand for animation 0x3000, resref MAKHG3: 1 resources, 19748196 metadata bytes
[2026-10-04 01:55:10.724] [info] Creature sprite catalog shard 11 ready on demand for animation 0x3000, resref MAKHG3E: 1 resources, 11184928 metadata bytes
LOOKUP resref=MAKHDG1 cold=1 warm=1 ready_ms=9.0139
LOOKUP resref=MAKHDG1E cold=1 warm=1 ready_ms=10.1352
LOOKUP resref=MAKHDG2 cold=1 warm=1 ready_ms=10.328
LOOKUP resref=MAKHDG2E cold=1 warm=1 ready_ms=11.2312
LOOKUP resref=MAKHDG3 cold=1 warm=1 ready_ms=12.8246
LOOKUP resref=MAKHDG3E cold=1 warm=1 ready_ms=9.4849
LOOKUP resref=MAKHG1 cold=1 warm=1 ready_ms=54.4725
LOOKUP resref=MAKHG1E cold=1 warm=1 ready_ms=29.5798
LOOKUP resref=MAKHG2 cold=1 warm=1 ready_ms=32.3248
LOOKUP resref=MAKHG2E cold=1 warm=1 ready_ms=33.3282
LOOKUP resref=MAKHG3 cold=1 warm=1 ready_ms=69.0129
LOOKUP resref=MAKHG3E cold=1 warm=1 ready_ms=43.9022
{"cold_misses":0,"warm_hits":12,"requested_wait_mode":"WaitForAnkhegMetadata","native_owner":9}
