[2026-10-04 01:55:09.657] [info] Creature sprite xBR catalog ready: scale=x4, 2 animations, 2 components, 2 resources, 2 frames, 32 index bytes across 2 lazy content-addressed shards; catalog-version=V1; 0 authenticated directory entries; source=CreatureSprites-XN.catalog; filter=NEAREST; index cache budget=128 MiB; metadata cache budget=128 MiB; shard validation=background-on-demand
[2026-10-04 01:55:09.658] [info] Creature sprite catalog shard 0 ready on demand for animation 0x6110, resref CEST: 1 resources, 1004 metadata bytes
[2026-10-04 01:55:09.669] [info] Creature sprite catalog shard 1 ready on demand for animation 0xE400, resref MEST: 1 resources, 1004 metadata bytes
[2026-10-04 01:55:09.690] [info] Creature sprite xBR catalog ready: scale=x4, 2 animations, 2 components, 2 resources, 2 frames, 32 index bytes across 2 lazy content-addressed shards; catalog-version=V2; 2 authenticated directory entries; source=CreatureSprites-XN.catalog; filter=NEAREST; index cache budget=128 MiB; metadata cache budget=128 MiB; shard validation=background-on-demand
[2026-10-04 01:55:09.690] [info] Creature sprite catalog shard 1 ready on demand for animation 0xE400, resref MEST: 1 resources, 1004 metadata bytes
[2026-10-04 01:55:09.700] [warning] Creature sprite catalog component 0 quarantined: invalid creature-sprite xN registry prefix: G:\AI\BG2_Upscale\engine\InfinityEngine-Enhancer\source-patchee\creature-sprite-registry-format-test\CreatureSprites-XN-A5617ABCED02E0CB9DE012A97ADEE1426F44BCCF3E3A7DC29BE9369DD64968C0.registry (version=0, scale=0, stream=0); other validated components remain available and native rendering is retained
[2026-10-04 01:55:09.701] [warning] Creature sprite xBR pack disabled: creature-sprite catalog directory digest/count mismatch
[2026-10-04 01:55:09.706] [warning] Creature sprite xBR pack disabled: catalog directory references a non-member component
[2026-10-04 01:55:09.706] [info] Creature sprite xBR catalog ready: scale=x2, 1 animations, 1 components, 2 resources, 2 frames, 8 index bytes across 2 lazy content-addressed shards; catalog-version=V2; 2 authenticated directory entries; source=CreatureSprites-XN.catalog; filter=NEAREST; index cache budget=128 MiB; metadata cache budget=128 MiB; shard validation=background-on-demand
[2026-10-04 01:55:09.707] [info] Creature sprite catalog shard 0 ready on demand for animation 0x1200, resref MDR11100: 1 resources, 1004 metadata bytes
[2026-10-04 01:55:09.707] [info] Creature sprite catalog shard 1 ready on demand for animation 0x1200, resref MDR12100: 1 resources, 1004 metadata bytes
[2026-10-04 01:55:09.720] [info] Creature sprite xBR catalog ready: scale=x2, 2 animations, 2 components, 2 resources, 2 frames, 8 index bytes across 2 lazy content-addressed shards; catalog-version=V2; 2 authenticated directory entries; source=CreatureSprites-XN.catalog; filter=NEAREST; index cache budget=128 MiB; metadata cache budget=128 MiB; shard validation=background-on-demand
[2026-10-04 01:55:09.721] [info] Creature sprite catalog shard 0 ready on demand for animation 0x1200, resref MDR11100: 1 resources, 1004 metadata bytes
[2026-10-04 01:55:09.735] [info] Creature sprite catalog shard 1 ready on demand for animation 0x6110, resref UEST: 1 resources, 1004 metadata bytes
[2026-10-04 01:55:09.750] [info] Creature sprite xBR catalog ready: scale=x2, 1 animations, 1 components, 1 resources, 1 frames, 4 index bytes across 1 lazy content-addressed shards; catalog-version=V1; 0 authenticated directory entries; source=CreatureSprites-XN.catalog; filter=NEAREST; index cache budget=128 MiB; metadata cache budget=128 MiB; shard validation=background-on-demand
[2026-10-04 01:55:09.751] [info] Creature sprite xBR catalog ready: scale=x4, 1 animations, 1 components, 1 resources, 1 frames, 16 index bytes across 1 lazy content-addressed shards; catalog-version=V2; 1 authenticated directory entries; source=CreatureSprites-XN.catalog; filter=NEAREST; index cache budget=128 MiB; metadata cache budget=128 MiB; shard validation=background-on-demand
[2026-10-04 01:55:09.752] [info] Creature sprite xBR catalog ready: scale=x2, 1 animations, 1 components, 1 resources, 1 frames, 4 index bytes across 1 lazy content-addressed shards; catalog-version=V2; 1 authenticated directory entries; source=CreatureSprites-XN.catalog; filter=NEAREST; index cache budget=128 MiB; metadata cache budget=128 MiB; shard validation=background-on-demand
[2026-10-04 01:55:09.752] [info] Creature sprite xBR catalog ready: scale=x2, 1 animations, 1 components, 2 resources, 2 frames, 8 index bytes across 2 lazy content-addressed shards; catalog-version=V2; 2 authenticated directory entries; source=CreatureSprites-XN.catalog; filter=NEAREST; index cache budget=128 MiB; metadata cache budget=128 MiB; shard validation=background-on-demand
[2026-10-04 01:55:09.753] [info] Creature sprite xBR catalog ready: scale=x2, 1 animations, 1 components, 2 resources, 2 frames, 8 index bytes across 2 lazy content-addressed shards; catalog-version=V2; 2 authenticated directory entries; source=CreatureSprites-XN.catalog; filter=NEAREST; index cache budget=128 MiB; metadata cache budget=128 MiB; shard validation=background-on-demand
[2026-10-04 01:55:09.754] [info] Creature sprite xBR catalog ready: scale=x2, 1 animations, 1 components, 1 resources, 2 frames, 8192 index bytes across 1 lazy content-addressed shards; catalog-version=V2; 1 authenticated directory entries; source=CreatureSprites-XN.catalog; filter=NEAREST; index cache budget=128 MiB; metadata cache budget=128 MiB; shard validation=background-on-demand
[2026-10-04 01:55:09.754] [info] Creature sprite catalog shard 0 ready on demand for animation 0x6110, resref PEST: 1 resources, 1864 metadata bytes
[2026-10-04 01:55:09.762] [info] Creature sprite xBR catalog ready: scale=x4, 1 animations, 1 components, 1 resources, 1 frames, 4096 index bytes across 1 lazy content-addressed shards; catalog-version=V2; 1 authenticated directory entries; source=CreatureSprites-XN.catalog; filter=NEAREST; index cache budget=128 MiB; metadata cache budget=128 MiB; shard validation=background-on-demand
[2026-10-04 01:55:09.763] [info] Creature sprite catalog shard 0 ready on demand for animation 0x6110, resref QEST: 1 resources, 1004 metadata bytes
[2026-10-04 01:55:09.781] [info] Creature sprite xBR catalog ready: scale=x2, 1 animations, 4 components, 4 resources, 4 frames, 4096 index bytes across 4 lazy content-addressed shards; catalog-version=V2; 4 authenticated directory entries; source=CreatureSprites-XN.catalog; filter=NEAREST; index cache budget=128 MiB; metadata cache budget=128 MiB; shard validation=background-on-demand
[2026-10-04 01:55:09.782] [info] Creature sprite catalog shard 0 ready on demand for animation 0x6110, resref AEST: 1 resources, 1004 metadata bytes
[2026-10-04 01:55:09.782] [info] Creature sprite catalog shard 1 ready on demand for animation 0x6110, resref BEST: 1 resources, 1004 metadata bytes
[2026-10-04 01:55:09.782] [info] Creature sprite catalog shard 2 ready on demand for animation 0x6110, resref CEST: 1 resources, 1004 metadata bytes
[2026-10-04 01:55:09.782] [info] Creature sprite catalog shard 3 ready on demand for animation 0x6110, resref DEST: 1 resources, 1004 metadata bytes
[2026-10-04 01:55:09.787] [info] Creature sprite xBR catalog ready: scale=x4, 1 animations, 4 components, 4 resources, 4 frames, 16384 index bytes across 4 lazy content-addressed shards; catalog-version=V2; 4 authenticated directory entries; source=CreatureSprites-XN.catalog; filter=NEAREST; index cache budget=128 MiB; metadata cache budget=128 MiB; shard validation=background-on-demand
[2026-10-04 01:55:09.787] [info] Creature sprite catalog shard 0 ready on demand for animation 0x6110, resref AEST: 1 resources, 1004 metadata bytes
[2026-10-04 01:55:09.787] [info] Creature sprite catalog shard 1 ready on demand for animation 0x6110, resref BEST: 1 resources, 1004 metadata bytes
[2026-10-04 01:55:09.787] [info] Creature sprite catalog shard 2 ready on demand for animation 0x6110, resref CEST: 1 resources, 1004 metadata bytes
[2026-10-04 01:55:09.788] [info] Creature sprite catalog shard 3 ready on demand for animation 0x6110, resref DEST: 1 resources, 1004 metadata bytes
[2026-10-04 01:55:09.788] [info] Creature sprite xBR catalog ready: scale=x2, 1 animations, 1 components, 1 resources, 1 frames, 1024 index bytes across 1 lazy content-addressed shards; catalog-version=V2; 1 authenticated directory entries; source=CreatureSprites-XN.catalog; filter=NEAREST; index cache budget=128 MiB; metadata cache budget=128 MiB; shard validation=background-on-demand
[2026-10-04 01:55:09.789] [info] Creature sprite catalog shard 0 ready on demand for animation 0x6110, resref REST: 1 resources, 1004 metadata bytes
[2026-10-04 01:55:09.793] [info] Creature sprite xBR catalog ready: scale=x4, 1 animations, 1 components, 1 resources, 1 frames, 4096 index bytes across 1 lazy content-addressed shards; catalog-version=V2; 1 authenticated directory entries; source=CreatureSprites-XN.catalog; filter=NEAREST; index cache budget=128 MiB; metadata cache budget=128 MiB; shard validation=background-on-demand
[2026-10-04 01:55:09.793] [info] Creature sprite catalog shard 0 ready on demand for animation 0x6110, resref QEST: 1 resources, 1004 metadata bytes
[2026-10-04 01:55:09.808] [info] Creature sprite xBR catalog ready: scale=x4, 1 animations, 2 components, 2 resources, 2 frames, 8192 index bytes across 2 lazy content-addressed shards; catalog-version=V2; 2 authenticated directory entries; source=CreatureSprites-XN.catalog; filter=NEAREST; index cache budget=128 MiB; metadata cache budget=128 MiB; shard validation=background-on-demand
[2026-10-04 01:55:09.810] [info] Creature sprite catalog shard 0 ready on demand for animation 0x6110, resref QEST: 1 resources, 1004 metadata bytes
[2026-10-04 01:55:09.823] [info] Creature sprite catalog shard 1 ready on demand for animation 0x6110, resref UEST: 1 resources, 1004 metadata bytes
[2026-10-04 01:55:09.838] [warning] Creature sprite catalog component 1 quarantined: cannot decompress an XPRESS_HUFF frame exactly; other validated components remain available and native rendering is retained
[2026-10-04 01:55:09.842] [info] Creature sprite xBR catalog ready: scale=x2, 1 animations, 1 components, 1 resources, 1 frames, 4096 index bytes across 1 lazy content-addressed shards; catalog-version=V2; 1 authenticated directory entries; source=CreatureSprites-XN.catalog; filter=NEAREST; index cache budget=128 MiB; metadata cache budget=128 MiB; shard validation=background-on-demand
[2026-10-04 01:55:09.842] [info] Creature sprite catalog shard 0 ready on demand for animation 0x6110, resref VEST: 1 resources, 1004 metadata bytes
[2026-10-04 01:55:09.854] [warning] Creature sprite catalog component 0 quarantined: lazy payload lacks a palette representative; other validated components remain available and native rendering is retained
[2026-10-04 01:55:09.855] [info] Creature sprite xBR catalog ready: scale=x2, 1 animations, 1 components, 1 resources, 1 frames, 4096 index bytes across 1 lazy content-addressed shards; catalog-version=V2; 1 authenticated directory entries; source=CreatureSprites-XN.catalog; filter=NEAREST; index cache budget=128 MiB; metadata cache budget=128 MiB; shard validation=background-on-demand
[2026-10-04 01:55:09.855] [warning] Creature sprite catalog component 0 quarantined: invalid creature-sprite frame payload; other validated components remain available and native rendering is retained
[2026-10-04 01:55:09.870] [info] Creature sprite xBR catalog ready: scale=x2, 1 animations, 1 components, 1 resources, 1 frames, 4096 index bytes across 1 lazy content-addressed shards; catalog-version=V2; 1 authenticated directory entries; source=CreatureSprites-XN.catalog; filter=NEAREST; index cache budget=128 MiB; metadata cache budget=128 MiB; shard validation=background-on-demand
[2026-10-04 01:55:09.870] [warning] Creature sprite catalog component 0 quarantined: invalid creature-sprite frame header; other validated components remain available and native rendering is retained
[2026-10-04 01:55:09.886] [info] Creature sprite xBR catalog ready: scale=x2, 1 animations, 1 components, 1 resources, 1 frames, 4096 index bytes across 1 lazy content-addressed shards; catalog-version=V2; 1 authenticated directory entries; source=CreatureSprites-XN.catalog; filter=NEAREST; index cache budget=128 MiB; metadata cache budget=128 MiB; shard validation=background-on-demand
[2026-10-04 01:55:09.886] [warning] Creature sprite catalog component 0 quarantined: invalid creature-sprite frame payload; other validated components remain available and native rendering is retained
[2026-10-04 01:55:09.901] [info] Creature sprite xBR catalog ready: scale=x2, 1 animations, 1 components, 1 resources, 1 frames, 4096 index bytes across 1 lazy content-addressed shards; catalog-version=V2; 1 authenticated directory entries; source=CreatureSprites-XN.catalog; filter=NEAREST; index cache budget=128 MiB; metadata cache budget=128 MiB; shard validation=background-on-demand
[2026-10-04 01:55:09.901] [warning] Creature sprite catalog component 0 quarantined: invalid creature-sprite frame payload; other validated components remain available and native rendering is retained
[2026-10-04 01:55:09.917] [info] Creature sprite xBR catalog ready: scale=x2, 1 animations, 1 components, 1 resources, 1 frames, 4096 index bytes across 1 lazy content-addressed shards; catalog-version=V2; 1 authenticated directory entries; source=CreatureSprites-XN.catalog; filter=NEAREST; index cache budget=128 MiB; metadata cache budget=128 MiB; shard validation=background-on-demand
[2026-10-04 01:55:09.917] [warning] Creature sprite catalog component 0 quarantined: truncated creature-sprite frame payload; other validated components remain available and native rendering is retained
[2026-10-04 01:55:09.932] [info] Creature sprite xBR catalog ready: scale=x4, 1 animations, 1 components, 1 resources, 1 frames, 144000000 index bytes across 1 lazy content-addressed shards; catalog-version=V2; 1 authenticated directory entries; source=CreatureSprites-XN.catalog; filter=NEAREST; index cache budget=128 MiB; metadata cache budget=128 MiB; shard validation=background-on-demand
[2026-10-04 01:55:09.932] [warning] Creature sprite catalog component 0 quarantined: invalid creature-sprite frame payload; other validated components remain available and native rendering is retained
[2026-10-04 01:55:09.947] [warning] Creature sprite xBR pack disabled: invalid creature-sprite catalog shard entry
[2026-10-04 01:55:09.948] [warning] Creature sprite xBR pack disabled: invalid creature-sprite registry catalog header
[2026-10-04 01:55:09.949] [warning] Creature sprite xBR pack disabled: invalid creature-sprite xN monolith prefix
[2026-10-04 01:55:09.953] [warning] Creature sprite xBR pack disabled: invalid creature-sprite registry header: CreatureSprites-XN-0000.registry
[2026-10-04 01:55:09.954] [info] Creature sprite xBR catalog ready: scale=x4, 1 animations, 1 components, 2 resources, 2 frames, 32 index bytes across 2 lazy content-addressed shards; catalog-version=V1; 0 authenticated directory entries; source=CreatureSprites-XN.catalog; filter=NEAREST; index cache budget=128 MiB; metadata cache budget=128 MiB; shard validation=background-on-demand
[2026-10-04 01:55:09.954] [info] Creature sprite catalog shard 0 ready on demand for animation 0x6110, resref CEST: 1 resources, 1004 metadata bytes
[2026-10-04 01:55:09.962] [info] Creature sprite catalog shard 1 ready on demand for animation 0x6110, resref MEST: 1 resources, 1004 metadata bytes
[2026-10-04 01:55:09.978] [info] Creature sprite xBR catalog ready: scale=x2, 1 animations, 1 components, 1 resources, 1 frames, 4 index bytes across 1 lazy content-addressed shards; catalog-version=V1; 0 authenticated directory entries; source=CreatureSprites-XN.catalog; filter=NEAREST; index cache budget=128 MiB; metadata cache budget=128 MiB; shard validation=background-on-demand
[2026-10-04 01:55:09.979] [info] Creature sprite catalog shard 0 ready on demand for animation 0x6110, resref XEST: 1 resources, 1004 metadata bytes
[2026-10-04 01:55:09.998] [info] Creature sprite xBR catalog ready: scale=x4, 2 animations, 1 components, 1 resources, 1 frames, 16 index bytes across 1 lazy content-addressed shards; catalog-version=V1; 0 authenticated directory entries; source=CreatureSprites-XN.catalog; filter=NEAREST; index cache budget=128 MiB; metadata cache budget=128 MiB; shard validation=background-on-demand
[2026-10-04 01:55:09.998] [info] Creature sprite catalog shard 0 ready on demand for animation 0x6110, resref CEST: 1 resources, 1004 metadata bytes
[2026-10-04 01:55:10.009] [info] Creature sprite xBR catalog ready: scale=x4, 2 animations, 1 components, 1 resources, 1 frames, 16 index bytes across 1 lazy content-addressed shards; catalog-version=V1; 0 authenticated directory entries; source=CreatureSprites-XN.catalog; filter=NEAREST; index cache budget=128 MiB; metadata cache budget=128 MiB; shard validation=background-on-demand
[2026-10-04 01:55:10.016] [warning] Creature sprite catalog component 0 quarantined: catalog directory/profile differs from its V3/V5/V6 shard; other validated components remain available and native rendering is retained
[2026-10-04 01:55:10.025] [info] Creature sprite xBR catalog ready: scale=x4, 1 animations, 2 components, 2 resources, 2 frames, 32 index bytes across 2 lazy content-addressed shards; catalog-version=V1; 0 authenticated directory entries; source=CreatureSprites-XN.catalog; filter=NEAREST; index cache budget=128 MiB; metadata cache budget=128 MiB; shard validation=background-on-demand
[2026-10-04 01:55:10.026] [warning] Creature sprite catalog component 0 quarantined: duplicate resref discovered in V1 animation mapping; other validated components remain available and native rendering is retained
[2026-10-04 01:55:10.026] [warning] Creature sprite catalog component 1 quarantined: duplicate resref discovered in V1 animation mapping; other validated components remain available and native rendering is retained
[2026-10-04 01:55:10.040] [info] Creature sprite xBR catalog ready: scale=x4, 1 animations, 1 components, 1 resources, 1 frames, 16 index bytes across 1 lazy content-addressed shards; catalog-version=V1; 0 authenticated directory entries; source=CreatureSprites-XN.catalog; filter=NEAREST; index cache budget=128 MiB; metadata cache budget=128 MiB; shard validation=background-on-demand
[2026-10-04 01:55:10.040] [info] Creature sprite catalog shard 0 ready on demand for animation 0x7F07, resref GEST: 1 resources, 1004 metadata bytes
[2026-10-04 01:55:10.055] [info] Creature sprite xBR catalog ready: scale=x4, 3 animations, 2 components, 2 resources, 2 frames, 32 index bytes across 2 lazy content-addressed shards; catalog-version=V1; 0 authenticated directory entries; source=CreatureSprites-XN.catalog; filter=NEAREST; index cache budget=128 MiB; metadata cache budget=128 MiB; shard validation=background-on-demand
[2026-10-04 01:55:10.060] [info] Creature sprite xBR pack ready: animation 0x1000, scale=x4, 1 resources, 1 frames, 16 index bytes; source=CreatureSprites-XN.registry; filter=NEAREST; registry budget=512 MiB
[2026-10-04 01:55:10.063] [info] Creature sprite xBR pack ready: animation 0x1200, scale=x4, 1 resources, 1 frames, 16 index bytes; source=CreatureSprites-XN.registry; filter=NEAREST; registry budget=512 MiB
[2026-10-04 01:55:10.067] [warning] Creature sprite xBR pack disabled: invalid creature-sprite catalog animation entry
[2026-10-04 01:55:10.067] [warning] Creature sprite xBR pack disabled: invalid creature-sprite catalog animation entry
[2026-10-04 01:55:10.071] [warning] Creature sprite xBR pack disabled: invalid creature-sprite catalog animation entry
[2026-10-04 01:55:10.071] [warning] Creature sprite xBR pack disabled: invalid creature-sprite catalog animation entry
[2026-10-04 01:55:10.072] [warning] Creature sprite xBR pack disabled: invalid creature-sprite catalog animation entry
[2026-10-04 01:55:10.073] [warning] Creature sprite xBR pack disabled: invalid creature-sprite catalog animation entry
[2026-10-04 01:55:10.074] [warning] Creature sprite xBR pack disabled: invalid creature-sprite catalog animation entry
[2026-10-04 01:55:10.077] [warning] Creature sprite xBR pack disabled: invalid creature-sprite catalog animation entry
[2026-10-04 01:55:10.078] [warning] Creature sprite xBR pack disabled: non-canonical creature-sprite animation membership
[2026-10-04 01:55:10.078] [warning] Creature sprite xBR pack disabled: invalid creature-sprite catalog animation entry
[2026-10-04 01:55:10.081] [warning] Creature sprite xBR pack disabled: invalid creature-sprite catalog component entry
[2026-10-04 01:55:10.085] [warning] Creature sprite xBR pack disabled: invalid creature-sprite catalog component membership
[2026-10-04 01:55:10.088] [warning] Creature sprite xBR pack disabled: creature-sprite catalog component mismatch
[2026-10-04 01:55:10.091] [info] Creature sprite xBR catalog ready: scale=x4, 2 animations, 2 components, 2 resources, 2 frames, 32 index bytes across 2 lazy content-addressed shards; catalog-version=V1; 0 authenticated directory entries; source=CreatureSprites-XN.catalog; filter=NEAREST; index cache budget=128 MiB; metadata cache budget=128 MiB; shard validation=background-on-demand
[2026-10-04 01:55:10.092] [warning] Creature sprite catalog component 0 quarantined: catalog directory/profile differs from its V3/V5/V6 shard; other validated components remain available and native rendering is retained
[2026-10-04 01:55:10.105] [info] Creature sprite xBR catalog ready: scale=x4, 2 animations, 2 components, 2 resources, 2 frames, 32 index bytes across 2 lazy content-addressed shards; catalog-version=V1; 0 authenticated directory entries; source=CreatureSprites-XN.catalog; filter=NEAREST; index cache budget=128 MiB; metadata cache budget=128 MiB; shard validation=background-on-demand
[2026-10-04 01:55:10.105] [warning] Creature sprite catalog component 0 quarantined: catalog directory/profile differs from its V3/V5/V6 shard; other validated components remain available and native rendering is retained
[2026-10-04 01:55:10.120] [info] Creature sprite xBR catalog ready: scale=x4, 2 animations, 2 components, 2 resources, 2 frames, 32 index bytes across 2 lazy content-addressed shards; catalog-version=V1; 0 authenticated directory entries; source=CreatureSprites-XN.catalog; filter=NEAREST; index cache budget=128 MiB; metadata cache budget=128 MiB; shard validation=background-on-demand
[2026-10-04 01:55:10.120] [warning] Creature sprite catalog component 0 quarantined: invalid catalog shard resource directory; other validated components remain available and native rendering is retained
[2026-10-04 01:55:10.132] [info] Creature sprite xBR catalog ready: scale=x4, 2 animations, 2 components, 2 resources, 2 frames, 32 index bytes across 2 lazy content-addressed shards; catalog-version=V1; 0 authenticated directory entries; source=CreatureSprites-XN.catalog; filter=NEAREST; index cache budget=128 MiB; metadata cache budget=128 MiB; shard validation=background-on-demand
[2026-10-04 01:55:10.135] [warning] Creature sprite catalog component 0 quarantined: invalid catalog shard resource directory; other validated components remain available and native rendering is retained
[2026-10-04 01:55:10.147] [info] Creature sprite xBR catalog ready: scale=x4, 2 animations, 2 components, 2 resources, 2 frames, 32 index bytes across 2 lazy content-addressed shards; catalog-version=V1; 0 authenticated directory entries; source=CreatureSprites-XN.catalog; filter=NEAREST; index cache budget=128 MiB; metadata cache budget=128 MiB; shard validation=background-on-demand
[2026-10-04 01:55:10.148] [info] Creature sprite catalog shard 0 ready on demand for animation 0x6110, resref CEST: 1 resources, 1000 metadata bytes
[2026-10-04 01:55:10.170] [info] Creature sprite xBR catalog ready: scale=x4, 2 animations, 2 components, 2 resources, 2 frames, 32 index bytes across 2 lazy content-addressed shards; catalog-version=V1; 0 authenticated directory entries; source=CreatureSprites-XN.catalog; filter=NEAREST; index cache budget=128 MiB; metadata cache budget=128 MiB; shard validation=background-on-demand
[2026-10-04 01:55:10.170] [warning] Creature sprite catalog component 0 quarantined: invalid catalog shard directory header; other validated components remain available and native rendering is retained
[2026-10-04 01:55:10.178] [warning] Creature sprite xBR pack disabled: invalid creature-sprite registry size: G:\AI\BG2_Upscale\engine\InfinityEngine-Enhancer\source-patchee\creature-sprite-registry-format-test\CreatureSprites-XN.catalog
[2026-10-04 01:55:10.183] [info] Creature sprite xBR pack ready: animation 0x6110, scale=x4, 2 resources, 2 frames, 32 index bytes across 2 lazy shards; source=CreatureSprites-XN.set; filter=NEAREST; index cache budget=128 MiB
[2026-10-04 01:55:10.183] [info] Creature sprite xBR pack ready: animation 0x6110, scale=x4, 1 resources, 1 frames, 16 index bytes across 1 lazy shards; source=CreatureSprites-XN.set; filter=NEAREST; index cache budget=128 MiB
[2026-10-04 01:55:10.187] [info] Creature sprite xBR pack ready: animation 0x6110, scale=x2, 2 resources, 2 frames, 8 index bytes across 2 lazy shards; source=CreatureSprites-XN.set; filter=NEAREST; index cache budget=128 MiB
[2026-10-04 01:55:10.188] [warning] Creature sprite xBR pack disabled: invalid creature-sprite xN registry prefix: G:\AI\BG2_Upscale\engine\InfinityEngine-Enhancer\source-patchee\creature-sprite-registry-format-test\CreatureSprites-XN-0001.registry (version=0, scale=0, stream=0)
[2026-10-04 01:55:10.194] [warning] Creature sprite xBR pack disabled: creature-sprite registry-set shard mismatch: CreatureSprites-XN-0000.registry
[2026-10-04 01:55:10.198] [warning] Creature sprite xBR pack disabled: creature-sprite registry-set shard mismatch: CreatureSprites-XN-0000.registry
[2026-10-04 01:55:10.203] [warning] Creature sprite xBR pack disabled: invalid creature-sprite registry-set entry
[2026-10-04 01:55:10.207] [warning] Creature sprite xBR pack disabled: duplicate creature-sprite resref across shards
[2026-10-04 01:55:10.211] [warning] Creature sprite xBR pack disabled: creature-sprite registry-set shard mismatch: CreatureSprites-XN-0001.registry
[2026-10-04 01:55:10.212] [warning] Creature sprite xBR pack disabled: creature-sprite registry-set shard mismatch: CreatureSprites-XN-0000.registry
[2026-10-04 01:55:10.214] [info] Creature sprite xBR pack ready: animation 0x6110, scale=x4, 1 resources, 1 frames, 16 index bytes; source=CreatureSprites-XN.registry; filter=NEAREST; registry budget=512 MiB
[2026-10-04 01:55:10.214] [info] Creature sprite xBR pack ready: animation 0xE400, scale=x2, 1 resources, 1 frames, 4 index bytes; source=CreatureSprites-X2.registry; filter=NEAREST; registry budget=128 MiB
[2026-10-04 01:55:10.215] [info] Creature sprite xBR pack ready: animation 0x6110, scale=x2, 1 resources, 1 frames, 4 index bytes; source=CreatureSprites-XN.registry; filter=NEAREST; registry budget=128 MiB
[2026-10-04 01:55:10.215] [info] Creature sprite xBR pack ready: animation 0x6102, scale=x2, 1 resources, 1 frames, 4 index bytes; source=CreatureSprites-XN.registry; filter=NEAREST; registry budget=128 MiB
[2026-10-04 01:55:10.216] [warning] Creature sprite xBR pack disabled: invalid creature-sprite xN registry prefix: G:\AI\BG2_Upscale\engine\InfinityEngine-Enhancer\source-patchee\creature-sprite-registry-format-test\CreatureSprites-XN.registry (version=4, scale=4, stream=1)
[2026-10-04 01:55:10.217] [warning] Creature sprite xBR pack disabled: invalid creature-sprite xN registry prefix: G:\AI\BG2_Upscale\engine\InfinityEngine-Enhancer\source-patchee\creature-sprite-registry-format-test\CreatureSprites-XN.registry (version=3, scale=3, stream=1)
[2026-10-04 01:55:10.217] [warning] Creature sprite xBR pack disabled: invalid creature-sprite frame payload
[2026-10-04 01:55:10.222] [warning] Creature sprite xBR pack disabled: invalid creature-sprite xN monolith prefix
[2026-10-04 01:55:10.227] [info] Creature sprite xBR pack ready: animation 0x6110, scale=x2, 92 resources, 92 frames, 368 index bytes; source=CreatureSprites-X2.registry; filter=NEAREST; registry budget=128 MiB
[2026-10-04 01:55:10.228] [info] Creature sprite xBR pack ready: animation 0xE400, scale=x2, 1 resources, 1 frames, 4 index bytes; source=CreatureSprites-X2.registry; filter=NEAREST; registry budget=128 MiB
[2026-10-04 01:55:10.229] [warning] Creature sprite xBR pack disabled: invalid creature-sprite registry header: CreatureSprites-X2.registry
[2026-10-04 01:55:10.229] [warning] Creature sprite xBR pack disabled: invalid creature-sprite animation id
[2026-10-04 01:55:10.276] [info] Prepared item icon x2 registry v2: 2 cycle slots, 0 MiB
[2026-10-04 01:55:10.292] [info] Prepared area-animation x4 runtime pack v2: 1 BAM, 1 timed, 2 frames, 0.00 MiB raw
[2026-10-04 01:55:10.292] [info] Prepared area-animation x4 runtime pack v2: 1 BAM, 1 timed, 2 frames, 0.00 MiB raw
[2026-10-04 01:55:10.296] [info] Prepared area-animation x4 runtime pack v2: 1 BAM, 0 timed, 4 frames, 0.00 MiB raw
[2026-10-04 01:55:10.297] [info] Prepared area-animation x4 runtime pack v2: 1 BAM, 0 timed, 2 frames, 0.00 MiB raw
[2026-10-04 01:55:10.301] [info] Prepared area-animation x4 runtime pack v2: 1 BAM, 1 timed, 8 frames, 0.00 MiB raw
[2026-10-04 01:55:10.302] [info] Prepared area-animation x4 runtime pack v2: 1 BAM, 1 timed, 4 frames, 0.00 MiB raw
[2026-10-04 01:55:10.307] [info] Prepared area-animation x4 runtime pack v3: 2 BAM, 2 timed, 4 frames, 0.00 MiB raw
[2026-10-04 01:55:10.312] [info] Prepared area-animation x4 runtime pack v3: 2 BAM, 2 timed, 4 frames, 0.00 MiB raw
[2026-10-04 01:55:10.312] [warning] Area-animation position miss: resref=TESTA, read=(-2147483648, -2147483648), no unbound fallback
[2026-10-04 01:55:10.313] [warning] Area-animation x4 runtime pack disabled: empty or duplicate area-animation resref
[2026-10-04 01:55:10.316] [warning] Area-animation x4 runtime pack disabled: unbound area-animation resource carries a position
[2026-10-04 01:55:10.322] [warning] Area-animation x4 runtime pack disabled: invalid area-animation position header
[2026-10-04 01:55:10.326] [info] Prepared area-animation x4 runtime pack v1: 1 BAM, 0 timed, 1 frames, 0.00 MiB raw
[2026-10-04 01:55:10.327] [info] Area-animation x4: per-area packs enabled from G:\AI\BG2_Upscale\engine\InfinityEngine-Enhancer\source-patchee\area-animation-registry-format-test\assets\areas
[2026-10-04 01:55:10.327] [info] Prepared area-animation x4 runtime pack v2: 1 BAM, 1 timed, 2 frames, 0.00 MiB raw
[2026-10-04 01:55:10.327] [info] Area-animation x4: no pack for area AR0000; the engine renders its own BAM
[2026-10-04 01:55:10.328] [warning] Area-animation x4 runtime pack disabled: invalid area-animation resource header
All InfinityEngine-Enhancer native tests passed
