[2026-10-04 12:54:34.746] [info] Creature sprite xBR catalog ready: scale=x2, 13 animations, 26 components, 26 resources, 1144 frames, 9372864 index bytes across 26 lazy content-addressed shards; catalog-version=V2; 26 authenticated directory entries; source=CreatureSprites-XN.catalog; filter=NEAREST; index cache budget=128 MiB; metadata cache budget=128 MiB; shard validation=background-on-demand
[2026-10-04 12:54:34.750] [info] Creature sprite catalog shard 0 ready on demand for animation 0xB000, resref ACOWG1: 1 resources, 23116 metadata bytes
[2026-10-04 12:54:34.794] [info] Creature sprite catalog shard 1 ready on demand for animation 0xB000, resref ACOWG1E: 1 resources, 22924 metadata bytes
[2026-10-04 12:54:34.840] [info] Creature sprite catalog shard 2 ready on demand for animation 0xB100, resref AHRSG1: 1 resources, 23688 metadata bytes
[2026-10-04 12:54:34.906] [info] Creature sprite catalog shard 3 ready on demand for animation 0xB100, resref AHRSG1E: 1 resources, 23784 metadata bytes
[2026-10-04 12:54:34.965] [info] Creature sprite catalog shard 4 ready on demand for animation 0xB200, resref NBEGLG1: 1 resources, 46724 metadata bytes
[2026-10-04 12:54:35.021] [info] Creature sprite catalog shard 5 ready on demand for animation 0xB200, resref NBEGLG1E: 1 resources, 46700 metadata bytes
[2026-10-04 12:54:35.066] [info] Creature sprite catalog shard 6 ready on demand for animation 0xB210, resref NPROLG1: 1 resources, 46724 metadata bytes
[2026-10-04 12:54:35.115] [info] Creature sprite catalog shard 7 ready on demand for animation 0xB210, resref NPROLG1E: 1 resources, 46700 metadata bytes
[2026-10-04 12:54:35.175] [info] Creature sprite catalog shard 8 ready on demand for animation 0xB300, resref NBOYLG1: 1 resources, 46516 metadata bytes
[2026-10-04 12:54:35.208] [info] Creature sprite catalog shard 9 ready on demand for animation 0xB300, resref NBOYLG1E: 1 resources, 46492 metadata bytes
[2026-10-04 12:54:35.239] [info] Creature sprite catalog shard 10 ready on demand for animation 0xB310, resref NGRLLG1: 1 resources, 46516 metadata bytes
[2026-10-04 12:54:35.283] [info] Creature sprite catalog shard 11 ready on demand for animation 0xB310, resref NGRLLG1E: 1 resources, 45260 metadata bytes
[2026-10-04 12:54:35.315] [info] Creature sprite catalog shard 12 ready on demand for animation 0xB400, resref NFAMLG1: 1 resources, 46516 metadata bytes
[2026-10-04 12:54:35.374] [info] Creature sprite catalog shard 13 ready on demand for animation 0xB400, resref NFAMLG1E: 1 resources, 46492 metadata bytes
[2026-10-04 12:54:35.434] [info] Creature sprite catalog shard 14 ready on demand for animation 0xB410, resref NFAWLG1: 1 resources, 46724 metadata bytes
[2026-10-04 12:54:35.502] [info] Creature sprite catalog shard 15 ready on demand for animation 0xB410, resref NFAWLG1E: 1 resources, 46700 metadata bytes
[2026-10-04 12:54:35.561] [info] Creature sprite catalog shard 16 ready on demand for animation 0xB500, resref NSIMLG1: 1 resources, 46516 metadata bytes
[2026-10-04 12:54:35.614] [info] Creature sprite catalog shard 17 ready on demand for animation 0xB500, resref NSIMLG1E: 1 resources, 46492 metadata bytes
[2026-10-04 12:54:35.674] [info] Creature sprite catalog shard 18 ready on demand for animation 0xB510, resref NSIWLG1: 1 resources, 46724 metadata bytes
[2026-10-04 12:54:35.732] [info] Creature sprite catalog shard 19 ready on demand for animation 0xB510, resref NSIWLG1E: 1 resources, 46700 metadata bytes
[2026-10-04 12:54:35.777] [info] Creature sprite catalog shard 20 ready on demand for animation 0xB600, resref NNOMLG1: 1 resources, 46724 metadata bytes
[2026-10-04 12:54:35.833] [info] Creature sprite catalog shard 21 ready on demand for animation 0xB600, resref NNOMLG1E: 1 resources, 46700 metadata bytes
[2026-10-04 12:54:35.892] [info] Creature sprite catalog shard 22 ready on demand for animation 0xB610, resref NNOWLG1: 1 resources, 46724 metadata bytes
[2026-10-04 12:54:35.960] [info] Creature sprite catalog shard 23 ready on demand for animation 0xB610, resref NNOWLG1E: 1 resources, 46700 metadata bytes
[2026-10-04 12:54:36.029] [info] Creature sprite catalog shard 24 ready on demand for animation 0xB700, resref NSLVLG1: 1 resources, 46516 metadata bytes
[2026-10-04 12:54:36.089] [info] Creature sprite catalog shard 25 ready on demand for animation 0xB700, resref NSLVLG1E: 1 resources, 46492 metadata bytes
{"resources":26,"frames":1144,"native_cycle_slots":13756,"decoded_pixels":168711552,"palette_encodings":3,"K":6,"passed":true}
