[2026-10-04 12:55:47.128] [info] Creature sprite xBR catalog ready: scale=x2, 104 animations, 4618 components, 4618 resources, 1589008 frames, 5307442980 index bytes across 4618 lazy content-addressed shards; catalog-version=V2; 50299 authenticated directory entries; source=CreatureSprites-XN.catalog; filter=NEAREST; index cache budget=128 MiB; metadata cache budget=128 MiB; shard validation=background-on-demand
[2026-10-04 12:55:47.131] [info] Creature sprite catalog shard 4592 ready on demand for animation 0xB000, resref ACOWG1: 1 resources, 23116 metadata bytes
[2026-10-04 12:55:47.180] [info] Creature sprite catalog shard 4593 ready on demand for animation 0xB000, resref ACOWG1E: 1 resources, 22924 metadata bytes
[2026-10-04 12:55:47.229] [info] Creature sprite catalog shard 4594 ready on demand for animation 0xB100, resref AHRSG1: 1 resources, 23688 metadata bytes
[2026-10-04 12:55:47.294] [info] Creature sprite catalog shard 4595 ready on demand for animation 0xB100, resref AHRSG1E: 1 resources, 23784 metadata bytes
[2026-10-04 12:55:47.353] [info] Creature sprite catalog shard 4596 ready on demand for animation 0xB200, resref NBEGLG1: 1 resources, 46724 metadata bytes
[2026-10-04 12:55:47.409] [info] Creature sprite catalog shard 4597 ready on demand for animation 0xB200, resref NBEGLG1E: 1 resources, 46700 metadata bytes
[2026-10-04 12:55:47.455] [info] Creature sprite catalog shard 4598 ready on demand for animation 0xB210, resref NPROLG1: 1 resources, 46724 metadata bytes
[2026-10-04 12:55:47.504] [info] Creature sprite catalog shard 4599 ready on demand for animation 0xB210, resref NPROLG1E: 1 resources, 46700 metadata bytes
[2026-10-04 12:55:47.563] [info] Creature sprite catalog shard 4600 ready on demand for animation 0xB300, resref NBOYLG1: 1 resources, 46516 metadata bytes
[2026-10-04 12:55:47.595] [info] Creature sprite catalog shard 4601 ready on demand for animation 0xB300, resref NBOYLG1E: 1 resources, 46492 metadata bytes
[2026-10-04 12:55:47.641] [info] Creature sprite catalog shard 4602 ready on demand for animation 0xB310, resref NGRLLG1: 1 resources, 46516 metadata bytes
[2026-10-04 12:55:47.670] [info] Creature sprite catalog shard 4603 ready on demand for animation 0xB310, resref NGRLLG1E: 1 resources, 45260 metadata bytes
[2026-10-04 12:55:47.702] [info] Creature sprite catalog shard 4604 ready on demand for animation 0xB400, resref NFAMLG1: 1 resources, 46516 metadata bytes
[2026-10-04 12:55:47.759] [info] Creature sprite catalog shard 4605 ready on demand for animation 0xB400, resref NFAMLG1E: 1 resources, 46492 metadata bytes
[2026-10-04 12:55:47.823] [info] Creature sprite catalog shard 4606 ready on demand for animation 0xB410, resref NFAWLG1: 1 resources, 46724 metadata bytes
[2026-10-04 12:55:47.886] [info] Creature sprite catalog shard 4607 ready on demand for animation 0xB410, resref NFAWLG1E: 1 resources, 46700 metadata bytes
[2026-10-04 12:55:47.947] [info] Creature sprite catalog shard 4608 ready on demand for animation 0xB500, resref NSIMLG1: 1 resources, 46516 metadata bytes
[2026-10-04 12:55:47.999] [info] Creature sprite catalog shard 4609 ready on demand for animation 0xB500, resref NSIMLG1E: 1 resources, 46492 metadata bytes
[2026-10-04 12:55:48.058] [info] Creature sprite catalog shard 4610 ready on demand for animation 0xB510, resref NSIWLG1: 1 resources, 46724 metadata bytes
[2026-10-04 12:55:48.116] [info] Creature sprite catalog shard 4611 ready on demand for animation 0xB510, resref NSIWLG1E: 1 resources, 46700 metadata bytes
[2026-10-04 12:55:48.163] [info] Creature sprite catalog shard 4612 ready on demand for animation 0xB600, resref NNOMLG1: 1 resources, 46724 metadata bytes
[2026-10-04 12:55:48.218] [info] Creature sprite catalog shard 4613 ready on demand for animation 0xB600, resref NNOMLG1E: 1 resources, 46700 metadata bytes
[2026-10-04 12:55:48.277] [info] Creature sprite catalog shard 4614 ready on demand for animation 0xB610, resref NNOWLG1: 1 resources, 46724 metadata bytes
[2026-10-04 12:55:48.353] [info] Creature sprite catalog shard 4615 ready on demand for animation 0xB610, resref NNOWLG1E: 1 resources, 46700 metadata bytes
[2026-10-04 12:55:48.419] [info] Creature sprite catalog shard 4616 ready on demand for animation 0xB700, resref NSLVLG1: 1 resources, 46516 metadata bytes
[2026-10-04 12:55:48.480] [info] Creature sprite catalog shard 4617 ready on demand for animation 0xB700, resref NSLVLG1E: 1 resources, 46492 metadata bytes
{"resources":26,"frames":1144,"native_cycle_slots":13756,"decoded_pixels":168711552,"palette_encodings":3,"K":6,"passed":true}
