[2026-10-04 16:56:25.330] [info] Creature sprite xBR catalog ready: scale=x2, 147 animations, 5736 components, 5736 resources, 1642525 frames, 5418442756 index bytes across 5736 lazy content-addressed shards; catalog-version=V2; 55252 authenticated directory entries; source=CreatureSprites-XN.catalog; filter=NEAREST; index cache budget=128 MiB; metadata cache budget=128 MiB; shard validation=background-on-demand
[2026-10-04 16:56:25.332] [info] Creature sprite catalog shard 5281 ready on demand for animation 0x6400, resref WPMJ0A5E: 1 resources, 17996 metadata bytes
[2026-10-04 16:56:25.341] [info] Creature sprite catalog shard 5282 ready on demand for animation 0x6400, resref WPMJ0A6: 1 resources, 36916 metadata bytes
[2026-10-04 16:56:25.360] [info] Creature sprite catalog shard 5283 ready on demand for animation 0x6400, resref WPMJ0A6E: 1 resources, 23112 metadata bytes
[2026-10-04 16:56:25.373] [info] Creature sprite catalog shard 5284 ready on demand for animation 0x6400, resref WPMJ0CA: 1 resources, 48684 metadata bytes
[2026-10-04 16:56:25.392] [info] Creature sprite catalog shard 5285 ready on demand for animation 0x6400, resref WPMJ0CAE: 1 resources, 30648 metadata bytes
[2026-10-04 16:56:25.407] [info] Creature sprite catalog shard 5286 ready on demand for animation 0x6400, resref WPMJ0G1: 1 resources, 161776 metadata bytes
[2026-10-04 16:56:25.449] [info] Creature sprite catalog shard 5287 ready on demand for animation 0x6400, resref WPMJ0G1E: 1 resources, 98544 metadata bytes
[2026-10-04 16:56:25.479] [info] Creature sprite catalog shard 5288 ready on demand for animation 0x6400, resref WPMJ0INV: 1 resources, 3924 metadata bytes
[2026-10-04 16:56:25.494] [info] Creature sprite catalog shard 5289 ready on demand for animation 0x6400, resref WPMJ0SA: 1 resources, 19796 metadata bytes
[2026-10-04 16:56:25.511] [info] Creature sprite catalog shard 5290 ready on demand for animation 0x6400, resref WPMJ0SAE: 1 resources, 12840 metadata bytes
[2026-10-04 16:56:25.524] [info] Creature sprite catalog shard 5291 ready on demand for animation 0x6400, resref WPMJ0SX: 1 resources, 15516 metadata bytes
[2026-10-04 16:56:25.541] [info] Creature sprite catalog shard 5292 ready on demand for animation 0x6400, resref WPMJ0SXE: 1 resources, 10252 metadata bytes
[2026-10-04 16:56:25.555] [info] Creature sprite catalog shard 5293 ready on demand for animation 0x6400, resref WPMJ0W2: 1 resources, 45424 metadata bytes
[2026-10-04 16:56:25.578] [info] Creature sprite catalog shard 5294 ready on demand for animation 0x6400, resref WPMJ0W2E: 1 resources, 28164 metadata bytes
[2026-10-04 16:56:25.590] [info] Creature sprite catalog shard 5295 ready on demand for animation 0x6400, resref WPMJ1A1: 1 resources, 45800 metadata bytes
[2026-10-04 16:56:25.609] [info] Creature sprite catalog shard 5296 ready on demand for animation 0x6400, resref WPMJ1A1E: 1 resources, 28528 metadata bytes
[2026-10-04 16:56:25.620] [info] Creature sprite catalog shard 5297 ready on demand for animation 0x6400, resref WPMJ1A2: 1 resources, 45476 metadata bytes
[2026-10-04 16:56:25.640] [info] Creature sprite catalog shard 5298 ready on demand for animation 0x6400, resref WPMJ1A2E: 1 resources, 28188 metadata bytes
[2026-10-04 16:56:25.652] [info] Creature sprite catalog shard 5299 ready on demand for animation 0x6400, resref WPMJ1A3: 1 resources, 45476 metadata bytes
[2026-10-04 16:56:25.671] [info] Creature sprite catalog shard 5300 ready on demand for animation 0x6400, resref WPMJ1A3E: 1 resources, 28188 metadata bytes
[2026-10-04 16:56:25.682] [info] Creature sprite catalog shard 5301 ready on demand for animation 0x6400, resref WPMJ1A4: 1 resources, 45476 metadata bytes
[2026-10-04 16:56:25.702] [info] Creature sprite catalog shard 5302 ready on demand for animation 0x6400, resref WPMJ1A4E: 1 resources, 28188 metadata bytes
[2026-10-04 16:56:25.713] [info] Creature sprite catalog shard 5303 ready on demand for animation 0x6400, resref WPMJ1A5: 1 resources, 28332 metadata bytes
[2026-10-04 16:56:25.729] [info] Creature sprite catalog shard 5304 ready on demand for animation 0x6400, resref WPMJ1A5E: 1 resources, 17996 metadata bytes
[2026-10-04 16:56:25.742] [info] Creature sprite catalog shard 5305 ready on demand for animation 0x6400, resref WPMJ1A6: 1 resources, 36916 metadata bytes
[2026-10-04 16:56:25.762] [info] Creature sprite catalog shard 5306 ready on demand for animation 0x6400, resref WPMJ1A6E: 1 resources, 23112 metadata bytes
[2026-10-04 16:56:25.774] [info] Creature sprite catalog shard 5307 ready on demand for animation 0x6400, resref WPMJ1CA: 1 resources, 48588 metadata bytes
[2026-10-04 16:56:25.794] [info] Creature sprite catalog shard 5308 ready on demand for animation 0x6400, resref WPMJ1CAE: 1 resources, 30648 metadata bytes
[2026-10-04 16:56:25.809] [info] Creature sprite catalog shard 5309 ready on demand for animation 0x6400, resref WPMJ1G1: 1 resources, 161776 metadata bytes
[2026-10-04 16:56:25.851] [info] Creature sprite catalog shard 5310 ready on demand for animation 0x6400, resref WPMJ1G1E: 1 resources, 98544 metadata bytes
[2026-10-04 16:56:25.882] [info] Creature sprite catalog shard 5311 ready on demand for animation 0x6400, resref WPMJ1INV: 1 resources, 3924 metadata bytes
[2026-10-04 16:56:25.896] [info] Creature sprite catalog shard 5312 ready on demand for animation 0x6400, resref WPMJ1SA: 1 resources, 19796 metadata bytes
[2026-10-04 16:56:25.912] [info] Creature sprite catalog shard 5313 ready on demand for animation 0x6400, resref WPMJ1SAE: 1 resources, 12840 metadata bytes
[2026-10-04 16:56:25.926] [info] Creature sprite catalog shard 5314 ready on demand for animation 0x6400, resref WPMJ1SX: 1 resources, 15516 metadata bytes
[2026-10-04 16:56:25.942] [info] Creature sprite catalog shard 5315 ready on demand for animation 0x6400, resref WPMJ1SXE: 1 resources, 10252 metadata bytes
[2026-10-04 16:56:25.957] [info] Creature sprite catalog shard 5316 ready on demand for animation 0x6400, resref WPMJ1W2: 1 resources, 45424 metadata bytes
[2026-10-04 16:56:25.980] [info] Creature sprite catalog shard 5317 ready on demand for animation 0x6400, resref WPMJ1W2E: 1 resources, 28164 metadata bytes
[2026-10-04 16:56:25.991] [info] Creature sprite catalog shard 5318 ready on demand for animation 0x6400, resref WPMJ2A1: 1 resources, 45800 metadata bytes
[2026-10-04 16:56:26.011] [info] Creature sprite catalog shard 5319 ready on demand for animation 0x6400, resref WPMJ2A1E: 1 resources, 28528 metadata bytes
[2026-10-04 16:56:26.023] [info] Creature sprite catalog shard 5320 ready on demand for animation 0x6400, resref WPMJ2A2: 1 resources, 45476 metadata bytes
[2026-10-04 16:56:26.042] [info] Creature sprite catalog shard 5321 ready on demand for animation 0x6400, resref WPMJ2A2E: 1 resources, 28188 metadata bytes
[2026-10-04 16:56:26.053] [info] Creature sprite catalog shard 5322 ready on demand for animation 0x6400, resref WPMJ2A3: 1 resources, 45476 metadata bytes
[2026-10-04 16:56:26.073] [info] Creature sprite catalog shard 5323 ready on demand for animation 0x6400, resref WPMJ2A3E: 1 resources, 28188 metadata bytes
[2026-10-04 16:56:26.084] [info] Creature sprite catalog shard 5324 ready on demand for animation 0x6400, resref WPMJ2A4: 1 resources, 45476 metadata bytes
[2026-10-04 16:56:26.103] [info] Creature sprite catalog shard 5325 ready on demand for animation 0x6400, resref WPMJ2A4E: 1 resources, 28188 metadata bytes
[2026-10-04 16:56:26.115] [info] Creature sprite catalog shard 5326 ready on demand for animation 0x6400, resref WPMJ2A5: 1 resources, 28332 metadata bytes
[2026-10-04 16:56:26.130] [info] Creature sprite catalog shard 5327 ready on demand for animation 0x6400, resref WPMJ2A5E: 1 resources, 17996 metadata bytes
[2026-10-04 16:56:26.143] [info] Creature sprite catalog shard 5328 ready on demand for animation 0x6400, resref WPMJ2A6: 1 resources, 36916 metadata bytes
[2026-10-04 16:56:26.162] [info] Creature sprite catalog shard 5329 ready on demand for animation 0x6400, resref WPMJ2A6E: 1 resources, 23112 metadata bytes
[2026-10-04 16:56:26.175] [info] Creature sprite catalog shard 5330 ready on demand for animation 0x6400, resref WPMJ2CA: 1 resources, 48588 metadata bytes
[2026-10-04 16:56:26.195] [info] Creature sprite catalog shard 5331 ready on demand for animation 0x6400, resref WPMJ2CAE: 1 resources, 30648 metadata bytes
[2026-10-04 16:56:26.209] [info] Creature sprite catalog shard 5332 ready on demand for animation 0x6400, resref WPMJ2G1: 1 resources, 161776 metadata bytes
[2026-10-04 16:56:26.253] [info] Creature sprite catalog shard 5333 ready on demand for animation 0x6400, resref WPMJ2G1E: 1 resources, 98544 metadata bytes
[2026-10-04 16:56:26.283] [info] Creature sprite catalog shard 5334 ready on demand for animation 0x6400, resref WPMJ2INV: 1 resources, 3924 metadata bytes
[2026-10-04 16:56:26.293] [info] Creature sprite catalog shard 5335 ready on demand for animation 0x6400, resref WPMJ2SA: 1 resources, 19796 metadata bytes
[2026-10-04 16:56:26.312] [info] Creature sprite catalog shard 5336 ready on demand for animation 0x6400, resref WPMJ2SAE: 1 resources, 12840 metadata bytes
[2026-10-04 16:56:26.326] [info] Creature sprite catalog shard 5337 ready on demand for animation 0x6400, resref WPMJ2SX: 1 resources, 15516 metadata bytes
[2026-10-04 16:56:26.341] [info] Creature sprite catalog shard 5338 ready on demand for animation 0x6400, resref WPMJ2SXE: 1 resources, 10252 metadata bytes
[2026-10-04 16:56:26.357] [info] Creature sprite catalog shard 5339 ready on demand for animation 0x6400, resref WPMJ2W2: 1 resources, 45424 metadata bytes
[2026-10-04 16:56:26.379] [info] Creature sprite catalog shard 5340 ready on demand for animation 0x6400, resref WPMJ2W2E: 1 resources, 28164 metadata bytes
[2026-10-04 16:56:26.391] [info] Creature sprite catalog shard 5341 ready on demand for animation 0x6400, resref WPMJ3A1: 1 resources, 45800 metadata bytes
[2026-10-04 16:56:26.411] [info] Creature sprite catalog shard 5342 ready on demand for animation 0x6400, resref WPMJ3A1E: 1 resources, 28528 metadata bytes
[2026-10-04 16:56:26.423] [info] Creature sprite catalog shard 5343 ready on demand for animation 0x6400, resref WPMJ3A2: 1 resources, 45476 metadata bytes
[2026-10-04 16:56:26.443] [info] Creature sprite catalog shard 5344 ready on demand for animation 0x6400, resref WPMJ3A2E: 1 resources, 28188 metadata bytes
[2026-10-04 16:56:26.454] [info] Creature sprite catalog shard 5345 ready on demand for animation 0x6400, resref WPMJ3A3: 1 resources, 45476 metadata bytes
[2026-10-04 16:56:26.473] [info] Creature sprite catalog shard 5346 ready on demand for animation 0x6400, resref WPMJ3A3E: 1 resources, 28188 metadata bytes
[2026-10-04 16:56:26.484] [info] Creature sprite catalog shard 5347 ready on demand for animation 0x6400, resref WPMJ3A4: 1 resources, 45476 metadata bytes
[2026-10-04 16:56:26.505] [info] Creature sprite catalog shard 5348 ready on demand for animation 0x6400, resref WPMJ3A4E: 1 resources, 28188 metadata bytes
[2026-10-04 16:56:26.515] [info] Creature sprite catalog shard 5349 ready on demand for animation 0x6400, resref WPMJ3A5: 1 resources, 28332 metadata bytes
[2026-10-04 16:56:26.532] [info] Creature sprite catalog shard 5350 ready on demand for animation 0x6400, resref WPMJ3A5E: 1 resources, 17996 metadata bytes
[2026-10-04 16:56:26.546] [info] Creature sprite catalog shard 5351 ready on demand for animation 0x6400, resref WPMJ3A6: 1 resources, 36916 metadata bytes
[2026-10-04 16:56:26.566] [info] Creature sprite catalog shard 5352 ready on demand for animation 0x6400, resref WPMJ3A6E: 1 resources, 23112 metadata bytes
[2026-10-04 16:56:26.576] [info] Creature sprite catalog shard 5353 ready on demand for animation 0x6400, resref WPMJ3CA: 1 resources, 48684 metadata bytes
[2026-10-04 16:56:26.597] [info] Creature sprite catalog shard 5354 ready on demand for animation 0x6400, resref WPMJ3CAE: 1 resources, 30648 metadata bytes
[2026-10-04 16:56:26.610] [info] Creature sprite catalog shard 5355 ready on demand for animation 0x6400, resref WPMJ3G1: 1 resources, 161776 metadata bytes
[2026-10-04 16:56:26.658] [info] Creature sprite catalog shard 5356 ready on demand for animation 0x6400, resref WPMJ3G1E: 1 resources, 98544 metadata bytes
[2026-10-04 16:56:26.689] [info] Creature sprite catalog shard 5357 ready on demand for animation 0x6400, resref WPMJ3INV: 1 resources, 3924 metadata bytes
[2026-10-04 16:56:26.699] [info] Creature sprite catalog shard 5358 ready on demand for animation 0x6400, resref WPMJ3SA: 1 resources, 19796 metadata bytes
[2026-10-04 16:56:26.716] [info] Creature sprite catalog shard 5359 ready on demand for animation 0x6400, resref WPMJ3SAE: 1 resources, 12840 metadata bytes
[2026-10-04 16:56:26.727] [info] Creature sprite catalog shard 5360 ready on demand for animation 0x6400, resref WPMJ3SX: 1 resources, 15516 metadata bytes
[2026-10-04 16:56:26.743] [info] Creature sprite catalog shard 5361 ready on demand for animation 0x6400, resref WPMJ3SXE: 1 resources, 10252 metadata bytes
[2026-10-04 16:56:26.759] [info] Creature sprite catalog shard 5362 ready on demand for animation 0x6400, resref WPMJ3W2: 1 resources, 45424 metadata bytes
[2026-10-04 16:56:26.783] [info] Creature sprite catalog shard 5363 ready on demand for animation 0x6400, resref WPMJ3W2E: 1 resources, 28164 metadata bytes
[2026-10-04 16:56:26.794] [info] Creature sprite catalog shard 5364 ready on demand for animation 0x6400, resref WPMJ4A1: 1 resources, 45800 metadata bytes
[2026-10-04 16:56:26.813] [info] Creature sprite catalog shard 5365 ready on demand for animation 0x6400, resref WPMJ4A1E: 1 resources, 28528 metadata bytes
[2026-10-04 16:56:26.825] [info] Creature sprite catalog shard 5366 ready on demand for animation 0x6400, resref WPMJ4A2: 1 resources, 45476 metadata bytes
[2026-10-04 16:56:26.845] [info] Creature sprite catalog shard 5367 ready on demand for animation 0x6400, resref WPMJ4A2E: 1 resources, 28188 metadata bytes
[2026-10-04 16:56:26.857] [info] Creature sprite catalog shard 5368 ready on demand for animation 0x6400, resref WPMJ4A3: 1 resources, 45476 metadata bytes
[2026-10-04 16:56:26.876] [info] Creature sprite catalog shard 5369 ready on demand for animation 0x6400, resref WPMJ4A3E: 1 resources, 28188 metadata bytes
[2026-10-04 16:56:26.887] [info] Creature sprite catalog shard 5370 ready on demand for animation 0x6400, resref WPMJ4A4: 1 resources, 45476 metadata bytes
[2026-10-04 16:56:26.907] [info] Creature sprite catalog shard 5371 ready on demand for animation 0x6400, resref WPMJ4A4E: 1 resources, 28188 metadata bytes
[2026-10-04 16:56:26.919] [info] Creature sprite catalog shard 5372 ready on demand for animation 0x6400, resref WPMJ4A5: 1 resources, 28332 metadata bytes
[2026-10-04 16:56:26.934] [info] Creature sprite catalog shard 5373 ready on demand for animation 0x6400, resref WPMJ4A5E: 1 resources, 17996 metadata bytes
[2026-10-04 16:56:26.947] [info] Creature sprite catalog shard 5374 ready on demand for animation 0x6400, resref WPMJ4A6: 1 resources, 36916 metadata bytes
[2026-10-04 16:56:26.968] [info] Creature sprite catalog shard 5375 ready on demand for animation 0x6400, resref WPMJ4A6E: 1 resources, 23112 metadata bytes
[2026-10-04 16:56:26.979] [info] Creature sprite catalog shard 5376 ready on demand for animation 0x6400, resref WPMJ4CA: 1 resources, 48588 metadata bytes
[2026-10-04 16:56:27.000] [info] Creature sprite catalog shard 5377 ready on demand for animation 0x6400, resref WPMJ4CAE: 1 resources, 30648 metadata bytes
[2026-10-04 16:56:27.014] [info] Creature sprite catalog shard 5378 ready on demand for animation 0x6400, resref WPMJ4G1: 1 resources, 161776 metadata bytes
[2026-10-04 16:56:27.062] [info] Creature sprite catalog shard 5379 ready on demand for animation 0x6400, resref WPMJ4G1E: 1 resources, 98544 metadata bytes
[2026-10-04 16:56:27.091] [info] Creature sprite catalog shard 5380 ready on demand for animation 0x6400, resref WPMJ4INV: 1 resources, 3924 metadata bytes
[2026-10-04 16:56:27.099] [info] Creature sprite catalog shard 5381 ready on demand for animation 0x6400, resref WPMJ4SA: 1 resources, 19796 metadata bytes
[2026-10-04 16:56:27.118] [info] Creature sprite catalog shard 5382 ready on demand for animation 0x6400, resref WPMJ4SAE: 1 resources, 12840 metadata bytes
[2026-10-04 16:56:27.130] [info] Creature sprite catalog shard 5383 ready on demand for animation 0x6400, resref WPMJ4SX: 1 resources, 15516 metadata bytes
[2026-10-04 16:56:27.146] [info] Creature sprite catalog shard 5384 ready on demand for animation 0x6400, resref WPMJ4SXE: 1 resources, 10252 metadata bytes
[2026-10-04 16:56:27.161] [info] Creature sprite catalog shard 5385 ready on demand for animation 0x6400, resref WPMJ4W2: 1 resources, 45424 metadata bytes
[2026-10-04 16:56:27.185] [info] Creature sprite catalog shard 5386 ready on demand for animation 0x6400, resref WPMJ4W2E: 1 resources, 28164 metadata bytes
[2026-10-04 16:56:27.197] [info] Creature sprite catalog shard 5387 ready on demand for animation 0x6400, resref WPMJ5A1: 1 resources, 45800 metadata bytes
[2026-10-04 16:56:27.216] [info] Creature sprite catalog shard 5388 ready on demand for animation 0x6400, resref WPMJ5A1E: 1 resources, 28528 metadata bytes
[2026-10-04 16:56:27.228] [info] Creature sprite catalog shard 5389 ready on demand for animation 0x6400, resref WPMJ5A2: 1 resources, 45476 metadata bytes
[2026-10-04 16:56:27.248] [info] Creature sprite catalog shard 5390 ready on demand for animation 0x6400, resref WPMJ5A2E: 1 resources, 28188 metadata bytes
[2026-10-04 16:56:27.260] [info] Creature sprite catalog shard 5391 ready on demand for animation 0x6400, resref WPMJ5A3: 1 resources, 45476 metadata bytes
[2026-10-04 16:56:27.280] [info] Creature sprite catalog shard 5392 ready on demand for animation 0x6400, resref WPMJ5A3E: 1 resources, 28188 metadata bytes
[2026-10-04 16:56:27.291] [info] Creature sprite catalog shard 5393 ready on demand for animation 0x6400, resref WPMJ5A4: 1 resources, 45476 metadata bytes
[2026-10-04 16:56:27.311] [info] Creature sprite catalog shard 5394 ready on demand for animation 0x6400, resref WPMJ5A4E: 1 resources, 28188 metadata bytes
[2026-10-04 16:56:27.321] [info] Creature sprite catalog shard 5395 ready on demand for animation 0x6400, resref WPMJ5A5: 1 resources, 28332 metadata bytes
[2026-10-04 16:56:27.336] [info] Creature sprite catalog shard 5396 ready on demand for animation 0x6400, resref WPMJ5A5E: 1 resources, 17996 metadata bytes
[2026-10-04 16:56:27.349] [info] Creature sprite catalog shard 5397 ready on demand for animation 0x6400, resref WPMJ5A6: 1 resources, 36916 metadata bytes
[2026-10-04 16:56:27.369] [info] Creature sprite catalog shard 5398 ready on demand for animation 0x6400, resref WPMJ5A6E: 1 resources, 23112 metadata bytes
[2026-10-04 16:56:27.382] [info] Creature sprite catalog shard 5399 ready on demand for animation 0x6400, resref WPMJ5CA: 1 resources, 48684 metadata bytes
[2026-10-04 16:56:27.403] [info] Creature sprite catalog shard 5400 ready on demand for animation 0x6400, resref WPMJ5CAE: 1 resources, 30648 metadata bytes
[2026-10-04 16:56:27.417] [info] Creature sprite catalog shard 5401 ready on demand for animation 0x6400, resref WPMJ5G1: 1 resources, 161776 metadata bytes
[2026-10-04 16:56:27.468] [info] Creature sprite catalog shard 5402 ready on demand for animation 0x6400, resref WPMJ5G1E: 1 resources, 98544 metadata bytes
[2026-10-04 16:56:27.494] [info] Creature sprite catalog shard 5403 ready on demand for animation 0x6400, resref WPMJ5INV: 1 resources, 3924 metadata bytes
[2026-10-04 16:56:27.502] [info] Creature sprite catalog shard 5404 ready on demand for animation 0x6400, resref WPMJ5SA: 1 resources, 19796 metadata bytes
[2026-10-04 16:56:27.520] [info] Creature sprite catalog shard 5405 ready on demand for animation 0x6400, resref WPMJ5SAE: 1 resources, 12840 metadata bytes
[2026-10-04 16:56:27.533] [info] Creature sprite catalog shard 5406 ready on demand for animation 0x6400, resref WPMJ5SX: 1 resources, 15516 metadata bytes
[2026-10-04 16:56:27.549] [info] Creature sprite catalog shard 5407 ready on demand for animation 0x6400, resref WPMJ5SXE: 1 resources, 10252 metadata bytes
[2026-10-04 16:56:27.564] [info] Creature sprite catalog shard 5408 ready on demand for animation 0x6400, resref WPMJ5W2: 1 resources, 45424 metadata bytes
{"resources":128,"frames":5248,"native_cycle_slots":19017,"decoded_pixels":69002064,"palette_encodings":3,"K":6,"passed":true}
