[2026-10-04 16:56:29.958] [info] Creature sprite xBR catalog ready: scale=x2, 147 animations, 5736 components, 5736 resources, 1642525 frames, 5418442756 index bytes across 5736 lazy content-addressed shards; catalog-version=V2; 55252 authenticated directory entries; source=CreatureSprites-XN.catalog; filter=NEAREST; index cache budget=128 MiB; metadata cache budget=128 MiB; shard validation=background-on-demand
[2026-10-04 16:56:29.959] [info] Creature sprite catalog shard 5537 ready on demand for animation 0x6400, resref WPMJBCA: 1 resources, 48684 metadata bytes
[2026-10-04 16:56:29.977] [info] Creature sprite catalog shard 5538 ready on demand for animation 0x6400, resref WPMJBCAE: 1 resources, 30648 metadata bytes
[2026-10-04 16:56:29.991] [info] Creature sprite catalog shard 5539 ready on demand for animation 0x6400, resref WPMJBG1: 1 resources, 161776 metadata bytes
[2026-10-04 16:56:30.018] [info] Creature sprite catalog shard 5540 ready on demand for animation 0x6400, resref WPMJBG1E: 1 resources, 98544 metadata bytes
[2026-10-04 16:56:30.028] [info] Creature sprite catalog shard 5541 ready on demand for animation 0x6400, resref WPMJBINV: 1 resources, 3924 metadata bytes
[2026-10-04 16:56:30.037] [info] Creature sprite catalog shard 5542 ready on demand for animation 0x6400, resref WPMJBSA: 1 resources, 19796 metadata bytes
[2026-10-04 16:56:30.051] [info] Creature sprite catalog shard 5543 ready on demand for animation 0x6400, resref WPMJBSAE: 1 resources, 12840 metadata bytes
[2026-10-04 16:56:30.066] [info] Creature sprite catalog shard 5544 ready on demand for animation 0x6400, resref WPMJBSX: 1 resources, 15516 metadata bytes
[2026-10-04 16:56:30.081] [info] Creature sprite catalog shard 5545 ready on demand for animation 0x6400, resref WPMJBSXE: 1 resources, 10252 metadata bytes
[2026-10-04 16:56:30.097] [info] Creature sprite catalog shard 5546 ready on demand for animation 0x6400, resref WPMJBW2: 1 resources, 45424 metadata bytes
[2026-10-04 16:56:30.142] [info] Creature sprite catalog shard 5547 ready on demand for animation 0x6400, resref WPMJBW2E: 1 resources, 28164 metadata bytes
[2026-10-04 16:56:30.161] [info] Creature sprite catalog shard 5548 ready on demand for animation 0x6400, resref WPMJCINV: 1 resources, 3924 metadata bytes
[2026-10-04 16:56:30.176] [info] Creature sprite catalog shard 5549 ready on demand for animation 0x6400, resref WPMM2A1: 1 resources, 46488 metadata bytes
[2026-10-04 16:56:30.201] [info] Creature sprite catalog shard 5550 ready on demand for animation 0x6400, resref WPMM2A1E: 1 resources, 28860 metadata bytes
[2026-10-04 16:56:30.212] [info] Creature sprite catalog shard 5551 ready on demand for animation 0x6400, resref WPMM2A3: 1 resources, 45476 metadata bytes
[2026-10-04 16:56:30.230] [info] Creature sprite catalog shard 5552 ready on demand for animation 0x6400, resref WPMM2A3E: 1 resources, 28188 metadata bytes
[2026-10-04 16:56:30.246] [info] Creature sprite catalog shard 5553 ready on demand for animation 0x6400, resref WPMM2G1: 1 resources, 161776 metadata bytes
[2026-10-04 16:56:30.290] [info] Creature sprite catalog shard 5554 ready on demand for animation 0x6400, resref WPMM2G1E: 1 resources, 98544 metadata bytes
[2026-10-04 16:56:30.322] [info] Creature sprite catalog shard 5555 ready on demand for animation 0x6400, resref WPMM2INV: 1 resources, 3924 metadata bytes
[2026-10-04 16:56:30.329] [info] Creature sprite catalog shard 5556 ready on demand for animation 0x6400, resref WPMM2OIN: 1 resources, 3924 metadata bytes
[2026-10-04 16:56:30.345] [info] Creature sprite catalog shard 5557 ready on demand for animation 0x6400, resref WPMM2W2: 1 resources, 45424 metadata bytes
[2026-10-04 16:56:30.369] [info] Creature sprite catalog shard 5558 ready on demand for animation 0x6400, resref WPMM2W2E: 1 resources, 28164 metadata bytes
[2026-10-04 16:56:30.382] [info] Creature sprite catalog shard 5559 ready on demand for animation 0x6400, resref WPMMCA1: 1 resources, 46488 metadata bytes
[2026-10-04 16:56:30.401] [info] Creature sprite catalog shard 5560 ready on demand for animation 0x6400, resref WPMMCA1E: 1 resources, 28860 metadata bytes
[2026-10-04 16:56:30.413] [info] Creature sprite catalog shard 5561 ready on demand for animation 0x6400, resref WPMMCA3: 1 resources, 45476 metadata bytes
[2026-10-04 16:56:30.432] [info] Creature sprite catalog shard 5562 ready on demand for animation 0x6400, resref WPMMCA3E: 1 resources, 28188 metadata bytes
[2026-10-04 16:56:30.447] [info] Creature sprite catalog shard 5563 ready on demand for animation 0x6400, resref WPMMCG1: 1 resources, 161776 metadata bytes
[2026-10-04 16:56:30.493] [info] Creature sprite catalog shard 5564 ready on demand for animation 0x6400, resref WPMMCG1E: 1 resources, 98544 metadata bytes
[2026-10-04 16:56:30.523] [info] Creature sprite catalog shard 5565 ready on demand for animation 0x6400, resref WPMMCINV: 1 resources, 3924 metadata bytes
[2026-10-04 16:56:30.529] [info] Creature sprite catalog shard 5566 ready on demand for animation 0x6400, resref WPMMCOIN: 1 resources, 3924 metadata bytes
[2026-10-04 16:56:30.546] [info] Creature sprite catalog shard 5567 ready on demand for animation 0x6400, resref WPMMCW2: 1 resources, 45424 metadata bytes
[2026-10-04 16:56:30.570] [info] Creature sprite catalog shard 5568 ready on demand for animation 0x6400, resref WPMMCW2E: 1 resources, 28164 metadata bytes
[2026-10-04 16:56:30.584] [info] Creature sprite catalog shard 5569 ready on demand for animation 0x6400, resref WPMMSA1: 1 resources, 46488 metadata bytes
[2026-10-04 16:56:30.604] [info] Creature sprite catalog shard 5570 ready on demand for animation 0x6400, resref WPMMSA1E: 1 resources, 28860 metadata bytes
[2026-10-04 16:56:30.615] [info] Creature sprite catalog shard 5571 ready on demand for animation 0x6400, resref WPMMSA3: 1 resources, 45476 metadata bytes
[2026-10-04 16:56:30.633] [info] Creature sprite catalog shard 5572 ready on demand for animation 0x6400, resref WPMMSA3E: 1 resources, 28188 metadata bytes
[2026-10-04 16:56:30.649] [info] Creature sprite catalog shard 5573 ready on demand for animation 0x6400, resref WPMMSG1: 1 resources, 161776 metadata bytes
[2026-10-04 16:56:30.693] [info] Creature sprite catalog shard 5574 ready on demand for animation 0x6400, resref WPMMSG1E: 1 resources, 98544 metadata bytes
[2026-10-04 16:56:30.724] [info] Creature sprite catalog shard 5575 ready on demand for animation 0x6400, resref WPMMSINV: 1 resources, 3924 metadata bytes
[2026-10-04 16:56:30.731] [info] Creature sprite catalog shard 5576 ready on demand for animation 0x6400, resref WPMMSOIN: 1 resources, 3924 metadata bytes
[2026-10-04 16:56:30.748] [info] Creature sprite catalog shard 5577 ready on demand for animation 0x6400, resref WPMMSW2: 1 resources, 45424 metadata bytes
[2026-10-04 16:56:30.771] [info] Creature sprite catalog shard 5578 ready on demand for animation 0x6400, resref WPMMSW2E: 1 resources, 28164 metadata bytes
[2026-10-04 16:56:30.785] [info] Creature sprite catalog shard 5579 ready on demand for animation 0x6400, resref WPMQ2A2: 1 resources, 45476 metadata bytes
[2026-10-04 16:56:30.814] [info] Creature sprite catalog shard 5580 ready on demand for animation 0x6400, resref WPMQ2A2E: 1 resources, 28188 metadata bytes
[2026-10-04 16:56:30.836] [info] Creature sprite catalog shard 5581 ready on demand for animation 0x6400, resref WPMQ2A4: 1 resources, 45476 metadata bytes
[2026-10-04 16:56:30.856] [info] Creature sprite catalog shard 5582 ready on demand for animation 0x6400, resref WPMQ2A4E: 1 resources, 28188 metadata bytes
[2026-10-04 16:56:30.881] [info] Creature sprite catalog shard 5583 ready on demand for animation 0x6400, resref WPMQ2A6: 1 resources, 36916 metadata bytes
[2026-10-04 16:56:30.900] [info] Creature sprite catalog shard 5584 ready on demand for animation 0x6400, resref WPMQ2A6E: 1 resources, 23112 metadata bytes
[2026-10-04 16:56:30.930] [info] Creature sprite catalog shard 5585 ready on demand for animation 0x6400, resref WPMQ2G1: 1 resources, 161776 metadata bytes
[2026-10-04 16:56:30.997] [info] Creature sprite catalog shard 5586 ready on demand for animation 0x6400, resref WPMQ2G1E: 1 resources, 98544 metadata bytes
[2026-10-04 16:56:31.050] [info] Creature sprite catalog shard 5587 ready on demand for animation 0x6400, resref WPMQ2INV: 1 resources, 3924 metadata bytes
[2026-10-04 16:56:31.057] [info] Creature sprite catalog shard 5588 ready on demand for animation 0x6400, resref WPMQ2W2: 1 resources, 45424 metadata bytes
[2026-10-04 16:56:31.088] [info] Creature sprite catalog shard 5589 ready on demand for animation 0x6400, resref WPMQ2W2E: 1 resources, 28164 metadata bytes
[2026-10-04 16:56:31.116] [info] Creature sprite catalog shard 5590 ready on demand for animation 0x6400, resref WPMQ3A2: 1 resources, 45476 metadata bytes
[2026-10-04 16:56:31.140] [info] Creature sprite catalog shard 5591 ready on demand for animation 0x6400, resref WPMQ3A2E: 1 resources, 28188 metadata bytes
[2026-10-04 16:56:31.161] [info] Creature sprite catalog shard 5592 ready on demand for animation 0x6400, resref WPMQ3A4: 1 resources, 45476 metadata bytes
[2026-10-04 16:56:31.192] [info] Creature sprite catalog shard 5593 ready on demand for animation 0x6400, resref WPMQ3A4E: 1 resources, 28188 metadata bytes
[2026-10-04 16:56:31.209] [info] Creature sprite catalog shard 5594 ready on demand for animation 0x6400, resref WPMQ3A6: 1 resources, 36916 metadata bytes
[2026-10-04 16:56:31.240] [info] Creature sprite catalog shard 5595 ready on demand for animation 0x6400, resref WPMQ3A6E: 1 resources, 23112 metadata bytes
[2026-10-04 16:56:31.269] [info] Creature sprite catalog shard 5596 ready on demand for animation 0x6400, resref WPMQ3G1: 1 resources, 161776 metadata bytes
[2026-10-04 16:56:31.351] [info] Creature sprite catalog shard 5597 ready on demand for animation 0x6400, resref WPMQ3G1E: 1 resources, 98544 metadata bytes
[2026-10-04 16:56:31.407] [info] Creature sprite catalog shard 5598 ready on demand for animation 0x6400, resref WPMQ3INV: 1 resources, 3924 metadata bytes
[2026-10-04 16:56:31.413] [info] Creature sprite catalog shard 5599 ready on demand for animation 0x6400, resref WPMQ3W2: 1 resources, 45424 metadata bytes
[2026-10-04 16:56:31.446] [info] Creature sprite catalog shard 5600 ready on demand for animation 0x6400, resref WPMQ3W2E: 1 resources, 28164 metadata bytes
[2026-10-04 16:56:31.473] [info] Creature sprite catalog shard 5601 ready on demand for animation 0x6400, resref WPMQ4A2: 1 resources, 45476 metadata bytes
[2026-10-04 16:56:31.511] [info] Creature sprite catalog shard 5602 ready on demand for animation 0x6400, resref WPMQ4A2E: 1 resources, 28188 metadata bytes
[2026-10-04 16:56:31.532] [info] Creature sprite catalog shard 5603 ready on demand for animation 0x6400, resref WPMQ4A4: 1 resources, 45476 metadata bytes
[2026-10-04 16:56:31.553] [info] Creature sprite catalog shard 5604 ready on demand for animation 0x6400, resref WPMQ4A4E: 1 resources, 28188 metadata bytes
[2026-10-04 16:56:31.578] [info] Creature sprite catalog shard 5605 ready on demand for animation 0x6400, resref WPMQ4A6: 1 resources, 36916 metadata bytes
[2026-10-04 16:56:31.597] [info] Creature sprite catalog shard 5606 ready on demand for animation 0x6400, resref WPMQ4A6E: 1 resources, 23112 metadata bytes
[2026-10-04 16:56:31.627] [info] Creature sprite catalog shard 5607 ready on demand for animation 0x6400, resref WPMQ4G1: 1 resources, 161776 metadata bytes
[2026-10-04 16:56:31.697] [info] Creature sprite catalog shard 5608 ready on demand for animation 0x6400, resref WPMQ4G1E: 1 resources, 98544 metadata bytes
[2026-10-04 16:56:31.747] [info] Creature sprite catalog shard 5609 ready on demand for animation 0x6400, resref WPMQ4INV: 1 resources, 3924 metadata bytes
[2026-10-04 16:56:31.754] [info] Creature sprite catalog shard 5610 ready on demand for animation 0x6400, resref WPMQ4W2: 1 resources, 45424 metadata bytes
[2026-10-04 16:56:31.785] [info] Creature sprite catalog shard 5611 ready on demand for animation 0x6400, resref WPMQ4W2E: 1 resources, 28164 metadata bytes
[2026-10-04 16:56:31.813] [info] Creature sprite catalog shard 5612 ready on demand for animation 0x6400, resref WPMQSA2: 1 resources, 45476 metadata bytes
[2026-10-04 16:56:31.852] [info] Creature sprite catalog shard 5613 ready on demand for animation 0x6400, resref WPMQSA2E: 1 resources, 28188 metadata bytes
[2026-10-04 16:56:31.873] [info] Creature sprite catalog shard 5614 ready on demand for animation 0x6400, resref WPMQSA4: 1 resources, 45476 metadata bytes
[2026-10-04 16:56:31.893] [info] Creature sprite catalog shard 5615 ready on demand for animation 0x6400, resref WPMQSA4E: 1 resources, 28188 metadata bytes
[2026-10-04 16:56:31.919] [info] Creature sprite catalog shard 5616 ready on demand for animation 0x6400, resref WPMQSA6: 1 resources, 36916 metadata bytes
[2026-10-04 16:56:31.937] [info] Creature sprite catalog shard 5617 ready on demand for animation 0x6400, resref WPMQSA6E: 1 resources, 23112 metadata bytes
[2026-10-04 16:56:31.966] [info] Creature sprite catalog shard 5618 ready on demand for animation 0x6400, resref WPMQSG1: 1 resources, 161776 metadata bytes
[2026-10-04 16:56:32.037] [info] Creature sprite catalog shard 5619 ready on demand for animation 0x6400, resref WPMQSG1E: 1 resources, 98544 metadata bytes
[2026-10-04 16:56:32.089] [info] Creature sprite catalog shard 5620 ready on demand for animation 0x6400, resref WPMQSINV: 1 resources, 3924 metadata bytes
[2026-10-04 16:56:32.093] [info] Creature sprite catalog shard 5621 ready on demand for animation 0x6400, resref WPMQSW2: 1 resources, 45424 metadata bytes
[2026-10-04 16:56:32.126] [info] Creature sprite catalog shard 5622 ready on demand for animation 0x6400, resref WPMQSW2E: 1 resources, 28164 metadata bytes
[2026-10-04 16:56:32.152] [info] Creature sprite catalog shard 5623 ready on demand for animation 0x6400, resref WPMS0A1: 1 resources, 46488 metadata bytes
[2026-10-04 16:56:32.182] [info] Creature sprite catalog shard 5624 ready on demand for animation 0x6400, resref WPMS0A1E: 1 resources, 28860 metadata bytes
[2026-10-04 16:56:32.192] [info] Creature sprite catalog shard 5625 ready on demand for animation 0x6400, resref WPMS0A3: 1 resources, 45476 metadata bytes
[2026-10-04 16:56:32.211] [info] Creature sprite catalog shard 5626 ready on demand for animation 0x6400, resref WPMS0A3E: 1 resources, 28188 metadata bytes
[2026-10-04 16:56:32.222] [info] Creature sprite catalog shard 5627 ready on demand for animation 0x6400, resref WPMS0A5: 1 resources, 28332 metadata bytes
[2026-10-04 16:56:32.236] [info] Creature sprite catalog shard 5628 ready on demand for animation 0x6400, resref WPMS0A5E: 1 resources, 17996 metadata bytes
[2026-10-04 16:56:32.252] [info] Creature sprite catalog shard 5629 ready on demand for animation 0x6400, resref WPMS0G1: 1 resources, 161776 metadata bytes
[2026-10-04 16:56:32.308] [info] Creature sprite catalog shard 5630 ready on demand for animation 0x6400, resref WPMS0G1E: 1 resources, 98544 metadata bytes
[2026-10-04 16:56:32.353] [info] Creature sprite catalog shard 5631 ready on demand for animation 0x6400, resref WPMS0INV: 1 resources, 3924 metadata bytes
[2026-10-04 16:56:32.368] [info] Creature sprite catalog shard 5632 ready on demand for animation 0x6400, resref WPMS0OIN: 1 resources, 3924 metadata bytes
[2026-10-04 16:56:32.384] [info] Creature sprite catalog shard 5633 ready on demand for animation 0x6400, resref WPMS0W2: 1 resources, 45424 metadata bytes
[2026-10-04 16:56:32.410] [info] Creature sprite catalog shard 5634 ready on demand for animation 0x6400, resref WPMS0W2E: 1 resources, 28164 metadata bytes
[2026-10-04 16:56:32.423] [info] Creature sprite catalog shard 5635 ready on demand for animation 0x6400, resref WPMS1A1: 1 resources, 46488 metadata bytes
[2026-10-04 16:56:32.443] [info] Creature sprite catalog shard 5636 ready on demand for animation 0x6400, resref WPMS1A1E: 1 resources, 28860 metadata bytes
[2026-10-04 16:56:32.454] [info] Creature sprite catalog shard 5637 ready on demand for animation 0x6400, resref WPMS1A3: 1 resources, 45476 metadata bytes
[2026-10-04 16:56:32.473] [info] Creature sprite catalog shard 5638 ready on demand for animation 0x6400, resref WPMS1A3E: 1 resources, 28188 metadata bytes
[2026-10-04 16:56:32.484] [info] Creature sprite catalog shard 5639 ready on demand for animation 0x6400, resref WPMS1A5: 1 resources, 28332 metadata bytes
[2026-10-04 16:56:32.498] [info] Creature sprite catalog shard 5640 ready on demand for animation 0x6400, resref WPMS1A5E: 1 resources, 17996 metadata bytes
[2026-10-04 16:56:32.513] [info] Creature sprite catalog shard 5641 ready on demand for animation 0x6400, resref WPMS1G1: 1 resources, 161776 metadata bytes
[2026-10-04 16:56:32.570] [info] Creature sprite catalog shard 5642 ready on demand for animation 0x6400, resref WPMS1G1E: 1 resources, 98544 metadata bytes
[2026-10-04 16:56:32.614] [info] Creature sprite catalog shard 5643 ready on demand for animation 0x6400, resref WPMS1INV: 1 resources, 3924 metadata bytes
[2026-10-04 16:56:32.630] [info] Creature sprite catalog shard 5644 ready on demand for animation 0x6400, resref WPMS1OIN: 1 resources, 3924 metadata bytes
[2026-10-04 16:56:32.646] [info] Creature sprite catalog shard 5645 ready on demand for animation 0x6400, resref WPMS1W2: 1 resources, 45424 metadata bytes
[2026-10-04 16:56:32.673] [info] Creature sprite catalog shard 5646 ready on demand for animation 0x6400, resref WPMS1W2E: 1 resources, 28164 metadata bytes
[2026-10-04 16:56:32.686] [info] Creature sprite catalog shard 5647 ready on demand for animation 0x6400, resref WPMS2A2: 1 resources, 45476 metadata bytes
[2026-10-04 16:56:32.708] [info] Creature sprite catalog shard 5648 ready on demand for animation 0x6400, resref WPMS2A2E: 1 resources, 28188 metadata bytes
[2026-10-04 16:56:32.732] [info] Creature sprite catalog shard 5649 ready on demand for animation 0x6400, resref WPMS2A4: 1 resources, 45476 metadata bytes
[2026-10-04 16:56:32.752] [info] Creature sprite catalog shard 5650 ready on demand for animation 0x6400, resref WPMS2A4E: 1 resources, 28188 metadata bytes
[2026-10-04 16:56:32.778] [info] Creature sprite catalog shard 5651 ready on demand for animation 0x6400, resref WPMS2A6: 1 resources, 36916 metadata bytes
[2026-10-04 16:56:32.795] [info] Creature sprite catalog shard 5652 ready on demand for animation 0x6400, resref WPMS2A6E: 1 resources, 23112 metadata bytes
[2026-10-04 16:56:32.809] [info] Creature sprite catalog shard 5653 ready on demand for animation 0x6400, resref WPMS2G1: 1 resources, 161776 metadata bytes
[2026-10-04 16:56:32.870] [info] Creature sprite catalog shard 5654 ready on demand for animation 0x6400, resref WPMS2G1E: 1 resources, 98544 metadata bytes
[2026-10-04 16:56:32.912] [info] Creature sprite catalog shard 5655 ready on demand for animation 0x6400, resref WPMS2INV: 1 resources, 3924 metadata bytes
[2026-10-04 16:56:32.923] [info] Creature sprite catalog shard 5656 ready on demand for animation 0x6400, resref WPMS2W2: 1 resources, 45424 metadata bytes
[2026-10-04 16:56:32.954] [info] Creature sprite catalog shard 5657 ready on demand for animation 0x6400, resref WPMS2W2E: 1 resources, 28164 metadata bytes
[2026-10-04 16:56:32.981] [info] Creature sprite catalog shard 5658 ready on demand for animation 0x6400, resref WPMS3A1: 1 resources, 46488 metadata bytes
[2026-10-04 16:56:32.999] [info] Creature sprite catalog shard 5659 ready on demand for animation 0x6400, resref WPMS3A1E: 1 resources, 28860 metadata bytes
[2026-10-04 16:56:33.025] [info] Creature sprite catalog shard 5660 ready on demand for animation 0x6400, resref WPMS3A3: 1 resources, 45476 metadata bytes
[2026-10-04 16:56:33.044] [info] Creature sprite catalog shard 5661 ready on demand for animation 0x6400, resref WPMS3A3E: 1 resources, 28188 metadata bytes
[2026-10-04 16:56:33.055] [info] Creature sprite catalog shard 5662 ready on demand for animation 0x6400, resref WPMS3A5: 1 resources, 28332 metadata bytes
[2026-10-04 16:56:33.069] [info] Creature sprite catalog shard 5663 ready on demand for animation 0x6400, resref WPMS3A5E: 1 resources, 17996 metadata bytes
[2026-10-04 16:56:33.084] [info] Creature sprite catalog shard 5664 ready on demand for animation 0x6400, resref WPMS3G1: 1 resources, 161776 metadata bytes
{"resources":128,"frames":6622,"native_cycle_slots":23778,"decoded_pixels":202990608,"palette_encodings":3,"K":6,"passed":true}
