[2026-10-04 16:56:22.752] [info] Creature sprite xBR catalog ready: scale=x2, 147 animations, 5736 components, 5736 resources, 1642525 frames, 5418442756 index bytes across 5736 lazy content-addressed shards; catalog-version=V2; 55252 authenticated directory entries; source=CreatureSprites-XN.catalog; filter=NEAREST; index cache budget=128 MiB; metadata cache budget=128 MiB; shard validation=background-on-demand
[2026-10-04 16:56:22.753] [info] Creature sprite catalog shard 5153 ready on demand for animation 0x6400, resref WPMH3A4E: 1 resources, 28188 metadata bytes
[2026-10-04 16:56:22.761] [info] Creature sprite catalog shard 5154 ready on demand for animation 0x6400, resref WPMH3A5: 1 resources, 28332 metadata bytes
[2026-10-04 16:56:22.775] [info] Creature sprite catalog shard 5155 ready on demand for animation 0x6400, resref WPMH3A5E: 1 resources, 17996 metadata bytes
[2026-10-04 16:56:22.790] [info] Creature sprite catalog shard 5156 ready on demand for animation 0x6400, resref WPMH3A6: 1 resources, 36916 metadata bytes
[2026-10-04 16:56:22.809] [info] Creature sprite catalog shard 5157 ready on demand for animation 0x6400, resref WPMH3A6E: 1 resources, 23112 metadata bytes
[2026-10-04 16:56:22.822] [info] Creature sprite catalog shard 5158 ready on demand for animation 0x6400, resref WPMH3CA: 1 resources, 48588 metadata bytes
[2026-10-04 16:56:22.842] [info] Creature sprite catalog shard 5159 ready on demand for animation 0x6400, resref WPMH3CAE: 1 resources, 30648 metadata bytes
[2026-10-04 16:56:22.856] [info] Creature sprite catalog shard 5160 ready on demand for animation 0x6400, resref WPMH3G1: 1 resources, 161776 metadata bytes
[2026-10-04 16:56:22.897] [info] Creature sprite catalog shard 5161 ready on demand for animation 0x6400, resref WPMH3G1E: 1 resources, 98544 metadata bytes
[2026-10-04 16:56:22.931] [info] Creature sprite catalog shard 5162 ready on demand for animation 0x6400, resref WPMH3INV: 1 resources, 3924 metadata bytes
[2026-10-04 16:56:22.944] [info] Creature sprite catalog shard 5163 ready on demand for animation 0x6400, resref WPMH3SA: 1 resources, 19796 metadata bytes
[2026-10-04 16:56:22.961] [info] Creature sprite catalog shard 5164 ready on demand for animation 0x6400, resref WPMH3SAE: 1 resources, 12840 metadata bytes
[2026-10-04 16:56:22.975] [info] Creature sprite catalog shard 5165 ready on demand for animation 0x6400, resref WPMH3SX: 1 resources, 15516 metadata bytes
[2026-10-04 16:56:22.990] [info] Creature sprite catalog shard 5166 ready on demand for animation 0x6400, resref WPMH3SXE: 1 resources, 10252 metadata bytes
[2026-10-04 16:56:23.005] [info] Creature sprite catalog shard 5167 ready on demand for animation 0x6400, resref WPMH3W2: 1 resources, 45424 metadata bytes
[2026-10-04 16:56:23.028] [info] Creature sprite catalog shard 5168 ready on demand for animation 0x6400, resref WPMH3W2E: 1 resources, 28164 metadata bytes
[2026-10-04 16:56:23.040] [info] Creature sprite catalog shard 5169 ready on demand for animation 0x6400, resref WPMH4A1: 1 resources, 45800 metadata bytes
[2026-10-04 16:56:23.062] [info] Creature sprite catalog shard 5170 ready on demand for animation 0x6400, resref WPMH4A1E: 1 resources, 28528 metadata bytes
[2026-10-04 16:56:23.073] [info] Creature sprite catalog shard 5171 ready on demand for animation 0x6400, resref WPMH4A2: 1 resources, 45476 metadata bytes
[2026-10-04 16:56:23.093] [info] Creature sprite catalog shard 5172 ready on demand for animation 0x6400, resref WPMH4A2E: 1 resources, 28188 metadata bytes
[2026-10-04 16:56:23.104] [info] Creature sprite catalog shard 5173 ready on demand for animation 0x6400, resref WPMH4A3: 1 resources, 45476 metadata bytes
[2026-10-04 16:56:23.124] [info] Creature sprite catalog shard 5174 ready on demand for animation 0x6400, resref WPMH4A3E: 1 resources, 28188 metadata bytes
[2026-10-04 16:56:23.135] [info] Creature sprite catalog shard 5175 ready on demand for animation 0x6400, resref WPMH4A4: 1 resources, 45476 metadata bytes
[2026-10-04 16:56:23.154] [info] Creature sprite catalog shard 5176 ready on demand for animation 0x6400, resref WPMH4A4E: 1 resources, 28188 metadata bytes
[2026-10-04 16:56:23.165] [info] Creature sprite catalog shard 5177 ready on demand for animation 0x6400, resref WPMH4A5: 1 resources, 28332 metadata bytes
[2026-10-04 16:56:23.180] [info] Creature sprite catalog shard 5178 ready on demand for animation 0x6400, resref WPMH4A5E: 1 resources, 17996 metadata bytes
[2026-10-04 16:56:23.193] [info] Creature sprite catalog shard 5179 ready on demand for animation 0x6400, resref WPMH4A6: 1 resources, 36916 metadata bytes
[2026-10-04 16:56:23.214] [info] Creature sprite catalog shard 5180 ready on demand for animation 0x6400, resref WPMH4A6E: 1 resources, 23112 metadata bytes
[2026-10-04 16:56:23.227] [info] Creature sprite catalog shard 5181 ready on demand for animation 0x6400, resref WPMH4CA: 1 resources, 48588 metadata bytes
[2026-10-04 16:56:23.247] [info] Creature sprite catalog shard 5182 ready on demand for animation 0x6400, resref WPMH4CAE: 1 resources, 30648 metadata bytes
[2026-10-04 16:56:23.261] [info] Creature sprite catalog shard 5183 ready on demand for animation 0x6400, resref WPMH4G1: 1 resources, 161776 metadata bytes
[2026-10-04 16:56:23.313] [info] Creature sprite catalog shard 5184 ready on demand for animation 0x6400, resref WPMH4G1E: 1 resources, 98544 metadata bytes
[2026-10-04 16:56:23.354] [info] Creature sprite catalog shard 5185 ready on demand for animation 0x6400, resref WPMH4INV: 1 resources, 3924 metadata bytes
[2026-10-04 16:56:23.362] [info] Creature sprite catalog shard 5186 ready on demand for animation 0x6400, resref WPMH4SA: 1 resources, 19796 metadata bytes
[2026-10-04 16:56:23.379] [info] Creature sprite catalog shard 5187 ready on demand for animation 0x6400, resref WPMH4SAE: 1 resources, 12840 metadata bytes
[2026-10-04 16:56:23.392] [info] Creature sprite catalog shard 5188 ready on demand for animation 0x6400, resref WPMH4SX: 1 resources, 15516 metadata bytes
[2026-10-04 16:56:23.408] [info] Creature sprite catalog shard 5189 ready on demand for animation 0x6400, resref WPMH4SXE: 1 resources, 10252 metadata bytes
[2026-10-04 16:56:23.423] [info] Creature sprite catalog shard 5190 ready on demand for animation 0x6400, resref WPMH4W2: 1 resources, 45424 metadata bytes
[2026-10-04 16:56:23.448] [info] Creature sprite catalog shard 5191 ready on demand for animation 0x6400, resref WPMH4W2E: 1 resources, 28164 metadata bytes
[2026-10-04 16:56:23.459] [info] Creature sprite catalog shard 5192 ready on demand for animation 0x6400, resref WPMH5A1: 1 resources, 45800 metadata bytes
[2026-10-04 16:56:23.477] [info] Creature sprite catalog shard 5193 ready on demand for animation 0x6400, resref WPMH5A1E: 1 resources, 28528 metadata bytes
[2026-10-04 16:56:23.488] [info] Creature sprite catalog shard 5194 ready on demand for animation 0x6400, resref WPMH5A2: 1 resources, 45476 metadata bytes
[2026-10-04 16:56:23.507] [info] Creature sprite catalog shard 5195 ready on demand for animation 0x6400, resref WPMH5A2E: 1 resources, 28188 metadata bytes
[2026-10-04 16:56:23.519] [info] Creature sprite catalog shard 5196 ready on demand for animation 0x6400, resref WPMH5A3: 1 resources, 45476 metadata bytes
[2026-10-04 16:56:23.538] [info] Creature sprite catalog shard 5197 ready on demand for animation 0x6400, resref WPMH5A3E: 1 resources, 28188 metadata bytes
[2026-10-04 16:56:23.550] [info] Creature sprite catalog shard 5198 ready on demand for animation 0x6400, resref WPMH5A4: 1 resources, 45476 metadata bytes
[2026-10-04 16:56:23.569] [info] Creature sprite catalog shard 5199 ready on demand for animation 0x6400, resref WPMH5A4E: 1 resources, 28188 metadata bytes
[2026-10-04 16:56:23.580] [info] Creature sprite catalog shard 5200 ready on demand for animation 0x6400, resref WPMH5A5: 1 resources, 28332 metadata bytes
[2026-10-04 16:56:23.596] [info] Creature sprite catalog shard 5201 ready on demand for animation 0x6400, resref WPMH5A5E: 1 resources, 17996 metadata bytes
[2026-10-04 16:56:23.609] [info] Creature sprite catalog shard 5202 ready on demand for animation 0x6400, resref WPMH5A6: 1 resources, 36916 metadata bytes
[2026-10-04 16:56:23.629] [info] Creature sprite catalog shard 5203 ready on demand for animation 0x6400, resref WPMH5A6E: 1 resources, 23112 metadata bytes
[2026-10-04 16:56:23.642] [info] Creature sprite catalog shard 5204 ready on demand for animation 0x6400, resref WPMH5CA: 1 resources, 48684 metadata bytes
[2026-10-04 16:56:23.662] [info] Creature sprite catalog shard 5205 ready on demand for animation 0x6400, resref WPMH5CAE: 1 resources, 30648 metadata bytes
[2026-10-04 16:56:23.676] [info] Creature sprite catalog shard 5206 ready on demand for animation 0x6400, resref WPMH5G1: 1 resources, 161776 metadata bytes
[2026-10-04 16:56:23.722] [info] Creature sprite catalog shard 5207 ready on demand for animation 0x6400, resref WPMH5G1E: 1 resources, 98544 metadata bytes
[2026-10-04 16:56:23.750] [info] Creature sprite catalog shard 5208 ready on demand for animation 0x6400, resref WPMH5INV: 1 resources, 3924 metadata bytes
[2026-10-04 16:56:23.762] [info] Creature sprite catalog shard 5209 ready on demand for animation 0x6400, resref WPMH5SA: 1 resources, 19796 metadata bytes
[2026-10-04 16:56:23.779] [info] Creature sprite catalog shard 5210 ready on demand for animation 0x6400, resref WPMH5SAE: 1 resources, 12840 metadata bytes
[2026-10-04 16:56:23.793] [info] Creature sprite catalog shard 5211 ready on demand for animation 0x6400, resref WPMH5SX: 1 resources, 15516 metadata bytes
[2026-10-04 16:56:23.809] [info] Creature sprite catalog shard 5212 ready on demand for animation 0x6400, resref WPMH5SXE: 1 resources, 10252 metadata bytes
[2026-10-04 16:56:23.824] [info] Creature sprite catalog shard 5213 ready on demand for animation 0x6400, resref WPMH5W2: 1 resources, 45424 metadata bytes
[2026-10-04 16:56:23.848] [info] Creature sprite catalog shard 5214 ready on demand for animation 0x6400, resref WPMH5W2E: 1 resources, 28164 metadata bytes
[2026-10-04 16:56:23.859] [info] Creature sprite catalog shard 5215 ready on demand for animation 0x6400, resref WPMH6A1: 1 resources, 45800 metadata bytes
[2026-10-04 16:56:23.879] [info] Creature sprite catalog shard 5216 ready on demand for animation 0x6400, resref WPMH6A1E: 1 resources, 28528 metadata bytes
[2026-10-04 16:56:23.889] [info] Creature sprite catalog shard 5217 ready on demand for animation 0x6400, resref WPMH6A2: 1 resources, 45476 metadata bytes
[2026-10-04 16:56:23.910] [info] Creature sprite catalog shard 5218 ready on demand for animation 0x6400, resref WPMH6A2E: 1 resources, 28188 metadata bytes
[2026-10-04 16:56:23.920] [info] Creature sprite catalog shard 5219 ready on demand for animation 0x6400, resref WPMH6A3: 1 resources, 45476 metadata bytes
[2026-10-04 16:56:23.947] [info] Creature sprite catalog shard 5220 ready on demand for animation 0x6400, resref WPMH6A3E: 1 resources, 28188 metadata bytes
[2026-10-04 16:56:23.969] [info] Creature sprite catalog shard 5221 ready on demand for animation 0x6400, resref WPMH6A4: 1 resources, 45476 metadata bytes
[2026-10-04 16:56:23.988] [info] Creature sprite catalog shard 5222 ready on demand for animation 0x6400, resref WPMH6A4E: 1 resources, 28188 metadata bytes
[2026-10-04 16:56:23.998] [info] Creature sprite catalog shard 5223 ready on demand for animation 0x6400, resref WPMH6A5: 1 resources, 28332 metadata bytes
[2026-10-04 16:56:24.013] [info] Creature sprite catalog shard 5224 ready on demand for animation 0x6400, resref WPMH6A5E: 1 resources, 17996 metadata bytes
[2026-10-04 16:56:24.026] [info] Creature sprite catalog shard 5225 ready on demand for animation 0x6400, resref WPMH6A6: 1 resources, 36916 metadata bytes
[2026-10-04 16:56:24.047] [info] Creature sprite catalog shard 5226 ready on demand for animation 0x6400, resref WPMH6A6E: 1 resources, 23112 metadata bytes
[2026-10-04 16:56:24.060] [info] Creature sprite catalog shard 5227 ready on demand for animation 0x6400, resref WPMH6CA: 1 resources, 48588 metadata bytes
[2026-10-04 16:56:24.085] [info] Creature sprite catalog shard 5228 ready on demand for animation 0x6400, resref WPMH6CAE: 1 resources, 30648 metadata bytes
[2026-10-04 16:56:24.112] [info] Creature sprite catalog shard 5229 ready on demand for animation 0x6400, resref WPMH6G1: 1 resources, 161776 metadata bytes
[2026-10-04 16:56:24.157] [info] Creature sprite catalog shard 5230 ready on demand for animation 0x6400, resref WPMH6G1E: 1 resources, 98544 metadata bytes
[2026-10-04 16:56:24.184] [info] Creature sprite catalog shard 5231 ready on demand for animation 0x6400, resref WPMH6INV: 1 resources, 3924 metadata bytes
[2026-10-04 16:56:24.193] [info] Creature sprite catalog shard 5232 ready on demand for animation 0x6400, resref WPMH6SA: 1 resources, 19796 metadata bytes
[2026-10-04 16:56:24.213] [info] Creature sprite catalog shard 5233 ready on demand for animation 0x6400, resref WPMH6SAE: 1 resources, 12840 metadata bytes
[2026-10-04 16:56:24.226] [info] Creature sprite catalog shard 5234 ready on demand for animation 0x6400, resref WPMH6SX: 1 resources, 15516 metadata bytes
[2026-10-04 16:56:24.243] [info] Creature sprite catalog shard 5235 ready on demand for animation 0x6400, resref WPMH6SXE: 1 resources, 10252 metadata bytes
[2026-10-04 16:56:24.257] [info] Creature sprite catalog shard 5236 ready on demand for animation 0x6400, resref WPMH6W2: 1 resources, 45424 metadata bytes
[2026-10-04 16:56:24.281] [info] Creature sprite catalog shard 5237 ready on demand for animation 0x6400, resref WPMH6W2E: 1 resources, 28164 metadata bytes
[2026-10-04 16:56:24.292] [info] Creature sprite catalog shard 5238 ready on demand for animation 0x6400, resref WPMH7A1: 1 resources, 46488 metadata bytes
[2026-10-04 16:56:24.312] [info] Creature sprite catalog shard 5239 ready on demand for animation 0x6400, resref WPMH7A1E: 1 resources, 28860 metadata bytes
[2026-10-04 16:56:24.323] [info] Creature sprite catalog shard 5240 ready on demand for animation 0x6400, resref WPMH7A2: 1 resources, 45476 metadata bytes
[2026-10-04 16:56:24.344] [info] Creature sprite catalog shard 5241 ready on demand for animation 0x6400, resref WPMH7A2E: 1 resources, 28188 metadata bytes
[2026-10-04 16:56:24.354] [info] Creature sprite catalog shard 5242 ready on demand for animation 0x6400, resref WPMH7A3: 1 resources, 45476 metadata bytes
[2026-10-04 16:56:24.374] [info] Creature sprite catalog shard 5243 ready on demand for animation 0x6400, resref WPMH7A3E: 1 resources, 28188 metadata bytes
[2026-10-04 16:56:24.386] [info] Creature sprite catalog shard 5244 ready on demand for animation 0x6400, resref WPMH7A4: 1 resources, 45476 metadata bytes
[2026-10-04 16:56:24.405] [info] Creature sprite catalog shard 5245 ready on demand for animation 0x6400, resref WPMH7A4E: 1 resources, 28188 metadata bytes
[2026-10-04 16:56:24.415] [info] Creature sprite catalog shard 5246 ready on demand for animation 0x6400, resref WPMH7A5: 1 resources, 28332 metadata bytes
[2026-10-04 16:56:24.433] [info] Creature sprite catalog shard 5247 ready on demand for animation 0x6400, resref WPMH7A5E: 1 resources, 17996 metadata bytes
[2026-10-04 16:56:24.445] [info] Creature sprite catalog shard 5248 ready on demand for animation 0x6400, resref WPMH7A6: 1 resources, 36916 metadata bytes
[2026-10-04 16:56:24.465] [info] Creature sprite catalog shard 5249 ready on demand for animation 0x6400, resref WPMH7A6E: 1 resources, 23112 metadata bytes
[2026-10-04 16:56:24.477] [info] Creature sprite catalog shard 5250 ready on demand for animation 0x6400, resref WPMH7CA: 1 resources, 48684 metadata bytes
[2026-10-04 16:56:24.499] [info] Creature sprite catalog shard 5251 ready on demand for animation 0x6400, resref WPMH7CAE: 1 resources, 30648 metadata bytes
[2026-10-04 16:56:24.512] [info] Creature sprite catalog shard 5252 ready on demand for animation 0x6400, resref WPMH7G1: 1 resources, 161776 metadata bytes
[2026-10-04 16:56:24.561] [info] Creature sprite catalog shard 5253 ready on demand for animation 0x6400, resref WPMH7G1E: 1 resources, 98544 metadata bytes
[2026-10-04 16:56:24.588] [info] Creature sprite catalog shard 5254 ready on demand for animation 0x6400, resref WPMH7INV: 1 resources, 3980 metadata bytes
[2026-10-04 16:56:24.595] [info] Creature sprite catalog shard 5255 ready on demand for animation 0x6400, resref WPMH7SA: 1 resources, 19796 metadata bytes
[2026-10-04 16:56:24.614] [info] Creature sprite catalog shard 5256 ready on demand for animation 0x6400, resref WPMH7SAE: 1 resources, 12840 metadata bytes
[2026-10-04 16:56:24.628] [info] Creature sprite catalog shard 5257 ready on demand for animation 0x6400, resref WPMH7SX: 1 resources, 15516 metadata bytes
[2026-10-04 16:56:24.644] [info] Creature sprite catalog shard 5258 ready on demand for animation 0x6400, resref WPMH7SXE: 1 resources, 10252 metadata bytes
[2026-10-04 16:56:24.659] [info] Creature sprite catalog shard 5259 ready on demand for animation 0x6400, resref WPMH7W2: 1 resources, 45424 metadata bytes
[2026-10-04 16:56:24.683] [info] Creature sprite catalog shard 5260 ready on demand for animation 0x6400, resref WPMH7W2E: 1 resources, 28164 metadata bytes
[2026-10-04 16:56:24.695] [info] Creature sprite catalog shard 5261 ready on demand for animation 0x6400, resref WPMHBA2: 1 resources, 45476 metadata bytes
[2026-10-04 16:56:24.733] [info] Creature sprite catalog shard 5262 ready on demand for animation 0x6400, resref WPMHBA2E: 1 resources, 28188 metadata bytes
[2026-10-04 16:56:24.766] [info] Creature sprite catalog shard 5263 ready on demand for animation 0x6400, resref WPMHBA4: 1 resources, 45476 metadata bytes
[2026-10-04 16:56:24.804] [info] Creature sprite catalog shard 5264 ready on demand for animation 0x6400, resref WPMHBA4E: 1 resources, 28188 metadata bytes
[2026-10-04 16:56:24.827] [info] Creature sprite catalog shard 5265 ready on demand for animation 0x6400, resref WPMHBA6: 1 resources, 36916 metadata bytes
[2026-10-04 16:56:24.862] [info] Creature sprite catalog shard 5266 ready on demand for animation 0x6400, resref WPMHBA6E: 1 resources, 23112 metadata bytes
[2026-10-04 16:56:24.890] [info] Creature sprite catalog shard 5267 ready on demand for animation 0x6400, resref WPMHBG1: 1 resources, 161776 metadata bytes
[2026-10-04 16:56:24.996] [info] Creature sprite catalog shard 5268 ready on demand for animation 0x6400, resref WPMHBG1E: 1 resources, 98544 metadata bytes
[2026-10-04 16:56:25.069] [info] Creature sprite catalog shard 5269 ready on demand for animation 0x6400, resref WPMHBINV: 1 resources, 3924 metadata bytes
[2026-10-04 16:56:25.075] [info] Creature sprite catalog shard 5270 ready on demand for animation 0x6400, resref WPMHBW2: 1 resources, 45424 metadata bytes
[2026-10-04 16:56:25.112] [info] Creature sprite catalog shard 5271 ready on demand for animation 0x6400, resref WPMHBW2E: 1 resources, 28164 metadata bytes
[2026-10-04 16:56:25.138] [info] Creature sprite catalog shard 5272 ready on demand for animation 0x6400, resref WPMJ0A1: 1 resources, 45800 metadata bytes
[2026-10-04 16:56:25.162] [info] Creature sprite catalog shard 5273 ready on demand for animation 0x6400, resref WPMJ0A1E: 1 resources, 28528 metadata bytes
[2026-10-04 16:56:25.173] [info] Creature sprite catalog shard 5274 ready on demand for animation 0x6400, resref WPMJ0A2: 1 resources, 45476 metadata bytes
[2026-10-04 16:56:25.193] [info] Creature sprite catalog shard 5275 ready on demand for animation 0x6400, resref WPMJ0A2E: 1 resources, 28188 metadata bytes
[2026-10-04 16:56:25.204] [info] Creature sprite catalog shard 5276 ready on demand for animation 0x6400, resref WPMJ0A3: 1 resources, 45476 metadata bytes
[2026-10-04 16:56:25.224] [info] Creature sprite catalog shard 5277 ready on demand for animation 0x6400, resref WPMJ0A3E: 1 resources, 28188 metadata bytes
[2026-10-04 16:56:25.235] [info] Creature sprite catalog shard 5278 ready on demand for animation 0x6400, resref WPMJ0A4: 1 resources, 45476 metadata bytes
[2026-10-04 16:56:25.255] [info] Creature sprite catalog shard 5279 ready on demand for animation 0x6400, resref WPMJ0A4E: 1 resources, 28188 metadata bytes
[2026-10-04 16:56:25.267] [info] Creature sprite catalog shard 5280 ready on demand for animation 0x6400, resref WPMJ0A5: 1 resources, 28332 metadata bytes
{"resources":128,"frames":5344,"native_cycle_slots":18564,"decoded_pixels":111931920,"palette_encodings":3,"K":6,"passed":true}
