[2026-10-04 16:56:20.087] [info] Creature sprite xBR catalog ready: scale=x2, 147 animations, 5736 components, 5736 resources, 1642525 frames, 5418442756 index bytes across 5736 lazy content-addressed shards; catalog-version=V2; 55252 authenticated directory entries; source=CreatureSprites-XN.catalog; filter=NEAREST; index cache budget=128 MiB; metadata cache budget=128 MiB; shard validation=background-on-demand
[2026-10-04 16:56:20.089] [info] Creature sprite catalog shard 5025 ready on demand for animation 0x6400, resref WPMF2A3E: 1 resources, 30776 metadata bytes
[2026-10-04 16:56:20.109] [info] Creature sprite catalog shard 5026 ready on demand for animation 0x6400, resref WPMF2A5: 1 resources, 41172 metadata bytes
[2026-10-04 16:56:20.124] [info] Creature sprite catalog shard 5027 ready on demand for animation 0x6400, resref WPMF2A5E: 1 resources, 25680 metadata bytes
[2026-10-04 16:56:20.139] [info] Creature sprite catalog shard 5028 ready on demand for animation 0x6400, resref WPMF2G1: 1 resources, 156876 metadata bytes
[2026-10-04 16:56:20.192] [info] Creature sprite catalog shard 5029 ready on demand for animation 0x6400, resref WPMF2G1E: 1 resources, 95584 metadata bytes
[2026-10-04 16:56:20.236] [info] Creature sprite catalog shard 5030 ready on demand for animation 0x6400, resref WPMF2INV: 1 resources, 3924 metadata bytes
[2026-10-04 16:56:20.252] [info] Creature sprite catalog shard 5031 ready on demand for animation 0x6400, resref WPMF2OIN: 1 resources, 3924 metadata bytes
[2026-10-04 16:56:20.268] [info] Creature sprite catalog shard 5032 ready on demand for animation 0x6400, resref WPMF2W2: 1 resources, 45424 metadata bytes
[2026-10-04 16:56:20.294] [info] Creature sprite catalog shard 5033 ready on demand for animation 0x6400, resref WPMF2W2E: 1 resources, 28164 metadata bytes
[2026-10-04 16:56:20.308] [info] Creature sprite catalog shard 5034 ready on demand for animation 0x6400, resref WPMF3A1: 1 resources, 46488 metadata bytes
[2026-10-04 16:56:20.324] [info] Creature sprite catalog shard 5035 ready on demand for animation 0x6400, resref WPMF3A1E: 1 resources, 28860 metadata bytes
[2026-10-04 16:56:20.336] [info] Creature sprite catalog shard 5036 ready on demand for animation 0x6400, resref WPMF3A3: 1 resources, 45476 metadata bytes
[2026-10-04 16:56:20.355] [info] Creature sprite catalog shard 5037 ready on demand for animation 0x6400, resref WPMF3A3E: 1 resources, 28188 metadata bytes
[2026-10-04 16:56:20.369] [info] Creature sprite catalog shard 5038 ready on demand for animation 0x6400, resref WPMF3G1: 1 resources, 161776 metadata bytes
[2026-10-04 16:56:20.410] [info] Creature sprite catalog shard 5039 ready on demand for animation 0x6400, resref WPMF3G1E: 1 resources, 98544 metadata bytes
[2026-10-04 16:56:20.443] [info] Creature sprite catalog shard 5040 ready on demand for animation 0x6400, resref WPMF3INV: 1 resources, 4780 metadata bytes
[2026-10-04 16:56:20.454] [info] Creature sprite catalog shard 5041 ready on demand for animation 0x6400, resref WPMF3OIN: 1 resources, 3924 metadata bytes
[2026-10-04 16:56:20.469] [info] Creature sprite catalog shard 5042 ready on demand for animation 0x6400, resref WPMF3W2: 1 resources, 45424 metadata bytes
[2026-10-04 16:56:20.492] [info] Creature sprite catalog shard 5043 ready on demand for animation 0x6400, resref WPMF3W2E: 1 resources, 28164 metadata bytes
[2026-10-04 16:56:20.505] [info] Creature sprite catalog shard 5044 ready on demand for animation 0x6400, resref WPMFLA1: 1 resources, 46488 metadata bytes
[2026-10-04 16:56:20.525] [info] Creature sprite catalog shard 5045 ready on demand for animation 0x6400, resref WPMFLA1E: 1 resources, 28860 metadata bytes
[2026-10-04 16:56:20.536] [info] Creature sprite catalog shard 5046 ready on demand for animation 0x6400, resref WPMFLA3: 1 resources, 45476 metadata bytes
[2026-10-04 16:56:20.556] [info] Creature sprite catalog shard 5047 ready on demand for animation 0x6400, resref WPMFLA3E: 1 resources, 28188 metadata bytes
[2026-10-04 16:56:20.569] [info] Creature sprite catalog shard 5048 ready on demand for animation 0x6400, resref WPMFLG1: 1 resources, 161776 metadata bytes
[2026-10-04 16:56:20.611] [info] Creature sprite catalog shard 5049 ready on demand for animation 0x6400, resref WPMFLG1E: 1 resources, 98544 metadata bytes
[2026-10-04 16:56:20.646] [info] Creature sprite catalog shard 5050 ready on demand for animation 0x6400, resref WPMFLINV: 1 resources, 3924 metadata bytes
[2026-10-04 16:56:20.654] [info] Creature sprite catalog shard 5051 ready on demand for animation 0x6400, resref WPMFLOIN: 1 resources, 3924 metadata bytes
[2026-10-04 16:56:20.670] [info] Creature sprite catalog shard 5052 ready on demand for animation 0x6400, resref WPMFLW2: 1 resources, 45424 metadata bytes
[2026-10-04 16:56:20.694] [info] Creature sprite catalog shard 5053 ready on demand for animation 0x6400, resref WPMFLW2E: 1 resources, 28164 metadata bytes
[2026-10-04 16:56:20.707] [info] Creature sprite catalog shard 5054 ready on demand for animation 0x6400, resref WPMFSA1: 1 resources, 54248 metadata bytes
[2026-10-04 16:56:20.762] [info] Creature sprite catalog shard 5055 ready on demand for animation 0x6400, resref WPMFSA1E: 1 resources, 33548 metadata bytes
[2026-10-04 16:56:20.806] [info] Creature sprite catalog shard 5056 ready on demand for animation 0x6400, resref WPMFSA3: 1 resources, 49756 metadata bytes
[2026-10-04 16:56:20.822] [info] Creature sprite catalog shard 5057 ready on demand for animation 0x6400, resref WPMFSA3E: 1 resources, 30776 metadata bytes
[2026-10-04 16:56:20.835] [info] Creature sprite catalog shard 5058 ready on demand for animation 0x6400, resref WPMFSA5: 1 resources, 41172 metadata bytes
[2026-10-04 16:56:20.851] [info] Creature sprite catalog shard 5059 ready on demand for animation 0x6400, resref WPMFSA5E: 1 resources, 25680 metadata bytes
[2026-10-04 16:56:20.866] [info] Creature sprite catalog shard 5060 ready on demand for animation 0x6400, resref WPMFSG1: 1 resources, 156876 metadata bytes
[2026-10-04 16:56:20.923] [info] Creature sprite catalog shard 5061 ready on demand for animation 0x6400, resref WPMFSG1E: 1 resources, 95584 metadata bytes
[2026-10-04 16:56:20.964] [info] Creature sprite catalog shard 5062 ready on demand for animation 0x6400, resref WPMFSINV: 1 resources, 3924 metadata bytes
[2026-10-04 16:56:20.979] [info] Creature sprite catalog shard 5063 ready on demand for animation 0x6400, resref WPMFSOIN: 1 resources, 3924 metadata bytes
[2026-10-04 16:56:20.995] [info] Creature sprite catalog shard 5064 ready on demand for animation 0x6400, resref WPMFSW2: 1 resources, 45424 metadata bytes
[2026-10-04 16:56:21.021] [info] Creature sprite catalog shard 5065 ready on demand for animation 0x6400, resref WPMFSW2E: 1 resources, 28164 metadata bytes
[2026-10-04 16:56:21.036] [info] Creature sprite catalog shard 5066 ready on demand for animation 0x6400, resref WPMGSA2: 1 resources, 45476 metadata bytes
[2026-10-04 16:56:21.065] [info] Creature sprite catalog shard 5067 ready on demand for animation 0x6400, resref WPMGSA2E: 1 resources, 28188 metadata bytes
[2026-10-04 16:56:21.085] [info] Creature sprite catalog shard 5068 ready on demand for animation 0x6400, resref WPMGSA4: 1 resources, 45476 metadata bytes
[2026-10-04 16:56:21.107] [info] Creature sprite catalog shard 5069 ready on demand for animation 0x6400, resref WPMGSA4E: 1 resources, 28188 metadata bytes
[2026-10-04 16:56:21.130] [info] Creature sprite catalog shard 5070 ready on demand for animation 0x6400, resref WPMGSA6: 1 resources, 36916 metadata bytes
[2026-10-04 16:56:21.148] [info] Creature sprite catalog shard 5071 ready on demand for animation 0x6400, resref WPMGSA6E: 1 resources, 23112 metadata bytes
[2026-10-04 16:56:21.177] [info] Creature sprite catalog shard 5072 ready on demand for animation 0x6400, resref WPMGSG1: 1 resources, 161776 metadata bytes
[2026-10-04 16:56:21.244] [info] Creature sprite catalog shard 5073 ready on demand for animation 0x6400, resref WPMGSG1E: 1 resources, 98544 metadata bytes
[2026-10-04 16:56:21.305] [info] Creature sprite catalog shard 5074 ready on demand for animation 0x6400, resref WPMGSINV: 1 resources, 3924 metadata bytes
[2026-10-04 16:56:21.322] [info] Creature sprite catalog shard 5075 ready on demand for animation 0x6400, resref WPMGSW2: 1 resources, 45424 metadata bytes
[2026-10-04 16:56:21.355] [info] Creature sprite catalog shard 5076 ready on demand for animation 0x6400, resref WPMGSW2E: 1 resources, 28164 metadata bytes
[2026-10-04 16:56:21.379] [info] Creature sprite catalog shard 5077 ready on demand for animation 0x6400, resref WPMH0A1: 1 resources, 45800 metadata bytes
[2026-10-04 16:56:21.391] [info] Creature sprite catalog shard 5078 ready on demand for animation 0x6400, resref WPMH0A1E: 1 resources, 28528 metadata bytes
[2026-10-04 16:56:21.403] [info] Creature sprite catalog shard 5079 ready on demand for animation 0x6400, resref WPMH0A2: 1 resources, 45476 metadata bytes
[2026-10-04 16:56:21.423] [info] Creature sprite catalog shard 5080 ready on demand for animation 0x6400, resref WPMH0A2E: 1 resources, 28188 metadata bytes
[2026-10-04 16:56:21.435] [info] Creature sprite catalog shard 5081 ready on demand for animation 0x6400, resref WPMH0A3: 1 resources, 45476 metadata bytes
[2026-10-04 16:56:21.462] [info] Creature sprite catalog shard 5082 ready on demand for animation 0x6400, resref WPMH0A3E: 1 resources, 28188 metadata bytes
[2026-10-04 16:56:21.482] [info] Creature sprite catalog shard 5083 ready on demand for animation 0x6400, resref WPMH0A4: 1 resources, 45476 metadata bytes
[2026-10-04 16:56:21.501] [info] Creature sprite catalog shard 5084 ready on demand for animation 0x6400, resref WPMH0A4E: 1 resources, 28188 metadata bytes
[2026-10-04 16:56:21.512] [info] Creature sprite catalog shard 5085 ready on demand for animation 0x6400, resref WPMH0A5: 1 resources, 28332 metadata bytes
[2026-10-04 16:56:21.527] [info] Creature sprite catalog shard 5086 ready on demand for animation 0x6400, resref WPMH0A5E: 1 resources, 17996 metadata bytes
[2026-10-04 16:56:21.540] [info] Creature sprite catalog shard 5087 ready on demand for animation 0x6400, resref WPMH0A6: 1 resources, 36916 metadata bytes
[2026-10-04 16:56:21.561] [info] Creature sprite catalog shard 5088 ready on demand for animation 0x6400, resref WPMH0A6E: 1 resources, 23112 metadata bytes
[2026-10-04 16:56:21.573] [info] Creature sprite catalog shard 5089 ready on demand for animation 0x6400, resref WPMH0CA: 1 resources, 48684 metadata bytes
[2026-10-04 16:56:21.594] [info] Creature sprite catalog shard 5090 ready on demand for animation 0x6400, resref WPMH0CAE: 1 resources, 30648 metadata bytes
[2026-10-04 16:56:21.607] [info] Creature sprite catalog shard 5091 ready on demand for animation 0x6400, resref WPMH0G1: 1 resources, 161776 metadata bytes
[2026-10-04 16:56:21.657] [info] Creature sprite catalog shard 5092 ready on demand for animation 0x6400, resref WPMH0G1E: 1 resources, 98544 metadata bytes
[2026-10-04 16:56:21.683] [info] Creature sprite catalog shard 5093 ready on demand for animation 0x6400, resref WPMH0INV: 1 resources, 3924 metadata bytes
[2026-10-04 16:56:21.693] [info] Creature sprite catalog shard 5094 ready on demand for animation 0x6400, resref WPMH0SA: 1 resources, 19796 metadata bytes
[2026-10-04 16:56:21.710] [info] Creature sprite catalog shard 5095 ready on demand for animation 0x6400, resref WPMH0SAE: 1 resources, 12840 metadata bytes
[2026-10-04 16:56:21.724] [info] Creature sprite catalog shard 5096 ready on demand for animation 0x6400, resref WPMH0SX: 1 resources, 15516 metadata bytes
[2026-10-04 16:56:21.740] [info] Creature sprite catalog shard 5097 ready on demand for animation 0x6400, resref WPMH0SXE: 1 resources, 10252 metadata bytes
[2026-10-04 16:56:21.755] [info] Creature sprite catalog shard 5098 ready on demand for animation 0x6400, resref WPMH0W2: 1 resources, 45424 metadata bytes
[2026-10-04 16:56:21.780] [info] Creature sprite catalog shard 5099 ready on demand for animation 0x6400, resref WPMH0W2E: 1 resources, 28164 metadata bytes
[2026-10-04 16:56:21.791] [info] Creature sprite catalog shard 5100 ready on demand for animation 0x6400, resref WPMH1A1: 1 resources, 45800 metadata bytes
[2026-10-04 16:56:21.810] [info] Creature sprite catalog shard 5101 ready on demand for animation 0x6400, resref WPMH1A1E: 1 resources, 28528 metadata bytes
[2026-10-04 16:56:21.821] [info] Creature sprite catalog shard 5102 ready on demand for animation 0x6400, resref WPMH1A2: 1 resources, 45476 metadata bytes
[2026-10-04 16:56:21.841] [info] Creature sprite catalog shard 5103 ready on demand for animation 0x6400, resref WPMH1A2E: 1 resources, 28188 metadata bytes
[2026-10-04 16:56:21.852] [info] Creature sprite catalog shard 5104 ready on demand for animation 0x6400, resref WPMH1A3: 1 resources, 45476 metadata bytes
[2026-10-04 16:56:21.872] [info] Creature sprite catalog shard 5105 ready on demand for animation 0x6400, resref WPMH1A3E: 1 resources, 28188 metadata bytes
[2026-10-04 16:56:21.883] [info] Creature sprite catalog shard 5106 ready on demand for animation 0x6400, resref WPMH1A4: 1 resources, 45476 metadata bytes
[2026-10-04 16:56:21.903] [info] Creature sprite catalog shard 5107 ready on demand for animation 0x6400, resref WPMH1A4E: 1 resources, 28188 metadata bytes
[2026-10-04 16:56:21.913] [info] Creature sprite catalog shard 5108 ready on demand for animation 0x6400, resref WPMH1A5: 1 resources, 28332 metadata bytes
[2026-10-04 16:56:21.929] [info] Creature sprite catalog shard 5109 ready on demand for animation 0x6400, resref WPMH1A5E: 1 resources, 17996 metadata bytes
[2026-10-04 16:56:21.942] [info] Creature sprite catalog shard 5110 ready on demand for animation 0x6400, resref WPMH1A6: 1 resources, 36916 metadata bytes
[2026-10-04 16:56:21.962] [info] Creature sprite catalog shard 5111 ready on demand for animation 0x6400, resref WPMH1A6E: 1 resources, 23112 metadata bytes
[2026-10-04 16:56:21.974] [info] Creature sprite catalog shard 5112 ready on demand for animation 0x6400, resref WPMH1CA: 1 resources, 48588 metadata bytes
[2026-10-04 16:56:21.995] [info] Creature sprite catalog shard 5113 ready on demand for animation 0x6400, resref WPMH1CAE: 1 resources, 30648 metadata bytes
[2026-10-04 16:56:22.009] [info] Creature sprite catalog shard 5114 ready on demand for animation 0x6400, resref WPMH1G1: 1 resources, 161776 metadata bytes
[2026-10-04 16:56:22.056] [info] Creature sprite catalog shard 5115 ready on demand for animation 0x6400, resref WPMH1G1E: 1 resources, 98544 metadata bytes
[2026-10-04 16:56:22.084] [info] Creature sprite catalog shard 5116 ready on demand for animation 0x6400, resref WPMH1INV: 1 resources, 3924 metadata bytes
[2026-10-04 16:56:22.094] [info] Creature sprite catalog shard 5117 ready on demand for animation 0x6400, resref WPMH1SA: 1 resources, 19796 metadata bytes
[2026-10-04 16:56:22.111] [info] Creature sprite catalog shard 5118 ready on demand for animation 0x6400, resref WPMH1SAE: 1 resources, 12840 metadata bytes
[2026-10-04 16:56:22.126] [info] Creature sprite catalog shard 5119 ready on demand for animation 0x6400, resref WPMH1SX: 1 resources, 15516 metadata bytes
[2026-10-04 16:56:22.141] [info] Creature sprite catalog shard 5120 ready on demand for animation 0x6400, resref WPMH1SXE: 1 resources, 10252 metadata bytes
[2026-10-04 16:56:22.156] [info] Creature sprite catalog shard 5121 ready on demand for animation 0x6400, resref WPMH1W2: 1 resources, 45424 metadata bytes
[2026-10-04 16:56:22.180] [info] Creature sprite catalog shard 5122 ready on demand for animation 0x6400, resref WPMH1W2E: 1 resources, 28164 metadata bytes
[2026-10-04 16:56:22.191] [info] Creature sprite catalog shard 5123 ready on demand for animation 0x6400, resref WPMH2A1: 1 resources, 45800 metadata bytes
[2026-10-04 16:56:22.212] [info] Creature sprite catalog shard 5124 ready on demand for animation 0x6400, resref WPMH2A1E: 1 resources, 28528 metadata bytes
[2026-10-04 16:56:22.223] [info] Creature sprite catalog shard 5125 ready on demand for animation 0x6400, resref WPMH2A2: 1 resources, 45476 metadata bytes
[2026-10-04 16:56:22.242] [info] Creature sprite catalog shard 5126 ready on demand for animation 0x6400, resref WPMH2A2E: 1 resources, 28188 metadata bytes
[2026-10-04 16:56:22.253] [info] Creature sprite catalog shard 5127 ready on demand for animation 0x6400, resref WPMH2A3: 1 resources, 45476 metadata bytes
[2026-10-04 16:56:22.273] [info] Creature sprite catalog shard 5128 ready on demand for animation 0x6400, resref WPMH2A3E: 1 resources, 28188 metadata bytes
[2026-10-04 16:56:22.285] [info] Creature sprite catalog shard 5129 ready on demand for animation 0x6400, resref WPMH2A4: 1 resources, 45476 metadata bytes
[2026-10-04 16:56:22.304] [info] Creature sprite catalog shard 5130 ready on demand for animation 0x6400, resref WPMH2A4E: 1 resources, 28188 metadata bytes
[2026-10-04 16:56:22.315] [info] Creature sprite catalog shard 5131 ready on demand for animation 0x6400, resref WPMH2A5: 1 resources, 28332 metadata bytes
[2026-10-04 16:56:22.330] [info] Creature sprite catalog shard 5132 ready on demand for animation 0x6400, resref WPMH2A5E: 1 resources, 17996 metadata bytes
[2026-10-04 16:56:22.343] [info] Creature sprite catalog shard 5133 ready on demand for animation 0x6400, resref WPMH2A6: 1 resources, 36916 metadata bytes
[2026-10-04 16:56:22.363] [info] Creature sprite catalog shard 5134 ready on demand for animation 0x6400, resref WPMH2A6E: 1 resources, 23112 metadata bytes
[2026-10-04 16:56:22.375] [info] Creature sprite catalog shard 5135 ready on demand for animation 0x6400, resref WPMH2CA: 1 resources, 48588 metadata bytes
[2026-10-04 16:56:22.396] [info] Creature sprite catalog shard 5136 ready on demand for animation 0x6400, resref WPMH2CAE: 1 resources, 30648 metadata bytes
[2026-10-04 16:56:22.411] [info] Creature sprite catalog shard 5137 ready on demand for animation 0x6400, resref WPMH2G1: 1 resources, 161776 metadata bytes
[2026-10-04 16:56:22.460] [info] Creature sprite catalog shard 5138 ready on demand for animation 0x6400, resref WPMH2G1E: 1 resources, 98544 metadata bytes
[2026-10-04 16:56:22.489] [info] Creature sprite catalog shard 5139 ready on demand for animation 0x6400, resref WPMH2INV: 1 resources, 3924 metadata bytes
[2026-10-04 16:56:22.494] [info] Creature sprite catalog shard 5140 ready on demand for animation 0x6400, resref WPMH2SA: 1 resources, 19796 metadata bytes
[2026-10-04 16:56:22.513] [info] Creature sprite catalog shard 5141 ready on demand for animation 0x6400, resref WPMH2SAE: 1 resources, 12840 metadata bytes
[2026-10-04 16:56:22.526] [info] Creature sprite catalog shard 5142 ready on demand for animation 0x6400, resref WPMH2SX: 1 resources, 15516 metadata bytes
[2026-10-04 16:56:22.543] [info] Creature sprite catalog shard 5143 ready on demand for animation 0x6400, resref WPMH2SXE: 1 resources, 10252 metadata bytes
[2026-10-04 16:56:22.557] [info] Creature sprite catalog shard 5144 ready on demand for animation 0x6400, resref WPMH2W2: 1 resources, 45424 metadata bytes
[2026-10-04 16:56:22.582] [info] Creature sprite catalog shard 5145 ready on demand for animation 0x6400, resref WPMH2W2E: 1 resources, 28164 metadata bytes
[2026-10-04 16:56:22.593] [info] Creature sprite catalog shard 5146 ready on demand for animation 0x6400, resref WPMH3A1: 1 resources, 45800 metadata bytes
[2026-10-04 16:56:22.613] [info] Creature sprite catalog shard 5147 ready on demand for animation 0x6400, resref WPMH3A1E: 1 resources, 28528 metadata bytes
[2026-10-04 16:56:22.625] [info] Creature sprite catalog shard 5148 ready on demand for animation 0x6400, resref WPMH3A2: 1 resources, 45476 metadata bytes
[2026-10-04 16:56:22.644] [info] Creature sprite catalog shard 5149 ready on demand for animation 0x6400, resref WPMH3A2E: 1 resources, 28188 metadata bytes
[2026-10-04 16:56:22.656] [info] Creature sprite catalog shard 5150 ready on demand for animation 0x6400, resref WPMH3A3: 1 resources, 45476 metadata bytes
[2026-10-04 16:56:22.674] [info] Creature sprite catalog shard 5151 ready on demand for animation 0x6400, resref WPMH3A3E: 1 resources, 28188 metadata bytes
[2026-10-04 16:56:22.686] [info] Creature sprite catalog shard 5152 ready on demand for animation 0x6400, resref WPMH3A4: 1 resources, 45476 metadata bytes
{"resources":128,"frames":5852,"native_cycle_slots":19269,"decoded_pixels":130207176,"palette_encodings":3,"K":6,"passed":true}
