[2026-10-04 16:58:47.183] [info] Creature sprite xBR catalog ready: scale=x2, 147 animations, 5736 components, 5736 resources, 1642525 frames, 5418442756 index bytes across 5736 lazy content-addressed shards; catalog-version=V2; 55252 authenticated directory entries; source=CreatureSprites-XN.catalog; filter=NEAREST; index cache budget=128 MiB; metadata cache budget=128 MiB; shard validation=background-on-demand
[2026-10-04 16:58:47.185] [info] Creature sprite catalog shard 4769 ready on demand for animation 0x6400, resref CSHDA1: 1 resources, 45860 metadata bytes
[2026-10-04 16:58:47.200] [info] Creature sprite catalog shard 4670 ready on demand for animation 0x6400, resref UDRZ1A1: 1 resources, 46488 metadata bytes
[2026-10-04 16:58:47.212] [info] Creature sprite catalog shard 5077 ready on demand for animation 0x6400, resref WPMH0A1: 1 resources, 45800 metadata bytes
[2026-10-04 16:58:47.236] [info] Creature sprite catalog shard 4770 ready on demand for animation 0x6400, resref CSHDA1E: 1 resources, 28512 metadata bytes
[2026-10-04 16:58:47.244] [info] Creature sprite catalog shard 5078 ready on demand for animation 0x6400, resref WPMH0A1E: 1 resources, 28528 metadata bytes
[2026-10-04 16:58:47.261] [info] Creature sprite catalog shard 4671 ready on demand for animation 0x6400, resref UDRZ1A1E: 1 resources, 28860 metadata bytes
[2026-10-04 16:58:47.279] [info] Creature sprite catalog shard 4775 ready on demand for animation 0x6400, resref CSHDA3: 1 resources, 45476 metadata bytes
[2026-10-04 16:58:47.293] [info] Creature sprite catalog shard 4672 ready on demand for animation 0x6400, resref UDRZ1A3: 1 resources, 45476 metadata bytes
[2026-10-04 16:58:47.306] [info] Creature sprite catalog shard 5081 ready on demand for animation 0x6400, resref WPMH0A3: 1 resources, 45476 metadata bytes
[2026-10-04 16:58:47.325] [info] Creature sprite catalog shard 4776 ready on demand for animation 0x6400, resref CSHDA3E: 1 resources, 28188 metadata bytes
[2026-10-04 16:58:47.336] [info] Creature sprite catalog shard 5082 ready on demand for animation 0x6400, resref WPMH0A3E: 1 resources, 28188 metadata bytes
[2026-10-04 16:58:47.354] [info] Creature sprite catalog shard 4673 ready on demand for animation 0x6400, resref UDRZ1A3E: 1 resources, 28188 metadata bytes
[2026-10-04 16:58:47.369] [info] Creature sprite catalog shard 4781 ready on demand for animation 0x6400, resref CSHDA5: 1 resources, 28332 metadata bytes
[2026-10-04 16:58:47.384] [info] Creature sprite catalog shard 4674 ready on demand for animation 0x6400, resref UDRZ1A5: 1 resources, 28332 metadata bytes
[2026-10-04 16:58:47.398] [info] Creature sprite catalog shard 5085 ready on demand for animation 0x6400, resref WPMH0A5: 1 resources, 28332 metadata bytes
[2026-10-04 16:58:47.417] [info] Creature sprite catalog shard 4782 ready on demand for animation 0x6400, resref CSHDA5E: 1 resources, 17996 metadata bytes
[2026-10-04 16:58:47.428] [info] Creature sprite catalog shard 5086 ready on demand for animation 0x6400, resref WPMH0A5E: 1 resources, 17996 metadata bytes
[2026-10-04 16:58:47.445] [info] Creature sprite catalog shard 4675 ready on demand for animation 0x6400, resref UDRZ1A5E: 1 resources, 17996 metadata bytes
[2026-10-04 16:58:47.461] [info] Creature sprite catalog shard 4787 ready on demand for animation 0x6400, resref CSHDCA: 1 resources, 48684 metadata bytes
[2026-10-04 16:58:47.478] [info] Creature sprite catalog shard 4676 ready on demand for animation 0x6400, resref UDRZ1CA: 1 resources, 48684 metadata bytes
[2026-10-04 16:58:47.491] [info] Creature sprite catalog shard 5089 ready on demand for animation 0x6400, resref WPMH0CA: 1 resources, 48684 metadata bytes
[2026-10-04 16:58:47.523] [info] Creature sprite catalog shard 4788 ready on demand for animation 0x6400, resref CSHDCAE: 1 resources, 30648 metadata bytes
[2026-10-04 16:58:47.537] [info] Creature sprite catalog shard 5090 ready on demand for animation 0x6400, resref WPMH0CAE: 1 resources, 30648 metadata bytes
[2026-10-04 16:58:47.553] [info] Creature sprite catalog shard 4677 ready on demand for animation 0x6400, resref UDRZ1CAE: 1 resources, 30648 metadata bytes
[2026-10-04 16:58:47.577] [info] Creature sprite catalog shard 4790 ready on demand for animation 0x6400, resref CSHDG1: 1 resources, 161776 metadata bytes
[2026-10-04 16:58:47.596] [info] Creature sprite catalog shard 4678 ready on demand for animation 0x6400, resref UDRZ1G1: 1 resources, 161776 metadata bytes
[2026-10-04 16:58:47.602] [info] Creature sprite catalog shard 5091 ready on demand for animation 0x6400, resref WPMH0G1: 1 resources, 161776 metadata bytes
[2026-10-04 16:58:47.640] [info] Creature sprite catalog shard 4791 ready on demand for animation 0x6400, resref CSHDG1E: 1 resources, 98544 metadata bytes
[2026-10-04 16:58:47.646] [info] Creature sprite catalog shard 5092 ready on demand for animation 0x6400, resref WPMH0G1E: 1 resources, 98544 metadata bytes
[2026-10-04 16:58:47.667] [info] Creature sprite catalog shard 4679 ready on demand for animation 0x6400, resref UDRZ1G1E: 1 resources, 98544 metadata bytes
[2026-10-04 16:58:47.688] [info] Creature sprite catalog shard 4799 ready on demand for animation 0x6400, resref CSHDW2: 1 resources, 45424 metadata bytes
[2026-10-04 16:58:47.694] [info] Creature sprite catalog shard 4680 ready on demand for animation 0x6400, resref UDRZ1W2: 1 resources, 45424 metadata bytes
[2026-10-04 16:58:47.706] [info] Creature sprite catalog shard 5098 ready on demand for animation 0x6400, resref WPMH0W2: 1 resources, 45424 metadata bytes
[2026-10-04 16:58:47.725] [info] Creature sprite catalog shard 4800 ready on demand for animation 0x6400, resref CSHDW2E: 1 resources, 28164 metadata bytes
[2026-10-04 16:58:47.736] [info] Creature sprite catalog shard 5099 ready on demand for animation 0x6400, resref WPMH0W2E: 1 resources, 28164 metadata bytes
[2026-10-04 16:58:47.754] [info] Creature sprite catalog shard 4681 ready on demand for animation 0x6400, resref UDRZ1W2E: 1 resources, 28164 metadata bytes
[2026-10-04 16:58:47.769] [info] Creature sprite catalog shard 4772 ready on demand for animation 0x6401, resref CSHDA2: 1 resources, 45476 metadata bytes
[2026-10-04 16:58:47.787] [info] Creature sprite catalog shard 4682 ready on demand for animation 0x6401, resref UELM1A2: 1 resources, 45476 metadata bytes
[2026-10-04 16:58:47.801] [info] Creature sprite catalog shard 4773 ready on demand for animation 0x6401, resref CSHDA2E: 1 resources, 28188 metadata bytes
[2026-10-04 16:58:47.815] [info] Creature sprite catalog shard 4683 ready on demand for animation 0x6401, resref UELM1A2E: 1 resources, 28188 metadata bytes
[2026-10-04 16:58:47.830] [info] Creature sprite catalog shard 4778 ready on demand for animation 0x6401, resref CSHDA4: 1 resources, 45476 metadata bytes
[2026-10-04 16:58:47.848] [info] Creature sprite catalog shard 4684 ready on demand for animation 0x6401, resref UELM1A4: 1 resources, 45476 metadata bytes
[2026-10-04 16:58:47.863] [info] Creature sprite catalog shard 4779 ready on demand for animation 0x6401, resref CSHDA4E: 1 resources, 28188 metadata bytes
[2026-10-04 16:58:47.877] [info] Creature sprite catalog shard 4685 ready on demand for animation 0x6401, resref UELM1A4E: 1 resources, 28188 metadata bytes
[2026-10-04 16:58:47.897] [info] Creature sprite catalog shard 4686 ready on demand for animation 0x6401, resref UELM1CA: 1 resources, 48684 metadata bytes
[2026-10-04 16:58:47.927] [info] Creature sprite catalog shard 4687 ready on demand for animation 0x6401, resref UELM1CAE: 1 resources, 30648 metadata bytes
[2026-10-04 16:58:47.963] [info] Creature sprite catalog shard 4688 ready on demand for animation 0x6401, resref UELM1G1: 1 resources, 161736 metadata bytes
[2026-10-04 16:58:48.003] [info] Creature sprite catalog shard 4689 ready on demand for animation 0x6401, resref UELM1G1E: 1 resources, 98520 metadata bytes
[2026-10-04 16:58:48.032] [info] Creature sprite catalog shard 4690 ready on demand for animation 0x6401, resref UELM1W2: 1 resources, 45384 metadata bytes
[2026-10-04 16:58:48.051] [info] Creature sprite catalog shard 4691 ready on demand for animation 0x6401, resref UELM1W2E: 1 resources, 28140 metadata bytes
[2026-10-04 16:58:48.066] [info] Creature sprite catalog shard 4692 ready on demand for animation 0x6402, resref CMNK1A1: 1 resources, 45800 metadata bytes
[2026-10-04 16:58:48.076] [info] Creature sprite catalog shard 5559 ready on demand for animation 0x6402, resref WPMMCA1: 1 resources, 46488 metadata bytes
[2026-10-04 16:58:48.100] [info] Creature sprite catalog shard 4693 ready on demand for animation 0x6402, resref CMNK1A1E: 1 resources, 28528 metadata bytes
[2026-10-04 16:58:48.106] [info] Creature sprite catalog shard 5560 ready on demand for animation 0x6402, resref WPMMCA1E: 1 resources, 28860 metadata bytes
[2026-10-04 16:58:48.128] [info] Creature sprite catalog shard 4694 ready on demand for animation 0x6402, resref CMNK1A2: 1 resources, 45476 metadata bytes
[2026-10-04 16:58:48.141] [info] Creature sprite catalog shard 4695 ready on demand for animation 0x6402, resref CMNK1A2E: 1 resources, 28188 metadata bytes
[2026-10-04 16:58:48.157] [info] Creature sprite catalog shard 4696 ready on demand for animation 0x6402, resref CMNK1A3: 1 resources, 45476 metadata bytes
[2026-10-04 16:58:48.168] [info] Creature sprite catalog shard 5561 ready on demand for animation 0x6402, resref WPMMCA3: 1 resources, 45476 metadata bytes
[2026-10-04 16:58:48.186] [info] Creature sprite catalog shard 5562 ready on demand for animation 0x6402, resref WPMMCA3E: 1 resources, 28188 metadata bytes
[2026-10-04 16:58:48.199] [info] Creature sprite catalog shard 4697 ready on demand for animation 0x6402, resref CMNK1A3E: 1 resources, 28188 metadata bytes
[2026-10-04 16:58:48.218] [info] Creature sprite catalog shard 4698 ready on demand for animation 0x6402, resref CMNK1A4: 1 resources, 45476 metadata bytes
[2026-10-04 16:58:48.232] [info] Creature sprite catalog shard 4699 ready on demand for animation 0x6402, resref CMNK1A4E: 1 resources, 28188 metadata bytes
[2026-10-04 16:58:48.246] [info] Creature sprite catalog shard 4700 ready on demand for animation 0x6402, resref CMNK1A5: 1 resources, 28332 metadata bytes
[2026-10-04 16:58:48.263] [info] Creature sprite catalog shard 4701 ready on demand for animation 0x6402, resref CMNK1A5E: 1 resources, 17996 metadata bytes
[2026-10-04 16:58:48.276] [info] Creature sprite catalog shard 4784 ready on demand for animation 0x6402, resref CSHDA6: 1 resources, 36916 metadata bytes
[2026-10-04 16:58:48.292] [info] Creature sprite catalog shard 4702 ready on demand for animation 0x6402, resref CMNK1A6: 1 resources, 36916 metadata bytes
[2026-10-04 16:58:48.307] [info] Creature sprite catalog shard 4785 ready on demand for animation 0x6402, resref CSHDA6E: 1 resources, 23112 metadata bytes
[2026-10-04 16:58:48.321] [info] Creature sprite catalog shard 4703 ready on demand for animation 0x6402, resref CMNK1A6E: 1 resources, 23112 metadata bytes
[2026-10-04 16:58:48.340] [info] Creature sprite catalog shard 4704 ready on demand for animation 0x6402, resref CMNK1CA: 1 resources, 48588 metadata bytes
[2026-10-04 16:58:48.369] [info] Creature sprite catalog shard 4705 ready on demand for animation 0x6402, resref CMNK1CAE: 1 resources, 30648 metadata bytes
[2026-10-04 16:58:48.400] [info] Creature sprite catalog shard 4706 ready on demand for animation 0x6402, resref CMNK1G1: 1 resources, 161776 metadata bytes
[2026-10-04 16:58:48.415] [info] Creature sprite catalog shard 5563 ready on demand for animation 0x6402, resref WPMMCG1: 1 resources, 161776 metadata bytes
[2026-10-04 16:58:48.457] [info] Creature sprite catalog shard 5564 ready on demand for animation 0x6402, resref WPMMCG1E: 1 resources, 98544 metadata bytes
[2026-10-04 16:58:48.480] [info] Creature sprite catalog shard 4707 ready on demand for animation 0x6402, resref CMNK1G1E: 1 resources, 98544 metadata bytes
[2026-10-04 16:58:48.501] [info] Creature sprite catalog shard 4793 ready on demand for animation 0x6402, resref CSHDSA: 1 resources, 19796 metadata bytes
[2026-10-04 16:58:48.505] [info] Creature sprite catalog shard 4708 ready on demand for animation 0x6402, resref CMNK1SA: 1 resources, 19796 metadata bytes
[2026-10-04 16:58:48.522] [info] Creature sprite catalog shard 4794 ready on demand for animation 0x6402, resref CSHDSAE: 1 resources, 12840 metadata bytes
[2026-10-04 16:58:48.535] [info] Creature sprite catalog shard 4709 ready on demand for animation 0x6402, resref CMNK1SAE: 1 resources, 12840 metadata bytes
[2026-10-04 16:58:48.553] [info] Creature sprite catalog shard 4796 ready on demand for animation 0x6402, resref CSHDSX: 1 resources, 15516 metadata bytes
[2026-10-04 16:58:48.567] [info] Creature sprite catalog shard 4710 ready on demand for animation 0x6402, resref CMNK1SX: 1 resources, 15516 metadata bytes
[2026-10-04 16:58:48.585] [info] Creature sprite catalog shard 4797 ready on demand for animation 0x6402, resref CSHDSXE: 1 resources, 10252 metadata bytes
[2026-10-04 16:58:48.597] [info] Creature sprite catalog shard 4711 ready on demand for animation 0x6402, resref CMNK1SXE: 1 resources, 10252 metadata bytes
[2026-10-04 16:58:48.618] [info] Creature sprite catalog shard 4712 ready on demand for animation 0x6402, resref CMNK1W2: 1 resources, 45424 metadata bytes
[2026-10-04 16:58:48.629] [info] Creature sprite catalog shard 5567 ready on demand for animation 0x6402, resref WPMMCW2: 1 resources, 45424 metadata bytes
[2026-10-04 16:58:48.648] [info] Creature sprite catalog shard 5568 ready on demand for animation 0x6402, resref WPMMCW2E: 1 resources, 28164 metadata bytes
[2026-10-04 16:58:48.661] [info] Creature sprite catalog shard 4713 ready on demand for animation 0x6402, resref CMNK1W2E: 1 resources, 28164 metadata bytes
[2026-10-04 16:58:48.679] [info] Creature sprite catalog shard 4715 ready on demand for animation 0x6403, resref MSKL1A1: 1 resources, 45860 metadata bytes
[2026-10-04 16:58:48.691] [info] Creature sprite catalog shard 4946 ready on demand for animation 0x6403, resref WPMD1A1: 1 resources, 45800 metadata bytes
[2026-10-04 16:58:48.716] [info] Creature sprite catalog shard 4947 ready on demand for animation 0x6403, resref WPMD1A1E: 1 resources, 28528 metadata bytes
[2026-10-04 16:58:48.722] [info] Creature sprite catalog shard 4716 ready on demand for animation 0x6403, resref MSKL1A1E: 1 resources, 28512 metadata bytes
[2026-10-04 16:58:48.744] [info] Creature sprite catalog shard 4717 ready on demand for animation 0x6403, resref MSKL1A2: 1 resources, 45476 metadata bytes
[2026-10-04 16:58:48.752] [info] Creature sprite catalog shard 5079 ready on demand for animation 0x6403, resref WPMH0A2: 1 resources, 45476 metadata bytes
[2026-10-04 16:58:48.771] [info] Creature sprite catalog shard 5080 ready on demand for animation 0x6403, resref WPMH0A2E: 1 resources, 28188 metadata bytes
[2026-10-04 16:58:48.783] [info] Creature sprite catalog shard 4718 ready on demand for animation 0x6403, resref MSKL1A2E: 1 resources, 28188 metadata bytes
[2026-10-04 16:58:48.803] [info] Creature sprite catalog shard 4719 ready on demand for animation 0x6403, resref MSKL1A3: 1 resources, 45476 metadata bytes
[2026-10-04 16:58:48.813] [info] Creature sprite catalog shard 4948 ready on demand for animation 0x6403, resref WPMD1A3: 1 resources, 45476 metadata bytes
[2026-10-04 16:58:48.833] [info] Creature sprite catalog shard 4949 ready on demand for animation 0x6403, resref WPMD1A3E: 1 resources, 28188 metadata bytes
[2026-10-04 16:58:48.845] [info] Creature sprite catalog shard 4720 ready on demand for animation 0x6403, resref MSKL1A3E: 1 resources, 28188 metadata bytes
[2026-10-04 16:58:48.863] [info] Creature sprite catalog shard 4721 ready on demand for animation 0x6403, resref MSKL1A4: 1 resources, 45476 metadata bytes
[2026-10-04 16:58:48.875] [info] Creature sprite catalog shard 5083 ready on demand for animation 0x6403, resref WPMH0A4: 1 resources, 45476 metadata bytes
[2026-10-04 16:58:48.893] [info] Creature sprite catalog shard 5084 ready on demand for animation 0x6403, resref WPMH0A4E: 1 resources, 28188 metadata bytes
[2026-10-04 16:58:48.907] [info] Creature sprite catalog shard 4722 ready on demand for animation 0x6403, resref MSKL1A4E: 1 resources, 28188 metadata bytes
[2026-10-04 16:58:48.924] [info] Creature sprite catalog shard 4723 ready on demand for animation 0x6403, resref MSKL1A5: 1 resources, 28332 metadata bytes
[2026-10-04 16:58:48.936] [info] Creature sprite catalog shard 4950 ready on demand for animation 0x6403, resref WPMD1A5: 1 resources, 28332 metadata bytes
[2026-10-04 16:58:48.956] [info] Creature sprite catalog shard 4951 ready on demand for animation 0x6403, resref WPMD1A5E: 1 resources, 17996 metadata bytes
[2026-10-04 16:58:48.968] [info] Creature sprite catalog shard 4724 ready on demand for animation 0x6403, resref MSKL1A5E: 1 resources, 17996 metadata bytes
[2026-10-04 16:58:48.986] [info] Creature sprite catalog shard 4725 ready on demand for animation 0x6403, resref MSKL1A6: 1 resources, 36916 metadata bytes
[2026-10-04 16:58:48.998] [info] Creature sprite catalog shard 5087 ready on demand for animation 0x6403, resref WPMH0A6: 1 resources, 36916 metadata bytes
[2026-10-04 16:58:49.017] [info] Creature sprite catalog shard 5088 ready on demand for animation 0x6403, resref WPMH0A6E: 1 resources, 23112 metadata bytes
[2026-10-04 16:58:49.029] [info] Creature sprite catalog shard 4726 ready on demand for animation 0x6403, resref MSKL1A6E: 1 resources, 23112 metadata bytes
[2026-10-04 16:58:49.048] [info] Creature sprite catalog shard 4727 ready on demand for animation 0x6403, resref MSKL1CA: 1 resources, 48588 metadata bytes
[2026-10-04 16:58:49.079] [info] Creature sprite catalog shard 4728 ready on demand for animation 0x6403, resref MSKL1CAE: 1 resources, 30648 metadata bytes
[2026-10-04 16:58:49.108] [info] Creature sprite catalog shard 4729 ready on demand for animation 0x6403, resref MSKL1G1: 1 resources, 177996 metadata bytes
[2026-10-04 16:58:49.123] [info] Creature sprite catalog shard 4952 ready on demand for animation 0x6403, resref WPMD1G1: 1 resources, 161776 metadata bytes
[2026-10-04 16:58:49.170] [info] Creature sprite catalog shard 4953 ready on demand for animation 0x6403, resref WPMD1G1E: 1 resources, 98544 metadata bytes
[2026-10-04 16:58:49.189] [info] Creature sprite catalog shard 4730 ready on demand for animation 0x6403, resref MSKL1G1E: 1 resources, 112416 metadata bytes
[2026-10-04 16:58:49.217] [info] Creature sprite catalog shard 4731 ready on demand for animation 0x6403, resref MSKL1SA: 1 resources, 19796 metadata bytes
[2026-10-04 16:58:49.229] [info] Creature sprite catalog shard 5094 ready on demand for animation 0x6403, resref WPMH0SA: 1 resources, 19796 metadata bytes
[2026-10-04 16:58:49.247] [info] Creature sprite catalog shard 5095 ready on demand for animation 0x6403, resref WPMH0SAE: 1 resources, 12840 metadata bytes
[2026-10-04 16:58:49.260] [info] Creature sprite catalog shard 4732 ready on demand for animation 0x6403, resref MSKL1SAE: 1 resources, 12840 metadata bytes
[2026-10-04 16:58:49.277] [info] Creature sprite catalog shard 4733 ready on demand for animation 0x6403, resref MSKL1SX: 1 resources, 15516 metadata bytes
[2026-10-04 16:58:49.290] [info] Creature sprite catalog shard 5096 ready on demand for animation 0x6403, resref WPMH0SX: 1 resources, 15516 metadata bytes
[2026-10-04 16:58:49.310] [info] Creature sprite catalog shard 5097 ready on demand for animation 0x6403, resref WPMH0SXE: 1 resources, 10252 metadata bytes
[2026-10-04 16:58:49.321] [info] Creature sprite catalog shard 4734 ready on demand for animation 0x6403, resref MSKL1SXE: 1 resources, 10252 metadata bytes
[2026-10-04 16:58:49.341] [info] Creature sprite catalog shard 4735 ready on demand for animation 0x6403, resref MSKL1W2: 1 resources, 45424 metadata bytes
[2026-10-04 16:58:49.352] [info] Creature sprite catalog shard 4955 ready on demand for animation 0x6403, resref WPMD1W2: 1 resources, 45424 metadata bytes
[2026-10-04 16:58:49.373] [info] Creature sprite catalog shard 4956 ready on demand for animation 0x6403, resref WPMD1W2E: 1 resources, 28164 metadata bytes
[2026-10-04 16:58:49.384] [info] Creature sprite catalog shard 4736 ready on demand for animation 0x6403, resref MSKL1W2E: 1 resources, 28164 metadata bytes
[2026-10-04 16:58:49.407] [info] Creature sprite catalog shard 4737 ready on demand for animation 0x6404, resref USAR1A1: 1 resources, 45508 metadata bytes
[2026-10-04 16:58:49.423] [info] Creature sprite catalog shard 4738 ready on demand for animation 0x6404, resref USAR1A1E: 1 resources, 28260 metadata bytes
[2026-10-04 16:58:49.438] [info] Creature sprite catalog shard 4739 ready on demand for animation 0x6404, resref USAR1A3: 1 resources, 45424 metadata bytes
[2026-10-04 16:58:49.453] [info] Creature sprite catalog shard 4740 ready on demand for animation 0x6404, resref USAR1A3E: 1 resources, 28164 metadata bytes
[2026-10-04 16:58:49.469] [info] Creature sprite catalog shard 4741 ready on demand for animation 0x6404, resref USAR1A5: 1 resources, 45508 metadata bytes
[2026-10-04 16:58:49.483] [info] Creature sprite catalog shard 4742 ready on demand for animation 0x6404, resref USAR1A5E: 1 resources, 28260 metadata bytes
[2026-10-04 16:58:49.516] [info] Creature sprite catalog shard 4743 ready on demand for animation 0x6404, resref USAR1G1: 1 resources, 156368 metadata bytes
[2026-10-04 16:58:49.573] [info] Creature sprite catalog shard 4744 ready on demand for animation 0x6404, resref USAR1G1E: 1 resources, 112524 metadata bytes
[2026-10-04 16:58:49.612] [info] Creature sprite catalog shard 4745 ready on demand for animation 0x6404, resref USAR1W2: 1 resources, 45380 metadata bytes
[2026-10-04 16:58:49.623] [info] Creature sprite catalog shard 4746 ready on demand for animation 0x6404, resref USAR1W2E: 1 resources, 28164 metadata bytes
[2026-10-04 16:58:49.632] [info] Creature sprite catalog shard 4747 ready on demand for animation 0x6405, resref MDGU1A1: 1 resources, 45800 metadata bytes
[2026-10-04 16:58:49.651] [info] Creature sprite catalog shard 4748 ready on demand for animation 0x6405, resref MDGU1A1E: 1 resources, 28528 metadata bytes
[2026-10-04 16:58:49.664] [info] Creature sprite catalog shard 4749 ready on demand for animation 0x6405, resref MDGU1A2: 1 resources, 45476 metadata bytes
[2026-10-04 16:58:49.679] [info] Creature sprite catalog shard 4750 ready on demand for animation 0x6405, resref MDGU1A2E: 1 resources, 28188 metadata bytes
[2026-10-04 16:58:49.692] [info] Creature sprite catalog shard 4751 ready on demand for animation 0x6405, resref MDGU1A3: 1 resources, 45476 metadata bytes
[2026-10-04 16:58:49.710] [info] Creature sprite catalog shard 4752 ready on demand for animation 0x6405, resref MDGU1A3E: 1 resources, 28188 metadata bytes
[2026-10-04 16:58:49.724] [info] Creature sprite catalog shard 4753 ready on demand for animation 0x6405, resref MDGU1A4: 1 resources, 45476 metadata bytes
[2026-10-04 16:58:49.739] [info] Creature sprite catalog shard 4754 ready on demand for animation 0x6405, resref MDGU1A4E: 1 resources, 28188 metadata bytes
[2026-10-04 16:58:49.753] [info] Creature sprite catalog shard 4755 ready on demand for animation 0x6405, resref MDGU1A5: 1 resources, 28332 metadata bytes
[2026-10-04 16:58:49.770] [info] Creature sprite catalog shard 4756 ready on demand for animation 0x6405, resref MDGU1A5E: 1 resources, 17996 metadata bytes
[2026-10-04 16:58:49.785] [info] Creature sprite catalog shard 4757 ready on demand for animation 0x6405, resref MDGU1A6: 1 resources, 36916 metadata bytes
[2026-10-04 16:58:49.801] [info] Creature sprite catalog shard 4758 ready on demand for animation 0x6405, resref MDGU1A6E: 1 resources, 23112 metadata bytes
[2026-10-04 16:58:49.815] [info] Creature sprite catalog shard 4759 ready on demand for animation 0x6405, resref MDGU1CA: 1 resources, 48684 metadata bytes
[2026-10-04 16:58:49.838] [info] Creature sprite catalog shard 4760 ready on demand for animation 0x6405, resref MDGU1CAE: 1 resources, 30648 metadata bytes
[2026-10-04 16:58:49.849] [info] Creature sprite catalog shard 4761 ready on demand for animation 0x6405, resref MDGU1G1: 1 resources, 161776 metadata bytes
[2026-10-04 16:58:49.885] [info] Creature sprite catalog shard 4762 ready on demand for animation 0x6405, resref MDGU1G1E: 1 resources, 98544 metadata bytes
[2026-10-04 16:58:49.902] [info] Creature sprite catalog shard 4763 ready on demand for animation 0x6405, resref MDGU1SA: 1 resources, 19796 metadata bytes
[2026-10-04 16:58:49.907] [info] Creature sprite catalog shard 4764 ready on demand for animation 0x6405, resref MDGU1SAE: 1 resources, 12840 metadata bytes
[2026-10-04 16:58:49.922] [info] Creature sprite catalog shard 4765 ready on demand for animation 0x6405, resref MDGU1SX: 1 resources, 15516 metadata bytes
[2026-10-04 16:58:49.938] [info] Creature sprite catalog shard 4766 ready on demand for animation 0x6405, resref MDGU1SXE: 1 resources, 10252 metadata bytes
[2026-10-04 16:58:49.954] [info] Creature sprite catalog shard 4767 ready on demand for animation 0x6405, resref MDGU1W2: 1 resources, 45424 metadata bytes
[2026-10-04 16:58:49.972] [info] Creature sprite catalog shard 4768 ready on demand for animation 0x6405, resref MDGU1W2E: 1 resources, 28164 metadata bytes
{"native_composites":10256,"resolved_layers":28512,"decoded_pixels":86840440,"missing_layers":0,"passed":true}
