[2026-10-04 16:56:13.889] [info] Creature sprite xBR catalog ready: scale=x2, 147 animations, 5736 components, 5736 resources, 1642525 frames, 5418442756 index bytes across 5736 lazy content-addressed shards; catalog-version=V2; 55252 authenticated directory entries; source=CreatureSprites-XN.catalog; filter=NEAREST; index cache budget=128 MiB; metadata cache budget=128 MiB; shard validation=background-on-demand
[2026-10-04 16:56:13.890] [info] Creature sprite catalog shard 4769 ready on demand for animation 0x6400, resref CSHDA1: 1 resources, 45860 metadata bytes
[2026-10-04 16:56:13.915] [info] Creature sprite catalog shard 4770 ready on demand for animation 0x6400, resref CSHDA1E: 1 resources, 28512 metadata bytes
[2026-10-04 16:56:13.924] [info] Creature sprite catalog shard 4771 ready on demand for animation 0x6400, resref CSHDA1X: 1 resources, 28876 metadata bytes
[2026-10-04 16:56:13.940] [info] Creature sprite catalog shard 4772 ready on demand for animation 0x6400, resref CSHDA2: 1 resources, 45476 metadata bytes
[2026-10-04 16:56:13.959] [info] Creature sprite catalog shard 4773 ready on demand for animation 0x6400, resref CSHDA2E: 1 resources, 28188 metadata bytes
[2026-10-04 16:56:13.968] [info] Creature sprite catalog shard 4774 ready on demand for animation 0x6400, resref CSHDA2X: 1 resources, 28188 metadata bytes
[2026-10-04 16:56:13.985] [info] Creature sprite catalog shard 4775 ready on demand for animation 0x6400, resref CSHDA3: 1 resources, 45476 metadata bytes
[2026-10-04 16:56:14.004] [info] Creature sprite catalog shard 4776 ready on demand for animation 0x6400, resref CSHDA3E: 1 resources, 28188 metadata bytes
[2026-10-04 16:56:14.016] [info] Creature sprite catalog shard 4777 ready on demand for animation 0x6400, resref CSHDA3X: 1 resources, 28188 metadata bytes
[2026-10-04 16:56:14.033] [info] Creature sprite catalog shard 4778 ready on demand for animation 0x6400, resref CSHDA4: 1 resources, 45476 metadata bytes
[2026-10-04 16:56:14.050] [info] Creature sprite catalog shard 4779 ready on demand for animation 0x6400, resref CSHDA4E: 1 resources, 28188 metadata bytes
[2026-10-04 16:56:14.061] [info] Creature sprite catalog shard 4780 ready on demand for animation 0x6400, resref CSHDA4X: 1 resources, 28188 metadata bytes
[2026-10-04 16:56:14.077] [info] Creature sprite catalog shard 4781 ready on demand for animation 0x6400, resref CSHDA5: 1 resources, 28332 metadata bytes
[2026-10-04 16:56:14.092] [info] Creature sprite catalog shard 4782 ready on demand for animation 0x6400, resref CSHDA5E: 1 resources, 17996 metadata bytes
[2026-10-04 16:56:14.105] [info] Creature sprite catalog shard 4783 ready on demand for animation 0x6400, resref CSHDA5X: 1 resources, 17996 metadata bytes
[2026-10-04 16:56:14.121] [info] Creature sprite catalog shard 4784 ready on demand for animation 0x6400, resref CSHDA6: 1 resources, 36916 metadata bytes
[2026-10-04 16:56:14.140] [info] Creature sprite catalog shard 4785 ready on demand for animation 0x6400, resref CSHDA6E: 1 resources, 23112 metadata bytes
[2026-10-04 16:56:14.153] [info] Creature sprite catalog shard 4786 ready on demand for animation 0x6400, resref CSHDA6X: 1 resources, 23112 metadata bytes
[2026-10-04 16:56:14.169] [info] Creature sprite catalog shard 4787 ready on demand for animation 0x6400, resref CSHDCA: 1 resources, 48684 metadata bytes
[2026-10-04 16:56:14.190] [info] Creature sprite catalog shard 4788 ready on demand for animation 0x6400, resref CSHDCAE: 1 resources, 30648 metadata bytes
[2026-10-04 16:56:14.202] [info] Creature sprite catalog shard 4789 ready on demand for animation 0x6400, resref CSHDCAX: 1 resources, 30648 metadata bytes
[2026-10-04 16:56:14.218] [info] Creature sprite catalog shard 4790 ready on demand for animation 0x6400, resref CSHDG1: 1 resources, 161776 metadata bytes
[2026-10-04 16:56:14.267] [info] Creature sprite catalog shard 4791 ready on demand for animation 0x6400, resref CSHDG1E: 1 resources, 98544 metadata bytes
[2026-10-04 16:56:14.297] [info] Creature sprite catalog shard 4792 ready on demand for animation 0x6400, resref CSHDG1X: 1 resources, 98544 metadata bytes
[2026-10-04 16:56:14.329] [info] Creature sprite catalog shard 4793 ready on demand for animation 0x6400, resref CSHDSA: 1 resources, 19796 metadata bytes
[2026-10-04 16:56:14.337] [info] Creature sprite catalog shard 4794 ready on demand for animation 0x6400, resref CSHDSAE: 1 resources, 12840 metadata bytes
[2026-10-04 16:56:14.351] [info] Creature sprite catalog shard 4795 ready on demand for animation 0x6400, resref CSHDSAX: 1 resources, 12840 metadata bytes
[2026-10-04 16:56:14.366] [info] Creature sprite catalog shard 4796 ready on demand for animation 0x6400, resref CSHDSX: 1 resources, 15516 metadata bytes
[2026-10-04 16:56:14.382] [info] Creature sprite catalog shard 4797 ready on demand for animation 0x6400, resref CSHDSXE: 1 resources, 10252 metadata bytes
[2026-10-04 16:56:14.398] [info] Creature sprite catalog shard 4798 ready on demand for animation 0x6400, resref CSHDSXX: 1 resources, 10252 metadata bytes
[2026-10-04 16:56:14.415] [info] Creature sprite catalog shard 4799 ready on demand for animation 0x6400, resref CSHDW2: 1 resources, 45424 metadata bytes
[2026-10-04 16:56:14.438] [info] Creature sprite catalog shard 4800 ready on demand for animation 0x6400, resref CSHDW2E: 1 resources, 28164 metadata bytes
[2026-10-04 16:56:14.447] [info] Creature sprite catalog shard 4801 ready on demand for animation 0x6400, resref CSHDW2X: 1 resources, 36764 metadata bytes
[2026-10-04 16:56:14.466] [info] Creature sprite catalog shard 4802 ready on demand for animation 0x6404, resref SSHDA1: 1 resources, 45508 metadata bytes
[2026-10-04 16:56:14.493] [info] Creature sprite catalog shard 4803 ready on demand for animation 0x6404, resref SSHDA1E: 1 resources, 28260 metadata bytes
[2026-10-04 16:56:14.517] [info] Creature sprite catalog shard 4804 ready on demand for animation 0x6404, resref SSHDA1X: 1 resources, 28260 metadata bytes
[2026-10-04 16:56:14.532] [info] Creature sprite catalog shard 4805 ready on demand for animation 0x6404, resref SSHDA3: 1 resources, 45424 metadata bytes
[2026-10-04 16:56:14.558] [info] Creature sprite catalog shard 4806 ready on demand for animation 0x6404, resref SSHDA3E: 1 resources, 28164 metadata bytes
[2026-10-04 16:56:14.582] [info] Creature sprite catalog shard 4807 ready on demand for animation 0x6404, resref SSHDA3X: 1 resources, 28164 metadata bytes
[2026-10-04 16:56:14.607] [info] Creature sprite catalog shard 4808 ready on demand for animation 0x6404, resref SSHDA5: 1 resources, 45508 metadata bytes
[2026-10-04 16:56:14.634] [info] Creature sprite catalog shard 4809 ready on demand for animation 0x6404, resref SSHDA5E: 1 resources, 28260 metadata bytes
[2026-10-04 16:56:14.655] [info] Creature sprite catalog shard 4810 ready on demand for animation 0x6404, resref SSHDA5X: 1 resources, 28260 metadata bytes
[2026-10-04 16:56:14.674] [info] Creature sprite catalog shard 4811 ready on demand for animation 0x6404, resref SSHDG1: 1 resources, 156368 metadata bytes
[2026-10-04 16:56:14.764] [info] Creature sprite catalog shard 4812 ready on demand for animation 0x6404, resref SSHDG1E: 1 resources, 112524 metadata bytes
[2026-10-04 16:56:14.819] [info] Creature sprite catalog shard 4813 ready on demand for animation 0x6404, resref SSHDG1X: 1 resources, 112524 metadata bytes
[2026-10-04 16:56:14.884] [info] Creature sprite catalog shard 4814 ready on demand for animation 0x6404, resref SSHDW2: 1 resources, 45424 metadata bytes
[2026-10-04 16:56:14.909] [info] Creature sprite catalog shard 4815 ready on demand for animation 0x6404, resref SSHDW2E: 1 resources, 28164 metadata bytes
[2026-10-04 16:56:14.933] [info] Creature sprite catalog shard 4816 ready on demand for animation 0x6404, resref SSHDW2X: 1 resources, 36764 metadata bytes
[2026-10-04 16:56:14.952] [info] Creature sprite catalog shard 4817 ready on demand for animation 0x6400, resref WPMAXA1: 1 resources, 45800 metadata bytes
[2026-10-04 16:56:14.977] [info] Creature sprite catalog shard 4818 ready on demand for animation 0x6400, resref WPMAXA1E: 1 resources, 28528 metadata bytes
[2026-10-04 16:56:14.989] [info] Creature sprite catalog shard 4819 ready on demand for animation 0x6400, resref WPMAXA3: 1 resources, 45476 metadata bytes
[2026-10-04 16:56:15.008] [info] Creature sprite catalog shard 4820 ready on demand for animation 0x6400, resref WPMAXA3E: 1 resources, 28188 metadata bytes
[2026-10-04 16:56:15.022] [info] Creature sprite catalog shard 4821 ready on demand for animation 0x6400, resref WPMAXG1: 1 resources, 161776 metadata bytes
[2026-10-04 16:56:15.067] [info] Creature sprite catalog shard 4822 ready on demand for animation 0x6400, resref WPMAXG1E: 1 resources, 98544 metadata bytes
[2026-10-04 16:56:15.098] [info] Creature sprite catalog shard 4823 ready on demand for animation 0x6400, resref WPMAXINV: 1 resources, 3924 metadata bytes
[2026-10-04 16:56:15.107] [info] Creature sprite catalog shard 4824 ready on demand for animation 0x6400, resref WPMAXOIN: 1 resources, 3924 metadata bytes
[2026-10-04 16:56:15.123] [info] Creature sprite catalog shard 4825 ready on demand for animation 0x6400, resref WPMAXW2: 1 resources, 45424 metadata bytes
[2026-10-04 16:56:15.147] [info] Creature sprite catalog shard 4826 ready on demand for animation 0x6400, resref WPMAXW2E: 1 resources, 28164 metadata bytes
[2026-10-04 16:56:15.163] [info] Creature sprite catalog shard 4827 ready on demand for animation 0x6400, resref WPMBSG1: 1 resources, 161776 metadata bytes
[2026-10-04 16:56:15.230] [info] Creature sprite catalog shard 4828 ready on demand for animation 0x6400, resref WPMBSG1E: 1 resources, 98544 metadata bytes
[2026-10-04 16:56:15.277] [info] Creature sprite catalog shard 4829 ready on demand for animation 0x6400, resref WPMBSINV: 1 resources, 3924 metadata bytes
[2026-10-04 16:56:15.292] [info] Creature sprite catalog shard 4830 ready on demand for animation 0x6400, resref WPMBSSA: 1 resources, 19796 metadata bytes
[2026-10-04 16:56:15.312] [info] Creature sprite catalog shard 4831 ready on demand for animation 0x6400, resref WPMBSSAE: 1 resources, 12840 metadata bytes
[2026-10-04 16:56:15.327] [info] Creature sprite catalog shard 4832 ready on demand for animation 0x6400, resref WPMBSW2: 1 resources, 45424 metadata bytes
[2026-10-04 16:56:15.354] [info] Creature sprite catalog shard 4833 ready on demand for animation 0x6400, resref WPMBSW2E: 1 resources, 28164 metadata bytes
[2026-10-04 16:56:15.381] [info] Creature sprite catalog shard 4834 ready on demand for animation 0x6400, resref WPMBWG1: 1 resources, 161776 metadata bytes
[2026-10-04 16:56:15.445] [info] Creature sprite catalog shard 4835 ready on demand for animation 0x6400, resref WPMBWG1E: 1 resources, 98544 metadata bytes
[2026-10-04 16:56:15.490] [info] Creature sprite catalog shard 4836 ready on demand for animation 0x6400, resref WPMBWINV: 1 resources, 3924 metadata bytes
[2026-10-04 16:56:15.507] [info] Creature sprite catalog shard 4837 ready on demand for animation 0x6400, resref WPMBWSA: 1 resources, 19796 metadata bytes
[2026-10-04 16:56:15.527] [info] Creature sprite catalog shard 4838 ready on demand for animation 0x6400, resref WPMBWSAE: 1 resources, 12840 metadata bytes
[2026-10-04 16:56:15.545] [info] Creature sprite catalog shard 4839 ready on demand for animation 0x6400, resref WPMBWW2: 1 resources, 45424 metadata bytes
[2026-10-04 16:56:15.574] [info] Creature sprite catalog shard 4840 ready on demand for animation 0x6400, resref WPMBWW2E: 1 resources, 28164 metadata bytes
[2026-10-04 16:56:15.593] [info] Creature sprite catalog shard 4841 ready on demand for animation 0x6400, resref WPMC0A1: 1 resources, 45800 metadata bytes
[2026-10-04 16:56:15.610] [info] Creature sprite catalog shard 4842 ready on demand for animation 0x6400, resref WPMC0A1E: 1 resources, 28528 metadata bytes
[2026-10-04 16:56:15.621] [info] Creature sprite catalog shard 4843 ready on demand for animation 0x6400, resref WPMC0A3: 1 resources, 45476 metadata bytes
[2026-10-04 16:56:15.642] [info] Creature sprite catalog shard 4844 ready on demand for animation 0x6400, resref WPMC0A3E: 1 resources, 28188 metadata bytes
[2026-10-04 16:56:15.652] [info] Creature sprite catalog shard 4845 ready on demand for animation 0x6400, resref WPMC0A5: 1 resources, 28332 metadata bytes
[2026-10-04 16:56:15.667] [info] Creature sprite catalog shard 4846 ready on demand for animation 0x6400, resref WPMC0A5E: 1 resources, 17996 metadata bytes
[2026-10-04 16:56:15.687] [info] Creature sprite catalog shard 4847 ready on demand for animation 0x6400, resref WPMC0G1: 1 resources, 161776 metadata bytes
[2026-10-04 16:56:15.741] [info] Creature sprite catalog shard 4848 ready on demand for animation 0x6400, resref WPMC0G1E: 1 resources, 98544 metadata bytes
[2026-10-04 16:56:15.777] [info] Creature sprite catalog shard 4849 ready on demand for animation 0x6400, resref WPMC0INV: 1 resources, 3924 metadata bytes
[2026-10-04 16:56:15.785] [info] Creature sprite catalog shard 4850 ready on demand for animation 0x6400, resref WPMC0W2: 1 resources, 45424 metadata bytes
[2026-10-04 16:56:15.811] [info] Creature sprite catalog shard 4851 ready on demand for animation 0x6400, resref WPMC0W2E: 1 resources, 28164 metadata bytes
[2026-10-04 16:56:15.822] [info] Creature sprite catalog shard 4852 ready on demand for animation 0x6400, resref WPMC1A1: 1 resources, 45800 metadata bytes
[2026-10-04 16:56:15.845] [info] Creature sprite catalog shard 4853 ready on demand for animation 0x6400, resref WPMC1A1E: 1 resources, 28528 metadata bytes
[2026-10-04 16:56:15.870] [info] Creature sprite catalog shard 4854 ready on demand for animation 0x6400, resref WPMC1A3: 1 resources, 45476 metadata bytes
[2026-10-04 16:56:15.893] [info] Creature sprite catalog shard 4855 ready on demand for animation 0x6400, resref WPMC1A3E: 1 resources, 28188 metadata bytes
[2026-10-04 16:56:15.916] [info] Creature sprite catalog shard 4856 ready on demand for animation 0x6400, resref WPMC1A5: 1 resources, 28332 metadata bytes
[2026-10-04 16:56:15.932] [info] Creature sprite catalog shard 4857 ready on demand for animation 0x6400, resref WPMC1A5E: 1 resources, 17996 metadata bytes
[2026-10-04 16:56:15.948] [info] Creature sprite catalog shard 4858 ready on demand for animation 0x6400, resref WPMC1G1: 1 resources, 161776 metadata bytes
[2026-10-04 16:56:16.012] [info] Creature sprite catalog shard 4859 ready on demand for animation 0x6400, resref WPMC1G1E: 1 resources, 98544 metadata bytes
[2026-10-04 16:56:16.045] [info] Creature sprite catalog shard 4860 ready on demand for animation 0x6400, resref WPMC1INV: 1 resources, 3924 metadata bytes
[2026-10-04 16:56:16.050] [info] Creature sprite catalog shard 4861 ready on demand for animation 0x6400, resref WPMC1W2: 1 resources, 45424 metadata bytes
[2026-10-04 16:56:16.078] [info] Creature sprite catalog shard 4862 ready on demand for animation 0x6400, resref WPMC1W2E: 1 resources, 28164 metadata bytes
[2026-10-04 16:56:16.104] [info] Creature sprite catalog shard 4863 ready on demand for animation 0x6400, resref WPMC2A1: 1 resources, 45800 metadata bytes
[2026-10-04 16:56:16.128] [info] Creature sprite catalog shard 4864 ready on demand for animation 0x6400, resref WPMC2A1E: 1 resources, 28528 metadata bytes
[2026-10-04 16:56:16.151] [info] Creature sprite catalog shard 4865 ready on demand for animation 0x6400, resref WPMC2A3: 1 resources, 45476 metadata bytes
[2026-10-04 16:56:16.175] [info] Creature sprite catalog shard 4866 ready on demand for animation 0x6400, resref WPMC2A3E: 1 resources, 28188 metadata bytes
[2026-10-04 16:56:16.198] [info] Creature sprite catalog shard 4867 ready on demand for animation 0x6400, resref WPMC2A5: 1 resources, 28332 metadata bytes
[2026-10-04 16:56:16.214] [info] Creature sprite catalog shard 4868 ready on demand for animation 0x6400, resref WPMC2A5E: 1 resources, 17996 metadata bytes
[2026-10-04 16:56:16.229] [info] Creature sprite catalog shard 4869 ready on demand for animation 0x6400, resref WPMC2G1: 1 resources, 161776 metadata bytes
[2026-10-04 16:56:16.295] [info] Creature sprite catalog shard 4870 ready on demand for animation 0x6400, resref WPMC2G1E: 1 resources, 98544 metadata bytes
[2026-10-04 16:56:16.345] [info] Creature sprite catalog shard 4871 ready on demand for animation 0x6400, resref WPMC2INV: 1 resources, 3924 metadata bytes
[2026-10-04 16:56:16.361] [info] Creature sprite catalog shard 4872 ready on demand for animation 0x6400, resref WPMC2W2: 1 resources, 45424 metadata bytes
[2026-10-04 16:56:16.390] [info] Creature sprite catalog shard 4873 ready on demand for animation 0x6400, resref WPMC2W2E: 1 resources, 28164 metadata bytes
[2026-10-04 16:56:16.414] [info] Creature sprite catalog shard 4874 ready on demand for animation 0x6400, resref WPMC3A1: 1 resources, 45800 metadata bytes
[2026-10-04 16:56:16.434] [info] Creature sprite catalog shard 4875 ready on demand for animation 0x6400, resref WPMC3A1E: 1 resources, 28528 metadata bytes
[2026-10-04 16:56:16.459] [info] Creature sprite catalog shard 4876 ready on demand for animation 0x6400, resref WPMC3A3: 1 resources, 45476 metadata bytes
[2026-10-04 16:56:16.482] [info] Creature sprite catalog shard 4877 ready on demand for animation 0x6400, resref WPMC3A3E: 1 resources, 28188 metadata bytes
[2026-10-04 16:56:16.506] [info] Creature sprite catalog shard 4878 ready on demand for animation 0x6400, resref WPMC3A5: 1 resources, 28332 metadata bytes
[2026-10-04 16:56:16.521] [info] Creature sprite catalog shard 4879 ready on demand for animation 0x6400, resref WPMC3A5E: 1 resources, 17996 metadata bytes
[2026-10-04 16:56:16.537] [info] Creature sprite catalog shard 4880 ready on demand for animation 0x6400, resref WPMC3G1: 1 resources, 161776 metadata bytes
[2026-10-04 16:56:16.615] [info] Creature sprite catalog shard 4881 ready on demand for animation 0x6400, resref WPMC3G1E: 1 resources, 98544 metadata bytes
[2026-10-04 16:56:16.650] [info] Creature sprite catalog shard 4882 ready on demand for animation 0x6400, resref WPMC3INV: 1 resources, 3924 metadata bytes
[2026-10-04 16:56:16.669] [info] Creature sprite catalog shard 4883 ready on demand for animation 0x6400, resref WPMC3W2: 1 resources, 45424 metadata bytes
[2026-10-04 16:56:16.699] [info] Creature sprite catalog shard 4884 ready on demand for animation 0x6400, resref WPMC3W2E: 1 resources, 28164 metadata bytes
[2026-10-04 16:56:16.721] [info] Creature sprite catalog shard 4885 ready on demand for animation 0x6400, resref WPMC4A1: 1 resources, 45800 metadata bytes
[2026-10-04 16:56:16.742] [info] Creature sprite catalog shard 4886 ready on demand for animation 0x6400, resref WPMC4A1E: 1 resources, 28528 metadata bytes
[2026-10-04 16:56:16.765] [info] Creature sprite catalog shard 4887 ready on demand for animation 0x6400, resref WPMC4A3: 1 resources, 45476 metadata bytes
[2026-10-04 16:56:16.784] [info] Creature sprite catalog shard 4888 ready on demand for animation 0x6400, resref WPMC4A3E: 1 resources, 28188 metadata bytes
[2026-10-04 16:56:16.795] [info] Creature sprite catalog shard 4889 ready on demand for animation 0x6400, resref WPMC4A5: 1 resources, 28332 metadata bytes
[2026-10-04 16:56:16.811] [info] Creature sprite catalog shard 4890 ready on demand for animation 0x6400, resref WPMC4A5E: 1 resources, 17996 metadata bytes
[2026-10-04 16:56:16.826] [info] Creature sprite catalog shard 4891 ready on demand for animation 0x6400, resref WPMC4G1: 1 resources, 161776 metadata bytes
[2026-10-04 16:56:16.875] [info] Creature sprite catalog shard 4892 ready on demand for animation 0x6400, resref WPMC4G1E: 1 resources, 98544 metadata bytes
[2026-10-04 16:56:16.907] [info] Creature sprite catalog shard 4893 ready on demand for animation 0x6400, resref WPMC4INV: 1 resources, 3924 metadata bytes
[2026-10-04 16:56:16.915] [info] Creature sprite catalog shard 4894 ready on demand for animation 0x6400, resref WPMC4W2: 1 resources, 45424 metadata bytes
[2026-10-04 16:56:16.940] [info] Creature sprite catalog shard 4895 ready on demand for animation 0x6400, resref WPMC4W2E: 1 resources, 28164 metadata bytes
[2026-10-04 16:56:16.951] [info] Creature sprite catalog shard 4896 ready on demand for animation 0x6400, resref WPMC5A1: 1 resources, 45800 metadata bytes
{"resources":128,"frames":6442,"native_cycle_slots":22542,"decoded_pixels":207871488,"palette_encodings":3,"K":6,"passed":true}
