[2026-10-04 16:56:58.187] [info] Creature sprite xBR catalog ready: scale=x2, 147 animations, 5736 components, 5736 resources, 1642525 frames, 5418442756 index bytes across 5736 lazy content-addressed shards; catalog-version=V2; 55252 authenticated directory entries; source=CreatureSprites-XN.catalog; filter=NEAREST; index cache budget=128 MiB; metadata cache budget=128 MiB; shard validation=background-on-demand
[2026-10-04 16:56:58.194] [info] Creature sprite catalog shard 4769 ready on demand for animation 0x6400, resref CSHDA1: 1 resources, 45860 metadata bytes
[2026-10-04 16:56:58.199] [info] Creature sprite catalog shard 4670 ready on demand for animation 0x6400, resref UDRZ1A1: 1 resources, 46488 metadata bytes
[2026-10-04 16:56:58.212] [info] Creature sprite catalog shard 5077 ready on demand for animation 0x6400, resref WPMH0A1: 1 resources, 45800 metadata bytes
[2026-10-04 16:56:58.235] [info] Creature sprite catalog shard 4770 ready on demand for animation 0x6400, resref CSHDA1E: 1 resources, 28512 metadata bytes
[2026-10-04 16:56:58.242] [info] Creature sprite catalog shard 5078 ready on demand for animation 0x6400, resref WPMH0A1E: 1 resources, 28528 metadata bytes
[2026-10-04 16:56:58.260] [info] Creature sprite catalog shard 4671 ready on demand for animation 0x6400, resref UDRZ1A1E: 1 resources, 28860 metadata bytes
[2026-10-04 16:56:58.277] [info] Creature sprite catalog shard 4775 ready on demand for animation 0x6400, resref CSHDA3: 1 resources, 45476 metadata bytes
[2026-10-04 16:56:58.292] [info] Creature sprite catalog shard 4672 ready on demand for animation 0x6400, resref UDRZ1A3: 1 resources, 45476 metadata bytes
[2026-10-04 16:56:58.305] [info] Creature sprite catalog shard 5081 ready on demand for animation 0x6400, resref WPMH0A3: 1 resources, 45476 metadata bytes
[2026-10-04 16:56:58.324] [info] Creature sprite catalog shard 4776 ready on demand for animation 0x6400, resref CSHDA3E: 1 resources, 28188 metadata bytes
[2026-10-04 16:56:58.335] [info] Creature sprite catalog shard 5082 ready on demand for animation 0x6400, resref WPMH0A3E: 1 resources, 28188 metadata bytes
[2026-10-04 16:56:58.353] [info] Creature sprite catalog shard 4673 ready on demand for animation 0x6400, resref UDRZ1A3E: 1 resources, 28188 metadata bytes
[2026-10-04 16:56:58.368] [info] Creature sprite catalog shard 4781 ready on demand for animation 0x6400, resref CSHDA5: 1 resources, 28332 metadata bytes
[2026-10-04 16:56:58.383] [info] Creature sprite catalog shard 4674 ready on demand for animation 0x6400, resref UDRZ1A5: 1 resources, 28332 metadata bytes
[2026-10-04 16:56:58.397] [info] Creature sprite catalog shard 5085 ready on demand for animation 0x6400, resref WPMH0A5: 1 resources, 28332 metadata bytes
[2026-10-04 16:56:58.417] [info] Creature sprite catalog shard 4782 ready on demand for animation 0x6400, resref CSHDA5E: 1 resources, 17996 metadata bytes
[2026-10-04 16:56:58.428] [info] Creature sprite catalog shard 5086 ready on demand for animation 0x6400, resref WPMH0A5E: 1 resources, 17996 metadata bytes
[2026-10-04 16:56:58.445] [info] Creature sprite catalog shard 4675 ready on demand for animation 0x6400, resref UDRZ1A5E: 1 resources, 17996 metadata bytes
[2026-10-04 16:56:58.461] [info] Creature sprite catalog shard 4787 ready on demand for animation 0x6400, resref CSHDCA: 1 resources, 48684 metadata bytes
[2026-10-04 16:56:58.477] [info] Creature sprite catalog shard 4676 ready on demand for animation 0x6400, resref UDRZ1CA: 1 resources, 48684 metadata bytes
[2026-10-04 16:56:58.490] [info] Creature sprite catalog shard 5089 ready on demand for animation 0x6400, resref WPMH0CA: 1 resources, 48684 metadata bytes
[2026-10-04 16:56:58.522] [info] Creature sprite catalog shard 4788 ready on demand for animation 0x6400, resref CSHDCAE: 1 resources, 30648 metadata bytes
[2026-10-04 16:56:58.536] [info] Creature sprite catalog shard 5090 ready on demand for animation 0x6400, resref WPMH0CAE: 1 resources, 30648 metadata bytes
[2026-10-04 16:56:58.553] [info] Creature sprite catalog shard 4677 ready on demand for animation 0x6400, resref UDRZ1CAE: 1 resources, 30648 metadata bytes
[2026-10-04 16:56:58.576] [info] Creature sprite catalog shard 4790 ready on demand for animation 0x6400, resref CSHDG1: 1 resources, 161776 metadata bytes
[2026-10-04 16:56:58.596] [info] Creature sprite catalog shard 4678 ready on demand for animation 0x6400, resref UDRZ1G1: 1 resources, 161776 metadata bytes
[2026-10-04 16:56:58.601] [info] Creature sprite catalog shard 5091 ready on demand for animation 0x6400, resref WPMH0G1: 1 resources, 161776 metadata bytes
[2026-10-04 16:56:58.639] [info] Creature sprite catalog shard 4791 ready on demand for animation 0x6400, resref CSHDG1E: 1 resources, 98544 metadata bytes
[2026-10-04 16:56:58.647] [info] Creature sprite catalog shard 5092 ready on demand for animation 0x6400, resref WPMH0G1E: 1 resources, 98544 metadata bytes
[2026-10-04 16:56:58.668] [info] Creature sprite catalog shard 4679 ready on demand for animation 0x6400, resref UDRZ1G1E: 1 resources, 98544 metadata bytes
[2026-10-04 16:56:58.689] [info] Creature sprite catalog shard 4799 ready on demand for animation 0x6400, resref CSHDW2: 1 resources, 45424 metadata bytes
[2026-10-04 16:56:58.694] [info] Creature sprite catalog shard 4680 ready on demand for animation 0x6400, resref UDRZ1W2: 1 resources, 45424 metadata bytes
[2026-10-04 16:56:58.707] [info] Creature sprite catalog shard 5098 ready on demand for animation 0x6400, resref WPMH0W2: 1 resources, 45424 metadata bytes
[2026-10-04 16:56:58.726] [info] Creature sprite catalog shard 4800 ready on demand for animation 0x6400, resref CSHDW2E: 1 resources, 28164 metadata bytes
[2026-10-04 16:56:58.737] [info] Creature sprite catalog shard 5099 ready on demand for animation 0x6400, resref WPMH0W2E: 1 resources, 28164 metadata bytes
[2026-10-04 16:56:58.755] [info] Creature sprite catalog shard 4681 ready on demand for animation 0x6400, resref UDRZ1W2E: 1 resources, 28164 metadata bytes
[2026-10-04 16:56:58.771] [info] Creature sprite catalog shard 4772 ready on demand for animation 0x6401, resref CSHDA2: 1 resources, 45476 metadata bytes
[2026-10-04 16:56:58.788] [info] Creature sprite catalog shard 4682 ready on demand for animation 0x6401, resref UELM1A2: 1 resources, 45476 metadata bytes
[2026-10-04 16:56:58.803] [info] Creature sprite catalog shard 4773 ready on demand for animation 0x6401, resref CSHDA2E: 1 resources, 28188 metadata bytes
[2026-10-04 16:56:58.817] [info] Creature sprite catalog shard 4683 ready on demand for animation 0x6401, resref UELM1A2E: 1 resources, 28188 metadata bytes
[2026-10-04 16:56:58.832] [info] Creature sprite catalog shard 4778 ready on demand for animation 0x6401, resref CSHDA4: 1 resources, 45476 metadata bytes
[2026-10-04 16:56:58.850] [info] Creature sprite catalog shard 4684 ready on demand for animation 0x6401, resref UELM1A4: 1 resources, 45476 metadata bytes
[2026-10-04 16:56:58.865] [info] Creature sprite catalog shard 4779 ready on demand for animation 0x6401, resref CSHDA4E: 1 resources, 28188 metadata bytes
[2026-10-04 16:56:58.879] [info] Creature sprite catalog shard 4685 ready on demand for animation 0x6401, resref UELM1A4E: 1 resources, 28188 metadata bytes
[2026-10-04 16:56:58.899] [info] Creature sprite catalog shard 4686 ready on demand for animation 0x6401, resref UELM1CA: 1 resources, 48684 metadata bytes
[2026-10-04 16:56:58.929] [info] Creature sprite catalog shard 4687 ready on demand for animation 0x6401, resref UELM1CAE: 1 resources, 30648 metadata bytes
[2026-10-04 16:56:58.965] [info] Creature sprite catalog shard 4688 ready on demand for animation 0x6401, resref UELM1G1: 1 resources, 161736 metadata bytes
[2026-10-04 16:56:59.004] [info] Creature sprite catalog shard 4689 ready on demand for animation 0x6401, resref UELM1G1E: 1 resources, 98520 metadata bytes
[2026-10-04 16:56:59.034] [info] Creature sprite catalog shard 4690 ready on demand for animation 0x6401, resref UELM1W2: 1 resources, 45384 metadata bytes
[2026-10-04 16:56:59.053] [info] Creature sprite catalog shard 4691 ready on demand for animation 0x6401, resref UELM1W2E: 1 resources, 28140 metadata bytes
[2026-10-04 16:56:59.067] [info] Creature sprite catalog shard 4692 ready on demand for animation 0x6402, resref CMNK1A1: 1 resources, 45800 metadata bytes
[2026-10-04 16:56:59.077] [info] Creature sprite catalog shard 5559 ready on demand for animation 0x6402, resref WPMMCA1: 1 resources, 46488 metadata bytes
[2026-10-04 16:56:59.101] [info] Creature sprite catalog shard 4693 ready on demand for animation 0x6402, resref CMNK1A1E: 1 resources, 28528 metadata bytes
[2026-10-04 16:56:59.107] [info] Creature sprite catalog shard 5560 ready on demand for animation 0x6402, resref WPMMCA1E: 1 resources, 28860 metadata bytes
[2026-10-04 16:56:59.130] [info] Creature sprite catalog shard 4694 ready on demand for animation 0x6402, resref CMNK1A2: 1 resources, 45476 metadata bytes
[2026-10-04 16:56:59.143] [info] Creature sprite catalog shard 4695 ready on demand for animation 0x6402, resref CMNK1A2E: 1 resources, 28188 metadata bytes
[2026-10-04 16:56:59.159] [info] Creature sprite catalog shard 4696 ready on demand for animation 0x6402, resref CMNK1A3: 1 resources, 45476 metadata bytes
[2026-10-04 16:56:59.170] [info] Creature sprite catalog shard 5561 ready on demand for animation 0x6402, resref WPMMCA3: 1 resources, 45476 metadata bytes
[2026-10-04 16:56:59.189] [info] Creature sprite catalog shard 5562 ready on demand for animation 0x6402, resref WPMMCA3E: 1 resources, 28188 metadata bytes
[2026-10-04 16:56:59.202] [info] Creature sprite catalog shard 4697 ready on demand for animation 0x6402, resref CMNK1A3E: 1 resources, 28188 metadata bytes
[2026-10-04 16:56:59.220] [info] Creature sprite catalog shard 4698 ready on demand for animation 0x6402, resref CMNK1A4: 1 resources, 45476 metadata bytes
[2026-10-04 16:56:59.235] [info] Creature sprite catalog shard 4699 ready on demand for animation 0x6402, resref CMNK1A4E: 1 resources, 28188 metadata bytes
[2026-10-04 16:56:59.249] [info] Creature sprite catalog shard 4700 ready on demand for animation 0x6402, resref CMNK1A5: 1 resources, 28332 metadata bytes
[2026-10-04 16:56:59.266] [info] Creature sprite catalog shard 4701 ready on demand for animation 0x6402, resref CMNK1A5E: 1 resources, 17996 metadata bytes
[2026-10-04 16:56:59.279] [info] Creature sprite catalog shard 4784 ready on demand for animation 0x6402, resref CSHDA6: 1 resources, 36916 metadata bytes
[2026-10-04 16:56:59.295] [info] Creature sprite catalog shard 4702 ready on demand for animation 0x6402, resref CMNK1A6: 1 resources, 36916 metadata bytes
[2026-10-04 16:56:59.311] [info] Creature sprite catalog shard 4785 ready on demand for animation 0x6402, resref CSHDA6E: 1 resources, 23112 metadata bytes
[2026-10-04 16:56:59.324] [info] Creature sprite catalog shard 4703 ready on demand for animation 0x6402, resref CMNK1A6E: 1 resources, 23112 metadata bytes
[2026-10-04 16:56:59.343] [info] Creature sprite catalog shard 4704 ready on demand for animation 0x6402, resref CMNK1CA: 1 resources, 48588 metadata bytes
[2026-10-04 16:56:59.372] [info] Creature sprite catalog shard 4705 ready on demand for animation 0x6402, resref CMNK1CAE: 1 resources, 30648 metadata bytes
[2026-10-04 16:56:59.404] [info] Creature sprite catalog shard 4706 ready on demand for animation 0x6402, resref CMNK1G1: 1 resources, 161776 metadata bytes
[2026-10-04 16:56:59.420] [info] Creature sprite catalog shard 5563 ready on demand for animation 0x6402, resref WPMMCG1: 1 resources, 161776 metadata bytes
[2026-10-04 16:56:59.458] [info] Creature sprite catalog shard 5564 ready on demand for animation 0x6402, resref WPMMCG1E: 1 resources, 98544 metadata bytes
[2026-10-04 16:56:59.470] [info] Creature sprite catalog shard 4707 ready on demand for animation 0x6402, resref CMNK1G1E: 1 resources, 98544 metadata bytes
[2026-10-04 16:56:59.491] [info] Creature sprite catalog shard 4793 ready on demand for animation 0x6402, resref CSHDSA: 1 resources, 19796 metadata bytes
[2026-10-04 16:56:59.494] [info] Creature sprite catalog shard 4708 ready on demand for animation 0x6402, resref CMNK1SA: 1 resources, 19796 metadata bytes
[2026-10-04 16:56:59.511] [info] Creature sprite catalog shard 4794 ready on demand for animation 0x6402, resref CSHDSAE: 1 resources, 12840 metadata bytes
[2026-10-04 16:56:59.525] [info] Creature sprite catalog shard 4709 ready on demand for animation 0x6402, resref CMNK1SAE: 1 resources, 12840 metadata bytes
[2026-10-04 16:56:59.541] [info] Creature sprite catalog shard 4796 ready on demand for animation 0x6402, resref CSHDSX: 1 resources, 15516 metadata bytes
[2026-10-04 16:56:59.556] [info] Creature sprite catalog shard 4710 ready on demand for animation 0x6402, resref CMNK1SX: 1 resources, 15516 metadata bytes
[2026-10-04 16:56:59.574] [info] Creature sprite catalog shard 4797 ready on demand for animation 0x6402, resref CSHDSXE: 1 resources, 10252 metadata bytes
[2026-10-04 16:56:59.586] [info] Creature sprite catalog shard 4711 ready on demand for animation 0x6402, resref CMNK1SXE: 1 resources, 10252 metadata bytes
[2026-10-04 16:56:59.606] [info] Creature sprite catalog shard 4712 ready on demand for animation 0x6402, resref CMNK1W2: 1 resources, 45424 metadata bytes
[2026-10-04 16:56:59.617] [info] Creature sprite catalog shard 5567 ready on demand for animation 0x6402, resref WPMMCW2: 1 resources, 45424 metadata bytes
[2026-10-04 16:56:59.637] [info] Creature sprite catalog shard 5568 ready on demand for animation 0x6402, resref WPMMCW2E: 1 resources, 28164 metadata bytes
[2026-10-04 16:56:59.649] [info] Creature sprite catalog shard 4713 ready on demand for animation 0x6402, resref CMNK1W2E: 1 resources, 28164 metadata bytes
[2026-10-04 16:56:59.668] [info] Creature sprite catalog shard 4715 ready on demand for animation 0x6403, resref MSKL1A1: 1 resources, 45860 metadata bytes
[2026-10-04 16:56:59.678] [info] Creature sprite catalog shard 4946 ready on demand for animation 0x6403, resref WPMD1A1: 1 resources, 45800 metadata bytes
[2026-10-04 16:56:59.704] [info] Creature sprite catalog shard 4947 ready on demand for animation 0x6403, resref WPMD1A1E: 1 resources, 28528 metadata bytes
[2026-10-04 16:56:59.711] [info] Creature sprite catalog shard 4716 ready on demand for animation 0x6403, resref MSKL1A1E: 1 resources, 28512 metadata bytes
[2026-10-04 16:56:59.732] [info] Creature sprite catalog shard 4717 ready on demand for animation 0x6403, resref MSKL1A2: 1 resources, 45476 metadata bytes
[2026-10-04 16:56:59.741] [info] Creature sprite catalog shard 5079 ready on demand for animation 0x6403, resref WPMH0A2: 1 resources, 45476 metadata bytes
[2026-10-04 16:56:59.759] [info] Creature sprite catalog shard 5080 ready on demand for animation 0x6403, resref WPMH0A2E: 1 resources, 28188 metadata bytes
[2026-10-04 16:56:59.772] [info] Creature sprite catalog shard 4718 ready on demand for animation 0x6403, resref MSKL1A2E: 1 resources, 28188 metadata bytes
[2026-10-04 16:56:59.792] [info] Creature sprite catalog shard 4719 ready on demand for animation 0x6403, resref MSKL1A3: 1 resources, 45476 metadata bytes
[2026-10-04 16:56:59.802] [info] Creature sprite catalog shard 4948 ready on demand for animation 0x6403, resref WPMD1A3: 1 resources, 45476 metadata bytes
[2026-10-04 16:56:59.822] [info] Creature sprite catalog shard 4949 ready on demand for animation 0x6403, resref WPMD1A3E: 1 resources, 28188 metadata bytes
[2026-10-04 16:56:59.834] [info] Creature sprite catalog shard 4720 ready on demand for animation 0x6403, resref MSKL1A3E: 1 resources, 28188 metadata bytes
[2026-10-04 16:56:59.853] [info] Creature sprite catalog shard 4721 ready on demand for animation 0x6403, resref MSKL1A4: 1 resources, 45476 metadata bytes
[2026-10-04 16:56:59.864] [info] Creature sprite catalog shard 5083 ready on demand for animation 0x6403, resref WPMH0A4: 1 resources, 45476 metadata bytes
[2026-10-04 16:56:59.882] [info] Creature sprite catalog shard 5084 ready on demand for animation 0x6403, resref WPMH0A4E: 1 resources, 28188 metadata bytes
[2026-10-04 16:56:59.895] [info] Creature sprite catalog shard 4722 ready on demand for animation 0x6403, resref MSKL1A4E: 1 resources, 28188 metadata bytes
[2026-10-04 16:56:59.912] [info] Creature sprite catalog shard 4723 ready on demand for animation 0x6403, resref MSKL1A5: 1 resources, 28332 metadata bytes
[2026-10-04 16:56:59.924] [info] Creature sprite catalog shard 4950 ready on demand for animation 0x6403, resref WPMD1A5: 1 resources, 28332 metadata bytes
[2026-10-04 16:56:59.944] [info] Creature sprite catalog shard 4951 ready on demand for animation 0x6403, resref WPMD1A5E: 1 resources, 17996 metadata bytes
[2026-10-04 16:56:59.956] [info] Creature sprite catalog shard 4724 ready on demand for animation 0x6403, resref MSKL1A5E: 1 resources, 17996 metadata bytes
[2026-10-04 16:56:59.974] [info] Creature sprite catalog shard 4725 ready on demand for animation 0x6403, resref MSKL1A6: 1 resources, 36916 metadata bytes
[2026-10-04 16:56:59.986] [info] Creature sprite catalog shard 5087 ready on demand for animation 0x6403, resref WPMH0A6: 1 resources, 36916 metadata bytes
[2026-10-04 16:57:00.005] [info] Creature sprite catalog shard 5088 ready on demand for animation 0x6403, resref WPMH0A6E: 1 resources, 23112 metadata bytes
[2026-10-04 16:57:00.018] [info] Creature sprite catalog shard 4726 ready on demand for animation 0x6403, resref MSKL1A6E: 1 resources, 23112 metadata bytes
[2026-10-04 16:57:00.037] [info] Creature sprite catalog shard 4727 ready on demand for animation 0x6403, resref MSKL1CA: 1 resources, 48588 metadata bytes
[2026-10-04 16:57:00.068] [info] Creature sprite catalog shard 4728 ready on demand for animation 0x6403, resref MSKL1CAE: 1 resources, 30648 metadata bytes
[2026-10-04 16:57:00.096] [info] Creature sprite catalog shard 4729 ready on demand for animation 0x6403, resref MSKL1G1: 1 resources, 177996 metadata bytes
[2026-10-04 16:57:00.111] [info] Creature sprite catalog shard 4952 ready on demand for animation 0x6403, resref WPMD1G1: 1 resources, 161776 metadata bytes
[2026-10-04 16:57:00.160] [info] Creature sprite catalog shard 4953 ready on demand for animation 0x6403, resref WPMD1G1E: 1 resources, 98544 metadata bytes
[2026-10-04 16:57:00.176] [info] Creature sprite catalog shard 4730 ready on demand for animation 0x6403, resref MSKL1G1E: 1 resources, 112416 metadata bytes
[2026-10-04 16:57:00.206] [info] Creature sprite catalog shard 4731 ready on demand for animation 0x6403, resref MSKL1SA: 1 resources, 19796 metadata bytes
[2026-10-04 16:57:00.216] [info] Creature sprite catalog shard 5094 ready on demand for animation 0x6403, resref WPMH0SA: 1 resources, 19796 metadata bytes
[2026-10-04 16:57:00.234] [info] Creature sprite catalog shard 5095 ready on demand for animation 0x6403, resref WPMH0SAE: 1 resources, 12840 metadata bytes
[2026-10-04 16:57:00.247] [info] Creature sprite catalog shard 4732 ready on demand for animation 0x6403, resref MSKL1SAE: 1 resources, 12840 metadata bytes
[2026-10-04 16:57:00.264] [info] Creature sprite catalog shard 4733 ready on demand for animation 0x6403, resref MSKL1SX: 1 resources, 15516 metadata bytes
[2026-10-04 16:57:00.278] [info] Creature sprite catalog shard 5096 ready on demand for animation 0x6403, resref WPMH0SX: 1 resources, 15516 metadata bytes
[2026-10-04 16:57:00.298] [info] Creature sprite catalog shard 5097 ready on demand for animation 0x6403, resref WPMH0SXE: 1 resources, 10252 metadata bytes
[2026-10-04 16:57:00.309] [info] Creature sprite catalog shard 4734 ready on demand for animation 0x6403, resref MSKL1SXE: 1 resources, 10252 metadata bytes
[2026-10-04 16:57:00.328] [info] Creature sprite catalog shard 4735 ready on demand for animation 0x6403, resref MSKL1W2: 1 resources, 45424 metadata bytes
[2026-10-04 16:57:00.340] [info] Creature sprite catalog shard 4955 ready on demand for animation 0x6403, resref WPMD1W2: 1 resources, 45424 metadata bytes
[2026-10-04 16:57:00.361] [info] Creature sprite catalog shard 4956 ready on demand for animation 0x6403, resref WPMD1W2E: 1 resources, 28164 metadata bytes
[2026-10-04 16:57:00.371] [info] Creature sprite catalog shard 4736 ready on demand for animation 0x6403, resref MSKL1W2E: 1 resources, 28164 metadata bytes
[2026-10-04 16:57:00.395] [info] Creature sprite catalog shard 4737 ready on demand for animation 0x6404, resref USAR1A1: 1 resources, 45508 metadata bytes
[2026-10-04 16:57:00.411] [info] Creature sprite catalog shard 4738 ready on demand for animation 0x6404, resref USAR1A1E: 1 resources, 28260 metadata bytes
[2026-10-04 16:57:00.426] [info] Creature sprite catalog shard 4739 ready on demand for animation 0x6404, resref USAR1A3: 1 resources, 45424 metadata bytes
[2026-10-04 16:57:00.441] [info] Creature sprite catalog shard 4740 ready on demand for animation 0x6404, resref USAR1A3E: 1 resources, 28164 metadata bytes
[2026-10-04 16:57:00.457] [info] Creature sprite catalog shard 4741 ready on demand for animation 0x6404, resref USAR1A5: 1 resources, 45508 metadata bytes
[2026-10-04 16:57:00.472] [info] Creature sprite catalog shard 4742 ready on demand for animation 0x6404, resref USAR1A5E: 1 resources, 28260 metadata bytes
[2026-10-04 16:57:00.504] [info] Creature sprite catalog shard 4743 ready on demand for animation 0x6404, resref USAR1G1: 1 resources, 156368 metadata bytes
[2026-10-04 16:57:00.562] [info] Creature sprite catalog shard 4744 ready on demand for animation 0x6404, resref USAR1G1E: 1 resources, 112524 metadata bytes
[2026-10-04 16:57:00.600] [info] Creature sprite catalog shard 4745 ready on demand for animation 0x6404, resref USAR1W2: 1 resources, 45380 metadata bytes
[2026-10-04 16:57:00.611] [info] Creature sprite catalog shard 4746 ready on demand for animation 0x6404, resref USAR1W2E: 1 resources, 28164 metadata bytes
[2026-10-04 16:57:00.620] [info] Creature sprite catalog shard 4747 ready on demand for animation 0x6405, resref MDGU1A1: 1 resources, 45800 metadata bytes
[2026-10-04 16:57:00.639] [info] Creature sprite catalog shard 4748 ready on demand for animation 0x6405, resref MDGU1A1E: 1 resources, 28528 metadata bytes
[2026-10-04 16:57:00.652] [info] Creature sprite catalog shard 4749 ready on demand for animation 0x6405, resref MDGU1A2: 1 resources, 45476 metadata bytes
[2026-10-04 16:57:00.667] [info] Creature sprite catalog shard 4750 ready on demand for animation 0x6405, resref MDGU1A2E: 1 resources, 28188 metadata bytes
[2026-10-04 16:57:00.680] [info] Creature sprite catalog shard 4751 ready on demand for animation 0x6405, resref MDGU1A3: 1 resources, 45476 metadata bytes
[2026-10-04 16:57:00.697] [info] Creature sprite catalog shard 4752 ready on demand for animation 0x6405, resref MDGU1A3E: 1 resources, 28188 metadata bytes
[2026-10-04 16:57:00.711] [info] Creature sprite catalog shard 4753 ready on demand for animation 0x6405, resref MDGU1A4: 1 resources, 45476 metadata bytes
[2026-10-04 16:57:00.727] [info] Creature sprite catalog shard 4754 ready on demand for animation 0x6405, resref MDGU1A4E: 1 resources, 28188 metadata bytes
[2026-10-04 16:57:00.741] [info] Creature sprite catalog shard 4755 ready on demand for animation 0x6405, resref MDGU1A5: 1 resources, 28332 metadata bytes
[2026-10-04 16:57:00.758] [info] Creature sprite catalog shard 4756 ready on demand for animation 0x6405, resref MDGU1A5E: 1 resources, 17996 metadata bytes
[2026-10-04 16:57:00.773] [info] Creature sprite catalog shard 4757 ready on demand for animation 0x6405, resref MDGU1A6: 1 resources, 36916 metadata bytes
[2026-10-04 16:57:00.788] [info] Creature sprite catalog shard 4758 ready on demand for animation 0x6405, resref MDGU1A6E: 1 resources, 23112 metadata bytes
[2026-10-04 16:57:00.803] [info] Creature sprite catalog shard 4759 ready on demand for animation 0x6405, resref MDGU1CA: 1 resources, 48684 metadata bytes
[2026-10-04 16:57:00.826] [info] Creature sprite catalog shard 4760 ready on demand for animation 0x6405, resref MDGU1CAE: 1 resources, 30648 metadata bytes
[2026-10-04 16:57:00.838] [info] Creature sprite catalog shard 4761 ready on demand for animation 0x6405, resref MDGU1G1: 1 resources, 161776 metadata bytes
[2026-10-04 16:57:00.874] [info] Creature sprite catalog shard 4762 ready on demand for animation 0x6405, resref MDGU1G1E: 1 resources, 98544 metadata bytes
[2026-10-04 16:57:00.891] [info] Creature sprite catalog shard 4763 ready on demand for animation 0x6405, resref MDGU1SA: 1 resources, 19796 metadata bytes
[2026-10-04 16:57:00.896] [info] Creature sprite catalog shard 4764 ready on demand for animation 0x6405, resref MDGU1SAE: 1 resources, 12840 metadata bytes
[2026-10-04 16:57:00.910] [info] Creature sprite catalog shard 4765 ready on demand for animation 0x6405, resref MDGU1SX: 1 resources, 15516 metadata bytes
[2026-10-04 16:57:00.927] [info] Creature sprite catalog shard 4766 ready on demand for animation 0x6405, resref MDGU1SXE: 1 resources, 10252 metadata bytes
[2026-10-04 16:57:00.941] [info] Creature sprite catalog shard 4767 ready on demand for animation 0x6405, resref MDGU1W2: 1 resources, 45424 metadata bytes
[2026-10-04 16:57:00.960] [info] Creature sprite catalog shard 4768 ready on demand for animation 0x6405, resref MDGU1W2E: 1 resources, 28164 metadata bytes
{"native_composites":10256,"resolved_layers":28512,"decoded_pixels":86840440,"missing_layers":0,"passed":true}
