[2026-10-04 16:56:17.026] [info] Creature sprite xBR catalog ready: scale=x2, 147 animations, 5736 components, 5736 resources, 1642525 frames, 5418442756 index bytes across 5736 lazy content-addressed shards; catalog-version=V2; 55252 authenticated directory entries; source=CreatureSprites-XN.catalog; filter=NEAREST; index cache budget=128 MiB; metadata cache budget=128 MiB; shard validation=background-on-demand
[2026-10-04 16:56:17.028] [info] Creature sprite catalog shard 4897 ready on demand for animation 0x6400, resref WPMC5A1E: 1 resources, 28528 metadata bytes
[2026-10-04 16:56:17.044] [info] Creature sprite catalog shard 4898 ready on demand for animation 0x6400, resref WPMC5A3: 1 resources, 45476 metadata bytes
[2026-10-04 16:56:17.065] [info] Creature sprite catalog shard 4899 ready on demand for animation 0x6400, resref WPMC5A3E: 1 resources, 28188 metadata bytes
[2026-10-04 16:56:17.074] [info] Creature sprite catalog shard 4900 ready on demand for animation 0x6400, resref WPMC5A5: 1 resources, 28332 metadata bytes
[2026-10-04 16:56:17.090] [info] Creature sprite catalog shard 4901 ready on demand for animation 0x6400, resref WPMC5A5E: 1 resources, 17996 metadata bytes
[2026-10-04 16:56:17.110] [info] Creature sprite catalog shard 4902 ready on demand for animation 0x6400, resref WPMC5G1: 1 resources, 161776 metadata bytes
[2026-10-04 16:56:17.160] [info] Creature sprite catalog shard 4903 ready on demand for animation 0x6400, resref WPMC5G1E: 1 resources, 98544 metadata bytes
[2026-10-04 16:56:17.181] [info] Creature sprite catalog shard 4904 ready on demand for animation 0x6400, resref WPMC5INV: 1 resources, 3924 metadata bytes
[2026-10-04 16:56:17.194] [info] Creature sprite catalog shard 4905 ready on demand for animation 0x6400, resref WPMC5W2: 1 resources, 45424 metadata bytes
[2026-10-04 16:56:17.218] [info] Creature sprite catalog shard 4906 ready on demand for animation 0x6400, resref WPMC5W2E: 1 resources, 28164 metadata bytes
[2026-10-04 16:56:17.231] [info] Creature sprite catalog shard 4907 ready on demand for animation 0x6400, resref WPMC6A1: 1 resources, 45800 metadata bytes
[2026-10-04 16:56:17.255] [info] Creature sprite catalog shard 4908 ready on demand for animation 0x6400, resref WPMC6A1E: 1 resources, 28528 metadata bytes
[2026-10-04 16:56:17.279] [info] Creature sprite catalog shard 4909 ready on demand for animation 0x6400, resref WPMC6A3: 1 resources, 45476 metadata bytes
[2026-10-04 16:56:17.302] [info] Creature sprite catalog shard 4910 ready on demand for animation 0x6400, resref WPMC6A3E: 1 resources, 28188 metadata bytes
[2026-10-04 16:56:17.325] [info] Creature sprite catalog shard 4911 ready on demand for animation 0x6400, resref WPMC6A5: 1 resources, 28332 metadata bytes
[2026-10-04 16:56:17.340] [info] Creature sprite catalog shard 4912 ready on demand for animation 0x6400, resref WPMC6A5E: 1 resources, 17996 metadata bytes
[2026-10-04 16:56:17.357] [info] Creature sprite catalog shard 4913 ready on demand for animation 0x6400, resref WPMC6G1: 1 resources, 161776 metadata bytes
[2026-10-04 16:56:17.415] [info] Creature sprite catalog shard 4914 ready on demand for animation 0x6400, resref WPMC6G1E: 1 resources, 98544 metadata bytes
[2026-10-04 16:56:17.452] [info] Creature sprite catalog shard 4915 ready on demand for animation 0x6400, resref WPMC6INV: 1 resources, 3924 metadata bytes
[2026-10-04 16:56:17.458] [info] Creature sprite catalog shard 4916 ready on demand for animation 0x6400, resref WPMC6W2: 1 resources, 45424 metadata bytes
[2026-10-04 16:56:17.485] [info] Creature sprite catalog shard 4917 ready on demand for animation 0x6400, resref WPMC6W2E: 1 resources, 28164 metadata bytes
[2026-10-04 16:56:17.510] [info] Creature sprite catalog shard 4918 ready on demand for animation 0x6400, resref WPMC7A1: 1 resources, 45800 metadata bytes
[2026-10-04 16:56:17.530] [info] Creature sprite catalog shard 4919 ready on demand for animation 0x6400, resref WPMC7A1E: 1 resources, 28528 metadata bytes
[2026-10-04 16:56:17.539] [info] Creature sprite catalog shard 4920 ready on demand for animation 0x6400, resref WPMC7A3: 1 resources, 45476 metadata bytes
[2026-10-04 16:56:17.562] [info] Creature sprite catalog shard 4921 ready on demand for animation 0x6400, resref WPMC7A3E: 1 resources, 28188 metadata bytes
[2026-10-04 16:56:17.570] [info] Creature sprite catalog shard 4922 ready on demand for animation 0x6400, resref WPMC7A5: 1 resources, 28332 metadata bytes
[2026-10-04 16:56:17.586] [info] Creature sprite catalog shard 4923 ready on demand for animation 0x6400, resref WPMC7A5E: 1 resources, 17996 metadata bytes
[2026-10-04 16:56:17.602] [info] Creature sprite catalog shard 4924 ready on demand for animation 0x6400, resref WPMC7G1: 1 resources, 161776 metadata bytes
[2026-10-04 16:56:17.660] [info] Creature sprite catalog shard 4925 ready on demand for animation 0x6400, resref WPMC7G1E: 1 resources, 98544 metadata bytes
[2026-10-04 16:56:17.696] [info] Creature sprite catalog shard 4926 ready on demand for animation 0x6400, resref WPMC7INV: 1 resources, 3924 metadata bytes
[2026-10-04 16:56:17.704] [info] Creature sprite catalog shard 4927 ready on demand for animation 0x6400, resref WPMC7W2: 1 resources, 45424 metadata bytes
[2026-10-04 16:56:17.731] [info] Creature sprite catalog shard 4928 ready on demand for animation 0x6400, resref WPMC7W2E: 1 resources, 28164 metadata bytes
[2026-10-04 16:56:17.743] [info] Creature sprite catalog shard 4929 ready on demand for animation 0x6400, resref WPMCBG1: 1 resources, 161776 metadata bytes
[2026-10-04 16:56:17.802] [info] Creature sprite catalog shard 4930 ready on demand for animation 0x6400, resref WPMCBG1E: 1 resources, 98544 metadata bytes
[2026-10-04 16:56:17.847] [info] Creature sprite catalog shard 4931 ready on demand for animation 0x6400, resref WPMCBINV: 1 resources, 3924 metadata bytes
[2026-10-04 16:56:17.859] [info] Creature sprite catalog shard 4932 ready on demand for animation 0x6400, resref WPMCBSX: 1 resources, 15516 metadata bytes
[2026-10-04 16:56:17.877] [info] Creature sprite catalog shard 4933 ready on demand for animation 0x6400, resref WPMCBSXE: 1 resources, 10252 metadata bytes
[2026-10-04 16:56:17.892] [info] Creature sprite catalog shard 4934 ready on demand for animation 0x6400, resref WPMCBW2: 1 resources, 45424 metadata bytes
[2026-10-04 16:56:17.918] [info] Creature sprite catalog shard 4935 ready on demand for animation 0x6400, resref WPMCBW2E: 1 resources, 28164 metadata bytes
[2026-10-04 16:56:17.931] [info] Creature sprite catalog shard 4936 ready on demand for animation 0x6400, resref WPMCLA1: 1 resources, 46488 metadata bytes
[2026-10-04 16:56:17.947] [info] Creature sprite catalog shard 4937 ready on demand for animation 0x6400, resref WPMCLA1E: 1 resources, 28860 metadata bytes
[2026-10-04 16:56:17.958] [info] Creature sprite catalog shard 4938 ready on demand for animation 0x6400, resref WPMCLA3: 1 resources, 45476 metadata bytes
[2026-10-04 16:56:17.978] [info] Creature sprite catalog shard 4939 ready on demand for animation 0x6400, resref WPMCLA3E: 1 resources, 28188 metadata bytes
[2026-10-04 16:56:17.992] [info] Creature sprite catalog shard 4940 ready on demand for animation 0x6400, resref WPMCLG1: 1 resources, 161776 metadata bytes
[2026-10-04 16:56:18.039] [info] Creature sprite catalog shard 4941 ready on demand for animation 0x6400, resref WPMCLG1E: 1 resources, 98544 metadata bytes
[2026-10-04 16:56:18.071] [info] Creature sprite catalog shard 4942 ready on demand for animation 0x6400, resref WPMCLINV: 1 resources, 3924 metadata bytes
[2026-10-04 16:56:18.075] [info] Creature sprite catalog shard 4943 ready on demand for animation 0x6400, resref WPMCLOIN: 1 resources, 3924 metadata bytes
[2026-10-04 16:56:18.091] [info] Creature sprite catalog shard 4944 ready on demand for animation 0x6400, resref WPMCLW2: 1 resources, 45424 metadata bytes
[2026-10-04 16:56:18.116] [info] Creature sprite catalog shard 4945 ready on demand for animation 0x6400, resref WPMCLW2E: 1 resources, 28164 metadata bytes
[2026-10-04 16:56:18.129] [info] Creature sprite catalog shard 4946 ready on demand for animation 0x6400, resref WPMD1A1: 1 resources, 45800 metadata bytes
[2026-10-04 16:56:18.145] [info] Creature sprite catalog shard 4947 ready on demand for animation 0x6400, resref WPMD1A1E: 1 resources, 28528 metadata bytes
[2026-10-04 16:56:18.158] [info] Creature sprite catalog shard 4948 ready on demand for animation 0x6400, resref WPMD1A3: 1 resources, 45476 metadata bytes
[2026-10-04 16:56:18.177] [info] Creature sprite catalog shard 4949 ready on demand for animation 0x6400, resref WPMD1A3E: 1 resources, 28188 metadata bytes
[2026-10-04 16:56:18.189] [info] Creature sprite catalog shard 4950 ready on demand for animation 0x6400, resref WPMD1A5: 1 resources, 28332 metadata bytes
[2026-10-04 16:56:18.204] [info] Creature sprite catalog shard 4951 ready on demand for animation 0x6400, resref WPMD1A5E: 1 resources, 17996 metadata bytes
[2026-10-04 16:56:18.219] [info] Creature sprite catalog shard 4952 ready on demand for animation 0x6400, resref WPMD1G1: 1 resources, 161776 metadata bytes
[2026-10-04 16:56:18.271] [info] Creature sprite catalog shard 4953 ready on demand for animation 0x6400, resref WPMD1G1E: 1 resources, 98544 metadata bytes
[2026-10-04 16:56:18.293] [info] Creature sprite catalog shard 4954 ready on demand for animation 0x6400, resref WPMD1INV: 1 resources, 3924 metadata bytes
[2026-10-04 16:56:18.308] [info] Creature sprite catalog shard 4955 ready on demand for animation 0x6400, resref WPMD1W2: 1 resources, 45424 metadata bytes
[2026-10-04 16:56:18.331] [info] Creature sprite catalog shard 4956 ready on demand for animation 0x6400, resref WPMD1W2E: 1 resources, 28164 metadata bytes
[2026-10-04 16:56:18.344] [info] Creature sprite catalog shard 4957 ready on demand for animation 0x6400, resref WPMD2A1: 1 resources, 45800 metadata bytes
[2026-10-04 16:56:18.369] [info] Creature sprite catalog shard 4958 ready on demand for animation 0x6400, resref WPMD2A1E: 1 resources, 28528 metadata bytes
[2026-10-04 16:56:18.394] [info] Creature sprite catalog shard 4959 ready on demand for animation 0x6400, resref WPMD2A3: 1 resources, 45476 metadata bytes
[2026-10-04 16:56:18.418] [info] Creature sprite catalog shard 4960 ready on demand for animation 0x6400, resref WPMD2A3E: 1 resources, 28188 metadata bytes
[2026-10-04 16:56:18.438] [info] Creature sprite catalog shard 4961 ready on demand for animation 0x6400, resref WPMD2A5: 1 resources, 28332 metadata bytes
[2026-10-04 16:56:18.454] [info] Creature sprite catalog shard 4962 ready on demand for animation 0x6400, resref WPMD2A5E: 1 resources, 17996 metadata bytes
[2026-10-04 16:56:18.470] [info] Creature sprite catalog shard 4963 ready on demand for animation 0x6400, resref WPMD2G1: 1 resources, 161776 metadata bytes
[2026-10-04 16:56:18.524] [info] Creature sprite catalog shard 4964 ready on demand for animation 0x6400, resref WPMD2G1E: 1 resources, 98544 metadata bytes
[2026-10-04 16:56:18.564] [info] Creature sprite catalog shard 4965 ready on demand for animation 0x6400, resref WPMD2INV: 1 resources, 3924 metadata bytes
[2026-10-04 16:56:18.572] [info] Creature sprite catalog shard 4966 ready on demand for animation 0x6400, resref WPMD2W2: 1 resources, 45424 metadata bytes
[2026-10-04 16:56:18.598] [info] Creature sprite catalog shard 4967 ready on demand for animation 0x6400, resref WPMD2W2E: 1 resources, 28164 metadata bytes
[2026-10-04 16:56:18.609] [info] Creature sprite catalog shard 4968 ready on demand for animation 0x6400, resref WPMD3A1: 1 resources, 45800 metadata bytes
[2026-10-04 16:56:18.632] [info] Creature sprite catalog shard 4969 ready on demand for animation 0x6400, resref WPMD3A1E: 1 resources, 28528 metadata bytes
[2026-10-04 16:56:18.656] [info] Creature sprite catalog shard 4970 ready on demand for animation 0x6400, resref WPMD3A3: 1 resources, 45476 metadata bytes
[2026-10-04 16:56:18.679] [info] Creature sprite catalog shard 4971 ready on demand for animation 0x6400, resref WPMD3A3E: 1 resources, 28188 metadata bytes
[2026-10-04 16:56:18.701] [info] Creature sprite catalog shard 4972 ready on demand for animation 0x6400, resref WPMD3A5: 1 resources, 28332 metadata bytes
[2026-10-04 16:56:18.717] [info] Creature sprite catalog shard 4973 ready on demand for animation 0x6400, resref WPMD3A5E: 1 resources, 17996 metadata bytes
[2026-10-04 16:56:18.733] [info] Creature sprite catalog shard 4974 ready on demand for animation 0x6400, resref WPMD3G1: 1 resources, 161776 metadata bytes
[2026-10-04 16:56:18.793] [info] Creature sprite catalog shard 4975 ready on demand for animation 0x6400, resref WPMD3G1E: 1 resources, 98544 metadata bytes
[2026-10-04 16:56:18.834] [info] Creature sprite catalog shard 4976 ready on demand for animation 0x6400, resref WPMD3INV: 1 resources, 3924 metadata bytes
[2026-10-04 16:56:18.849] [info] Creature sprite catalog shard 4977 ready on demand for animation 0x6400, resref WPMD3W2: 1 resources, 45424 metadata bytes
[2026-10-04 16:56:18.879] [info] Creature sprite catalog shard 4978 ready on demand for animation 0x6400, resref WPMD3W2E: 1 resources, 28164 metadata bytes
[2026-10-04 16:56:18.901] [info] Creature sprite catalog shard 4979 ready on demand for animation 0x6400, resref WPMD4A1: 1 resources, 45800 metadata bytes
[2026-10-04 16:56:18.926] [info] Creature sprite catalog shard 4980 ready on demand for animation 0x6400, resref WPMD4A1E: 1 resources, 28528 metadata bytes
[2026-10-04 16:56:18.950] [info] Creature sprite catalog shard 4981 ready on demand for animation 0x6400, resref WPMD4A3: 1 resources, 45476 metadata bytes
[2026-10-04 16:56:18.973] [info] Creature sprite catalog shard 4982 ready on demand for animation 0x6400, resref WPMD4A3E: 1 resources, 28188 metadata bytes
[2026-10-04 16:56:18.995] [info] Creature sprite catalog shard 4983 ready on demand for animation 0x6400, resref WPMD4A5: 1 resources, 28332 metadata bytes
[2026-10-04 16:56:19.010] [info] Creature sprite catalog shard 4984 ready on demand for animation 0x6400, resref WPMD4A5E: 1 resources, 17996 metadata bytes
[2026-10-04 16:56:19.027] [info] Creature sprite catalog shard 4985 ready on demand for animation 0x6400, resref WPMD4G1: 1 resources, 161776 metadata bytes
[2026-10-04 16:56:19.093] [info] Creature sprite catalog shard 4986 ready on demand for animation 0x6400, resref WPMD4G1E: 1 resources, 98544 metadata bytes
[2026-10-04 16:56:19.141] [info] Creature sprite catalog shard 4987 ready on demand for animation 0x6400, resref WPMD4INV: 1 resources, 3924 metadata bytes
[2026-10-04 16:56:19.157] [info] Creature sprite catalog shard 4988 ready on demand for animation 0x6400, resref WPMD4W2: 1 resources, 45424 metadata bytes
[2026-10-04 16:56:19.188] [info] Creature sprite catalog shard 4989 ready on demand for animation 0x6400, resref WPMD4W2E: 1 resources, 28164 metadata bytes
[2026-10-04 16:56:19.211] [info] Creature sprite catalog shard 4990 ready on demand for animation 0x6400, resref WPMDDA1: 1 resources, 45800 metadata bytes
[2026-10-04 16:56:19.227] [info] Creature sprite catalog shard 4991 ready on demand for animation 0x6400, resref WPMDDA1E: 1 resources, 28528 metadata bytes
[2026-10-04 16:56:19.237] [info] Creature sprite catalog shard 4992 ready on demand for animation 0x6400, resref WPMDDA3: 1 resources, 45476 metadata bytes
[2026-10-04 16:56:19.256] [info] Creature sprite catalog shard 4993 ready on demand for animation 0x6400, resref WPMDDA3E: 1 resources, 28188 metadata bytes
[2026-10-04 16:56:19.268] [info] Creature sprite catalog shard 4994 ready on demand for animation 0x6400, resref WPMDDA5: 1 resources, 28332 metadata bytes
[2026-10-04 16:56:19.283] [info] Creature sprite catalog shard 4995 ready on demand for animation 0x6400, resref WPMDDA5E: 1 resources, 17996 metadata bytes
[2026-10-04 16:56:19.298] [info] Creature sprite catalog shard 4996 ready on demand for animation 0x6400, resref WPMDDG1: 1 resources, 161776 metadata bytes
[2026-10-04 16:56:19.341] [info] Creature sprite catalog shard 4997 ready on demand for animation 0x6400, resref WPMDDG1E: 1 resources, 98544 metadata bytes
[2026-10-04 16:56:19.375] [info] Creature sprite catalog shard 4998 ready on demand for animation 0x6400, resref WPMDDINV: 1 resources, 3924 metadata bytes
[2026-10-04 16:56:19.387] [info] Creature sprite catalog shard 4999 ready on demand for animation 0x6400, resref WPMDDOIN: 1 resources, 3924 metadata bytes
[2026-10-04 16:56:19.402] [info] Creature sprite catalog shard 5000 ready on demand for animation 0x6400, resref WPMDDW2: 1 resources, 45424 metadata bytes
[2026-10-04 16:56:19.425] [info] Creature sprite catalog shard 5001 ready on demand for animation 0x6400, resref WPMDDW2E: 1 resources, 28164 metadata bytes
[2026-10-04 16:56:19.439] [info] Creature sprite catalog shard 5002 ready on demand for animation 0x6400, resref WPMF0A1: 1 resources, 46488 metadata bytes
[2026-10-04 16:56:19.462] [info] Creature sprite catalog shard 5003 ready on demand for animation 0x6400, resref WPMF0A1E: 1 resources, 28860 metadata bytes
[2026-10-04 16:56:19.472] [info] Creature sprite catalog shard 5004 ready on demand for animation 0x6400, resref WPMF0A3: 1 resources, 45476 metadata bytes
[2026-10-04 16:56:19.492] [info] Creature sprite catalog shard 5005 ready on demand for animation 0x6400, resref WPMF0A3E: 1 resources, 28188 metadata bytes
[2026-10-04 16:56:19.506] [info] Creature sprite catalog shard 5006 ready on demand for animation 0x6400, resref WPMF0G1: 1 resources, 161776 metadata bytes
[2026-10-04 16:56:19.556] [info] Creature sprite catalog shard 5007 ready on demand for animation 0x6400, resref WPMF0G1E: 1 resources, 98544 metadata bytes
[2026-10-04 16:56:19.586] [info] Creature sprite catalog shard 5008 ready on demand for animation 0x6400, resref WPMF0INV: 1 resources, 3924 metadata bytes
[2026-10-04 16:56:19.589] [info] Creature sprite catalog shard 5009 ready on demand for animation 0x6400, resref WPMF0OIN: 1 resources, 3924 metadata bytes
[2026-10-04 16:56:19.605] [info] Creature sprite catalog shard 5010 ready on demand for animation 0x6400, resref WPMF0W2: 1 resources, 45424 metadata bytes
[2026-10-04 16:56:19.632] [info] Creature sprite catalog shard 5011 ready on demand for animation 0x6400, resref WPMF0W2E: 1 resources, 28164 metadata bytes
[2026-10-04 16:56:19.644] [info] Creature sprite catalog shard 5012 ready on demand for animation 0x6400, resref WPMF1A1: 1 resources, 46488 metadata bytes
[2026-10-04 16:56:19.665] [info] Creature sprite catalog shard 5013 ready on demand for animation 0x6400, resref WPMF1A1E: 1 resources, 28860 metadata bytes
[2026-10-04 16:56:19.690] [info] Creature sprite catalog shard 5014 ready on demand for animation 0x6400, resref WPMF1A3: 1 resources, 45476 metadata bytes
[2026-10-04 16:56:19.711] [info] Creature sprite catalog shard 5015 ready on demand for animation 0x6400, resref WPMF1A3E: 1 resources, 28188 metadata bytes
[2026-10-04 16:56:19.738] [info] Creature sprite catalog shard 5016 ready on demand for animation 0x6400, resref WPMF1G1: 1 resources, 161776 metadata bytes
[2026-10-04 16:56:19.790] [info] Creature sprite catalog shard 5017 ready on demand for animation 0x6400, resref WPMF1G1E: 1 resources, 98544 metadata bytes
[2026-10-04 16:56:19.833] [info] Creature sprite catalog shard 5018 ready on demand for animation 0x6400, resref WPMF1INV: 1 resources, 3924 metadata bytes
[2026-10-04 16:56:19.851] [info] Creature sprite catalog shard 5019 ready on demand for animation 0x6400, resref WPMF1OIN: 1 resources, 3924 metadata bytes
[2026-10-04 16:56:19.867] [info] Creature sprite catalog shard 5020 ready on demand for animation 0x6400, resref WPMF1W2: 1 resources, 45424 metadata bytes
[2026-10-04 16:56:19.893] [info] Creature sprite catalog shard 5021 ready on demand for animation 0x6400, resref WPMF1W2E: 1 resources, 28164 metadata bytes
[2026-10-04 16:56:19.906] [info] Creature sprite catalog shard 5022 ready on demand for animation 0x6400, resref WPMF2A1: 1 resources, 54248 metadata bytes
[2026-10-04 16:56:19.962] [info] Creature sprite catalog shard 5023 ready on demand for animation 0x6400, resref WPMF2A1E: 1 resources, 33548 metadata bytes
[2026-10-04 16:56:20.005] [info] Creature sprite catalog shard 5024 ready on demand for animation 0x6400, resref WPMF2A3: 1 resources, 49756 metadata bytes
{"resources":128,"frames":6717,"native_cycle_slots":23022,"decoded_pixels":137102832,"palette_encodings":3,"K":6,"passed":true}
