[2026-10-04 16:56:27.636] [info] Creature sprite xBR catalog ready: scale=x2, 147 animations, 5736 components, 5736 resources, 1642525 frames, 5418442756 index bytes across 5736 lazy content-addressed shards; catalog-version=V2; 55252 authenticated directory entries; source=CreatureSprites-XN.catalog; filter=NEAREST; index cache budget=128 MiB; metadata cache budget=128 MiB; shard validation=background-on-demand
[2026-10-04 16:56:27.638] [info] Creature sprite catalog shard 5409 ready on demand for animation 0x6400, resref WPMJ5W2E: 1 resources, 28164 metadata bytes
[2026-10-04 16:56:27.646] [info] Creature sprite catalog shard 5410 ready on demand for animation 0x6400, resref WPMJ6A1: 1 resources, 45800 metadata bytes
[2026-10-04 16:56:27.664] [info] Creature sprite catalog shard 5411 ready on demand for animation 0x6400, resref WPMJ6A1E: 1 resources, 28528 metadata bytes
[2026-10-04 16:56:27.676] [info] Creature sprite catalog shard 5412 ready on demand for animation 0x6400, resref WPMJ6A2: 1 resources, 45476 metadata bytes
[2026-10-04 16:56:27.695] [info] Creature sprite catalog shard 5413 ready on demand for animation 0x6400, resref WPMJ6A2E: 1 resources, 28188 metadata bytes
[2026-10-04 16:56:27.708] [info] Creature sprite catalog shard 5414 ready on demand for animation 0x6400, resref WPMJ6A3: 1 resources, 45476 metadata bytes
[2026-10-04 16:56:27.725] [info] Creature sprite catalog shard 5415 ready on demand for animation 0x6400, resref WPMJ6A3E: 1 resources, 28188 metadata bytes
[2026-10-04 16:56:27.738] [info] Creature sprite catalog shard 5416 ready on demand for animation 0x6400, resref WPMJ6A4: 1 resources, 45476 metadata bytes
[2026-10-04 16:56:27.757] [info] Creature sprite catalog shard 5417 ready on demand for animation 0x6400, resref WPMJ6A4E: 1 resources, 28188 metadata bytes
[2026-10-04 16:56:27.768] [info] Creature sprite catalog shard 5418 ready on demand for animation 0x6400, resref WPMJ6A5: 1 resources, 28332 metadata bytes
[2026-10-04 16:56:27.784] [info] Creature sprite catalog shard 5419 ready on demand for animation 0x6400, resref WPMJ6A5E: 1 resources, 17996 metadata bytes
[2026-10-04 16:56:27.798] [info] Creature sprite catalog shard 5420 ready on demand for animation 0x6400, resref WPMJ6A6: 1 resources, 36916 metadata bytes
[2026-10-04 16:56:27.817] [info] Creature sprite catalog shard 5421 ready on demand for animation 0x6400, resref WPMJ6A6E: 1 resources, 23112 metadata bytes
[2026-10-04 16:56:27.830] [info] Creature sprite catalog shard 5422 ready on demand for animation 0x6400, resref WPMJ6CA: 1 resources, 48684 metadata bytes
[2026-10-04 16:56:27.850] [info] Creature sprite catalog shard 5423 ready on demand for animation 0x6400, resref WPMJ6CAE: 1 resources, 30648 metadata bytes
[2026-10-04 16:56:27.865] [info] Creature sprite catalog shard 5424 ready on demand for animation 0x6400, resref WPMJ6G1: 1 resources, 161776 metadata bytes
[2026-10-04 16:56:27.907] [info] Creature sprite catalog shard 5425 ready on demand for animation 0x6400, resref WPMJ6G1E: 1 resources, 98544 metadata bytes
[2026-10-04 16:56:27.938] [info] Creature sprite catalog shard 5426 ready on demand for animation 0x6400, resref WPMJ6INV: 1 resources, 3924 metadata bytes
[2026-10-04 16:56:27.951] [info] Creature sprite catalog shard 5427 ready on demand for animation 0x6400, resref WPMJ6SA: 1 resources, 19796 metadata bytes
[2026-10-04 16:56:27.968] [info] Creature sprite catalog shard 5428 ready on demand for animation 0x6400, resref WPMJ6SAE: 1 resources, 12840 metadata bytes
[2026-10-04 16:56:27.981] [info] Creature sprite catalog shard 5429 ready on demand for animation 0x6400, resref WPMJ6SX: 1 resources, 15516 metadata bytes
[2026-10-04 16:56:27.998] [info] Creature sprite catalog shard 5430 ready on demand for animation 0x6400, resref WPMJ6SXE: 1 resources, 10252 metadata bytes
[2026-10-04 16:56:28.013] [info] Creature sprite catalog shard 5431 ready on demand for animation 0x6400, resref WPMJ6W2: 1 resources, 45424 metadata bytes
[2026-10-04 16:56:28.036] [info] Creature sprite catalog shard 5432 ready on demand for animation 0x6400, resref WPMJ6W2E: 1 resources, 28164 metadata bytes
[2026-10-04 16:56:28.048] [info] Creature sprite catalog shard 5433 ready on demand for animation 0x6400, resref WPMJ7A1: 1 resources, 45800 metadata bytes
[2026-10-04 16:56:28.067] [info] Creature sprite catalog shard 5434 ready on demand for animation 0x6400, resref WPMJ7A1E: 1 resources, 28528 metadata bytes
[2026-10-04 16:56:28.079] [info] Creature sprite catalog shard 5435 ready on demand for animation 0x6400, resref WPMJ7A2: 1 resources, 45476 metadata bytes
[2026-10-04 16:56:28.098] [info] Creature sprite catalog shard 5436 ready on demand for animation 0x6400, resref WPMJ7A2E: 1 resources, 28188 metadata bytes
[2026-10-04 16:56:28.110] [info] Creature sprite catalog shard 5437 ready on demand for animation 0x6400, resref WPMJ7A3: 1 resources, 45476 metadata bytes
[2026-10-04 16:56:28.129] [info] Creature sprite catalog shard 5438 ready on demand for animation 0x6400, resref WPMJ7A3E: 1 resources, 28188 metadata bytes
[2026-10-04 16:56:28.141] [info] Creature sprite catalog shard 5439 ready on demand for animation 0x6400, resref WPMJ7A4: 1 resources, 45476 metadata bytes
[2026-10-04 16:56:28.160] [info] Creature sprite catalog shard 5440 ready on demand for animation 0x6400, resref WPMJ7A4E: 1 resources, 28188 metadata bytes
[2026-10-04 16:56:28.171] [info] Creature sprite catalog shard 5441 ready on demand for animation 0x6400, resref WPMJ7A5: 1 resources, 28332 metadata bytes
[2026-10-04 16:56:28.187] [info] Creature sprite catalog shard 5442 ready on demand for animation 0x6400, resref WPMJ7A5E: 1 resources, 17996 metadata bytes
[2026-10-04 16:56:28.200] [info] Creature sprite catalog shard 5443 ready on demand for animation 0x6400, resref WPMJ7A6: 1 resources, 36916 metadata bytes
[2026-10-04 16:56:28.219] [info] Creature sprite catalog shard 5444 ready on demand for animation 0x6400, resref WPMJ7A6E: 1 resources, 23112 metadata bytes
[2026-10-04 16:56:28.232] [info] Creature sprite catalog shard 5445 ready on demand for animation 0x6400, resref WPMJ7CA: 1 resources, 48588 metadata bytes
[2026-10-04 16:56:28.253] [info] Creature sprite catalog shard 5446 ready on demand for animation 0x6400, resref WPMJ7CAE: 1 resources, 30648 metadata bytes
[2026-10-04 16:56:28.267] [info] Creature sprite catalog shard 5447 ready on demand for animation 0x6400, resref WPMJ7G1: 1 resources, 161776 metadata bytes
[2026-10-04 16:56:28.311] [info] Creature sprite catalog shard 5448 ready on demand for animation 0x6400, resref WPMJ7G1E: 1 resources, 98544 metadata bytes
[2026-10-04 16:56:28.341] [info] Creature sprite catalog shard 5449 ready on demand for animation 0x6400, resref WPMJ7INV: 1 resources, 3924 metadata bytes
[2026-10-04 16:56:28.353] [info] Creature sprite catalog shard 5450 ready on demand for animation 0x6400, resref WPMJ7SA: 1 resources, 19796 metadata bytes
[2026-10-04 16:56:28.371] [info] Creature sprite catalog shard 5451 ready on demand for animation 0x6400, resref WPMJ7SAE: 1 resources, 12840 metadata bytes
[2026-10-04 16:56:28.385] [info] Creature sprite catalog shard 5452 ready on demand for animation 0x6400, resref WPMJ7SX: 1 resources, 15516 metadata bytes
[2026-10-04 16:56:28.401] [info] Creature sprite catalog shard 5453 ready on demand for animation 0x6400, resref WPMJ7SXE: 1 resources, 10252 metadata bytes
[2026-10-04 16:56:28.416] [info] Creature sprite catalog shard 5454 ready on demand for animation 0x6400, resref WPMJ7W2: 1 resources, 45424 metadata bytes
[2026-10-04 16:56:28.439] [info] Creature sprite catalog shard 5455 ready on demand for animation 0x6400, resref WPMJ7W2E: 1 resources, 28164 metadata bytes
[2026-10-04 16:56:28.450] [info] Creature sprite catalog shard 5456 ready on demand for animation 0x6400, resref WPMJ8A1: 1 resources, 45800 metadata bytes
[2026-10-04 16:56:28.469] [info] Creature sprite catalog shard 5457 ready on demand for animation 0x6400, resref WPMJ8A1E: 1 resources, 28528 metadata bytes
[2026-10-04 16:56:28.481] [info] Creature sprite catalog shard 5458 ready on demand for animation 0x6400, resref WPMJ8A2: 1 resources, 45476 metadata bytes
[2026-10-04 16:56:28.500] [info] Creature sprite catalog shard 5459 ready on demand for animation 0x6400, resref WPMJ8A2E: 1 resources, 28188 metadata bytes
[2026-10-04 16:56:28.513] [info] Creature sprite catalog shard 5460 ready on demand for animation 0x6400, resref WPMJ8A3: 1 resources, 45476 metadata bytes
[2026-10-04 16:56:28.531] [info] Creature sprite catalog shard 5461 ready on demand for animation 0x6400, resref WPMJ8A3E: 1 resources, 28188 metadata bytes
[2026-10-04 16:56:28.543] [info] Creature sprite catalog shard 5462 ready on demand for animation 0x6400, resref WPMJ8A4: 1 resources, 45476 metadata bytes
[2026-10-04 16:56:28.562] [info] Creature sprite catalog shard 5463 ready on demand for animation 0x6400, resref WPMJ8A4E: 1 resources, 28188 metadata bytes
[2026-10-04 16:56:28.574] [info] Creature sprite catalog shard 5464 ready on demand for animation 0x6400, resref WPMJ8A5: 1 resources, 28332 metadata bytes
[2026-10-04 16:56:28.589] [info] Creature sprite catalog shard 5465 ready on demand for animation 0x6400, resref WPMJ8A5E: 1 resources, 17996 metadata bytes
[2026-10-04 16:56:28.603] [info] Creature sprite catalog shard 5466 ready on demand for animation 0x6400, resref WPMJ8A6: 1 resources, 36916 metadata bytes
[2026-10-04 16:56:28.623] [info] Creature sprite catalog shard 5467 ready on demand for animation 0x6400, resref WPMJ8A6E: 1 resources, 23112 metadata bytes
[2026-10-04 16:56:28.635] [info] Creature sprite catalog shard 5468 ready on demand for animation 0x6400, resref WPMJ8CA: 1 resources, 48588 metadata bytes
[2026-10-04 16:56:28.655] [info] Creature sprite catalog shard 5469 ready on demand for animation 0x6400, resref WPMJ8CAE: 1 resources, 30648 metadata bytes
[2026-10-04 16:56:28.670] [info] Creature sprite catalog shard 5470 ready on demand for animation 0x6400, resref WPMJ8G1: 1 resources, 161776 metadata bytes
[2026-10-04 16:56:28.712] [info] Creature sprite catalog shard 5471 ready on demand for animation 0x6400, resref WPMJ8G1E: 1 resources, 98544 metadata bytes
[2026-10-04 16:56:28.744] [info] Creature sprite catalog shard 5472 ready on demand for animation 0x6400, resref WPMJ8INV: 1 resources, 3924 metadata bytes
[2026-10-04 16:56:28.754] [info] Creature sprite catalog shard 5473 ready on demand for animation 0x6400, resref WPMJ8SA: 1 resources, 19796 metadata bytes
[2026-10-04 16:56:28.773] [info] Creature sprite catalog shard 5474 ready on demand for animation 0x6400, resref WPMJ8SAE: 1 resources, 12840 metadata bytes
[2026-10-04 16:56:28.786] [info] Creature sprite catalog shard 5475 ready on demand for animation 0x6400, resref WPMJ8SX: 1 resources, 15516 metadata bytes
[2026-10-04 16:56:28.802] [info] Creature sprite catalog shard 5476 ready on demand for animation 0x6400, resref WPMJ8SXE: 1 resources, 10252 metadata bytes
[2026-10-04 16:56:28.817] [info] Creature sprite catalog shard 5477 ready on demand for animation 0x6400, resref WPMJ8W2: 1 resources, 45424 metadata bytes
[2026-10-04 16:56:28.849] [info] Creature sprite catalog shard 5478 ready on demand for animation 0x6400, resref WPMJ8W2E: 1 resources, 28164 metadata bytes
[2026-10-04 16:56:28.868] [info] Creature sprite catalog shard 5479 ready on demand for animation 0x6400, resref WPMJ9A1: 1 resources, 45800 metadata bytes
[2026-10-04 16:56:28.888] [info] Creature sprite catalog shard 5480 ready on demand for animation 0x6400, resref WPMJ9A1E: 1 resources, 28528 metadata bytes
[2026-10-04 16:56:28.899] [info] Creature sprite catalog shard 5481 ready on demand for animation 0x6400, resref WPMJ9A2: 1 resources, 45476 metadata bytes
[2026-10-04 16:56:28.918] [info] Creature sprite catalog shard 5482 ready on demand for animation 0x6400, resref WPMJ9A2E: 1 resources, 28188 metadata bytes
[2026-10-04 16:56:28.930] [info] Creature sprite catalog shard 5483 ready on demand for animation 0x6400, resref WPMJ9A3: 1 resources, 45476 metadata bytes
[2026-10-04 16:56:28.950] [info] Creature sprite catalog shard 5484 ready on demand for animation 0x6400, resref WPMJ9A3E: 1 resources, 28188 metadata bytes
[2026-10-04 16:56:28.961] [info] Creature sprite catalog shard 5485 ready on demand for animation 0x6400, resref WPMJ9A4: 1 resources, 45476 metadata bytes
[2026-10-04 16:56:28.987] [info] Creature sprite catalog shard 5486 ready on demand for animation 0x6400, resref WPMJ9A4E: 1 resources, 28188 metadata bytes
[2026-10-04 16:56:29.008] [info] Creature sprite catalog shard 5487 ready on demand for animation 0x6400, resref WPMJ9A5: 1 resources, 28332 metadata bytes
[2026-10-04 16:56:29.021] [info] Creature sprite catalog shard 5488 ready on demand for animation 0x6400, resref WPMJ9A5E: 1 resources, 17996 metadata bytes
[2026-10-04 16:56:29.034] [info] Creature sprite catalog shard 5489 ready on demand for animation 0x6400, resref WPMJ9A6: 1 resources, 36916 metadata bytes
[2026-10-04 16:56:29.054] [info] Creature sprite catalog shard 5490 ready on demand for animation 0x6400, resref WPMJ9A6E: 1 resources, 23112 metadata bytes
[2026-10-04 16:56:29.067] [info] Creature sprite catalog shard 5491 ready on demand for animation 0x6400, resref WPMJ9CA: 1 resources, 48684 metadata bytes
[2026-10-04 16:56:29.089] [info] Creature sprite catalog shard 5492 ready on demand for animation 0x6400, resref WPMJ9CAE: 1 resources, 30648 metadata bytes
[2026-10-04 16:56:29.103] [info] Creature sprite catalog shard 5493 ready on demand for animation 0x6400, resref WPMJ9G1: 1 resources, 161776 metadata bytes
[2026-10-04 16:56:29.151] [info] Creature sprite catalog shard 5494 ready on demand for animation 0x6400, resref WPMJ9G1E: 1 resources, 98544 metadata bytes
[2026-10-04 16:56:29.177] [info] Creature sprite catalog shard 5495 ready on demand for animation 0x6400, resref WPMJ9INV: 1 resources, 3924 metadata bytes
[2026-10-04 16:56:29.186] [info] Creature sprite catalog shard 5496 ready on demand for animation 0x6400, resref WPMJ9SA: 1 resources, 19796 metadata bytes
[2026-10-04 16:56:29.205] [info] Creature sprite catalog shard 5497 ready on demand for animation 0x6400, resref WPMJ9SAE: 1 resources, 12840 metadata bytes
[2026-10-04 16:56:29.219] [info] Creature sprite catalog shard 5498 ready on demand for animation 0x6400, resref WPMJ9SX: 1 resources, 15516 metadata bytes
[2026-10-04 16:56:29.235] [info] Creature sprite catalog shard 5499 ready on demand for animation 0x6400, resref WPMJ9SXE: 1 resources, 10252 metadata bytes
[2026-10-04 16:56:29.250] [info] Creature sprite catalog shard 5500 ready on demand for animation 0x6400, resref WPMJ9W2: 1 resources, 45424 metadata bytes
[2026-10-04 16:56:29.274] [info] Creature sprite catalog shard 5501 ready on demand for animation 0x6400, resref WPMJ9W2E: 1 resources, 28164 metadata bytes
[2026-10-04 16:56:29.285] [info] Creature sprite catalog shard 5502 ready on demand for animation 0x6400, resref WPMJAA1: 1 resources, 45800 metadata bytes
[2026-10-04 16:56:29.308] [info] Creature sprite catalog shard 5503 ready on demand for animation 0x6400, resref WPMJAA1E: 1 resources, 28528 metadata bytes
[2026-10-04 16:56:29.319] [info] Creature sprite catalog shard 5504 ready on demand for animation 0x6400, resref WPMJAA2: 1 resources, 45476 metadata bytes
[2026-10-04 16:56:29.338] [info] Creature sprite catalog shard 5505 ready on demand for animation 0x6400, resref WPMJAA2E: 1 resources, 28188 metadata bytes
[2026-10-04 16:56:29.349] [info] Creature sprite catalog shard 5506 ready on demand for animation 0x6400, resref WPMJAA3: 1 resources, 45476 metadata bytes
[2026-10-04 16:56:29.368] [info] Creature sprite catalog shard 5507 ready on demand for animation 0x6400, resref WPMJAA3E: 1 resources, 28188 metadata bytes
[2026-10-04 16:56:29.379] [info] Creature sprite catalog shard 5508 ready on demand for animation 0x6400, resref WPMJAA4: 1 resources, 45476 metadata bytes
[2026-10-04 16:56:29.399] [info] Creature sprite catalog shard 5509 ready on demand for animation 0x6400, resref WPMJAA4E: 1 resources, 28188 metadata bytes
[2026-10-04 16:56:29.409] [info] Creature sprite catalog shard 5510 ready on demand for animation 0x6400, resref WPMJAA5: 1 resources, 28332 metadata bytes
[2026-10-04 16:56:29.424] [info] Creature sprite catalog shard 5511 ready on demand for animation 0x6400, resref WPMJAA5E: 1 resources, 17996 metadata bytes
[2026-10-04 16:56:29.438] [info] Creature sprite catalog shard 5512 ready on demand for animation 0x6400, resref WPMJAA6: 1 resources, 36916 metadata bytes
[2026-10-04 16:56:29.459] [info] Creature sprite catalog shard 5513 ready on demand for animation 0x6400, resref WPMJAA6E: 1 resources, 23112 metadata bytes
[2026-10-04 16:56:29.470] [info] Creature sprite catalog shard 5514 ready on demand for animation 0x6400, resref WPMJACA: 1 resources, 48588 metadata bytes
[2026-10-04 16:56:29.493] [info] Creature sprite catalog shard 5515 ready on demand for animation 0x6400, resref WPMJACAE: 1 resources, 30648 metadata bytes
[2026-10-04 16:56:29.506] [info] Creature sprite catalog shard 5516 ready on demand for animation 0x6400, resref WPMJAG1: 1 resources, 161776 metadata bytes
[2026-10-04 16:56:29.562] [info] Creature sprite catalog shard 5517 ready on demand for animation 0x6400, resref WPMJAG1E: 1 resources, 98544 metadata bytes
[2026-10-04 16:56:29.601] [info] Creature sprite catalog shard 5518 ready on demand for animation 0x6400, resref WPMJAINV: 1 resources, 3924 metadata bytes
[2026-10-04 16:56:29.618] [info] Creature sprite catalog shard 5519 ready on demand for animation 0x6400, resref WPMJASA: 1 resources, 19796 metadata bytes
[2026-10-04 16:56:29.639] [info] Creature sprite catalog shard 5520 ready on demand for animation 0x6400, resref WPMJASAE: 1 resources, 12840 metadata bytes
[2026-10-04 16:56:29.652] [info] Creature sprite catalog shard 5521 ready on demand for animation 0x6400, resref WPMJASX: 1 resources, 15516 metadata bytes
[2026-10-04 16:56:29.667] [info] Creature sprite catalog shard 5522 ready on demand for animation 0x6400, resref WPMJASXE: 1 resources, 10252 metadata bytes
[2026-10-04 16:56:29.682] [info] Creature sprite catalog shard 5523 ready on demand for animation 0x6400, resref WPMJAW2: 1 resources, 45424 metadata bytes
[2026-10-04 16:56:29.709] [info] Creature sprite catalog shard 5524 ready on demand for animation 0x6400, resref WPMJAW2E: 1 resources, 28164 metadata bytes
[2026-10-04 16:56:29.718] [info] Creature sprite catalog shard 5525 ready on demand for animation 0x6400, resref WPMJBA1: 1 resources, 45800 metadata bytes
[2026-10-04 16:56:29.732] [info] Creature sprite catalog shard 5526 ready on demand for animation 0x6400, resref WPMJBA1E: 1 resources, 28528 metadata bytes
[2026-10-04 16:56:29.745] [info] Creature sprite catalog shard 5527 ready on demand for animation 0x6400, resref WPMJBA2: 1 resources, 45476 metadata bytes
[2026-10-04 16:56:29.763] [info] Creature sprite catalog shard 5528 ready on demand for animation 0x6400, resref WPMJBA2E: 1 resources, 28188 metadata bytes
[2026-10-04 16:56:29.776] [info] Creature sprite catalog shard 5529 ready on demand for animation 0x6400, resref WPMJBA3: 1 resources, 45476 metadata bytes
[2026-10-04 16:56:29.794] [info] Creature sprite catalog shard 5530 ready on demand for animation 0x6400, resref WPMJBA3E: 1 resources, 28188 metadata bytes
[2026-10-04 16:56:29.807] [info] Creature sprite catalog shard 5531 ready on demand for animation 0x6400, resref WPMJBA4: 1 resources, 45476 metadata bytes
[2026-10-04 16:56:29.825] [info] Creature sprite catalog shard 5532 ready on demand for animation 0x6400, resref WPMJBA4E: 1 resources, 28188 metadata bytes
[2026-10-04 16:56:29.837] [info] Creature sprite catalog shard 5533 ready on demand for animation 0x6400, resref WPMJBA5: 1 resources, 28332 metadata bytes
[2026-10-04 16:56:29.853] [info] Creature sprite catalog shard 5534 ready on demand for animation 0x6400, resref WPMJBA5E: 1 resources, 17996 metadata bytes
[2026-10-04 16:56:29.867] [info] Creature sprite catalog shard 5535 ready on demand for animation 0x6400, resref WPMJBA6: 1 resources, 36916 metadata bytes
[2026-10-04 16:56:29.885] [info] Creature sprite catalog shard 5536 ready on demand for animation 0x6400, resref WPMJBA6E: 1 resources, 23112 metadata bytes
{"resources":128,"frames":5152,"native_cycle_slots":17141,"decoded_pixels":67700952,"palette_encodings":3,"K":6,"passed":true}
