[2026-10-04 16:56:33.196] [info] Creature sprite xBR catalog ready: scale=x2, 147 animations, 5736 components, 5736 resources, 1642525 frames, 5418442756 index bytes across 5736 lazy content-addressed shards; catalog-version=V2; 55252 authenticated directory entries; source=CreatureSprites-XN.catalog; filter=NEAREST; index cache budget=128 MiB; metadata cache budget=128 MiB; shard validation=background-on-demand
[2026-10-04 16:56:33.199] [info] Creature sprite catalog shard 5665 ready on demand for animation 0x6400, resref WPMS3G1E: 1 resources, 98544 metadata bytes
[2026-10-04 16:56:33.226] [info] Creature sprite catalog shard 5666 ready on demand for animation 0x6400, resref WPMS3INV: 1 resources, 3924 metadata bytes
[2026-10-04 16:56:33.232] [info] Creature sprite catalog shard 5667 ready on demand for animation 0x6400, resref WPMS3OIN: 1 resources, 3924 metadata bytes
[2026-10-04 16:56:33.248] [info] Creature sprite catalog shard 5668 ready on demand for animation 0x6400, resref WPMS3W2: 1 resources, 45424 metadata bytes
[2026-10-04 16:56:33.272] [info] Creature sprite catalog shard 5669 ready on demand for animation 0x6400, resref WPMS3W2E: 1 resources, 28164 metadata bytes
[2026-10-04 16:56:33.285] [info] Creature sprite catalog shard 5670 ready on demand for animation 0x6400, resref WPMSCINV: 1 resources, 3924 metadata bytes
[2026-10-04 16:56:33.294] [info] Creature sprite catalog shard 5671 ready on demand for animation 0x6400, resref WPMSCOIN: 1 resources, 3924 metadata bytes
[2026-10-04 16:56:33.310] [info] Creature sprite catalog shard 5672 ready on demand for animation 0x6400, resref WPMSLA1: 1 resources, 45800 metadata bytes
[2026-10-04 16:56:33.331] [info] Creature sprite catalog shard 5673 ready on demand for animation 0x6400, resref WPMSLA1E: 1 resources, 28528 metadata bytes
[2026-10-04 16:56:33.346] [info] Creature sprite catalog shard 5674 ready on demand for animation 0x6400, resref WPMSLG1: 1 resources, 161776 metadata bytes
[2026-10-04 16:56:33.378] [info] Creature sprite catalog shard 5675 ready on demand for animation 0x6400, resref WPMSLG1E: 1 resources, 98544 metadata bytes
[2026-10-04 16:56:33.400] [info] Creature sprite catalog shard 5676 ready on demand for animation 0x6400, resref WPMSLINV: 1 resources, 3924 metadata bytes
[2026-10-04 16:56:33.402] [info] Creature sprite catalog shard 5677 ready on demand for animation 0x6400, resref WPMSLW2: 1 resources, 45424 metadata bytes
[2026-10-04 16:56:33.423] [info] Creature sprite catalog shard 5678 ready on demand for animation 0x6400, resref WPMSLW2E: 1 resources, 28164 metadata bytes
[2026-10-04 16:56:33.438] [info] Creature sprite catalog shard 5679 ready on demand for animation 0x6400, resref WPMSPA2: 1 resources, 45476 metadata bytes
[2026-10-04 16:56:33.471] [info] Creature sprite catalog shard 5680 ready on demand for animation 0x6400, resref WPMSPA2E: 1 resources, 28188 metadata bytes
[2026-10-04 16:56:33.493] [info] Creature sprite catalog shard 5681 ready on demand for animation 0x6400, resref WPMSPA4: 1 resources, 45476 metadata bytes
[2026-10-04 16:56:33.512] [info] Creature sprite catalog shard 5682 ready on demand for animation 0x6400, resref WPMSPA4E: 1 resources, 28188 metadata bytes
[2026-10-04 16:56:33.537] [info] Creature sprite catalog shard 5683 ready on demand for animation 0x6400, resref WPMSPA6: 1 resources, 36916 metadata bytes
[2026-10-04 16:56:33.556] [info] Creature sprite catalog shard 5684 ready on demand for animation 0x6400, resref WPMSPA6E: 1 resources, 23112 metadata bytes
[2026-10-04 16:56:33.586] [info] Creature sprite catalog shard 5685 ready on demand for animation 0x6400, resref WPMSPG1: 1 resources, 161776 metadata bytes
[2026-10-04 16:56:33.653] [info] Creature sprite catalog shard 5686 ready on demand for animation 0x6400, resref WPMSPG1E: 1 resources, 98544 metadata bytes
[2026-10-04 16:56:33.707] [info] Creature sprite catalog shard 5687 ready on demand for animation 0x6400, resref WPMSPINV: 1 resources, 3924 metadata bytes
[2026-10-04 16:56:33.711] [info] Creature sprite catalog shard 5688 ready on demand for animation 0x6400, resref WPMSPW2: 1 resources, 45424 metadata bytes
[2026-10-04 16:56:33.743] [info] Creature sprite catalog shard 5689 ready on demand for animation 0x6400, resref WPMSPW2E: 1 resources, 28164 metadata bytes
[2026-10-04 16:56:33.772] [info] Creature sprite catalog shard 5690 ready on demand for animation 0x6400, resref WPMSSA1: 1 resources, 46488 metadata bytes
[2026-10-04 16:56:33.800] [info] Creature sprite catalog shard 5691 ready on demand for animation 0x6400, resref WPMSSA1E: 1 resources, 28860 metadata bytes
[2026-10-04 16:56:33.812] [info] Creature sprite catalog shard 5692 ready on demand for animation 0x6400, resref WPMSSA3: 1 resources, 45476 metadata bytes
[2026-10-04 16:56:33.830] [info] Creature sprite catalog shard 5693 ready on demand for animation 0x6400, resref WPMSSA3E: 1 resources, 28188 metadata bytes
[2026-10-04 16:56:33.842] [info] Creature sprite catalog shard 5694 ready on demand for animation 0x6400, resref WPMSSA5: 1 resources, 28332 metadata bytes
[2026-10-04 16:56:33.856] [info] Creature sprite catalog shard 5695 ready on demand for animation 0x6400, resref WPMSSA5E: 1 resources, 17996 metadata bytes
[2026-10-04 16:56:33.873] [info] Creature sprite catalog shard 5696 ready on demand for animation 0x6400, resref WPMSSG1: 1 resources, 161776 metadata bytes
[2026-10-04 16:56:33.922] [info] Creature sprite catalog shard 5697 ready on demand for animation 0x6400, resref WPMSSG1E: 1 resources, 98544 metadata bytes
[2026-10-04 16:56:33.952] [info] Creature sprite catalog shard 5698 ready on demand for animation 0x6400, resref WPMSSINV: 1 resources, 3924 metadata bytes
[2026-10-04 16:56:33.958] [info] Creature sprite catalog shard 5699 ready on demand for animation 0x6400, resref WPMSSOIN: 1 resources, 3924 metadata bytes
[2026-10-04 16:56:33.974] [info] Creature sprite catalog shard 5700 ready on demand for animation 0x6400, resref WPMSSW2: 1 resources, 45424 metadata bytes
[2026-10-04 16:56:33.999] [info] Creature sprite catalog shard 5701 ready on demand for animation 0x6400, resref WPMSSW2E: 1 resources, 28164 metadata bytes
[2026-10-04 16:56:34.013] [info] Creature sprite catalog shard 5702 ready on demand for animation 0x6400, resref WPMWHA1: 1 resources, 46488 metadata bytes
[2026-10-04 16:56:34.031] [info] Creature sprite catalog shard 5703 ready on demand for animation 0x6400, resref WPMWHA1E: 1 resources, 28860 metadata bytes
[2026-10-04 16:56:34.043] [info] Creature sprite catalog shard 5704 ready on demand for animation 0x6400, resref WPMWHA3: 1 resources, 45476 metadata bytes
[2026-10-04 16:56:34.061] [info] Creature sprite catalog shard 5705 ready on demand for animation 0x6400, resref WPMWHA3E: 1 resources, 28188 metadata bytes
[2026-10-04 16:56:34.077] [info] Creature sprite catalog shard 5706 ready on demand for animation 0x6400, resref WPMWHG1: 1 resources, 161776 metadata bytes
[2026-10-04 16:56:34.125] [info] Creature sprite catalog shard 5707 ready on demand for animation 0x6400, resref WPMWHG1E: 1 resources, 98544 metadata bytes
[2026-10-04 16:56:34.154] [info] Creature sprite catalog shard 5708 ready on demand for animation 0x6400, resref WPMWHINV: 1 resources, 3924 metadata bytes
[2026-10-04 16:56:34.158] [info] Creature sprite catalog shard 5709 ready on demand for animation 0x6400, resref WPMWHOIN: 1 resources, 3924 metadata bytes
[2026-10-04 16:56:34.175] [info] Creature sprite catalog shard 5710 ready on demand for animation 0x6400, resref WPMWHW2: 1 resources, 45424 metadata bytes
[2026-10-04 16:56:34.200] [info] Creature sprite catalog shard 5711 ready on demand for animation 0x6400, resref WPMWHW2E: 1 resources, 28164 metadata bytes
[2026-10-04 16:56:34.211] [info] Creature sprite catalog shard 5712 ready on demand for animation 0x6400, resref WPMWMOIN: 1 resources, 3920 metadata bytes
[2026-10-04 16:56:34.225] [info] Creature sprite catalog shard 5713 ready on demand for animation 0x6400, resref WPMZWA1: 1 resources, 45800 metadata bytes
[2026-10-04 16:56:34.239] [info] Creature sprite catalog shard 5714 ready on demand for animation 0x6400, resref WPMZWA1E: 1 resources, 28528 metadata bytes
[2026-10-04 16:56:34.253] [info] Creature sprite catalog shard 5715 ready on demand for animation 0x6400, resref WPMZWA2: 1 resources, 45476 metadata bytes
[2026-10-04 16:56:34.270] [info] Creature sprite catalog shard 5716 ready on demand for animation 0x6400, resref WPMZWA2E: 1 resources, 28188 metadata bytes
[2026-10-04 16:56:34.283] [info] Creature sprite catalog shard 5717 ready on demand for animation 0x6400, resref WPMZWA3: 1 resources, 45476 metadata bytes
[2026-10-04 16:56:34.301] [info] Creature sprite catalog shard 5718 ready on demand for animation 0x6400, resref WPMZWA3E: 1 resources, 28188 metadata bytes
[2026-10-04 16:56:34.314] [info] Creature sprite catalog shard 5719 ready on demand for animation 0x6400, resref WPMZWA4: 1 resources, 45476 metadata bytes
[2026-10-04 16:56:34.332] [info] Creature sprite catalog shard 5720 ready on demand for animation 0x6400, resref WPMZWA4E: 1 resources, 28188 metadata bytes
[2026-10-04 16:56:34.345] [info] Creature sprite catalog shard 5721 ready on demand for animation 0x6400, resref WPMZWA5: 1 resources, 28332 metadata bytes
[2026-10-04 16:56:34.361] [info] Creature sprite catalog shard 5722 ready on demand for animation 0x6400, resref WPMZWA5E: 1 resources, 17996 metadata bytes
[2026-10-04 16:56:34.375] [info] Creature sprite catalog shard 5723 ready on demand for animation 0x6400, resref WPMZWA6: 1 resources, 36916 metadata bytes
[2026-10-04 16:56:34.393] [info] Creature sprite catalog shard 5724 ready on demand for animation 0x6400, resref WPMZWA6E: 1 resources, 23112 metadata bytes
[2026-10-04 16:56:34.408] [info] Creature sprite catalog shard 5725 ready on demand for animation 0x6400, resref WPMZWCA: 1 resources, 48684 metadata bytes
[2026-10-04 16:56:34.427] [info] Creature sprite catalog shard 5726 ready on demand for animation 0x6400, resref WPMZWCAE: 1 resources, 30648 metadata bytes
[2026-10-04 16:56:34.440] [info] Creature sprite catalog shard 5727 ready on demand for animation 0x6400, resref WPMZWG1: 1 resources, 161776 metadata bytes
[2026-10-04 16:56:34.471] [info] Creature sprite catalog shard 5728 ready on demand for animation 0x6400, resref WPMZWG1E: 1 resources, 98544 metadata bytes
[2026-10-04 16:56:34.493] [info] Creature sprite catalog shard 5729 ready on demand for animation 0x6400, resref WPMZWINV: 1 resources, 3924 metadata bytes
[2026-10-04 16:56:34.501] [info] Creature sprite catalog shard 5730 ready on demand for animation 0x6400, resref WPMZWSA: 1 resources, 19796 metadata bytes
[2026-10-04 16:56:34.514] [info] Creature sprite catalog shard 5731 ready on demand for animation 0x6400, resref WPMZWSAE: 1 resources, 12840 metadata bytes
[2026-10-04 16:56:34.529] [info] Creature sprite catalog shard 5732 ready on demand for animation 0x6400, resref WPMZWSX: 1 resources, 15516 metadata bytes
[2026-10-04 16:56:34.546] [info] Creature sprite catalog shard 5733 ready on demand for animation 0x6400, resref WPMZWSXE: 1 resources, 10252 metadata bytes
[2026-10-04 16:56:34.561] [info] Creature sprite catalog shard 5734 ready on demand for animation 0x6400, resref WPMZWW2: 1 resources, 45424 metadata bytes
[2026-10-04 16:56:34.606] [info] Creature sprite catalog shard 5735 ready on demand for animation 0x6400, resref WPMZWW2E: 1 resources, 28164 metadata bytes
{"resources":71,"frames":3292,"native_cycle_slots":11553,"decoded_pixels":72177408,"palette_encodings":3,"K":6,"passed":true}
