[2026-10-04 17:35:44.364] [info] Creature sprite xBR catalog ready: scale=x2, 147 animations, 6688 components, 6688 resources, 1686325 frames, 5470240480 index bytes across 6688 lazy content-addressed shards; catalog-version=V2; 55318 authenticated directory entries; source=CreatureSprites-XN.catalog; filter=NEAREST; index cache budget=128 MiB; metadata cache budget=128 MiB; shard validation=background-on-demand
[2026-10-04 17:35:44.366] [info] Creature sprite catalog shard 5736 ready on demand for animation 0x6405, resref CSHDA1: 1 resources, 1060980 metadata bytes
[2026-10-04 17:35:44.372] [info] Creature sprite catalog shard 4747 ready on demand for animation 0x6405, resref MDGU1A1: 1 resources, 109800 metadata bytes
[2026-10-04 17:35:44.390] [info] Creature sprite catalog shard 6511 ready on demand for animation 0x6405, resref WPMMCA1: 1 resources, 578468 metadata bytes
[2026-10-04 17:35:44.404] [info] Creature sprite catalog shard 5898 ready on demand for animation 0x6405, resref WPMD1A1: 1 resources, 292280 metadata bytes
[2026-10-04 17:35:44.421] [info] Creature sprite catalog shard 6029 ready on demand for animation 0x6405, resref WPMH0A1: 1 resources, 427220 metadata bytes
[2026-10-04 17:35:44.449] [info] Creature sprite catalog shard 4748 ready on demand for animation 0x6405, resref MDGU1A1E: 1 resources, 66928 metadata bytes
[2026-10-04 17:35:44.466] [info] Creature sprite catalog shard 5899 ready on demand for animation 0x6405, resref WPMD1A1E: 1 resources, 158788 metadata bytes
[2026-10-04 17:35:44.481] [info] Creature sprite catalog shard 6030 ready on demand for animation 0x6405, resref WPMH0A1E: 1 resources, 259208 metadata bytes
[2026-10-04 17:35:44.497] [info] Creature sprite catalog shard 5737 ready on demand for animation 0x6405, resref CSHDA1E: 1 resources, 593232 metadata bytes
[2026-10-04 17:35:44.514] [info] Creature sprite catalog shard 6512 ready on demand for animation 0x6405, resref WPMMCA1E: 1 resources, 343480 metadata bytes
[2026-10-04 17:35:44.539] [info] Creature sprite catalog shard 5739 ready on demand for animation 0x6405, resref CSHDA2: 1 resources, 907376 metadata bytes
[2026-10-04 17:35:44.542] [info] Creature sprite catalog shard 4749 ready on demand for animation 0x6405, resref MDGU1A2: 1 resources, 109476 metadata bytes
[2026-10-04 17:35:44.559] [info] Creature sprite catalog shard 6031 ready on demand for animation 0x6405, resref WPMH0A2: 1 resources, 430176 metadata bytes
[2026-10-04 17:35:44.582] [info] Creature sprite catalog shard 5740 ready on demand for animation 0x6405, resref CSHDA2E: 1 resources, 486708 metadata bytes
[2026-10-04 17:35:44.588] [info] Creature sprite catalog shard 4750 ready on demand for animation 0x6405, resref MDGU1A2E: 1 resources, 66588 metadata bytes
[2026-10-04 17:35:44.605] [info] Creature sprite catalog shard 6032 ready on demand for animation 0x6405, resref WPMH0A2E: 1 resources, 262508 metadata bytes
[2026-10-04 17:35:44.623] [info] Creature sprite catalog shard 5742 ready on demand for animation 0x6405, resref CSHDA3: 1 resources, 876156 metadata bytes
[2026-10-04 17:35:44.635] [info] Creature sprite catalog shard 4751 ready on demand for animation 0x6405, resref MDGU1A3: 1 resources, 109476 metadata bytes
[2026-10-04 17:35:44.652] [info] Creature sprite catalog shard 6513 ready on demand for animation 0x6405, resref WPMMCA3: 1 resources, 508876 metadata bytes
[2026-10-04 17:35:44.669] [info] Creature sprite catalog shard 5900 ready on demand for animation 0x6405, resref WPMD1A3: 1 resources, 300536 metadata bytes
[2026-10-04 17:35:44.683] [info] Creature sprite catalog shard 6033 ready on demand for animation 0x6405, resref WPMH0A3: 1 resources, 432936 metadata bytes
[2026-10-04 17:35:44.706] [info] Creature sprite catalog shard 5743 ready on demand for animation 0x6405, resref CSHDA3E: 1 resources, 591028 metadata bytes
[2026-10-04 17:35:44.711] [info] Creature sprite catalog shard 4752 ready on demand for animation 0x6405, resref MDGU1A3E: 1 resources, 66588 metadata bytes
[2026-10-04 17:35:44.728] [info] Creature sprite catalog shard 6514 ready on demand for animation 0x6405, resref WPMMCA3E: 1 resources, 365488 metadata bytes
[2026-10-04 17:35:44.743] [info] Creature sprite catalog shard 5901 ready on demand for animation 0x6405, resref WPMD1A3E: 1 resources, 164308 metadata bytes
[2026-10-04 17:35:44.758] [info] Creature sprite catalog shard 6034 ready on demand for animation 0x6405, resref WPMH0A3E: 1 resources, 257308 metadata bytes
[2026-10-04 17:35:44.779] [info] Creature sprite catalog shard 5745 ready on demand for animation 0x6405, resref CSHDA4: 1 resources, 816776 metadata bytes
[2026-10-04 17:35:44.789] [info] Creature sprite catalog shard 4753 ready on demand for animation 0x6405, resref MDGU1A4: 1 resources, 109476 metadata bytes
[2026-10-04 17:35:44.810] [info] Creature sprite catalog shard 6035 ready on demand for animation 0x6405, resref WPMH0A4: 1 resources, 434636 metadata bytes
[2026-10-04 17:35:44.826] [info] Creature sprite catalog shard 5746 ready on demand for animation 0x6405, resref CSHDA4E: 1 resources, 485468 metadata bytes
[2026-10-04 17:35:44.834] [info] Creature sprite catalog shard 4754 ready on demand for animation 0x6405, resref MDGU1A4E: 1 resources, 66588 metadata bytes
[2026-10-04 17:35:44.851] [info] Creature sprite catalog shard 6036 ready on demand for animation 0x6405, resref WPMH0A4E: 1 resources, 252328 metadata bytes
[2026-10-04 17:35:44.869] [info] Creature sprite catalog shard 5748 ready on demand for animation 0x6405, resref CSHDA5: 1 resources, 517692 metadata bytes
[2026-10-04 17:35:44.880] [info] Creature sprite catalog shard 4755 ready on demand for animation 0x6405, resref MDGU1A5: 1 resources, 66732 metadata bytes
[2026-10-04 17:35:44.897] [info] Creature sprite catalog shard 5902 ready on demand for animation 0x6405, resref WPMD1A5: 1 resources, 172952 metadata bytes
[2026-10-04 17:35:44.912] [info] Creature sprite catalog shard 6037 ready on demand for animation 0x6405, resref WPMH0A5: 1 resources, 262252 metadata bytes
[2026-10-04 17:35:44.935] [info] Creature sprite catalog shard 5749 ready on demand for animation 0x6405, resref CSHDA5E: 1 resources, 350416 metadata bytes
[2026-10-04 17:35:44.942] [info] Creature sprite catalog shard 4756 ready on demand for animation 0x6405, resref MDGU1A5E: 1 resources, 41036 metadata bytes
[2026-10-04 17:35:44.958] [info] Creature sprite catalog shard 5903 ready on demand for animation 0x6405, resref WPMD1A5E: 1 resources, 102136 metadata bytes
[2026-10-04 17:35:44.974] [info] Creature sprite catalog shard 6038 ready on demand for animation 0x6405, resref WPMH0A5E: 1 resources, 151556 metadata bytes
[2026-10-04 17:35:44.994] [info] Creature sprite catalog shard 5751 ready on demand for animation 0x6405, resref CSHDA6: 1 resources, 654996 metadata bytes
[2026-10-04 17:35:45.005] [info] Creature sprite catalog shard 4757 ready on demand for animation 0x6405, resref MDGU1A6: 1 resources, 88116 metadata bytes
[2026-10-04 17:35:45.027] [info] Creature sprite catalog shard 6039 ready on demand for animation 0x6405, resref WPMH0A6: 1 resources, 348016 metadata bytes
[2026-10-04 17:35:45.044] [info] Creature sprite catalog shard 5752 ready on demand for animation 0x6405, resref CSHDA6E: 1 resources, 429472 metadata bytes
[2026-10-04 17:35:45.051] [info] Creature sprite catalog shard 4758 ready on demand for animation 0x6405, resref MDGU1A6E: 1 resources, 53832 metadata bytes
[2026-10-04 17:35:45.068] [info] Creature sprite catalog shard 6040 ready on demand for animation 0x6405, resref WPMH0A6E: 1 resources, 202152 metadata bytes
[2026-10-04 17:35:45.087] [info] Creature sprite catalog shard 5754 ready on demand for animation 0x6405, resref CSHDCA: 1 resources, 863424 metadata bytes
[2026-10-04 17:35:45.098] [info] Creature sprite catalog shard 4759 ready on demand for animation 0x6405, resref MDGU1CA: 1 resources, 112684 metadata bytes
[2026-10-04 17:35:45.115] [info] Creature sprite catalog shard 6041 ready on demand for animation 0x6405, resref WPMH0CA: 1 resources, 435384 metadata bytes
[2026-10-04 17:35:45.182] [info] Creature sprite catalog shard 5755 ready on demand for animation 0x6405, resref CSHDCAE: 1 resources, 603788 metadata bytes
[2026-10-04 17:35:45.190] [info] Creature sprite catalog shard 4760 ready on demand for animation 0x6405, resref MDGU1CAE: 1 resources, 69048 metadata bytes
[2026-10-04 17:35:45.207] [info] Creature sprite catalog shard 6042 ready on demand for animation 0x6405, resref WPMH0CAE: 1 resources, 257648 metadata bytes
[2026-10-04 17:35:45.254] [info] Creature sprite catalog shard 5757 ready on demand for animation 0x6405, resref CSHDG1: 1 resources, 3113756 metadata bytes
[2026-10-04 17:35:45.269] [info] Creature sprite catalog shard 4761 ready on demand for animation 0x6405, resref MDGU1G1: 1 resources, 392176 metadata bytes
[2026-10-04 17:35:45.290] [info] Creature sprite catalog shard 6515 ready on demand for animation 0x6405, resref WPMMCG1: 1 resources, 1829576 metadata bytes
[2026-10-04 17:35:45.303] [info] Creature sprite catalog shard 5904 ready on demand for animation 0x6405, resref WPMD1G1: 1 resources, 1036236 metadata bytes
[2026-10-04 17:35:45.322] [info] Creature sprite catalog shard 6043 ready on demand for animation 0x6405, resref WPMH0G1: 1 resources, 1535516 metadata bytes
[2026-10-04 17:35:45.409] [info] Creature sprite catalog shard 5758 ready on demand for animation 0x6405, resref CSHDG1E: 1 resources, 1881864 metadata bytes
[2026-10-04 17:35:45.422] [info] Creature sprite catalog shard 4762 ready on demand for animation 0x6405, resref MDGU1G1E: 1 resources, 236784 metadata bytes
[2026-10-04 17:35:45.442] [info] Creature sprite catalog shard 6516 ready on demand for animation 0x6405, resref WPMMCG1E: 1 resources, 1226804 metadata bytes
[2026-10-04 17:35:45.455] [info] Creature sprite catalog shard 5905 ready on demand for animation 0x6405, resref WPMD1G1E: 1 resources, 583404 metadata bytes
[2026-10-04 17:35:45.473] [info] Creature sprite catalog shard 6044 ready on demand for animation 0x6405, resref WPMH0G1E: 1 resources, 908164 metadata bytes
[2026-10-04 17:35:45.526] [info] Creature sprite catalog shard 5760 ready on demand for animation 0x6405, resref CSHDSA: 1 resources, 362616 metadata bytes
[2026-10-04 17:35:45.541] [info] Creature sprite catalog shard 4763 ready on demand for animation 0x6405, resref MDGU1SA: 1 resources, 45396 metadata bytes
[2026-10-04 17:35:45.546] [info] Creature sprite catalog shard 6046 ready on demand for animation 0x6405, resref WPMH0SA: 1 resources, 178016 metadata bytes
[2026-10-04 17:35:45.568] [info] Creature sprite catalog shard 5761 ready on demand for animation 0x6405, resref CSHDSAE: 1 resources, 243520 metadata bytes
[2026-10-04 17:35:45.577] [info] Creature sprite catalog shard 4764 ready on demand for animation 0x6405, resref MDGU1SAE: 1 resources, 28200 metadata bytes
[2026-10-04 17:35:45.593] [info] Creature sprite catalog shard 6047 ready on demand for animation 0x6405, resref WPMH0SAE: 1 resources, 102080 metadata bytes
[2026-10-04 17:35:45.612] [info] Creature sprite catalog shard 5763 ready on demand for animation 0x6405, resref CSHDSX: 1 resources, 300876 metadata bytes
[2026-10-04 17:35:45.623] [info] Creature sprite catalog shard 4765 ready on demand for animation 0x6405, resref MDGU1SX: 1 resources, 34716 metadata bytes
[2026-10-04 17:35:45.640] [info] Creature sprite catalog shard 6048 ready on demand for animation 0x6405, resref WPMH0SX: 1 resources, 134116 metadata bytes
[2026-10-04 17:35:45.663] [info] Creature sprite catalog shard 5764 ready on demand for animation 0x6405, resref CSHDSXE: 1 resources, 165892 metadata bytes
[2026-10-04 17:35:45.669] [info] Creature sprite catalog shard 4766 ready on demand for animation 0x6405, resref MDGU1SXE: 1 resources, 21772 metadata bytes
[2026-10-04 17:35:45.685] [info] Creature sprite catalog shard 6049 ready on demand for animation 0x6405, resref WPMH0SXE: 1 resources, 78132 metadata bytes
[2026-10-04 17:35:45.705] [info] Creature sprite catalog shard 5766 ready on demand for animation 0x6405, resref CSHDW2: 1 resources, 792504 metadata bytes
[2026-10-04 17:35:45.718] [info] Creature sprite catalog shard 4767 ready on demand for animation 0x6405, resref MDGU1W2: 1 resources, 2258144 metadata bytes
[2026-10-04 17:35:45.734] [info] Creature sprite catalog shard 6519 ready on demand for animation 0x6405, resref WPMMCW2: 1 resources, 484884 metadata bytes
[2026-10-04 17:35:45.748] [info] Creature sprite catalog shard 5907 ready on demand for animation 0x6405, resref WPMD1W2: 1 resources, 283104 metadata bytes
[2026-10-04 17:35:45.765] [info] Creature sprite catalog shard 6050 ready on demand for animation 0x6405, resref WPMH0W2: 1 resources, 437824 metadata bytes
[2026-10-04 17:35:45.795] [info] Creature sprite catalog shard 5767 ready on demand for animation 0x6405, resref CSHDW2E: 1 resources, 480184 metadata bytes
[2026-10-04 17:35:45.809] [info] Creature sprite catalog shard 4768 ready on demand for animation 0x6405, resref MDGU1W2E: 1 resources, 66564 metadata bytes
[2026-10-04 17:35:45.825] [info] Creature sprite catalog shard 6520 ready on demand for animation 0x6405, resref WPMMCW2E: 1 resources, 377884 metadata bytes
[2026-10-04 17:35:45.840] [info] Creature sprite catalog shard 5908 ready on demand for animation 0x6405, resref WPMD1W2E: 1 resources, 159804 metadata bytes
[2026-10-04 17:35:45.856] [info] Creature sprite catalog shard 6051 ready on demand for animation 0x6405, resref WPMH0W2E: 1 resources, 261784 metadata bytes
{"native_composites":8828,"resolved_layers":28204,"decoded_pixels":57578128,"missing_layers":0,"passed":true}
