[2026-10-04 17:31:31.703] [info] Creature sprite xBR catalog ready: scale=x2, 147 animations, 6688 components, 6688 resources, 1686325 frames, 5470240480 index bytes across 6688 lazy content-addressed shards; catalog-version=V2; 55318 authenticated directory entries; source=CreatureSprites-XN.catalog; filter=NEAREST; index cache budget=128 MiB; metadata cache budget=128 MiB; shard validation=background-on-demand
[2026-10-04 17:31:31.705] [info] Creature sprite catalog shard 5736 ready on demand for animation 0x6405, resref CSHDA1: 1 resources, 1060980 metadata bytes
[2026-10-04 17:31:31.762] [info] Creature sprite catalog shard 5737 ready on demand for animation 0x6405, resref CSHDA1E: 1 resources, 593232 metadata bytes
[2026-10-04 17:31:31.790] [info] Creature sprite catalog shard 5738 ready on demand for animation 0x6405, resref CSHDA1X: 1 resources, 635476 metadata bytes
[2026-10-04 17:31:31.823] [info] Creature sprite catalog shard 5739 ready on demand for animation 0x6405, resref CSHDA2: 1 resources, 907376 metadata bytes
[2026-10-04 17:31:31.864] [info] Creature sprite catalog shard 5740 ready on demand for animation 0x6405, resref CSHDA2E: 1 resources, 486708 metadata bytes
[2026-10-04 17:31:31.893] [info] Creature sprite catalog shard 5741 ready on demand for animation 0x6405, resref CSHDA2X: 1 resources, 537428 metadata bytes
[2026-10-04 17:31:31.929] [info] Creature sprite catalog shard 5742 ready on demand for animation 0x6405, resref CSHDA3: 1 resources, 876156 metadata bytes
[2026-10-04 17:31:31.970] [info] Creature sprite catalog shard 5743 ready on demand for animation 0x6405, resref CSHDA3E: 1 resources, 591028 metadata bytes
[2026-10-04 17:31:32.005] [info] Creature sprite catalog shard 5744 ready on demand for animation 0x6405, resref CSHDA3X: 1 resources, 599428 metadata bytes
[2026-10-04 17:31:32.039] [info] Creature sprite catalog shard 5745 ready on demand for animation 0x6405, resref CSHDA4: 1 resources, 816776 metadata bytes
[2026-10-04 17:31:32.076] [info] Creature sprite catalog shard 5746 ready on demand for animation 0x6405, resref CSHDA4E: 1 resources, 485468 metadata bytes
[2026-10-04 17:31:32.109] [info] Creature sprite catalog shard 5747 ready on demand for animation 0x6405, resref CSHDA4X: 1 resources, 516288 metadata bytes
[2026-10-04 17:31:32.140] [info] Creature sprite catalog shard 5748 ready on demand for animation 0x6405, resref CSHDA5: 1 resources, 517692 metadata bytes
[2026-10-04 17:31:32.175] [info] Creature sprite catalog shard 5749 ready on demand for animation 0x6405, resref CSHDA5E: 1 resources, 350416 metadata bytes
[2026-10-04 17:31:32.195] [info] Creature sprite catalog shard 5750 ready on demand for animation 0x6405, resref CSHDA5X: 1 resources, 343136 metadata bytes
[2026-10-04 17:31:32.211] [info] Creature sprite catalog shard 5751 ready on demand for animation 0x6405, resref CSHDA6: 1 resources, 654996 metadata bytes
[2026-10-04 17:31:32.238] [info] Creature sprite catalog shard 5752 ready on demand for animation 0x6405, resref CSHDA6E: 1 resources, 429472 metadata bytes
[2026-10-04 17:31:32.261] [info] Creature sprite catalog shard 5753 ready on demand for animation 0x6405, resref CSHDA6X: 1 resources, 443852 metadata bytes
[2026-10-04 17:31:32.293] [info] Creature sprite catalog shard 5754 ready on demand for animation 0x6405, resref CSHDCA: 1 resources, 863424 metadata bytes
[2026-10-04 17:31:32.346] [info] Creature sprite catalog shard 5755 ready on demand for animation 0x6405, resref CSHDCAE: 1 resources, 603788 metadata bytes
[2026-10-04 17:31:32.377] [info] Creature sprite catalog shard 5756 ready on demand for animation 0x6405, resref CSHDCAX: 1 resources, 627388 metadata bytes
[2026-10-04 17:31:32.411] [info] Creature sprite catalog shard 5757 ready on demand for animation 0x6405, resref CSHDG1: 1 resources, 3113756 metadata bytes
[2026-10-04 17:31:32.543] [info] Creature sprite catalog shard 5758 ready on demand for animation 0x6405, resref CSHDG1E: 1 resources, 1881864 metadata bytes
[2026-10-04 17:31:32.630] [info] Creature sprite catalog shard 5759 ready on demand for animation 0x6405, resref CSHDG1X: 1 resources, 1969524 metadata bytes
[2026-10-04 17:31:32.726] [info] Creature sprite catalog shard 5760 ready on demand for animation 0x6405, resref CSHDSA: 1 resources, 362616 metadata bytes
[2026-10-04 17:31:32.753] [info] Creature sprite catalog shard 5761 ready on demand for animation 0x6405, resref CSHDSAE: 1 resources, 243520 metadata bytes
[2026-10-04 17:31:32.779] [info] Creature sprite catalog shard 5762 ready on demand for animation 0x6405, resref CSHDSAX: 1 resources, 241500 metadata bytes
[2026-10-04 17:31:32.794] [info] Creature sprite catalog shard 5763 ready on demand for animation 0x6405, resref CSHDSX: 1 resources, 300876 metadata bytes
[2026-10-04 17:31:32.819] [info] Creature sprite catalog shard 5764 ready on demand for animation 0x6405, resref CSHDSXE: 1 resources, 165892 metadata bytes
[2026-10-04 17:31:32.827] [info] Creature sprite catalog shard 5765 ready on demand for animation 0x6405, resref CSHDSXX: 1 resources, 198852 metadata bytes
[2026-10-04 17:31:32.840] [info] Creature sprite catalog shard 5766 ready on demand for animation 0x6405, resref CSHDW2: 1 resources, 792504 metadata bytes
[2026-10-04 17:31:32.879] [info] Creature sprite catalog shard 5767 ready on demand for animation 0x6405, resref CSHDW2E: 1 resources, 480184 metadata bytes
[2026-10-04 17:31:32.914] [info] Creature sprite catalog shard 5768 ready on demand for animation 0x6405, resref CSHDW2X: 1 resources, 682724 metadata bytes
[2026-10-04 17:31:32.952] [info] Creature sprite catalog shard 4747 ready on demand for animation 0x6405, resref MDGU1A1: 1 resources, 109800 metadata bytes
[2026-10-04 17:31:32.967] [info] Creature sprite catalog shard 4748 ready on demand for animation 0x6405, resref MDGU1A1E: 1 resources, 66928 metadata bytes
[2026-10-04 17:31:32.978] [info] Creature sprite catalog shard 4749 ready on demand for animation 0x6405, resref MDGU1A2: 1 resources, 109476 metadata bytes
[2026-10-04 17:31:32.998] [info] Creature sprite catalog shard 4750 ready on demand for animation 0x6405, resref MDGU1A2E: 1 resources, 66588 metadata bytes
[2026-10-04 17:31:33.009] [info] Creature sprite catalog shard 4751 ready on demand for animation 0x6405, resref MDGU1A3: 1 resources, 109476 metadata bytes
[2026-10-04 17:31:33.029] [info] Creature sprite catalog shard 4752 ready on demand for animation 0x6405, resref MDGU1A3E: 1 resources, 66588 metadata bytes
[2026-10-04 17:31:33.040] [info] Creature sprite catalog shard 4753 ready on demand for animation 0x6405, resref MDGU1A4: 1 resources, 109476 metadata bytes
[2026-10-04 17:31:33.060] [info] Creature sprite catalog shard 4754 ready on demand for animation 0x6405, resref MDGU1A4E: 1 resources, 66588 metadata bytes
[2026-10-04 17:31:33.070] [info] Creature sprite catalog shard 4755 ready on demand for animation 0x6405, resref MDGU1A5: 1 resources, 66732 metadata bytes
[2026-10-04 17:31:33.094] [info] Creature sprite catalog shard 4756 ready on demand for animation 0x6405, resref MDGU1A5E: 1 resources, 41036 metadata bytes
[2026-10-04 17:31:33.099] [info] Creature sprite catalog shard 4757 ready on demand for animation 0x6405, resref MDGU1A6: 1 resources, 88116 metadata bytes
[2026-10-04 17:31:33.119] [info] Creature sprite catalog shard 4758 ready on demand for animation 0x6405, resref MDGU1A6E: 1 resources, 53832 metadata bytes
[2026-10-04 17:31:33.131] [info] Creature sprite catalog shard 4759 ready on demand for animation 0x6405, resref MDGU1CA: 1 resources, 112684 metadata bytes
[2026-10-04 17:31:33.153] [info] Creature sprite catalog shard 4760 ready on demand for animation 0x6405, resref MDGU1CAE: 1 resources, 69048 metadata bytes
[2026-10-04 17:31:33.164] [info] Creature sprite catalog shard 4761 ready on demand for animation 0x6405, resref MDGU1G1: 1 resources, 392176 metadata bytes
[2026-10-04 17:31:33.218] [info] Creature sprite catalog shard 4762 ready on demand for animation 0x6405, resref MDGU1G1E: 1 resources, 236784 metadata bytes
[2026-10-04 17:31:33.261] [info] Creature sprite catalog shard 4763 ready on demand for animation 0x6405, resref MDGU1SA: 1 resources, 45396 metadata bytes
[2026-10-04 17:31:33.268] [info] Creature sprite catalog shard 4764 ready on demand for animation 0x6405, resref MDGU1SAE: 1 resources, 28200 metadata bytes
[2026-10-04 17:31:33.282] [info] Creature sprite catalog shard 4765 ready on demand for animation 0x6405, resref MDGU1SX: 1 resources, 34716 metadata bytes
[2026-10-04 17:31:33.298] [info] Creature sprite catalog shard 4766 ready on demand for animation 0x6405, resref MDGU1SXE: 1 resources, 21772 metadata bytes
[2026-10-04 17:31:33.313] [info] Creature sprite catalog shard 4767 ready on demand for animation 0x6405, resref MDGU1W2: 1 resources, 2258144 metadata bytes
[2026-10-04 17:31:33.416] [info] Creature sprite catalog shard 4768 ready on demand for animation 0x6405, resref MDGU1W2E: 1 resources, 66564 metadata bytes
[2026-10-04 17:31:33.427] [info] Creature sprite catalog shard 5769 ready on demand for animation 0x6405, resref WPMAXA1: 1 resources, 501260 metadata bytes
[2026-10-04 17:31:33.466] [info] Creature sprite catalog shard 5770 ready on demand for animation 0x6405, resref WPMAXA1E: 1 resources, 296648 metadata bytes
[2026-10-04 17:31:33.501] [info] Creature sprite catalog shard 5771 ready on demand for animation 0x6405, resref WPMAXA3: 1 resources, 433596 metadata bytes
[2026-10-04 17:31:33.542] [info] Creature sprite catalog shard 5772 ready on demand for animation 0x6405, resref WPMAXA3E: 1 resources, 331588 metadata bytes
[2026-10-04 17:31:33.585] [info] Creature sprite catalog shard 5773 ready on demand for animation 0x6405, resref WPMAXG1: 1 resources, 1575956 metadata bytes
[2026-10-04 17:31:33.697] [info] Creature sprite catalog shard 5774 ready on demand for animation 0x6405, resref WPMAXG1E: 1 resources, 1066824 metadata bytes
[2026-10-04 17:31:33.780] [info] Creature sprite catalog shard 5775 ready on demand for animation 0x6405, resref WPMAXINV: 1 resources, 46044 metadata bytes
[2026-10-04 17:31:33.791] [info] Creature sprite catalog shard 5776 ready on demand for animation 0x6405, resref WPMAXOIN: 1 resources, 37584 metadata bytes
[2026-10-04 17:31:33.820] [info] Creature sprite catalog shard 5777 ready on demand for animation 0x6405, resref WPMAXW2: 1 resources, 404364 metadata bytes
[2026-10-04 17:31:33.850] [info] Creature sprite catalog shard 5778 ready on demand for animation 0x6405, resref WPMAXW2E: 1 resources, 328064 metadata bytes
[2026-10-04 17:31:33.881] [info] Creature sprite catalog shard 5779 ready on demand for animation 0x6405, resref WPMBSG1: 1 resources, 3284396 metadata bytes
[2026-10-04 17:31:34.065] [info] Creature sprite catalog shard 5780 ready on demand for animation 0x6405, resref WPMBSG1E: 1 resources, 1596364 metadata bytes
[2026-10-04 17:31:34.159] [info] Creature sprite catalog shard 5781 ready on demand for animation 0x6405, resref WPMBSINV: 1 resources, 44364 metadata bytes
[2026-10-04 17:31:34.164] [info] Creature sprite catalog shard 5782 ready on demand for animation 0x6405, resref WPMBSSA: 1 resources, 282416 metadata bytes
[2026-10-04 17:31:34.194] [info] Creature sprite catalog shard 5783 ready on demand for animation 0x6405, resref WPMBSSAE: 1 resources, 199800 metadata bytes
[2026-10-04 17:31:34.221] [info] Creature sprite catalog shard 5784 ready on demand for animation 0x6405, resref WPMBSW2: 1 resources, 825484 metadata bytes
[2026-10-04 17:31:34.270] [info] Creature sprite catalog shard 5785 ready on demand for animation 0x6405, resref WPMBSW2E: 1 resources, 529524 metadata bytes
[2026-10-04 17:31:34.322] [info] Creature sprite catalog shard 5786 ready on demand for animation 0x6405, resref WPMBWG1: 1 resources, 3284396 metadata bytes
[2026-10-04 17:31:34.514] [info] Creature sprite catalog shard 5787 ready on demand for animation 0x6405, resref WPMBWG1E: 1 resources, 1596364 metadata bytes
[2026-10-04 17:31:34.608] [info] Creature sprite catalog shard 5788 ready on demand for animation 0x6405, resref WPMBWINV: 1 resources, 67344 metadata bytes
[2026-10-04 17:31:34.628] [info] Creature sprite catalog shard 5789 ready on demand for animation 0x6405, resref WPMBWSA: 1 resources, 282416 metadata bytes
[2026-10-04 17:31:34.657] [info] Creature sprite catalog shard 5790 ready on demand for animation 0x6405, resref WPMBWSAE: 1 resources, 199800 metadata bytes
[2026-10-04 17:31:34.683] [info] Creature sprite catalog shard 5791 ready on demand for animation 0x6405, resref WPMBWW2: 1 resources, 825484 metadata bytes
[2026-10-04 17:31:34.734] [info] Creature sprite catalog shard 5792 ready on demand for animation 0x6405, resref WPMBWW2E: 1 resources, 529524 metadata bytes
[2026-10-04 17:31:34.779] [info] Creature sprite catalog shard 5793 ready on demand for animation 0x6405, resref WPMC0A1: 1 resources, 501800 metadata bytes
[2026-10-04 17:31:34.832] [info] Creature sprite catalog shard 5794 ready on demand for animation 0x6405, resref WPMC0A1E: 1 resources, 259268 metadata bytes
[2026-10-04 17:31:34.861] [info] Creature sprite catalog shard 5795 ready on demand for animation 0x6405, resref WPMC0A3: 1 resources, 517676 metadata bytes
[2026-10-04 17:31:34.909] [info] Creature sprite catalog shard 5796 ready on demand for animation 0x6405, resref WPMC0A3E: 1 resources, 275508 metadata bytes
[2026-10-04 17:31:34.940] [info] Creature sprite catalog shard 5797 ready on demand for animation 0x6405, resref WPMC0A5: 1 resources, 281932 metadata bytes
[2026-10-04 17:31:34.969] [info] Creature sprite catalog shard 5798 ready on demand for animation 0x6405, resref WPMC0A5E: 1 resources, 174156 metadata bytes
[2026-10-04 17:31:35.001] [info] Creature sprite catalog shard 5799 ready on demand for animation 0x6405, resref WPMC0G1: 1 resources, 1771336 metadata bytes
[2026-10-04 17:31:35.146] [info] Creature sprite catalog shard 5800 ready on demand for animation 0x6405, resref WPMC0G1E: 1 resources, 954404 metadata bytes
[2026-10-04 17:31:35.220] [info] Creature sprite catalog shard 5801 ready on demand for animation 0x6405, resref WPMC0INV: 1 resources, 82724 metadata bytes
[2026-10-04 17:31:35.234] [info] Creature sprite catalog shard 5802 ready on demand for animation 0x6405, resref WPMC0W2: 1 resources, 479644 metadata bytes
[2026-10-04 17:31:35.277] [info] Creature sprite catalog shard 5803 ready on demand for animation 0x6405, resref WPMC0W2E: 1 resources, 258804 metadata bytes
[2026-10-04 17:31:35.310] [info] Creature sprite catalog shard 5804 ready on demand for animation 0x6405, resref WPMC1A1: 1 resources, 640160 metadata bytes
[2026-10-04 17:31:35.366] [info] Creature sprite catalog shard 5805 ready on demand for animation 0x6405, resref WPMC1A1E: 1 resources, 309468 metadata bytes
[2026-10-04 17:31:35.405] [info] Creature sprite catalog shard 5806 ready on demand for animation 0x6405, resref WPMC1A3: 1 resources, 664376 metadata bytes
[2026-10-04 17:31:35.461] [info] Creature sprite catalog shard 5807 ready on demand for animation 0x6405, resref WPMC1A3E: 1 resources, 324408 metadata bytes
[2026-10-04 17:31:35.517] [info] Creature sprite catalog shard 5808 ready on demand for animation 0x6405, resref WPMC1A5: 1 resources, 356772 metadata bytes
[2026-10-04 17:31:35.544] [info] Creature sprite catalog shard 5809 ready on demand for animation 0x6405, resref WPMC1A5E: 1 resources, 209936 metadata bytes
[2026-10-04 17:31:35.575] [info] Creature sprite catalog shard 5810 ready on demand for animation 0x6405, resref WPMC1G1: 1 resources, 2165916 metadata bytes
[2026-10-04 17:31:35.741] [info] Creature sprite catalog shard 5811 ready on demand for animation 0x6405, resref WPMC1G1E: 1 resources, 1157204 metadata bytes
[2026-10-04 17:31:35.837] [info] Creature sprite catalog shard 5812 ready on demand for animation 0x6405, resref WPMC1INV: 1 resources, 106064 metadata bytes
[2026-10-04 17:31:35.853] [info] Creature sprite catalog shard 5813 ready on demand for animation 0x6405, resref WPMC1W2: 1 resources, 636064 metadata bytes
[2026-10-04 17:31:35.904] [info] Creature sprite catalog shard 5814 ready on demand for animation 0x6405, resref WPMC1W2E: 1 resources, 292364 metadata bytes
[2026-10-04 17:31:35.945] [info] Creature sprite catalog shard 5815 ready on demand for animation 0x6405, resref WPMC2A1: 1 resources, 794900 metadata bytes
[2026-10-04 17:31:36.007] [info] Creature sprite catalog shard 5816 ready on demand for animation 0x6405, resref WPMC2A1E: 1 resources, 450408 metadata bytes
[2026-10-04 17:31:36.047] [info] Creature sprite catalog shard 5817 ready on demand for animation 0x6405, resref WPMC2A3: 1 resources, 855696 metadata bytes
[2026-10-04 17:31:36.117] [info] Creature sprite catalog shard 5818 ready on demand for animation 0x6405, resref WPMC2A3E: 1 resources, 462248 metadata bytes
[2026-10-04 17:31:36.153] [info] Creature sprite catalog shard 5819 ready on demand for animation 0x6405, resref WPMC2A5: 1 resources, 437032 metadata bytes
[2026-10-04 17:31:36.200] [info] Creature sprite catalog shard 5820 ready on demand for animation 0x6405, resref WPMC2A5E: 1 resources, 275516 metadata bytes
[2026-10-04 17:31:36.243] [info] Creature sprite catalog shard 5821 ready on demand for animation 0x6405, resref WPMC2G1: 1 resources, 2503456 metadata bytes
[2026-10-04 17:31:36.423] [info] Creature sprite catalog shard 5822 ready on demand for animation 0x6405, resref WPMC2G1E: 1 resources, 1444744 metadata bytes
[2026-10-04 17:31:36.532] [info] Creature sprite catalog shard 5823 ready on demand for animation 0x6405, resref WPMC2INV: 1 resources, 125484 metadata bytes
[2026-10-04 17:31:36.550] [info] Creature sprite catalog shard 5824 ready on demand for animation 0x6405, resref WPMC2W2: 1 resources, 784744 metadata bytes
[2026-10-04 17:31:36.609] [info] Creature sprite catalog shard 5825 ready on demand for animation 0x6405, resref WPMC2W2E: 1 resources, 421124 metadata bytes
[2026-10-04 17:31:36.648] [info] Creature sprite catalog shard 5826 ready on demand for animation 0x6405, resref WPMC3A1: 1 resources, 640160 metadata bytes
[2026-10-04 17:31:36.708] [info] Creature sprite catalog shard 5827 ready on demand for animation 0x6405, resref WPMC3A1E: 1 resources, 309468 metadata bytes
[2026-10-04 17:31:36.750] [info] Creature sprite catalog shard 5828 ready on demand for animation 0x6405, resref WPMC3A3: 1 resources, 664376 metadata bytes
[2026-10-04 17:31:36.803] [info] Creature sprite catalog shard 5829 ready on demand for animation 0x6405, resref WPMC3A3E: 1 resources, 324408 metadata bytes
[2026-10-04 17:31:36.844] [info] Creature sprite catalog shard 5830 ready on demand for animation 0x6405, resref WPMC3A5: 1 resources, 356772 metadata bytes
[2026-10-04 17:31:36.877] [info] Creature sprite catalog shard 5831 ready on demand for animation 0x6405, resref WPMC3A5E: 1 resources, 209936 metadata bytes
[2026-10-04 17:31:36.904] [info] Creature sprite catalog shard 5832 ready on demand for animation 0x6405, resref WPMC3G1: 1 resources, 2165916 metadata bytes
[2026-10-04 17:31:37.077] [info] Creature sprite catalog shard 5833 ready on demand for animation 0x6405, resref WPMC3G1E: 1 resources, 1157204 metadata bytes
[2026-10-04 17:31:37.165] [info] Creature sprite catalog shard 5834 ready on demand for animation 0x6405, resref WPMC3INV: 1 resources, 107124 metadata bytes
[2026-10-04 17:31:37.181] [info] Creature sprite catalog shard 5835 ready on demand for animation 0x6405, resref WPMC3W2: 1 resources, 636064 metadata bytes
[2026-10-04 17:31:37.233] [info] Creature sprite catalog shard 5836 ready on demand for animation 0x6405, resref WPMC3W2E: 1 resources, 292364 metadata bytes
[2026-10-04 17:31:37.257] [info] Creature sprite catalog shard 5837 ready on demand for animation 0x6405, resref WPMC4A1: 1 resources, 292280 metadata bytes
[2026-10-04 17:31:37.293] [info] Creature sprite catalog shard 5838 ready on demand for animation 0x6405, resref WPMC4A1E: 1 resources, 158788 metadata bytes
[2026-10-04 17:31:37.313] [info] Creature sprite catalog shard 5839 ready on demand for animation 0x6405, resref WPMC4A3: 1 resources, 300536 metadata bytes
[2026-10-04 17:31:37.360] [info] Creature sprite catalog shard 5840 ready on demand for animation 0x6405, resref WPMC4A3E: 1 resources, 164308 metadata bytes
[2026-10-04 17:31:37.391] [info] Creature sprite catalog shard 5841 ready on demand for animation 0x6405, resref WPMC4A5: 1 resources, 172952 metadata bytes
{"resources":128,"frames":6071,"native_cycle_slots":20684,"decoded_pixels":144133560,"palette_encodings":3,"K":6,"passed":true}
