[2026-10-04 17:32:04.346] [info] Creature sprite xBR catalog ready: scale=x2, 147 animations, 6688 components, 6688 resources, 1686325 frames, 5470240480 index bytes across 6688 lazy content-addressed shards; catalog-version=V2; 55318 authenticated directory entries; source=CreatureSprites-XN.catalog; filter=NEAREST; index cache budget=128 MiB; metadata cache budget=128 MiB; shard validation=background-on-demand
[2026-10-04 17:32:04.347] [info] Creature sprite catalog shard 6482 ready on demand for animation 0x6405, resref WPMJBA3E: 1 resources, 66588 metadata bytes
[2026-10-04 17:32:04.361] [info] Creature sprite catalog shard 6483 ready on demand for animation 0x6405, resref WPMJBA4: 1 resources, 109476 metadata bytes
[2026-10-04 17:32:04.380] [info] Creature sprite catalog shard 6484 ready on demand for animation 0x6405, resref WPMJBA4E: 1 resources, 66588 metadata bytes
[2026-10-04 17:32:04.392] [info] Creature sprite catalog shard 6485 ready on demand for animation 0x6405, resref WPMJBA5: 1 resources, 66732 metadata bytes
[2026-10-04 17:32:04.407] [info] Creature sprite catalog shard 6486 ready on demand for animation 0x6405, resref WPMJBA5E: 1 resources, 41036 metadata bytes
[2026-10-04 17:32:04.420] [info] Creature sprite catalog shard 6487 ready on demand for animation 0x6405, resref WPMJBA6: 1 resources, 88116 metadata bytes
[2026-10-04 17:32:04.440] [info] Creature sprite catalog shard 6488 ready on demand for animation 0x6405, resref WPMJBA6E: 1 resources, 53832 metadata bytes
[2026-10-04 17:32:04.452] [info] Creature sprite catalog shard 6489 ready on demand for animation 0x6405, resref WPMJBCA: 1 resources, 112684 metadata bytes
[2026-10-04 17:32:04.473] [info] Creature sprite catalog shard 6490 ready on demand for animation 0x6405, resref WPMJBCAE: 1 resources, 69048 metadata bytes
[2026-10-04 17:32:04.486] [info] Creature sprite catalog shard 6491 ready on demand for animation 0x6405, resref WPMJBG1: 1 resources, 392176 metadata bytes
[2026-10-04 17:32:04.535] [info] Creature sprite catalog shard 6492 ready on demand for animation 0x6405, resref WPMJBG1E: 1 resources, 236784 metadata bytes
[2026-10-04 17:32:04.565] [info] Creature sprite catalog shard 6493 ready on demand for animation 0x6405, resref WPMJBINV: 1 resources, 178184 metadata bytes
[2026-10-04 17:32:04.577] [info] Creature sprite catalog shard 6494 ready on demand for animation 0x6405, resref WPMJBSA: 1 resources, 45396 metadata bytes
[2026-10-04 17:32:04.590] [info] Creature sprite catalog shard 6495 ready on demand for animation 0x6405, resref WPMJBSAE: 1 resources, 28200 metadata bytes
[2026-10-04 17:32:04.603] [info] Creature sprite catalog shard 6496 ready on demand for animation 0x6405, resref WPMJBSX: 1 resources, 34716 metadata bytes
[2026-10-04 17:32:04.619] [info] Creature sprite catalog shard 6497 ready on demand for animation 0x6405, resref WPMJBSXE: 1 resources, 21772 metadata bytes
[2026-10-04 17:32:04.635] [info] Creature sprite catalog shard 6498 ready on demand for animation 0x6405, resref WPMJBW2: 1 resources, 2258144 metadata bytes
[2026-10-04 17:32:04.735] [info] Creature sprite catalog shard 6499 ready on demand for animation 0x6405, resref WPMJBW2E: 1 resources, 66564 metadata bytes
[2026-10-04 17:32:04.746] [info] Creature sprite catalog shard 6500 ready on demand for animation 0x6405, resref WPMJCINV: 1 resources, 57544 metadata bytes
[2026-10-04 17:32:04.761] [info] Creature sprite catalog shard 6501 ready on demand for animation 0x6405, resref WPMM2A1: 1 resources, 578468 metadata bytes
[2026-10-04 17:32:04.805] [info] Creature sprite catalog shard 6502 ready on demand for animation 0x6405, resref WPMM2A1E: 1 resources, 343480 metadata bytes
[2026-10-04 17:32:04.838] [info] Creature sprite catalog shard 6503 ready on demand for animation 0x6405, resref WPMM2A3: 1 resources, 508876 metadata bytes
[2026-10-04 17:32:04.879] [info] Creature sprite catalog shard 6504 ready on demand for animation 0x6405, resref WPMM2A3E: 1 resources, 365488 metadata bytes
[2026-10-04 17:32:04.921] [info] Creature sprite catalog shard 6505 ready on demand for animation 0x6405, resref WPMM2G1: 1 resources, 1829576 metadata bytes
[2026-10-04 17:32:05.037] [info] Creature sprite catalog shard 6506 ready on demand for animation 0x6405, resref WPMM2G1E: 1 resources, 1226804 metadata bytes
[2026-10-04 17:32:05.118] [info] Creature sprite catalog shard 6507 ready on demand for animation 0x6405, resref WPMM2INV: 1 resources, 46924 metadata bytes
[2026-10-04 17:32:05.128] [info] Creature sprite catalog shard 6508 ready on demand for animation 0x6405, resref WPMM2OIN: 1 resources, 45484 metadata bytes
[2026-10-04 17:32:05.145] [info] Creature sprite catalog shard 6509 ready on demand for animation 0x6405, resref WPMM2W2: 1 resources, 484884 metadata bytes
[2026-10-04 17:32:05.191] [info] Creature sprite catalog shard 6510 ready on demand for animation 0x6405, resref WPMM2W2E: 1 resources, 377884 metadata bytes
[2026-10-04 17:32:05.226] [info] Creature sprite catalog shard 6511 ready on demand for animation 0x6405, resref WPMMCA1: 1 resources, 578468 metadata bytes
[2026-10-04 17:32:05.269] [info] Creature sprite catalog shard 6512 ready on demand for animation 0x6405, resref WPMMCA1E: 1 resources, 343480 metadata bytes
[2026-10-04 17:32:05.303] [info] Creature sprite catalog shard 6513 ready on demand for animation 0x6405, resref WPMMCA3: 1 resources, 508876 metadata bytes
[2026-10-04 17:32:05.343] [info] Creature sprite catalog shard 6514 ready on demand for animation 0x6405, resref WPMMCA3E: 1 resources, 365488 metadata bytes
[2026-10-04 17:32:05.387] [info] Creature sprite catalog shard 6515 ready on demand for animation 0x6405, resref WPMMCG1: 1 resources, 1829576 metadata bytes
[2026-10-04 17:32:05.506] [info] Creature sprite catalog shard 6516 ready on demand for animation 0x6405, resref WPMMCG1E: 1 resources, 1226804 metadata bytes
[2026-10-04 17:32:05.593] [info] Creature sprite catalog shard 6517 ready on demand for animation 0x6405, resref WPMMCINV: 1 resources, 35564 metadata bytes
[2026-10-04 17:32:05.607] [info] Creature sprite catalog shard 6518 ready on demand for animation 0x6405, resref WPMMCOIN: 1 resources, 34564 metadata bytes
[2026-10-04 17:32:05.625] [info] Creature sprite catalog shard 6519 ready on demand for animation 0x6405, resref WPMMCW2: 1 resources, 484884 metadata bytes
[2026-10-04 17:32:05.666] [info] Creature sprite catalog shard 6520 ready on demand for animation 0x6405, resref WPMMCW2E: 1 resources, 377884 metadata bytes
[2026-10-04 17:32:05.690] [info] Creature sprite catalog shard 6521 ready on demand for animation 0x6405, resref WPMMSA1: 1 resources, 578468 metadata bytes
[2026-10-04 17:32:05.745] [info] Creature sprite catalog shard 6522 ready on demand for animation 0x6405, resref WPMMSA1E: 1 resources, 343480 metadata bytes
[2026-10-04 17:32:05.784] [info] Creature sprite catalog shard 6523 ready on demand for animation 0x6405, resref WPMMSA3: 1 resources, 508876 metadata bytes
[2026-10-04 17:32:05.828] [info] Creature sprite catalog shard 6524 ready on demand for animation 0x6405, resref WPMMSA3E: 1 resources, 365488 metadata bytes
[2026-10-04 17:32:05.866] [info] Creature sprite catalog shard 6525 ready on demand for animation 0x6405, resref WPMMSG1: 1 resources, 1829576 metadata bytes
[2026-10-04 17:32:05.987] [info] Creature sprite catalog shard 6526 ready on demand for animation 0x6405, resref WPMMSG1E: 1 resources, 1226804 metadata bytes
[2026-10-04 17:32:06.070] [info] Creature sprite catalog shard 6527 ready on demand for animation 0x6405, resref WPMMSINV: 1 resources, 48524 metadata bytes
[2026-10-04 17:32:06.086] [info] Creature sprite catalog shard 6528 ready on demand for animation 0x6405, resref WPMMSOIN: 1 resources, 46524 metadata bytes
[2026-10-04 17:32:06.103] [info] Creature sprite catalog shard 6529 ready on demand for animation 0x6405, resref WPMMSW2: 1 resources, 484884 metadata bytes
[2026-10-04 17:32:06.147] [info] Creature sprite catalog shard 6530 ready on demand for animation 0x6405, resref WPMMSW2E: 1 resources, 377884 metadata bytes
[2026-10-04 17:32:06.186] [info] Creature sprite catalog shard 6531 ready on demand for animation 0x6405, resref WPMQ2A2: 1 resources, 1289636 metadata bytes
[2026-10-04 17:32:06.259] [info] Creature sprite catalog shard 6532 ready on demand for animation 0x6405, resref WPMQ2A2E: 1 resources, 709288 metadata bytes
[2026-10-04 17:32:06.311] [info] Creature sprite catalog shard 6533 ready on demand for animation 0x6405, resref WPMQ2A4: 1 resources, 993636 metadata bytes
[2026-10-04 17:32:06.372] [info] Creature sprite catalog shard 6534 ready on demand for animation 0x6405, resref WPMQ2A4E: 1 resources, 670928 metadata bytes
[2026-10-04 17:32:06.415] [info] Creature sprite catalog shard 6535 ready on demand for animation 0x6405, resref WPMQ2A6: 1 resources, 869816 metadata bytes
[2026-10-04 17:32:06.473] [info] Creature sprite catalog shard 6536 ready on demand for animation 0x6405, resref WPMQ2A6E: 1 resources, 586252 metadata bytes
[2026-10-04 17:32:06.528] [info] Creature sprite catalog shard 6537 ready on demand for animation 0x6405, resref WPMQ2G1: 1 resources, 3500436 metadata bytes
[2026-10-04 17:32:06.730] [info] Creature sprite catalog shard 6538 ready on demand for animation 0x6405, resref WPMQ2G1E: 1 resources, 2408824 metadata bytes
[2026-10-04 17:32:06.861] [info] Creature sprite catalog shard 6539 ready on demand for animation 0x6405, resref WPMQ2INV: 1 resources, 69184 metadata bytes
[2026-10-04 17:32:06.880] [info] Creature sprite catalog shard 6540 ready on demand for animation 0x6405, resref WPMQ2W2: 1 resources, 972284 metadata bytes
[2026-10-04 17:32:06.942] [info] Creature sprite catalog shard 6541 ready on demand for animation 0x6405, resref WPMQ2W2E: 1 resources, 839124 metadata bytes
[2026-10-04 17:32:06.996] [info] Creature sprite catalog shard 6542 ready on demand for animation 0x6405, resref WPMQ3A2: 1 resources, 1289636 metadata bytes
[2026-10-04 17:32:07.066] [info] Creature sprite catalog shard 6543 ready on demand for animation 0x6405, resref WPMQ3A2E: 1 resources, 709288 metadata bytes
[2026-10-04 17:32:07.114] [info] Creature sprite catalog shard 6544 ready on demand for animation 0x6405, resref WPMQ3A4: 1 resources, 993636 metadata bytes
[2026-10-04 17:32:07.190] [info] Creature sprite catalog shard 6545 ready on demand for animation 0x6405, resref WPMQ3A4E: 1 resources, 670928 metadata bytes
[2026-10-04 17:32:07.229] [info] Creature sprite catalog shard 6546 ready on demand for animation 0x6405, resref WPMQ3A6: 1 resources, 869816 metadata bytes
[2026-10-04 17:32:07.291] [info] Creature sprite catalog shard 6547 ready on demand for animation 0x6405, resref WPMQ3A6E: 1 resources, 586252 metadata bytes
[2026-10-04 17:32:07.345] [info] Creature sprite catalog shard 6548 ready on demand for animation 0x6405, resref WPMQ3G1: 1 resources, 3500436 metadata bytes
[2026-10-04 17:32:07.556] [info] Creature sprite catalog shard 6549 ready on demand for animation 0x6405, resref WPMQ3G1E: 1 resources, 2408824 metadata bytes
[2026-10-04 17:32:07.698] [info] Creature sprite catalog shard 6550 ready on demand for animation 0x6405, resref WPMQ3INV: 1 resources, 104204 metadata bytes
[2026-10-04 17:32:07.714] [info] Creature sprite catalog shard 6551 ready on demand for animation 0x6405, resref WPMQ3W2: 1 resources, 972284 metadata bytes
[2026-10-04 17:32:07.774] [info] Creature sprite catalog shard 6552 ready on demand for animation 0x6405, resref WPMQ3W2E: 1 resources, 839124 metadata bytes
[2026-10-04 17:32:07.830] [info] Creature sprite catalog shard 6553 ready on demand for animation 0x6405, resref WPMQ4A2: 1 resources, 1289636 metadata bytes
[2026-10-04 17:32:07.915] [info] Creature sprite catalog shard 6554 ready on demand for animation 0x6405, resref WPMQ4A2E: 1 resources, 709288 metadata bytes
[2026-10-04 17:32:07.965] [info] Creature sprite catalog shard 6555 ready on demand for animation 0x6405, resref WPMQ4A4: 1 resources, 993636 metadata bytes
[2026-10-04 17:32:08.026] [info] Creature sprite catalog shard 6556 ready on demand for animation 0x6405, resref WPMQ4A4E: 1 resources, 670928 metadata bytes
[2026-10-04 17:32:08.069] [info] Creature sprite catalog shard 6557 ready on demand for animation 0x6405, resref WPMQ4A6: 1 resources, 869816 metadata bytes
[2026-10-04 17:32:08.126] [info] Creature sprite catalog shard 6558 ready on demand for animation 0x6405, resref WPMQ4A6E: 1 resources, 586252 metadata bytes
[2026-10-04 17:32:08.180] [info] Creature sprite catalog shard 6559 ready on demand for animation 0x6405, resref WPMQ4G1: 1 resources, 3500436 metadata bytes
[2026-10-04 17:32:08.393] [info] Creature sprite catalog shard 6560 ready on demand for animation 0x6405, resref WPMQ4G1E: 1 resources, 2408824 metadata bytes
[2026-10-04 17:32:08.535] [info] Creature sprite catalog shard 6561 ready on demand for animation 0x6405, resref WPMQ4INV: 1 resources, 94304 metadata bytes
[2026-10-04 17:32:08.550] [info] Creature sprite catalog shard 6562 ready on demand for animation 0x6405, resref WPMQ4W2: 1 resources, 972284 metadata bytes
[2026-10-04 17:32:08.613] [info] Creature sprite catalog shard 6563 ready on demand for animation 0x6405, resref WPMQ4W2E: 1 resources, 839124 metadata bytes
[2026-10-04 17:32:08.668] [info] Creature sprite catalog shard 6564 ready on demand for animation 0x6405, resref WPMQSA2: 1 resources, 1289636 metadata bytes
[2026-10-04 17:32:08.755] [info] Creature sprite catalog shard 6565 ready on demand for animation 0x6405, resref WPMQSA2E: 1 resources, 709288 metadata bytes
[2026-10-04 17:32:08.800] [info] Creature sprite catalog shard 6566 ready on demand for animation 0x6405, resref WPMQSA4: 1 resources, 993636 metadata bytes
[2026-10-04 17:32:08.864] [info] Creature sprite catalog shard 6567 ready on demand for animation 0x6405, resref WPMQSA4E: 1 resources, 670928 metadata bytes
[2026-10-04 17:32:08.908] [info] Creature sprite catalog shard 6568 ready on demand for animation 0x6405, resref WPMQSA6: 1 resources, 869816 metadata bytes
[2026-10-04 17:32:08.962] [info] Creature sprite catalog shard 6569 ready on demand for animation 0x6405, resref WPMQSA6E: 1 resources, 586252 metadata bytes
[2026-10-04 17:32:09.022] [info] Creature sprite catalog shard 6570 ready on demand for animation 0x6405, resref WPMQSG1: 1 resources, 3500436 metadata bytes
[2026-10-04 17:32:09.245] [info] Creature sprite catalog shard 6571 ready on demand for animation 0x6405, resref WPMQSG1E: 1 resources, 2408824 metadata bytes
[2026-10-04 17:32:09.390] [info] Creature sprite catalog shard 6572 ready on demand for animation 0x6405, resref WPMQSINV: 1 resources, 63584 metadata bytes
[2026-10-04 17:32:09.399] [info] Creature sprite catalog shard 6573 ready on demand for animation 0x6405, resref WPMQSW2: 1 resources, 972284 metadata bytes
[2026-10-04 17:32:09.468] [info] Creature sprite catalog shard 6574 ready on demand for animation 0x6405, resref WPMQSW2E: 1 resources, 839124 metadata bytes
[2026-10-04 17:32:09.516] [info] Creature sprite catalog shard 6575 ready on demand for animation 0x6405, resref WPMS0A1: 1 resources, 640488 metadata bytes
[2026-10-04 17:32:09.585] [info] Creature sprite catalog shard 6576 ready on demand for animation 0x6405, resref WPMS0A1E: 1 resources, 399700 metadata bytes
[2026-10-04 17:32:09.616] [info] Creature sprite catalog shard 6577 ready on demand for animation 0x6405, resref WPMS0A3: 1 resources, 557076 metadata bytes
[2026-10-04 17:32:09.662] [info] Creature sprite catalog shard 6578 ready on demand for animation 0x6405, resref WPMS0A3E: 1 resources, 419968 metadata bytes
[2026-10-04 17:32:09.698] [info] Creature sprite catalog shard 6579 ready on demand for animation 0x6405, resref WPMS0A5: 1 resources, 336812 metadata bytes
[2026-10-04 17:32:09.725] [info] Creature sprite catalog shard 6580 ready on demand for animation 0x6405, resref WPMS0A5E: 1 resources, 257256 metadata bytes
[2026-10-04 17:32:09.755] [info] Creature sprite catalog shard 6581 ready on demand for animation 0x6405, resref WPMS0G1: 1 resources, 1996216 metadata bytes
[2026-10-04 17:32:09.901] [info] Creature sprite catalog shard 6582 ready on demand for animation 0x6405, resref WPMS0G1E: 1 resources, 1369144 metadata bytes
[2026-10-04 17:32:09.997] [info] Creature sprite catalog shard 6583 ready on demand for animation 0x6405, resref WPMS0INV: 1 resources, 63724 metadata bytes
[2026-10-04 17:32:10.014] [info] Creature sprite catalog shard 6584 ready on demand for animation 0x6405, resref WPMS0OIN: 1 resources, 55284 metadata bytes
[2026-10-04 17:32:10.030] [info] Creature sprite catalog shard 6585 ready on demand for animation 0x6405, resref WPMS0W2: 1 resources, 523604 metadata bytes
[2026-10-04 17:32:10.076] [info] Creature sprite catalog shard 6586 ready on demand for animation 0x6405, resref WPMS0W2E: 1 resources, 446884 metadata bytes
[2026-10-04 17:32:10.116] [info] Creature sprite catalog shard 6587 ready on demand for animation 0x6405, resref WPMS1A1: 1 resources, 640488 metadata bytes
[2026-10-04 17:32:10.160] [info] Creature sprite catalog shard 6588 ready on demand for animation 0x6405, resref WPMS1A1E: 1 resources, 399700 metadata bytes
[2026-10-04 17:32:10.192] [info] Creature sprite catalog shard 6589 ready on demand for animation 0x6405, resref WPMS1A3: 1 resources, 557076 metadata bytes
[2026-10-04 17:32:10.234] [info] Creature sprite catalog shard 6590 ready on demand for animation 0x6405, resref WPMS1A3E: 1 resources, 419968 metadata bytes
[2026-10-04 17:32:10.270] [info] Creature sprite catalog shard 6591 ready on demand for animation 0x6405, resref WPMS1A5: 1 resources, 336812 metadata bytes
[2026-10-04 17:32:10.296] [info] Creature sprite catalog shard 6592 ready on demand for animation 0x6405, resref WPMS1A5E: 1 resources, 257256 metadata bytes
[2026-10-04 17:32:10.326] [info] Creature sprite catalog shard 6593 ready on demand for animation 0x6405, resref WPMS1G1: 1 resources, 1996216 metadata bytes
[2026-10-04 17:32:10.470] [info] Creature sprite catalog shard 6594 ready on demand for animation 0x6405, resref WPMS1G1E: 1 resources, 1369144 metadata bytes
[2026-10-04 17:32:10.562] [info] Creature sprite catalog shard 6595 ready on demand for animation 0x6405, resref WPMS1INV: 1 resources, 58164 metadata bytes
[2026-10-04 17:32:10.568] [info] Creature sprite catalog shard 6596 ready on demand for animation 0x6405, resref WPMS1OIN: 1 resources, 59564 metadata bytes
[2026-10-04 17:32:10.585] [info] Creature sprite catalog shard 6597 ready on demand for animation 0x6405, resref WPMS1W2: 1 resources, 523604 metadata bytes
[2026-10-04 17:32:10.633] [info] Creature sprite catalog shard 6598 ready on demand for animation 0x6405, resref WPMS1W2E: 1 resources, 446884 metadata bytes
[2026-10-04 17:32:10.675] [info] Creature sprite catalog shard 6599 ready on demand for animation 0x6405, resref WPMS2A2: 1 resources, 882056 metadata bytes
[2026-10-04 17:32:10.746] [info] Creature sprite catalog shard 6600 ready on demand for animation 0x6405, resref WPMS2A2E: 1 resources, 494548 metadata bytes
[2026-10-04 17:32:10.784] [info] Creature sprite catalog shard 6601 ready on demand for animation 0x6405, resref WPMS2A4: 1 resources, 709556 metadata bytes
[2026-10-04 17:32:10.846] [info] Creature sprite catalog shard 6602 ready on demand for animation 0x6405, resref WPMS2A4E: 1 resources, 500068 metadata bytes
[2026-10-04 17:32:10.894] [info] Creature sprite catalog shard 6603 ready on demand for animation 0x6405, resref WPMS2A6: 1 resources, 609256 metadata bytes
[2026-10-04 17:32:10.946] [info] Creature sprite catalog shard 6604 ready on demand for animation 0x6405, resref WPMS2A6E: 1 resources, 417472 metadata bytes
[2026-10-04 17:32:10.987] [info] Creature sprite catalog shard 6605 ready on demand for animation 0x6405, resref WPMS2G1: 1 resources, 2570056 metadata bytes
[2026-10-04 17:32:11.170] [info] Creature sprite catalog shard 6606 ready on demand for animation 0x6405, resref WPMS2G1E: 1 resources, 1766904 metadata bytes
[2026-10-04 17:32:11.297] [info] Creature sprite catalog shard 6607 ready on demand for animation 0x6405, resref WPMS2INV: 1 resources, 54084 metadata bytes
[2026-10-04 17:32:11.312] [info] Creature sprite catalog shard 6608 ready on demand for animation 0x6405, resref WPMS2W2: 1 resources, 665424 metadata bytes
[2026-10-04 17:32:11.368] [info] Creature sprite catalog shard 6609 ready on demand for animation 0x6405, resref WPMS2W2E: 1 resources, 587844 metadata bytes
{"resources":128,"frames":6456,"native_cycle_slots":22540,"decoded_pixels":194874192,"palette_encodings":3,"K":6,"passed":true}
