[2026-10-04 17:31:55.399] [info] Creature sprite xBR catalog ready: scale=x2, 147 animations, 6688 components, 6688 resources, 1686325 frames, 5470240480 index bytes across 6688 lazy content-addressed shards; catalog-version=V2; 55318 authenticated directory entries; source=CreatureSprites-XN.catalog; filter=NEAREST; index cache budget=128 MiB; metadata cache budget=128 MiB; shard validation=background-on-demand
[2026-10-04 17:31:55.402] [info] Creature sprite catalog shard 6226 ready on demand for animation 0x6405, resref WPMJ0A2: 1 resources, 430176 metadata bytes
[2026-10-04 17:31:55.445] [info] Creature sprite catalog shard 6227 ready on demand for animation 0x6405, resref WPMJ0A2E: 1 resources, 262508 metadata bytes
[2026-10-04 17:31:55.466] [info] Creature sprite catalog shard 6228 ready on demand for animation 0x6405, resref WPMJ0A3: 1 resources, 432936 metadata bytes
[2026-10-04 17:31:55.507] [info] Creature sprite catalog shard 6229 ready on demand for animation 0x6405, resref WPMJ0A3E: 1 resources, 257308 metadata bytes
[2026-10-04 17:31:55.529] [info] Creature sprite catalog shard 6230 ready on demand for animation 0x6405, resref WPMJ0A4: 1 resources, 434636 metadata bytes
[2026-10-04 17:31:55.570] [info] Creature sprite catalog shard 6231 ready on demand for animation 0x6405, resref WPMJ0A4E: 1 resources, 252328 metadata bytes
[2026-10-04 17:31:55.590] [info] Creature sprite catalog shard 6232 ready on demand for animation 0x6405, resref WPMJ0A5: 1 resources, 262252 metadata bytes
[2026-10-04 17:31:55.621] [info] Creature sprite catalog shard 6233 ready on demand for animation 0x6405, resref WPMJ0A5E: 1 resources, 151556 metadata bytes
[2026-10-04 17:31:55.645] [info] Creature sprite catalog shard 6234 ready on demand for animation 0x6405, resref WPMJ0A6: 1 resources, 348016 metadata bytes
[2026-10-04 17:31:55.673] [info] Creature sprite catalog shard 6235 ready on demand for animation 0x6405, resref WPMJ0A6E: 1 resources, 202152 metadata bytes
[2026-10-04 17:31:55.695] [info] Creature sprite catalog shard 6236 ready on demand for animation 0x6405, resref WPMJ0CA: 1 resources, 435384 metadata bytes
[2026-10-04 17:31:55.724] [info] Creature sprite catalog shard 6237 ready on demand for animation 0x6405, resref WPMJ0CAE: 1 resources, 257648 metadata bytes
[2026-10-04 17:31:55.751] [info] Creature sprite catalog shard 6238 ready on demand for animation 0x6405, resref WPMJ0G1: 1 resources, 1535516 metadata bytes
[2026-10-04 17:31:55.861] [info] Creature sprite catalog shard 6239 ready on demand for animation 0x6405, resref WPMJ0G1E: 1 resources, 908164 metadata bytes
[2026-10-04 17:31:55.925] [info] Creature sprite catalog shard 6240 ready on demand for animation 0x6405, resref WPMJ0INV: 1 resources, 178184 metadata bytes
[2026-10-04 17:31:55.937] [info] Creature sprite catalog shard 6241 ready on demand for animation 0x6405, resref WPMJ0SA: 1 resources, 178016 metadata bytes
[2026-10-04 17:31:55.955] [info] Creature sprite catalog shard 6242 ready on demand for animation 0x6405, resref WPMJ0SAE: 1 resources, 102080 metadata bytes
[2026-10-04 17:31:55.966] [info] Creature sprite catalog shard 6243 ready on demand for animation 0x6405, resref WPMJ0SX: 1 resources, 134116 metadata bytes
[2026-10-04 17:31:55.983] [info] Creature sprite catalog shard 6244 ready on demand for animation 0x6405, resref WPMJ0SXE: 1 resources, 78132 metadata bytes
[2026-10-04 17:31:55.999] [info] Creature sprite catalog shard 6245 ready on demand for animation 0x6405, resref WPMJ0W2: 1 resources, 437824 metadata bytes
[2026-10-04 17:31:56.034] [info] Creature sprite catalog shard 6246 ready on demand for animation 0x6405, resref WPMJ0W2E: 1 resources, 261784 metadata bytes
[2026-10-04 17:31:56.055] [info] Creature sprite catalog shard 6247 ready on demand for animation 0x6405, resref WPMJ1A1: 1 resources, 422600 metadata bytes
[2026-10-04 17:31:56.095] [info] Creature sprite catalog shard 6248 ready on demand for animation 0x6405, resref WPMJ1A1E: 1 resources, 236008 metadata bytes
[2026-10-04 17:31:56.115] [info] Creature sprite catalog shard 6249 ready on demand for animation 0x6405, resref WPMJ1A2: 1 resources, 425096 metadata bytes
[2026-10-04 17:31:56.156] [info] Creature sprite catalog shard 6250 ready on demand for animation 0x6405, resref WPMJ1A2E: 1 resources, 230208 metadata bytes
[2026-10-04 17:31:56.176] [info] Creature sprite catalog shard 6251 ready on demand for animation 0x6405, resref WPMJ1A3: 1 resources, 415436 metadata bytes
[2026-10-04 17:31:56.217] [info] Creature sprite catalog shard 6252 ready on demand for animation 0x6405, resref WPMJ1A3E: 1 resources, 237928 metadata bytes
[2026-10-04 17:31:56.238] [info] Creature sprite catalog shard 6253 ready on demand for animation 0x6405, resref WPMJ1A4: 1 resources, 421556 metadata bytes
[2026-10-04 17:31:56.283] [info] Creature sprite catalog shard 6254 ready on demand for animation 0x6405, resref WPMJ1A4E: 1 resources, 244168 metadata bytes
[2026-10-04 17:31:56.301] [info] Creature sprite catalog shard 6255 ready on demand for animation 0x6405, resref WPMJ1A5: 1 resources, 250592 metadata bytes
[2026-10-04 17:31:56.331] [info] Creature sprite catalog shard 6256 ready on demand for animation 0x6405, resref WPMJ1A5E: 1 resources, 144956 metadata bytes
[2026-10-04 17:31:56.356] [info] Creature sprite catalog shard 6257 ready on demand for animation 0x6405, resref WPMJ1A6: 1 resources, 333256 metadata bytes
[2026-10-04 17:31:56.385] [info] Creature sprite catalog shard 6258 ready on demand for animation 0x6405, resref WPMJ1A6E: 1 resources, 188872 metadata bytes
[2026-10-04 17:31:56.406] [info] Creature sprite catalog shard 6259 ready on demand for animation 0x6405, resref WPMJ1CA: 1 resources, 414748 metadata bytes
[2026-10-04 17:31:56.435] [info] Creature sprite catalog shard 6260 ready on demand for animation 0x6405, resref WPMJ1CAE: 1 resources, 240408 metadata bytes
[2026-10-04 17:31:56.461] [info] Creature sprite catalog shard 6261 ready on demand for animation 0x6405, resref WPMJ1G1: 1 resources, 1490316 metadata bytes
[2026-10-04 17:31:56.571] [info] Creature sprite catalog shard 6262 ready on demand for animation 0x6405, resref WPMJ1G1E: 1 resources, 842464 metadata bytes
[2026-10-04 17:31:56.647] [info] Creature sprite catalog shard 6263 ready on demand for animation 0x6405, resref WPMJ1INV: 1 resources, 178184 metadata bytes
[2026-10-04 17:31:56.664] [info] Creature sprite catalog shard 6264 ready on demand for animation 0x6405, resref WPMJ1SA: 1 resources, 181256 metadata bytes
[2026-10-04 17:31:56.683] [info] Creature sprite catalog shard 6265 ready on demand for animation 0x6405, resref WPMJ1SAE: 1 resources, 89400 metadata bytes
[2026-10-04 17:31:56.693] [info] Creature sprite catalog shard 6266 ready on demand for animation 0x6405, resref WPMJ1SX: 1 resources, 129116 metadata bytes
[2026-10-04 17:31:56.711] [info] Creature sprite catalog shard 6267 ready on demand for animation 0x6405, resref WPMJ1SXE: 1 resources, 74492 metadata bytes
[2026-10-04 17:31:56.730] [info] Creature sprite catalog shard 6268 ready on demand for animation 0x6405, resref WPMJ1W2: 1 resources, 427144 metadata bytes
[2026-10-04 17:31:56.773] [info] Creature sprite catalog shard 6269 ready on demand for animation 0x6405, resref WPMJ1W2E: 1 resources, 224284 metadata bytes
[2026-10-04 17:31:56.799] [info] Creature sprite catalog shard 6270 ready on demand for animation 0x6405, resref WPMJ2A1: 1 resources, 404960 metadata bytes
[2026-10-04 17:31:56.841] [info] Creature sprite catalog shard 6271 ready on demand for animation 0x6405, resref WPMJ2A1E: 1 resources, 252668 metadata bytes
[2026-10-04 17:31:56.861] [info] Creature sprite catalog shard 6272 ready on demand for animation 0x6405, resref WPMJ2A2: 1 resources, 404716 metadata bytes
[2026-10-04 17:31:56.902] [info] Creature sprite catalog shard 6273 ready on demand for animation 0x6405, resref WPMJ2A2E: 1 resources, 253388 metadata bytes
[2026-10-04 17:31:56.924] [info] Creature sprite catalog shard 6274 ready on demand for animation 0x6405, resref WPMJ2A3: 1 resources, 397316 metadata bytes
[2026-10-04 17:31:56.964] [info] Creature sprite catalog shard 6275 ready on demand for animation 0x6405, resref WPMJ2A3E: 1 resources, 264108 metadata bytes
[2026-10-04 17:31:56.985] [info] Creature sprite catalog shard 6276 ready on demand for animation 0x6405, resref WPMJ2A4: 1 resources, 406216 metadata bytes
[2026-10-04 17:31:57.027] [info] Creature sprite catalog shard 6277 ready on demand for animation 0x6405, resref WPMJ2A4E: 1 resources, 259388 metadata bytes
[2026-10-04 17:31:57.047] [info] Creature sprite catalog shard 6278 ready on demand for animation 0x6405, resref WPMJ2A5: 1 resources, 244492 metadata bytes
[2026-10-04 17:31:57.077] [info] Creature sprite catalog shard 6279 ready on demand for animation 0x6405, resref WPMJ2A5E: 1 resources, 154476 metadata bytes
[2026-10-04 17:31:57.102] [info] Creature sprite catalog shard 6280 ready on demand for animation 0x6405, resref WPMJ2A6: 1 resources, 322616 metadata bytes
[2026-10-04 17:31:57.129] [info] Creature sprite catalog shard 6281 ready on demand for animation 0x6405, resref WPMJ2A6E: 1 resources, 204612 metadata bytes
[2026-10-04 17:31:57.152] [info] Creature sprite catalog shard 6282 ready on demand for animation 0x6405, resref WPMJ2CA: 1 resources, 406168 metadata bytes
[2026-10-04 17:31:57.197] [info] Creature sprite catalog shard 6283 ready on demand for animation 0x6405, resref WPMJ2CAE: 1 resources, 258288 metadata bytes
[2026-10-04 17:31:57.224] [info] Creature sprite catalog shard 6284 ready on demand for animation 0x6405, resref WPMJ2G1: 1 resources, 1437316 metadata bytes
[2026-10-04 17:31:57.333] [info] Creature sprite catalog shard 6285 ready on demand for animation 0x6405, resref WPMJ2G1E: 1 resources, 909024 metadata bytes
[2026-10-04 17:31:57.398] [info] Creature sprite catalog shard 6286 ready on demand for animation 0x6405, resref WPMJ2INV: 1 resources, 48764 metadata bytes
[2026-10-04 17:31:57.418] [info] Creature sprite catalog shard 6287 ready on demand for animation 0x6405, resref WPMJ2SA: 1 resources, 167636 metadata bytes
[2026-10-04 17:31:57.441] [info] Creature sprite catalog shard 6288 ready on demand for animation 0x6405, resref WPMJ2SAE: 1 resources, 101500 metadata bytes
[2026-10-04 17:31:57.459] [info] Creature sprite catalog shard 6289 ready on demand for animation 0x6405, resref WPMJ2SX: 1 resources, 124356 metadata bytes
[2026-10-04 17:31:57.469] [info] Creature sprite catalog shard 6290 ready on demand for animation 0x6405, resref WPMJ2SXE: 1 resources, 79112 metadata bytes
[2026-10-04 17:31:57.483] [info] Creature sprite catalog shard 6291 ready on demand for animation 0x6405, resref WPMJ2W2: 1 resources, 404904 metadata bytes
[2026-10-04 17:31:57.520] [info] Creature sprite catalog shard 6292 ready on demand for animation 0x6405, resref WPMJ2W2E: 1 resources, 254824 metadata bytes
[2026-10-04 17:31:57.542] [info] Creature sprite catalog shard 6293 ready on demand for animation 0x6405, resref WPMJ3A1: 1 resources, 427220 metadata bytes
[2026-10-04 17:31:57.585] [info] Creature sprite catalog shard 6294 ready on demand for animation 0x6405, resref WPMJ3A1E: 1 resources, 259208 metadata bytes
[2026-10-04 17:31:57.620] [info] Creature sprite catalog shard 6295 ready on demand for animation 0x6405, resref WPMJ3A2: 1 resources, 430176 metadata bytes
[2026-10-04 17:31:57.661] [info] Creature sprite catalog shard 6296 ready on demand for animation 0x6405, resref WPMJ3A2E: 1 resources, 262508 metadata bytes
[2026-10-04 17:31:57.697] [info] Creature sprite catalog shard 6297 ready on demand for animation 0x6405, resref WPMJ3A3: 1 resources, 432936 metadata bytes
[2026-10-04 17:31:57.740] [info] Creature sprite catalog shard 6298 ready on demand for animation 0x6405, resref WPMJ3A3E: 1 resources, 257308 metadata bytes
[2026-10-04 17:31:57.775] [info] Creature sprite catalog shard 6299 ready on demand for animation 0x6405, resref WPMJ3A4: 1 resources, 434636 metadata bytes
[2026-10-04 17:31:57.818] [info] Creature sprite catalog shard 6300 ready on demand for animation 0x6405, resref WPMJ3A4E: 1 resources, 252328 metadata bytes
[2026-10-04 17:31:57.851] [info] Creature sprite catalog shard 6301 ready on demand for animation 0x6405, resref WPMJ3A5: 1 resources, 262252 metadata bytes
[2026-10-04 17:31:57.883] [info] Creature sprite catalog shard 6302 ready on demand for animation 0x6405, resref WPMJ3A5E: 1 resources, 151556 metadata bytes
[2026-10-04 17:31:57.907] [info] Creature sprite catalog shard 6303 ready on demand for animation 0x6405, resref WPMJ3A6: 1 resources, 348016 metadata bytes
[2026-10-04 17:31:57.935] [info] Creature sprite catalog shard 6304 ready on demand for animation 0x6405, resref WPMJ3A6E: 1 resources, 202152 metadata bytes
[2026-10-04 17:31:57.957] [info] Creature sprite catalog shard 6305 ready on demand for animation 0x6405, resref WPMJ3CA: 1 resources, 435384 metadata bytes
[2026-10-04 17:31:58.004] [info] Creature sprite catalog shard 6306 ready on demand for animation 0x6405, resref WPMJ3CAE: 1 resources, 257648 metadata bytes
[2026-10-04 17:31:58.044] [info] Creature sprite catalog shard 6307 ready on demand for animation 0x6405, resref WPMJ3G1: 1 resources, 1535516 metadata bytes
[2026-10-04 17:31:58.163] [info] Creature sprite catalog shard 6308 ready on demand for animation 0x6405, resref WPMJ3G1E: 1 resources, 908164 metadata bytes
[2026-10-04 17:31:58.239] [info] Creature sprite catalog shard 6309 ready on demand for animation 0x6405, resref WPMJ3INV: 1 resources, 178184 metadata bytes
[2026-10-04 17:31:58.260] [info] Creature sprite catalog shard 6310 ready on demand for animation 0x6405, resref WPMJ3SA: 1 resources, 178016 metadata bytes
[2026-10-04 17:31:58.279] [info] Creature sprite catalog shard 6311 ready on demand for animation 0x6405, resref WPMJ3SAE: 1 resources, 102080 metadata bytes
[2026-10-04 17:31:58.290] [info] Creature sprite catalog shard 6312 ready on demand for animation 0x6405, resref WPMJ3SX: 1 resources, 134116 metadata bytes
[2026-10-04 17:31:58.307] [info] Creature sprite catalog shard 6313 ready on demand for animation 0x6405, resref WPMJ3SXE: 1 resources, 78132 metadata bytes
[2026-10-04 17:31:58.320] [info] Creature sprite catalog shard 6314 ready on demand for animation 0x6405, resref WPMJ3W2: 1 resources, 437824 metadata bytes
[2026-10-04 17:31:58.359] [info] Creature sprite catalog shard 6315 ready on demand for animation 0x6405, resref WPMJ3W2E: 1 resources, 261784 metadata bytes
[2026-10-04 17:31:58.395] [info] Creature sprite catalog shard 6316 ready on demand for animation 0x6405, resref WPMJ4A1: 1 resources, 400880 metadata bytes
[2026-10-04 17:31:58.437] [info] Creature sprite catalog shard 6317 ready on demand for animation 0x6405, resref WPMJ4A1E: 1 resources, 265108 metadata bytes
[2026-10-04 17:31:58.473] [info] Creature sprite catalog shard 6318 ready on demand for animation 0x6405, resref WPMJ4A2: 1 resources, 396456 metadata bytes
[2026-10-04 17:31:58.513] [info] Creature sprite catalog shard 6319 ready on demand for animation 0x6405, resref WPMJ4A2E: 1 resources, 264488 metadata bytes
[2026-10-04 17:31:58.562] [info] Creature sprite catalog shard 6320 ready on demand for animation 0x6405, resref WPMJ4A3: 1 resources, 397316 metadata bytes
[2026-10-04 17:31:58.596] [info] Creature sprite catalog shard 6321 ready on demand for animation 0x6405, resref WPMJ4A3E: 1 resources, 264548 metadata bytes
[2026-10-04 17:31:58.627] [info] Creature sprite catalog shard 6322 ready on demand for animation 0x6405, resref WPMJ4A4: 1 resources, 404656 metadata bytes
[2026-10-04 17:31:58.670] [info] Creature sprite catalog shard 6323 ready on demand for animation 0x6405, resref WPMJ4A4E: 1 resources, 264948 metadata bytes
[2026-10-04 17:31:58.703] [info] Creature sprite catalog shard 6324 ready on demand for animation 0x6405, resref WPMJ4A5: 1 resources, 243332 metadata bytes
[2026-10-04 17:31:58.732] [info] Creature sprite catalog shard 6325 ready on demand for animation 0x6405, resref WPMJ4A5E: 1 resources, 154276 metadata bytes
[2026-10-04 17:31:58.757] [info] Creature sprite catalog shard 6326 ready on demand for animation 0x6405, resref WPMJ4A6: 1 resources, 316316 metadata bytes
[2026-10-04 17:31:58.786] [info] Creature sprite catalog shard 6327 ready on demand for animation 0x6405, resref WPMJ4A6E: 1 resources, 203552 metadata bytes
[2026-10-04 17:31:58.806] [info] Creature sprite catalog shard 6328 ready on demand for animation 0x6405, resref WPMJ4CA: 1 resources, 402768 metadata bytes
[2026-10-04 17:31:58.855] [info] Creature sprite catalog shard 6329 ready on demand for animation 0x6405, resref WPMJ4CAE: 1 resources, 253748 metadata bytes
[2026-10-04 17:31:58.893] [info] Creature sprite catalog shard 6330 ready on demand for animation 0x6405, resref WPMJ4G1: 1 resources, 1434996 metadata bytes
[2026-10-04 17:31:59.012] [info] Creature sprite catalog shard 6331 ready on demand for animation 0x6405, resref WPMJ4G1E: 1 resources, 939504 metadata bytes
[2026-10-04 17:31:59.092] [info] Creature sprite catalog shard 6332 ready on demand for animation 0x6405, resref WPMJ4INV: 1 resources, 178184 metadata bytes
[2026-10-04 17:31:59.107] [info] Creature sprite catalog shard 6333 ready on demand for animation 0x6405, resref WPMJ4SA: 1 resources, 163696 metadata bytes
[2026-10-04 17:31:59.127] [info] Creature sprite catalog shard 6334 ready on demand for animation 0x6405, resref WPMJ4SAE: 1 resources, 110060 metadata bytes
[2026-10-04 17:31:59.137] [info] Creature sprite catalog shard 6335 ready on demand for animation 0x6405, resref WPMJ4SX: 1 resources, 124756 metadata bytes
[2026-10-04 17:31:59.154] [info] Creature sprite catalog shard 6336 ready on demand for animation 0x6405, resref WPMJ4SXE: 1 resources, 81052 metadata bytes
[2026-10-04 17:31:59.168] [info] Creature sprite catalog shard 6337 ready on demand for animation 0x6405, resref WPMJ4W2: 1 resources, 403044 metadata bytes
[2026-10-04 17:31:59.208] [info] Creature sprite catalog shard 6338 ready on demand for animation 0x6405, resref WPMJ4W2E: 1 resources, 268564 metadata bytes
[2026-10-04 17:31:59.245] [info] Creature sprite catalog shard 6339 ready on demand for animation 0x6405, resref WPMJ5A1: 1 resources, 430540 metadata bytes
[2026-10-04 17:31:59.286] [info] Creature sprite catalog shard 6340 ready on demand for animation 0x6405, resref WPMJ5A1E: 1 resources, 256588 metadata bytes
[2026-10-04 17:31:59.323] [info] Creature sprite catalog shard 6341 ready on demand for animation 0x6405, resref WPMJ5A2: 1 resources, 428896 metadata bytes
[2026-10-04 17:31:59.362] [info] Creature sprite catalog shard 6342 ready on demand for animation 0x6405, resref WPMJ5A2E: 1 resources, 251688 metadata bytes
[2026-10-04 17:31:59.398] [info] Creature sprite catalog shard 6343 ready on demand for animation 0x6405, resref WPMJ5A3: 1 resources, 437036 metadata bytes
[2026-10-04 17:31:59.440] [info] Creature sprite catalog shard 6344 ready on demand for animation 0x6405, resref WPMJ5A3E: 1 resources, 247828 metadata bytes
[2026-10-04 17:31:59.473] [info] Creature sprite catalog shard 6345 ready on demand for animation 0x6405, resref WPMJ5A4: 1 resources, 440396 metadata bytes
[2026-10-04 17:31:59.518] [info] Creature sprite catalog shard 6346 ready on demand for animation 0x6405, resref WPMJ5A4E: 1 resources, 251588 metadata bytes
[2026-10-04 17:31:59.550] [info] Creature sprite catalog shard 6347 ready on demand for animation 0x6405, resref WPMJ5A5: 1 resources, 257632 metadata bytes
[2026-10-04 17:31:59.581] [info] Creature sprite catalog shard 6348 ready on demand for animation 0x6405, resref WPMJ5A5E: 1 resources, 145776 metadata bytes
[2026-10-04 17:31:59.604] [info] Creature sprite catalog shard 6349 ready on demand for animation 0x6405, resref WPMJ5A6: 1 resources, 348616 metadata bytes
[2026-10-04 17:31:59.634] [info] Creature sprite catalog shard 6350 ready on demand for animation 0x6405, resref WPMJ5A6E: 1 resources, 201972 metadata bytes
[2026-10-04 17:31:59.656] [info] Creature sprite catalog shard 6351 ready on demand for animation 0x6405, resref WPMJ5CA: 1 resources, 439684 metadata bytes
[2026-10-04 17:31:59.704] [info] Creature sprite catalog shard 6352 ready on demand for animation 0x6405, resref WPMJ5CAE: 1 resources, 255888 metadata bytes
[2026-10-04 17:31:59.742] [info] Creature sprite catalog shard 6353 ready on demand for animation 0x6405, resref WPMJ5G1: 1 resources, 1542256 metadata bytes
{"resources":128,"frames":5302,"native_cycle_slots":18690,"decoded_pixels":69271776,"palette_encodings":3,"K":6,"passed":true}
