[2026-10-04 17:32:11.468] [info] Creature sprite xBR catalog ready: scale=x2, 147 animations, 6688 components, 6688 resources, 1686325 frames, 5470240480 index bytes across 6688 lazy content-addressed shards; catalog-version=V2; 55318 authenticated directory entries; source=CreatureSprites-XN.catalog; filter=NEAREST; index cache budget=128 MiB; metadata cache budget=128 MiB; shard validation=background-on-demand
[2026-10-04 17:32:11.471] [info] Creature sprite catalog shard 6610 ready on demand for animation 0x6405, resref WPMS3A1: 1 resources, 640488 metadata bytes
[2026-10-04 17:32:11.513] [info] Creature sprite catalog shard 6611 ready on demand for animation 0x6405, resref WPMS3A1E: 1 resources, 399700 metadata bytes
[2026-10-04 17:32:11.547] [info] Creature sprite catalog shard 6612 ready on demand for animation 0x6405, resref WPMS3A3: 1 resources, 557076 metadata bytes
[2026-10-04 17:32:11.586] [info] Creature sprite catalog shard 6613 ready on demand for animation 0x6405, resref WPMS3A3E: 1 resources, 419968 metadata bytes
[2026-10-04 17:32:11.624] [info] Creature sprite catalog shard 6614 ready on demand for animation 0x6405, resref WPMS3A5: 1 resources, 336812 metadata bytes
[2026-10-04 17:32:11.650] [info] Creature sprite catalog shard 6615 ready on demand for animation 0x6405, resref WPMS3A5E: 1 resources, 257256 metadata bytes
[2026-10-04 17:32:11.683] [info] Creature sprite catalog shard 6616 ready on demand for animation 0x6405, resref WPMS3G1: 1 resources, 1996216 metadata bytes
[2026-10-04 17:32:11.809] [info] Creature sprite catalog shard 6617 ready on demand for animation 0x6405, resref WPMS3G1E: 1 resources, 1369144 metadata bytes
[2026-10-04 17:32:11.890] [info] Creature sprite catalog shard 6618 ready on demand for animation 0x6405, resref WPMS3INV: 1 resources, 56124 metadata bytes
[2026-10-04 17:32:11.899] [info] Creature sprite catalog shard 6619 ready on demand for animation 0x6405, resref WPMS3OIN: 1 resources, 60424 metadata bytes
[2026-10-04 17:32:11.913] [info] Creature sprite catalog shard 6620 ready on demand for animation 0x6405, resref WPMS3W2: 1 resources, 523604 metadata bytes
[2026-10-04 17:32:11.955] [info] Creature sprite catalog shard 6621 ready on demand for animation 0x6405, resref WPMS3W2E: 1 resources, 446884 metadata bytes
[2026-10-04 17:32:11.994] [info] Creature sprite catalog shard 6622 ready on demand for animation 0x6405, resref WPMSCINV: 1 resources, 61524 metadata bytes
[2026-10-04 17:32:12.007] [info] Creature sprite catalog shard 6623 ready on demand for animation 0x6405, resref WPMSCOIN: 1 resources, 38244 metadata bytes
[2026-10-04 17:32:12.020] [info] Creature sprite catalog shard 6624 ready on demand for animation 0x6405, resref WPMSLA1: 1 resources, 315100 metadata bytes
[2026-10-04 17:32:12.053] [info] Creature sprite catalog shard 6625 ready on demand for animation 0x6405, resref WPMSLA1E: 1 resources, 191628 metadata bytes
[2026-10-04 17:32:12.080] [info] Creature sprite catalog shard 6626 ready on demand for animation 0x6405, resref WPMSLG1: 1 resources, 956836 metadata bytes
[2026-10-04 17:32:12.163] [info] Creature sprite catalog shard 6627 ready on demand for animation 0x6405, resref WPMSLG1E: 1 resources, 622544 metadata bytes
[2026-10-04 17:32:12.215] [info] Creature sprite catalog shard 6628 ready on demand for animation 0x6405, resref WPMSLINV: 1 resources, 28324 metadata bytes
[2026-10-04 17:32:12.223] [info] Creature sprite catalog shard 6629 ready on demand for animation 0x6405, resref WPMSLW2: 1 resources, 257124 metadata bytes
[2026-10-04 17:32:12.252] [info] Creature sprite catalog shard 6630 ready on demand for animation 0x6405, resref WPMSLW2E: 1 resources, 178884 metadata bytes
[2026-10-04 17:32:12.279] [info] Creature sprite catalog shard 6631 ready on demand for animation 0x6405, resref WPMSPA2: 1 resources, 1468296 metadata bytes
[2026-10-04 17:32:12.368] [info] Creature sprite catalog shard 6632 ready on demand for animation 0x6405, resref WPMSPA2E: 1 resources, 817908 metadata bytes
[2026-10-04 17:32:12.414] [info] Creature sprite catalog shard 6633 ready on demand for animation 0x6405, resref WPMSPA4: 1 resources, 1110976 metadata bytes
[2026-10-04 17:32:12.476] [info] Creature sprite catalog shard 6634 ready on demand for animation 0x6405, resref WPMSPA4E: 1 resources, 744408 metadata bytes
[2026-10-04 17:32:12.518] [info] Creature sprite catalog shard 6635 ready on demand for animation 0x6405, resref WPMSPA6: 1 resources, 997996 metadata bytes
[2026-10-04 17:32:12.575] [info] Creature sprite catalog shard 6636 ready on demand for animation 0x6405, resref WPMSPA6E: 1 resources, 666732 metadata bytes
[2026-10-04 17:32:12.629] [info] Creature sprite catalog shard 6637 ready on demand for animation 0x6405, resref WPMSPG1: 1 resources, 3875356 metadata bytes
[2026-10-04 17:32:12.872] [info] Creature sprite catalog shard 6638 ready on demand for animation 0x6405, resref WPMSPG1E: 1 resources, 2728844 metadata bytes
[2026-10-04 17:32:13.015] [info] Creature sprite catalog shard 6639 ready on demand for animation 0x6405, resref WPMSPINV: 1 resources, 61324 metadata bytes
[2026-10-04 17:32:13.025] [info] Creature sprite catalog shard 6640 ready on demand for animation 0x6405, resref WPMSPW2: 1 resources, 1088424 metadata bytes
[2026-10-04 17:32:13.091] [info] Creature sprite catalog shard 6641 ready on demand for animation 0x6405, resref WPMSPW2E: 1 resources, 963344 metadata bytes
[2026-10-04 17:32:13.143] [info] Creature sprite catalog shard 6642 ready on demand for animation 0x6405, resref WPMSSA1: 1 resources, 640488 metadata bytes
[2026-10-04 17:32:13.195] [info] Creature sprite catalog shard 6643 ready on demand for animation 0x6405, resref WPMSSA1E: 1 resources, 399700 metadata bytes
[2026-10-04 17:32:13.228] [info] Creature sprite catalog shard 6644 ready on demand for animation 0x6405, resref WPMSSA3: 1 resources, 557076 metadata bytes
[2026-10-04 17:32:13.269] [info] Creature sprite catalog shard 6645 ready on demand for animation 0x6405, resref WPMSSA3E: 1 resources, 419968 metadata bytes
[2026-10-04 17:32:13.306] [info] Creature sprite catalog shard 6646 ready on demand for animation 0x6405, resref WPMSSA5: 1 resources, 336812 metadata bytes
[2026-10-04 17:32:13.332] [info] Creature sprite catalog shard 6647 ready on demand for animation 0x6405, resref WPMSSA5E: 1 resources, 257256 metadata bytes
[2026-10-04 17:32:13.364] [info] Creature sprite catalog shard 6648 ready on demand for animation 0x6405, resref WPMSSG1: 1 resources, 1996216 metadata bytes
[2026-10-04 17:32:13.498] [info] Creature sprite catalog shard 6649 ready on demand for animation 0x6405, resref WPMSSG1E: 1 resources, 1369144 metadata bytes
[2026-10-04 17:32:13.593] [info] Creature sprite catalog shard 6650 ready on demand for animation 0x6405, resref WPMSSINV: 1 resources, 40164 metadata bytes
[2026-10-04 17:32:13.607] [info] Creature sprite catalog shard 6651 ready on demand for animation 0x6405, resref WPMSSOIN: 1 resources, 30464 metadata bytes
[2026-10-04 17:32:13.635] [info] Creature sprite catalog shard 6652 ready on demand for animation 0x6405, resref WPMSSW2: 1 resources, 523604 metadata bytes
[2026-10-04 17:32:13.670] [info] Creature sprite catalog shard 6653 ready on demand for animation 0x6405, resref WPMSSW2E: 1 resources, 446884 metadata bytes
[2026-10-04 17:32:13.710] [info] Creature sprite catalog shard 6654 ready on demand for animation 0x6405, resref WPMWHA1: 1 resources, 588408 metadata bytes
[2026-10-04 17:32:13.751] [info] Creature sprite catalog shard 6655 ready on demand for animation 0x6405, resref WPMWHA1E: 1 resources, 364620 metadata bytes
[2026-10-04 17:32:13.783] [info] Creature sprite catalog shard 6656 ready on demand for animation 0x6405, resref WPMWHA3: 1 resources, 529556 metadata bytes
[2026-10-04 17:32:13.824] [info] Creature sprite catalog shard 6657 ready on demand for animation 0x6405, resref WPMWHA3E: 1 resources, 392048 metadata bytes
[2026-10-04 17:32:13.868] [info] Creature sprite catalog shard 6658 ready on demand for animation 0x6405, resref WPMWHG1: 1 resources, 1882276 metadata bytes
[2026-10-04 17:32:14.008] [info] Creature sprite catalog shard 6659 ready on demand for animation 0x6405, resref WPMWHG1E: 1 resources, 1278824 metadata bytes
[2026-10-04 17:32:14.098] [info] Creature sprite catalog shard 6660 ready on demand for animation 0x6405, resref WPMWHINV: 1 resources, 59304 metadata bytes
[2026-10-04 17:32:14.118] [info] Creature sprite catalog shard 6661 ready on demand for animation 0x6405, resref WPMWHOIN: 1 resources, 63984 metadata bytes
[2026-10-04 17:32:14.135] [info] Creature sprite catalog shard 6662 ready on demand for animation 0x6405, resref WPMWHW2: 1 resources, 504304 metadata bytes
[2026-10-04 17:32:14.179] [info] Creature sprite catalog shard 6663 ready on demand for animation 0x6405, resref WPMWHW2E: 1 resources, 395884 metadata bytes
[2026-10-04 17:32:14.215] [info] Creature sprite catalog shard 6664 ready on demand for animation 0x6405, resref WPMWMOIN: 1 resources, 464880 metadata bytes
[2026-10-04 17:32:14.243] [info] Creature sprite catalog shard 6665 ready on demand for animation 0x6405, resref WPMZWA1: 1 resources, 109800 metadata bytes
[2026-10-04 17:32:14.268] [info] Creature sprite catalog shard 6666 ready on demand for animation 0x6405, resref WPMZWA1E: 1 resources, 66928 metadata bytes
[2026-10-04 17:32:14.294] [info] Creature sprite catalog shard 6667 ready on demand for animation 0x6405, resref WPMZWA2: 1 resources, 109476 metadata bytes
[2026-10-04 17:32:14.315] [info] Creature sprite catalog shard 6668 ready on demand for animation 0x6405, resref WPMZWA2E: 1 resources, 66588 metadata bytes
[2026-10-04 17:32:14.340] [info] Creature sprite catalog shard 6669 ready on demand for animation 0x6405, resref WPMZWA3: 1 resources, 109476 metadata bytes
[2026-10-04 17:32:14.362] [info] Creature sprite catalog shard 6670 ready on demand for animation 0x6405, resref WPMZWA3E: 1 resources, 66588 metadata bytes
[2026-10-04 17:32:14.386] [info] Creature sprite catalog shard 6671 ready on demand for animation 0x6405, resref WPMZWA4: 1 resources, 109476 metadata bytes
[2026-10-04 17:32:14.408] [info] Creature sprite catalog shard 6672 ready on demand for animation 0x6405, resref WPMZWA4E: 1 resources, 66588 metadata bytes
[2026-10-04 17:32:14.448] [info] Creature sprite catalog shard 6673 ready on demand for animation 0x6405, resref WPMZWA5: 1 resources, 66732 metadata bytes
[2026-10-04 17:32:14.458] [info] Creature sprite catalog shard 6674 ready on demand for animation 0x6405, resref WPMZWA5E: 1 resources, 41036 metadata bytes
[2026-10-04 17:32:14.476] [info] Creature sprite catalog shard 6675 ready on demand for animation 0x6405, resref WPMZWA6: 1 resources, 88116 metadata bytes
[2026-10-04 17:32:14.497] [info] Creature sprite catalog shard 6676 ready on demand for animation 0x6405, resref WPMZWA6E: 1 resources, 53832 metadata bytes
[2026-10-04 17:32:14.509] [info] Creature sprite catalog shard 6677 ready on demand for animation 0x6405, resref WPMZWCA: 1 resources, 112684 metadata bytes
[2026-10-04 17:32:14.531] [info] Creature sprite catalog shard 6678 ready on demand for animation 0x6405, resref WPMZWCAE: 1 resources, 69048 metadata bytes
[2026-10-04 17:32:14.558] [info] Creature sprite catalog shard 6679 ready on demand for animation 0x6405, resref WPMZWG1: 1 resources, 392176 metadata bytes
[2026-10-04 17:32:14.620] [info] Creature sprite catalog shard 6680 ready on demand for animation 0x6405, resref WPMZWG1E: 1 resources, 236784 metadata bytes
[2026-10-04 17:32:14.658] [info] Creature sprite catalog shard 6681 ready on demand for animation 0x6405, resref WPMZWINV: 1 resources, 249624 metadata bytes
[2026-10-04 17:32:14.684] [info] Creature sprite catalog shard 6682 ready on demand for animation 0x6405, resref WPMZWSA: 1 resources, 45396 metadata bytes
[2026-10-04 17:32:14.692] [info] Creature sprite catalog shard 6683 ready on demand for animation 0x6405, resref WPMZWSAE: 1 resources, 28200 metadata bytes
[2026-10-04 17:32:14.705] [info] Creature sprite catalog shard 6684 ready on demand for animation 0x6405, resref WPMZWSX: 1 resources, 34716 metadata bytes
[2026-10-04 17:32:14.721] [info] Creature sprite catalog shard 6685 ready on demand for animation 0x6405, resref WPMZWSXE: 1 resources, 21772 metadata bytes
[2026-10-04 17:32:14.737] [info] Creature sprite catalog shard 6686 ready on demand for animation 0x6405, resref WPMZWW2: 1 resources, 2258144 metadata bytes
[2026-10-04 17:32:14.852] [info] Creature sprite catalog shard 6687 ready on demand for animation 0x6405, resref WPMZWW2E: 1 resources, 66564 metadata bytes
{"resources":78,"frames":3680,"native_cycle_slots":13163,"decoded_pixels":80357760,"palette_encodings":3,"K":6,"passed":true}
