[2026-10-04 17:31:43.945] [info] Creature sprite xBR catalog ready: scale=x2, 147 animations, 6688 components, 6688 resources, 1686325 frames, 5470240480 index bytes across 6688 lazy content-addressed shards; catalog-version=V2; 55318 authenticated directory entries; source=CreatureSprites-XN.catalog; filter=NEAREST; index cache budget=128 MiB; metadata cache budget=128 MiB; shard validation=background-on-demand
[2026-10-04 17:31:43.946] [info] Creature sprite catalog shard 5970 ready on demand for animation 0x6405, resref WPMF1INV: 1 resources, 62044 metadata bytes
[2026-10-04 17:31:43.964] [info] Creature sprite catalog shard 5971 ready on demand for animation 0x6405, resref WPMF1OIN: 1 resources, 60764 metadata bytes
[2026-10-04 17:31:43.981] [info] Creature sprite catalog shard 5972 ready on demand for animation 0x6405, resref WPMF1W2: 1 resources, 433704 metadata bytes
[2026-10-04 17:31:44.019] [info] Creature sprite catalog shard 5973 ready on demand for animation 0x6405, resref WPMF1W2E: 1 resources, 304284 metadata bytes
[2026-10-04 17:31:44.045] [info] Creature sprite catalog shard 5974 ready on demand for animation 0x6405, resref WPMF2A1: 1 resources, 2920128 metadata bytes
[2026-10-04 17:31:44.195] [info] Creature sprite catalog shard 5975 ready on demand for animation 0x6405, resref WPMF2A1E: 1 resources, 1771388 metadata bytes
[2026-10-04 17:31:44.292] [info] Creature sprite catalog shard 5976 ready on demand for animation 0x6405, resref WPMF2A3: 1 resources, 689636 metadata bytes
[2026-10-04 17:31:44.342] [info] Creature sprite catalog shard 5977 ready on demand for animation 0x6405, resref WPMF2A3E: 1 resources, 565896 metadata bytes
[2026-10-04 17:31:44.380] [info] Creature sprite catalog shard 5978 ready on demand for animation 0x6405, resref WPMF2A5: 1 resources, 584252 metadata bytes
[2026-10-04 17:31:44.429] [info] Creature sprite catalog shard 5979 ready on demand for animation 0x6405, resref WPMF2A5E: 1 resources, 437900 metadata bytes
[2026-10-04 17:31:44.473] [info] Creature sprite catalog shard 5980 ready on demand for animation 0x6405, resref WPMF2G1: 1 resources, 2673736 metadata bytes
[2026-10-04 17:31:44.635] [info] Creature sprite catalog shard 5981 ready on demand for animation 0x6405, resref WPMF2G1E: 1 resources, 1717124 metadata bytes
[2026-10-04 17:31:44.731] [info] Creature sprite catalog shard 5982 ready on demand for animation 0x6405, resref WPMF2INV: 1 resources, 46944 metadata bytes
[2026-10-04 17:31:44.754] [info] Creature sprite catalog shard 5983 ready on demand for animation 0x6405, resref WPMF2OIN: 1 resources, 42944 metadata bytes
[2026-10-04 17:31:44.767] [info] Creature sprite catalog shard 5984 ready on demand for animation 0x6405, resref WPMF2W2: 1 resources, 602004 metadata bytes
[2026-10-04 17:31:44.814] [info] Creature sprite catalog shard 5985 ready on demand for animation 0x6405, resref WPMF2W2E: 1 resources, 520084 metadata bytes
[2026-10-04 17:31:44.855] [info] Creature sprite catalog shard 5986 ready on demand for animation 0x6405, resref WPMF3A1: 1 resources, 537368 metadata bytes
[2026-10-04 17:31:44.903] [info] Creature sprite catalog shard 5987 ready on demand for animation 0x6405, resref WPMF3A1E: 1 resources, 330340 metadata bytes
[2026-10-04 17:31:44.938] [info] Creature sprite catalog shard 5988 ready on demand for animation 0x6405, resref WPMF3A3: 1 resources, 537216 metadata bytes
[2026-10-04 17:31:44.985] [info] Creature sprite catalog shard 5989 ready on demand for animation 0x6405, resref WPMF3A3E: 1 resources, 320428 metadata bytes
[2026-10-04 17:31:45.020] [info] Creature sprite catalog shard 5990 ready on demand for animation 0x6405, resref WPMF3G1: 1 resources, 1527036 metadata bytes
[2026-10-04 17:31:45.127] [info] Creature sprite catalog shard 5991 ready on demand for animation 0x6405, resref WPMF3G1E: 1 resources, 1088904 metadata bytes
[2026-10-04 17:31:45.215] [info] Creature sprite catalog shard 5992 ready on demand for animation 0x6405, resref WPMF3INV: 1 resources, 140720 metadata bytes
[2026-10-04 17:31:45.231] [info] Creature sprite catalog shard 5993 ready on demand for animation 0x6405, resref WPMF3OIN: 1 resources, 66064 metadata bytes
[2026-10-04 17:31:45.245] [info] Creature sprite catalog shard 5994 ready on demand for animation 0x6405, resref WPMF3W2: 1 resources, 433704 metadata bytes
[2026-10-04 17:31:45.290] [info] Creature sprite catalog shard 5995 ready on demand for animation 0x6405, resref WPMF3W2E: 1 resources, 304284 metadata bytes
[2026-10-04 17:31:45.328] [info] Creature sprite catalog shard 5996 ready on demand for animation 0x6405, resref WPMFLA1: 1 resources, 537368 metadata bytes
[2026-10-04 17:31:45.366] [info] Creature sprite catalog shard 5997 ready on demand for animation 0x6405, resref WPMFLA1E: 1 resources, 330340 metadata bytes
[2026-10-04 17:31:45.407] [info] Creature sprite catalog shard 5998 ready on demand for animation 0x6405, resref WPMFLA3: 1 resources, 537216 metadata bytes
[2026-10-04 17:31:45.444] [info] Creature sprite catalog shard 5999 ready on demand for animation 0x6405, resref WPMFLA3E: 1 resources, 320428 metadata bytes
[2026-10-04 17:31:45.484] [info] Creature sprite catalog shard 6000 ready on demand for animation 0x6405, resref WPMFLG1: 1 resources, 1527036 metadata bytes
[2026-10-04 17:31:45.595] [info] Creature sprite catalog shard 6001 ready on demand for animation 0x6405, resref WPMFLG1E: 1 resources, 1088904 metadata bytes
[2026-10-04 17:31:45.664] [info] Creature sprite catalog shard 6002 ready on demand for animation 0x6405, resref WPMFLINV: 1 resources, 58084 metadata bytes
[2026-10-04 17:31:45.676] [info] Creature sprite catalog shard 6003 ready on demand for animation 0x6405, resref WPMFLOIN: 1 resources, 51284 metadata bytes
[2026-10-04 17:31:45.693] [info] Creature sprite catalog shard 6004 ready on demand for animation 0x6405, resref WPMFLW2: 1 resources, 433704 metadata bytes
[2026-10-04 17:31:45.734] [info] Creature sprite catalog shard 6005 ready on demand for animation 0x6405, resref WPMFLW2E: 1 resources, 304284 metadata bytes
[2026-10-04 17:31:45.759] [info] Creature sprite catalog shard 6006 ready on demand for animation 0x6405, resref WPMFSA1: 1 resources, 2920128 metadata bytes
[2026-10-04 17:31:45.902] [info] Creature sprite catalog shard 6007 ready on demand for animation 0x6405, resref WPMFSA1E: 1 resources, 1771388 metadata bytes
[2026-10-04 17:31:45.991] [info] Creature sprite catalog shard 6008 ready on demand for animation 0x6405, resref WPMFSA3: 1 resources, 689636 metadata bytes
[2026-10-04 17:31:46.043] [info] Creature sprite catalog shard 6009 ready on demand for animation 0x6405, resref WPMFSA3E: 1 resources, 565896 metadata bytes
[2026-10-04 17:31:46.081] [info] Creature sprite catalog shard 6010 ready on demand for animation 0x6405, resref WPMFSA5: 1 resources, 584252 metadata bytes
[2026-10-04 17:31:46.128] [info] Creature sprite catalog shard 6011 ready on demand for animation 0x6405, resref WPMFSA5E: 1 resources, 437900 metadata bytes
[2026-10-04 17:31:46.182] [info] Creature sprite catalog shard 6012 ready on demand for animation 0x6405, resref WPMFSG1: 1 resources, 2673736 metadata bytes
[2026-10-04 17:31:46.341] [info] Creature sprite catalog shard 6013 ready on demand for animation 0x6405, resref WPMFSG1E: 1 resources, 1717124 metadata bytes
[2026-10-04 17:31:46.449] [info] Creature sprite catalog shard 6014 ready on demand for animation 0x6405, resref WPMFSINV: 1 resources, 75784 metadata bytes
[2026-10-04 17:31:46.467] [info] Creature sprite catalog shard 6015 ready on demand for animation 0x6405, resref WPMFSOIN: 1 resources, 63144 metadata bytes
[2026-10-04 17:31:46.484] [info] Creature sprite catalog shard 6016 ready on demand for animation 0x6405, resref WPMFSW2: 1 resources, 602004 metadata bytes
[2026-10-04 17:31:46.531] [info] Creature sprite catalog shard 6017 ready on demand for animation 0x6405, resref WPMFSW2E: 1 resources, 520084 metadata bytes
[2026-10-04 17:31:46.572] [info] Creature sprite catalog shard 6018 ready on demand for animation 0x6405, resref WPMGSA2: 1 resources, 1289636 metadata bytes
[2026-10-04 17:31:46.653] [info] Creature sprite catalog shard 6019 ready on demand for animation 0x6405, resref WPMGSA2E: 1 resources, 709288 metadata bytes
[2026-10-04 17:31:46.703] [info] Creature sprite catalog shard 6020 ready on demand for animation 0x6405, resref WPMGSA4: 1 resources, 993636 metadata bytes
[2026-10-04 17:31:46.767] [info] Creature sprite catalog shard 6021 ready on demand for animation 0x6405, resref WPMGSA4E: 1 resources, 670928 metadata bytes
[2026-10-04 17:31:46.809] [info] Creature sprite catalog shard 6022 ready on demand for animation 0x6405, resref WPMGSA6: 1 resources, 869816 metadata bytes
[2026-10-04 17:31:46.865] [info] Creature sprite catalog shard 6023 ready on demand for animation 0x6405, resref WPMGSA6E: 1 resources, 586252 metadata bytes
[2026-10-04 17:31:46.920] [info] Creature sprite catalog shard 6024 ready on demand for animation 0x6405, resref WPMGSG1: 1 resources, 3500436 metadata bytes
[2026-10-04 17:31:47.133] [info] Creature sprite catalog shard 6025 ready on demand for animation 0x6405, resref WPMGSG1E: 1 resources, 2408824 metadata bytes
[2026-10-04 17:31:47.272] [info] Creature sprite catalog shard 6026 ready on demand for animation 0x6405, resref WPMGSINV: 1 resources, 84084 metadata bytes
[2026-10-04 17:31:47.288] [info] Creature sprite catalog shard 6027 ready on demand for animation 0x6405, resref WPMGSW2: 1 resources, 972284 metadata bytes
[2026-10-04 17:31:47.353] [info] Creature sprite catalog shard 6028 ready on demand for animation 0x6405, resref WPMGSW2E: 1 resources, 839124 metadata bytes
[2026-10-04 17:31:47.403] [info] Creature sprite catalog shard 6029 ready on demand for animation 0x6405, resref WPMH0A1: 1 resources, 427220 metadata bytes
[2026-10-04 17:31:47.436] [info] Creature sprite catalog shard 6030 ready on demand for animation 0x6405, resref WPMH0A1E: 1 resources, 259208 metadata bytes
[2026-10-04 17:31:47.471] [info] Creature sprite catalog shard 6031 ready on demand for animation 0x6405, resref WPMH0A2: 1 resources, 430176 metadata bytes
[2026-10-04 17:31:47.513] [info] Creature sprite catalog shard 6032 ready on demand for animation 0x6405, resref WPMH0A2E: 1 resources, 262508 metadata bytes
[2026-10-04 17:31:47.567] [info] Creature sprite catalog shard 6033 ready on demand for animation 0x6405, resref WPMH0A3: 1 resources, 432936 metadata bytes
[2026-10-04 17:31:47.599] [info] Creature sprite catalog shard 6034 ready on demand for animation 0x6405, resref WPMH0A3E: 1 resources, 257308 metadata bytes
[2026-10-04 17:31:47.625] [info] Creature sprite catalog shard 6035 ready on demand for animation 0x6405, resref WPMH0A4: 1 resources, 434636 metadata bytes
[2026-10-04 17:31:47.669] [info] Creature sprite catalog shard 6036 ready on demand for animation 0x6405, resref WPMH0A4E: 1 resources, 252328 metadata bytes
[2026-10-04 17:31:47.703] [info] Creature sprite catalog shard 6037 ready on demand for animation 0x6405, resref WPMH0A5: 1 resources, 262252 metadata bytes
[2026-10-04 17:31:47.732] [info] Creature sprite catalog shard 6038 ready on demand for animation 0x6405, resref WPMH0A5E: 1 resources, 151556 metadata bytes
[2026-10-04 17:31:47.756] [info] Creature sprite catalog shard 6039 ready on demand for animation 0x6405, resref WPMH0A6: 1 resources, 348016 metadata bytes
[2026-10-04 17:31:47.786] [info] Creature sprite catalog shard 6040 ready on demand for animation 0x6405, resref WPMH0A6E: 1 resources, 202152 metadata bytes
[2026-10-04 17:31:47.808] [info] Creature sprite catalog shard 6041 ready on demand for animation 0x6405, resref WPMH0CA: 1 resources, 435384 metadata bytes
[2026-10-04 17:31:47.856] [info] Creature sprite catalog shard 6042 ready on demand for animation 0x6405, resref WPMH0CAE: 1 resources, 257648 metadata bytes
[2026-10-04 17:31:47.893] [info] Creature sprite catalog shard 6043 ready on demand for animation 0x6405, resref WPMH0G1: 1 resources, 1535516 metadata bytes
[2026-10-04 17:31:48.017] [info] Creature sprite catalog shard 6044 ready on demand for animation 0x6405, resref WPMH0G1E: 1 resources, 908164 metadata bytes
[2026-10-04 17:31:48.091] [info] Creature sprite catalog shard 6045 ready on demand for animation 0x6405, resref WPMH0INV: 1 resources, 178184 metadata bytes
[2026-10-04 17:31:48.109] [info] Creature sprite catalog shard 6046 ready on demand for animation 0x6405, resref WPMH0SA: 1 resources, 178016 metadata bytes
[2026-10-04 17:31:48.129] [info] Creature sprite catalog shard 6047 ready on demand for animation 0x6405, resref WPMH0SAE: 1 resources, 102080 metadata bytes
[2026-10-04 17:31:48.139] [info] Creature sprite catalog shard 6048 ready on demand for animation 0x6405, resref WPMH0SX: 1 resources, 134116 metadata bytes
[2026-10-04 17:31:48.156] [info] Creature sprite catalog shard 6049 ready on demand for animation 0x6405, resref WPMH0SXE: 1 resources, 78132 metadata bytes
[2026-10-04 17:31:48.169] [info] Creature sprite catalog shard 6050 ready on demand for animation 0x6405, resref WPMH0W2: 1 resources, 437824 metadata bytes
[2026-10-04 17:31:48.209] [info] Creature sprite catalog shard 6051 ready on demand for animation 0x6405, resref WPMH0W2E: 1 resources, 261784 metadata bytes
[2026-10-04 17:31:48.245] [info] Creature sprite catalog shard 6052 ready on demand for animation 0x6405, resref WPMH1A1: 1 resources, 422600 metadata bytes
[2026-10-04 17:31:48.286] [info] Creature sprite catalog shard 6053 ready on demand for animation 0x6405, resref WPMH1A1E: 1 resources, 236008 metadata bytes
[2026-10-04 17:31:48.321] [info] Creature sprite catalog shard 6054 ready on demand for animation 0x6405, resref WPMH1A2: 1 resources, 425096 metadata bytes
[2026-10-04 17:31:48.365] [info] Creature sprite catalog shard 6055 ready on demand for animation 0x6405, resref WPMH1A2E: 1 resources, 230208 metadata bytes
[2026-10-04 17:31:48.397] [info] Creature sprite catalog shard 6056 ready on demand for animation 0x6405, resref WPMH1A3: 1 resources, 415436 metadata bytes
[2026-10-04 17:31:48.445] [info] Creature sprite catalog shard 6057 ready on demand for animation 0x6405, resref WPMH1A3E: 1 resources, 237928 metadata bytes
[2026-10-04 17:31:48.475] [info] Creature sprite catalog shard 6058 ready on demand for animation 0x6405, resref WPMH1A4: 1 resources, 421556 metadata bytes
[2026-10-04 17:31:48.519] [info] Creature sprite catalog shard 6059 ready on demand for animation 0x6405, resref WPMH1A4E: 1 resources, 244168 metadata bytes
[2026-10-04 17:31:48.551] [info] Creature sprite catalog shard 6060 ready on demand for animation 0x6405, resref WPMH1A5: 1 resources, 250592 metadata bytes
[2026-10-04 17:31:48.582] [info] Creature sprite catalog shard 6061 ready on demand for animation 0x6405, resref WPMH1A5E: 1 resources, 144956 metadata bytes
[2026-10-04 17:31:48.606] [info] Creature sprite catalog shard 6062 ready on demand for animation 0x6405, resref WPMH1A6: 1 resources, 333256 metadata bytes
[2026-10-04 17:31:48.635] [info] Creature sprite catalog shard 6063 ready on demand for animation 0x6405, resref WPMH1A6E: 1 resources, 188872 metadata bytes
[2026-10-04 17:31:48.677] [info] Creature sprite catalog shard 6064 ready on demand for animation 0x6405, resref WPMH1CA: 1 resources, 414748 metadata bytes
[2026-10-04 17:31:48.709] [info] Creature sprite catalog shard 6065 ready on demand for animation 0x6405, resref WPMH1CAE: 1 resources, 240408 metadata bytes
[2026-10-04 17:31:48.746] [info] Creature sprite catalog shard 6066 ready on demand for animation 0x6405, resref WPMH1G1: 1 resources, 1490316 metadata bytes
[2026-10-04 17:31:48.866] [info] Creature sprite catalog shard 6067 ready on demand for animation 0x6405, resref WPMH1G1E: 1 resources, 842464 metadata bytes
[2026-10-04 17:31:48.942] [info] Creature sprite catalog shard 6068 ready on demand for animation 0x6405, resref WPMH1INV: 1 resources, 178184 metadata bytes
[2026-10-04 17:31:48.959] [info] Creature sprite catalog shard 6069 ready on demand for animation 0x6405, resref WPMH1SA: 1 resources, 181256 metadata bytes
[2026-10-04 17:31:48.978] [info] Creature sprite catalog shard 6070 ready on demand for animation 0x6405, resref WPMH1SAE: 1 resources, 89400 metadata bytes
[2026-10-04 17:31:48.987] [info] Creature sprite catalog shard 6071 ready on demand for animation 0x6405, resref WPMH1SX: 1 resources, 129116 metadata bytes
[2026-10-04 17:31:49.005] [info] Creature sprite catalog shard 6072 ready on demand for animation 0x6405, resref WPMH1SXE: 1 resources, 74492 metadata bytes
[2026-10-04 17:31:49.018] [info] Creature sprite catalog shard 6073 ready on demand for animation 0x6405, resref WPMH1W2: 1 resources, 427144 metadata bytes
[2026-10-04 17:31:49.061] [info] Creature sprite catalog shard 6074 ready on demand for animation 0x6405, resref WPMH1W2E: 1 resources, 224284 metadata bytes
[2026-10-04 17:31:49.092] [info] Creature sprite catalog shard 6075 ready on demand for animation 0x6405, resref WPMH2A1: 1 resources, 404960 metadata bytes
[2026-10-04 17:31:49.136] [info] Creature sprite catalog shard 6076 ready on demand for animation 0x6405, resref WPMH2A1E: 1 resources, 252668 metadata bytes
[2026-10-04 17:31:49.172] [info] Creature sprite catalog shard 6077 ready on demand for animation 0x6405, resref WPMH2A2: 1 resources, 404716 metadata bytes
[2026-10-04 17:31:49.215] [info] Creature sprite catalog shard 6078 ready on demand for animation 0x6405, resref WPMH2A2E: 1 resources, 253388 metadata bytes
[2026-10-04 17:31:49.249] [info] Creature sprite catalog shard 6079 ready on demand for animation 0x6405, resref WPMH2A3: 1 resources, 397316 metadata bytes
[2026-10-04 17:31:49.291] [info] Creature sprite catalog shard 6080 ready on demand for animation 0x6405, resref WPMH2A3E: 1 resources, 264108 metadata bytes
[2026-10-04 17:31:49.326] [info] Creature sprite catalog shard 6081 ready on demand for animation 0x6405, resref WPMH2A4: 1 resources, 406216 metadata bytes
[2026-10-04 17:31:49.368] [info] Creature sprite catalog shard 6082 ready on demand for animation 0x6405, resref WPMH2A4E: 1 resources, 259388 metadata bytes
[2026-10-04 17:31:49.402] [info] Creature sprite catalog shard 6083 ready on demand for animation 0x6405, resref WPMH2A5: 1 resources, 244492 metadata bytes
[2026-10-04 17:31:49.433] [info] Creature sprite catalog shard 6084 ready on demand for animation 0x6405, resref WPMH2A5E: 1 resources, 154476 metadata bytes
[2026-10-04 17:31:49.457] [info] Creature sprite catalog shard 6085 ready on demand for animation 0x6405, resref WPMH2A6: 1 resources, 322616 metadata bytes
[2026-10-04 17:31:49.486] [info] Creature sprite catalog shard 6086 ready on demand for animation 0x6405, resref WPMH2A6E: 1 resources, 204612 metadata bytes
[2026-10-04 17:31:49.507] [info] Creature sprite catalog shard 6087 ready on demand for animation 0x6405, resref WPMH2CA: 1 resources, 406168 metadata bytes
[2026-10-04 17:31:49.551] [info] Creature sprite catalog shard 6088 ready on demand for animation 0x6405, resref WPMH2CAE: 1 resources, 258288 metadata bytes
[2026-10-04 17:31:49.592] [info] Creature sprite catalog shard 6089 ready on demand for animation 0x6405, resref WPMH2G1: 1 resources, 1437316 metadata bytes
[2026-10-04 17:31:49.717] [info] Creature sprite catalog shard 6090 ready on demand for animation 0x6405, resref WPMH2G1E: 1 resources, 909024 metadata bytes
[2026-10-04 17:31:49.795] [info] Creature sprite catalog shard 6091 ready on demand for animation 0x6405, resref WPMH2INV: 1 resources, 48764 metadata bytes
[2026-10-04 17:31:49.801] [info] Creature sprite catalog shard 6092 ready on demand for animation 0x6405, resref WPMH2SA: 1 resources, 167636 metadata bytes
[2026-10-04 17:31:49.828] [info] Creature sprite catalog shard 6093 ready on demand for animation 0x6405, resref WPMH2SAE: 1 resources, 101500 metadata bytes
[2026-10-04 17:31:49.837] [info] Creature sprite catalog shard 6094 ready on demand for animation 0x6405, resref WPMH2SX: 1 resources, 124356 metadata bytes
[2026-10-04 17:31:49.855] [info] Creature sprite catalog shard 6095 ready on demand for animation 0x6405, resref WPMH2SXE: 1 resources, 79112 metadata bytes
[2026-10-04 17:31:49.868] [info] Creature sprite catalog shard 6096 ready on demand for animation 0x6405, resref WPMH2W2: 1 resources, 404904 metadata bytes
[2026-10-04 17:31:49.909] [info] Creature sprite catalog shard 6097 ready on demand for animation 0x6405, resref WPMH2W2E: 1 resources, 254824 metadata bytes
{"resources":128,"frames":5797,"native_cycle_slots":19083,"decoded_pixels":143120088,"palette_encodings":3,"K":6,"passed":true}
