[2026-10-04 17:34:04.979] [info] Creature sprite xBR catalog ready: scale=x2, 147 animations, 6688 components, 6688 resources, 1686325 frames, 5470240480 index bytes across 6688 lazy content-addressed shards; catalog-version=V2; 55318 authenticated directory entries; source=CreatureSprites-XN.catalog; filter=NEAREST; index cache budget=128 MiB; metadata cache budget=128 MiB; shard validation=background-on-demand
[2026-10-04 17:34:04.985] [info] Creature sprite catalog shard 5736 ready on demand for animation 0x6405, resref CSHDA1: 1 resources, 1060980 metadata bytes
[2026-10-04 17:34:04.998] [info] Creature sprite catalog shard 4747 ready on demand for animation 0x6405, resref MDGU1A1: 1 resources, 109800 metadata bytes
[2026-10-04 17:34:05.016] [info] Creature sprite catalog shard 6511 ready on demand for animation 0x6405, resref WPMMCA1: 1 resources, 578468 metadata bytes
[2026-10-04 17:34:05.030] [info] Creature sprite catalog shard 5898 ready on demand for animation 0x6405, resref WPMD1A1: 1 resources, 292280 metadata bytes
[2026-10-04 17:34:05.046] [info] Creature sprite catalog shard 6029 ready on demand for animation 0x6405, resref WPMH0A1: 1 resources, 427220 metadata bytes
[2026-10-04 17:34:05.075] [info] Creature sprite catalog shard 4748 ready on demand for animation 0x6405, resref MDGU1A1E: 1 resources, 66928 metadata bytes
[2026-10-04 17:34:05.091] [info] Creature sprite catalog shard 5899 ready on demand for animation 0x6405, resref WPMD1A1E: 1 resources, 158788 metadata bytes
[2026-10-04 17:34:05.106] [info] Creature sprite catalog shard 6030 ready on demand for animation 0x6405, resref WPMH0A1E: 1 resources, 259208 metadata bytes
[2026-10-04 17:34:05.122] [info] Creature sprite catalog shard 5737 ready on demand for animation 0x6405, resref CSHDA1E: 1 resources, 593232 metadata bytes
[2026-10-04 17:34:05.139] [info] Creature sprite catalog shard 6512 ready on demand for animation 0x6405, resref WPMMCA1E: 1 resources, 343480 metadata bytes
[2026-10-04 17:34:05.164] [info] Creature sprite catalog shard 5739 ready on demand for animation 0x6405, resref CSHDA2: 1 resources, 907376 metadata bytes
[2026-10-04 17:34:05.167] [info] Creature sprite catalog shard 4749 ready on demand for animation 0x6405, resref MDGU1A2: 1 resources, 109476 metadata bytes
[2026-10-04 17:34:05.185] [info] Creature sprite catalog shard 6031 ready on demand for animation 0x6405, resref WPMH0A2: 1 resources, 430176 metadata bytes
[2026-10-04 17:34:05.207] [info] Creature sprite catalog shard 5740 ready on demand for animation 0x6405, resref CSHDA2E: 1 resources, 486708 metadata bytes
[2026-10-04 17:34:05.214] [info] Creature sprite catalog shard 4750 ready on demand for animation 0x6405, resref MDGU1A2E: 1 resources, 66588 metadata bytes
[2026-10-04 17:34:05.230] [info] Creature sprite catalog shard 6032 ready on demand for animation 0x6405, resref WPMH0A2E: 1 resources, 262508 metadata bytes
[2026-10-04 17:34:05.249] [info] Creature sprite catalog shard 5742 ready on demand for animation 0x6405, resref CSHDA3: 1 resources, 876156 metadata bytes
[2026-10-04 17:34:05.259] [info] Creature sprite catalog shard 4751 ready on demand for animation 0x6405, resref MDGU1A3: 1 resources, 109476 metadata bytes
[2026-10-04 17:34:05.276] [info] Creature sprite catalog shard 6513 ready on demand for animation 0x6405, resref WPMMCA3: 1 resources, 508876 metadata bytes
[2026-10-04 17:34:05.294] [info] Creature sprite catalog shard 5900 ready on demand for animation 0x6405, resref WPMD1A3: 1 resources, 300536 metadata bytes
[2026-10-04 17:34:05.307] [info] Creature sprite catalog shard 6033 ready on demand for animation 0x6405, resref WPMH0A3: 1 resources, 432936 metadata bytes
[2026-10-04 17:34:05.331] [info] Creature sprite catalog shard 5743 ready on demand for animation 0x6405, resref CSHDA3E: 1 resources, 591028 metadata bytes
[2026-10-04 17:34:05.336] [info] Creature sprite catalog shard 4752 ready on demand for animation 0x6405, resref MDGU1A3E: 1 resources, 66588 metadata bytes
[2026-10-04 17:34:05.353] [info] Creature sprite catalog shard 6514 ready on demand for animation 0x6405, resref WPMMCA3E: 1 resources, 365488 metadata bytes
[2026-10-04 17:34:05.367] [info] Creature sprite catalog shard 5901 ready on demand for animation 0x6405, resref WPMD1A3E: 1 resources, 164308 metadata bytes
[2026-10-04 17:34:05.383] [info] Creature sprite catalog shard 6034 ready on demand for animation 0x6405, resref WPMH0A3E: 1 resources, 257308 metadata bytes
[2026-10-04 17:34:05.403] [info] Creature sprite catalog shard 5745 ready on demand for animation 0x6405, resref CSHDA4: 1 resources, 816776 metadata bytes
[2026-10-04 17:34:05.413] [info] Creature sprite catalog shard 4753 ready on demand for animation 0x6405, resref MDGU1A4: 1 resources, 109476 metadata bytes
[2026-10-04 17:34:05.434] [info] Creature sprite catalog shard 6035 ready on demand for animation 0x6405, resref WPMH0A4: 1 resources, 434636 metadata bytes
[2026-10-04 17:34:05.451] [info] Creature sprite catalog shard 5746 ready on demand for animation 0x6405, resref CSHDA4E: 1 resources, 485468 metadata bytes
[2026-10-04 17:34:05.459] [info] Creature sprite catalog shard 4754 ready on demand for animation 0x6405, resref MDGU1A4E: 1 resources, 66588 metadata bytes
[2026-10-04 17:34:05.475] [info] Creature sprite catalog shard 6036 ready on demand for animation 0x6405, resref WPMH0A4E: 1 resources, 252328 metadata bytes
[2026-10-04 17:34:05.494] [info] Creature sprite catalog shard 5748 ready on demand for animation 0x6405, resref CSHDA5: 1 resources, 517692 metadata bytes
[2026-10-04 17:34:05.505] [info] Creature sprite catalog shard 4755 ready on demand for animation 0x6405, resref MDGU1A5: 1 resources, 66732 metadata bytes
[2026-10-04 17:34:05.522] [info] Creature sprite catalog shard 5902 ready on demand for animation 0x6405, resref WPMD1A5: 1 resources, 172952 metadata bytes
[2026-10-04 17:34:05.537] [info] Creature sprite catalog shard 6037 ready on demand for animation 0x6405, resref WPMH0A5: 1 resources, 262252 metadata bytes
[2026-10-04 17:34:05.560] [info] Creature sprite catalog shard 5749 ready on demand for animation 0x6405, resref CSHDA5E: 1 resources, 350416 metadata bytes
[2026-10-04 17:34:05.567] [info] Creature sprite catalog shard 4756 ready on demand for animation 0x6405, resref MDGU1A5E: 1 resources, 41036 metadata bytes
[2026-10-04 17:34:05.583] [info] Creature sprite catalog shard 5903 ready on demand for animation 0x6405, resref WPMD1A5E: 1 resources, 102136 metadata bytes
[2026-10-04 17:34:05.598] [info] Creature sprite catalog shard 6038 ready on demand for animation 0x6405, resref WPMH0A5E: 1 resources, 151556 metadata bytes
[2026-10-04 17:34:05.619] [info] Creature sprite catalog shard 5751 ready on demand for animation 0x6405, resref CSHDA6: 1 resources, 654996 metadata bytes
[2026-10-04 17:34:05.629] [info] Creature sprite catalog shard 4757 ready on demand for animation 0x6405, resref MDGU1A6: 1 resources, 88116 metadata bytes
[2026-10-04 17:34:05.652] [info] Creature sprite catalog shard 6039 ready on demand for animation 0x6405, resref WPMH0A6: 1 resources, 348016 metadata bytes
[2026-10-04 17:34:05.668] [info] Creature sprite catalog shard 5752 ready on demand for animation 0x6405, resref CSHDA6E: 1 resources, 429472 metadata bytes
[2026-10-04 17:34:05.675] [info] Creature sprite catalog shard 4758 ready on demand for animation 0x6405, resref MDGU1A6E: 1 resources, 53832 metadata bytes
[2026-10-04 17:34:05.692] [info] Creature sprite catalog shard 6040 ready on demand for animation 0x6405, resref WPMH0A6E: 1 resources, 202152 metadata bytes
[2026-10-04 17:34:05.711] [info] Creature sprite catalog shard 5754 ready on demand for animation 0x6405, resref CSHDCA: 1 resources, 863424 metadata bytes
[2026-10-04 17:34:05.722] [info] Creature sprite catalog shard 4759 ready on demand for animation 0x6405, resref MDGU1CA: 1 resources, 112684 metadata bytes
[2026-10-04 17:34:05.739] [info] Creature sprite catalog shard 6041 ready on demand for animation 0x6405, resref WPMH0CA: 1 resources, 435384 metadata bytes
[2026-10-04 17:34:05.805] [info] Creature sprite catalog shard 5755 ready on demand for animation 0x6405, resref CSHDCAE: 1 resources, 603788 metadata bytes
[2026-10-04 17:34:05.814] [info] Creature sprite catalog shard 4760 ready on demand for animation 0x6405, resref MDGU1CAE: 1 resources, 69048 metadata bytes
[2026-10-04 17:34:05.830] [info] Creature sprite catalog shard 6042 ready on demand for animation 0x6405, resref WPMH0CAE: 1 resources, 257648 metadata bytes
[2026-10-04 17:34:05.879] [info] Creature sprite catalog shard 5757 ready on demand for animation 0x6405, resref CSHDG1: 1 resources, 3113756 metadata bytes
[2026-10-04 17:34:05.892] [info] Creature sprite catalog shard 4761 ready on demand for animation 0x6405, resref MDGU1G1: 1 resources, 392176 metadata bytes
[2026-10-04 17:34:05.914] [info] Creature sprite catalog shard 6515 ready on demand for animation 0x6405, resref WPMMCG1: 1 resources, 1829576 metadata bytes
[2026-10-04 17:34:05.927] [info] Creature sprite catalog shard 5904 ready on demand for animation 0x6405, resref WPMD1G1: 1 resources, 1036236 metadata bytes
[2026-10-04 17:34:05.945] [info] Creature sprite catalog shard 6043 ready on demand for animation 0x6405, resref WPMH0G1: 1 resources, 1535516 metadata bytes
[2026-10-04 17:34:06.033] [info] Creature sprite catalog shard 5758 ready on demand for animation 0x6405, resref CSHDG1E: 1 resources, 1881864 metadata bytes
[2026-10-04 17:34:06.045] [info] Creature sprite catalog shard 4762 ready on demand for animation 0x6405, resref MDGU1G1E: 1 resources, 236784 metadata bytes
[2026-10-04 17:34:06.065] [info] Creature sprite catalog shard 6516 ready on demand for animation 0x6405, resref WPMMCG1E: 1 resources, 1226804 metadata bytes
[2026-10-04 17:34:06.078] [info] Creature sprite catalog shard 5905 ready on demand for animation 0x6405, resref WPMD1G1E: 1 resources, 583404 metadata bytes
[2026-10-04 17:34:06.096] [info] Creature sprite catalog shard 6044 ready on demand for animation 0x6405, resref WPMH0G1E: 1 resources, 908164 metadata bytes
[2026-10-04 17:34:06.150] [info] Creature sprite catalog shard 5760 ready on demand for animation 0x6405, resref CSHDSA: 1 resources, 362616 metadata bytes
[2026-10-04 17:34:06.164] [info] Creature sprite catalog shard 4763 ready on demand for animation 0x6405, resref MDGU1SA: 1 resources, 45396 metadata bytes
[2026-10-04 17:34:06.169] [info] Creature sprite catalog shard 6046 ready on demand for animation 0x6405, resref WPMH0SA: 1 resources, 178016 metadata bytes
[2026-10-04 17:34:06.191] [info] Creature sprite catalog shard 5761 ready on demand for animation 0x6405, resref CSHDSAE: 1 resources, 243520 metadata bytes
[2026-10-04 17:34:06.199] [info] Creature sprite catalog shard 4764 ready on demand for animation 0x6405, resref MDGU1SAE: 1 resources, 28200 metadata bytes
[2026-10-04 17:34:06.214] [info] Creature sprite catalog shard 6047 ready on demand for animation 0x6405, resref WPMH0SAE: 1 resources, 102080 metadata bytes
[2026-10-04 17:34:06.233] [info] Creature sprite catalog shard 5763 ready on demand for animation 0x6405, resref CSHDSX: 1 resources, 300876 metadata bytes
[2026-10-04 17:34:06.245] [info] Creature sprite catalog shard 4765 ready on demand for animation 0x6405, resref MDGU1SX: 1 resources, 34716 metadata bytes
[2026-10-04 17:34:06.261] [info] Creature sprite catalog shard 6048 ready on demand for animation 0x6405, resref WPMH0SX: 1 resources, 134116 metadata bytes
[2026-10-04 17:34:06.284] [info] Creature sprite catalog shard 5764 ready on demand for animation 0x6405, resref CSHDSXE: 1 resources, 165892 metadata bytes
[2026-10-04 17:34:06.291] [info] Creature sprite catalog shard 4766 ready on demand for animation 0x6405, resref MDGU1SXE: 1 resources, 21772 metadata bytes
[2026-10-04 17:34:06.307] [info] Creature sprite catalog shard 6049 ready on demand for animation 0x6405, resref WPMH0SXE: 1 resources, 78132 metadata bytes
[2026-10-04 17:34:06.328] [info] Creature sprite catalog shard 5766 ready on demand for animation 0x6405, resref CSHDW2: 1 resources, 792504 metadata bytes
[2026-10-04 17:34:06.340] [info] Creature sprite catalog shard 4767 ready on demand for animation 0x6405, resref MDGU1W2: 1 resources, 2258144 metadata bytes
[2026-10-04 17:34:06.355] [info] Creature sprite catalog shard 6519 ready on demand for animation 0x6405, resref WPMMCW2: 1 resources, 484884 metadata bytes
[2026-10-04 17:34:06.370] [info] Creature sprite catalog shard 5907 ready on demand for animation 0x6405, resref WPMD1W2: 1 resources, 283104 metadata bytes
[2026-10-04 17:34:06.386] [info] Creature sprite catalog shard 6050 ready on demand for animation 0x6405, resref WPMH0W2: 1 resources, 437824 metadata bytes
[2026-10-04 17:34:06.416] [info] Creature sprite catalog shard 5767 ready on demand for animation 0x6405, resref CSHDW2E: 1 resources, 480184 metadata bytes
[2026-10-04 17:34:06.430] [info] Creature sprite catalog shard 4768 ready on demand for animation 0x6405, resref MDGU1W2E: 1 resources, 66564 metadata bytes
[2026-10-04 17:34:06.447] [info] Creature sprite catalog shard 6520 ready on demand for animation 0x6405, resref WPMMCW2E: 1 resources, 377884 metadata bytes
[2026-10-04 17:34:06.462] [info] Creature sprite catalog shard 5908 ready on demand for animation 0x6405, resref WPMD1W2E: 1 resources, 159804 metadata bytes
[2026-10-04 17:34:06.478] [info] Creature sprite catalog shard 6051 ready on demand for animation 0x6405, resref WPMH0W2E: 1 resources, 261784 metadata bytes
{"native_composites":8828,"resolved_layers":28204,"decoded_pixels":57578128,"missing_layers":0,"passed":true}
