[2026-10-04 17:31:37.484] [info] Creature sprite xBR catalog ready: scale=x2, 147 animations, 6688 components, 6688 resources, 1686325 frames, 5470240480 index bytes across 6688 lazy content-addressed shards; catalog-version=V2; 55318 authenticated directory entries; source=CreatureSprites-XN.catalog; filter=NEAREST; index cache budget=128 MiB; metadata cache budget=128 MiB; shard validation=background-on-demand
[2026-10-04 17:31:37.486] [info] Creature sprite catalog shard 5842 ready on demand for animation 0x6405, resref WPMC4A5E: 1 resources, 102136 metadata bytes
[2026-10-04 17:31:37.510] [info] Creature sprite catalog shard 5843 ready on demand for animation 0x6405, resref WPMC4G1: 1 resources, 1036236 metadata bytes
[2026-10-04 17:31:37.586] [info] Creature sprite catalog shard 5844 ready on demand for animation 0x6405, resref WPMC4G1E: 1 resources, 583404 metadata bytes
[2026-10-04 17:31:37.633] [info] Creature sprite catalog shard 5845 ready on demand for animation 0x6405, resref WPMC4INV: 1 resources, 41904 metadata bytes
[2026-10-04 17:31:37.641] [info] Creature sprite catalog shard 5846 ready on demand for animation 0x6405, resref WPMC4W2: 1 resources, 283104 metadata bytes
[2026-10-04 17:31:37.674] [info] Creature sprite catalog shard 5847 ready on demand for animation 0x6405, resref WPMC4W2E: 1 resources, 159804 metadata bytes
[2026-10-04 17:31:37.699] [info] Creature sprite catalog shard 5848 ready on demand for animation 0x6405, resref WPMC5A1: 1 resources, 501800 metadata bytes
[2026-10-04 17:31:37.732] [info] Creature sprite catalog shard 5849 ready on demand for animation 0x6405, resref WPMC5A1E: 1 resources, 259268 metadata bytes
[2026-10-04 17:31:37.764] [info] Creature sprite catalog shard 5850 ready on demand for animation 0x6405, resref WPMC5A3: 1 resources, 517676 metadata bytes
[2026-10-04 17:31:37.811] [info] Creature sprite catalog shard 5851 ready on demand for animation 0x6405, resref WPMC5A3E: 1 resources, 275508 metadata bytes
[2026-10-04 17:31:37.841] [info] Creature sprite catalog shard 5852 ready on demand for animation 0x6405, resref WPMC5A5: 1 resources, 281932 metadata bytes
[2026-10-04 17:31:37.873] [info] Creature sprite catalog shard 5853 ready on demand for animation 0x6405, resref WPMC5A5E: 1 resources, 174156 metadata bytes
[2026-10-04 17:31:37.905] [info] Creature sprite catalog shard 5854 ready on demand for animation 0x6405, resref WPMC5G1: 1 resources, 1771336 metadata bytes
[2026-10-04 17:31:38.037] [info] Creature sprite catalog shard 5855 ready on demand for animation 0x6405, resref WPMC5G1E: 1 resources, 954404 metadata bytes
[2026-10-04 17:31:38.100] [info] Creature sprite catalog shard 5856 ready on demand for animation 0x6405, resref WPMC5INV: 1 resources, 70824 metadata bytes
[2026-10-04 17:31:38.123] [info] Creature sprite catalog shard 5857 ready on demand for animation 0x6405, resref WPMC5W2: 1 resources, 479644 metadata bytes
[2026-10-04 17:31:38.163] [info] Creature sprite catalog shard 5858 ready on demand for animation 0x6405, resref WPMC5W2E: 1 resources, 258804 metadata bytes
[2026-10-04 17:31:38.198] [info] Creature sprite catalog shard 5859 ready on demand for animation 0x6405, resref WPMC6A1: 1 resources, 794900 metadata bytes
[2026-10-04 17:31:38.258] [info] Creature sprite catalog shard 5860 ready on demand for animation 0x6405, resref WPMC6A1E: 1 resources, 450408 metadata bytes
[2026-10-04 17:31:38.304] [info] Creature sprite catalog shard 5861 ready on demand for animation 0x6405, resref WPMC6A3: 1 resources, 855696 metadata bytes
[2026-10-04 17:31:38.356] [info] Creature sprite catalog shard 5862 ready on demand for animation 0x6405, resref WPMC6A3E: 1 resources, 462248 metadata bytes
[2026-10-04 17:31:38.392] [info] Creature sprite catalog shard 5863 ready on demand for animation 0x6405, resref WPMC6A5: 1 resources, 437032 metadata bytes
[2026-10-04 17:31:38.423] [info] Creature sprite catalog shard 5864 ready on demand for animation 0x6405, resref WPMC6A5E: 1 resources, 275516 metadata bytes
[2026-10-04 17:31:38.453] [info] Creature sprite catalog shard 5865 ready on demand for animation 0x6405, resref WPMC6G1: 1 resources, 2503456 metadata bytes
[2026-10-04 17:31:38.614] [info] Creature sprite catalog shard 5866 ready on demand for animation 0x6405, resref WPMC6G1E: 1 resources, 1444744 metadata bytes
[2026-10-04 17:31:38.726] [info] Creature sprite catalog shard 5867 ready on demand for animation 0x6405, resref WPMC6INV: 1 resources, 110484 metadata bytes
[2026-10-04 17:31:38.744] [info] Creature sprite catalog shard 5868 ready on demand for animation 0x6405, resref WPMC6W2: 1 resources, 784744 metadata bytes
[2026-10-04 17:31:38.797] [info] Creature sprite catalog shard 5869 ready on demand for animation 0x6405, resref WPMC6W2E: 1 resources, 421124 metadata bytes
[2026-10-04 17:31:38.853] [info] Creature sprite catalog shard 5870 ready on demand for animation 0x6405, resref WPMC7A1: 1 resources, 640160 metadata bytes
[2026-10-04 17:31:38.898] [info] Creature sprite catalog shard 5871 ready on demand for animation 0x6405, resref WPMC7A1E: 1 resources, 309468 metadata bytes
[2026-10-04 17:31:38.927] [info] Creature sprite catalog shard 5872 ready on demand for animation 0x6405, resref WPMC7A3: 1 resources, 664376 metadata bytes
[2026-10-04 17:31:38.979] [info] Creature sprite catalog shard 5873 ready on demand for animation 0x6405, resref WPMC7A3E: 1 resources, 324408 metadata bytes
[2026-10-04 17:31:39.004] [info] Creature sprite catalog shard 5874 ready on demand for animation 0x6405, resref WPMC7A5: 1 resources, 356772 metadata bytes
[2026-10-04 17:31:39.037] [info] Creature sprite catalog shard 5875 ready on demand for animation 0x6405, resref WPMC7A5E: 1 resources, 209936 metadata bytes
[2026-10-04 17:31:39.068] [info] Creature sprite catalog shard 5876 ready on demand for animation 0x6405, resref WPMC7G1: 1 resources, 2165916 metadata bytes
[2026-10-04 17:31:39.216] [info] Creature sprite catalog shard 5877 ready on demand for animation 0x6405, resref WPMC7G1E: 1 resources, 1157204 metadata bytes
[2026-10-04 17:31:39.304] [info] Creature sprite catalog shard 5878 ready on demand for animation 0x6405, resref WPMC7INV: 1 resources, 89304 metadata bytes
[2026-10-04 17:31:39.315] [info] Creature sprite catalog shard 5879 ready on demand for animation 0x6405, resref WPMC7W2: 1 resources, 636064 metadata bytes
[2026-10-04 17:31:39.363] [info] Creature sprite catalog shard 5880 ready on demand for animation 0x6405, resref WPMC7W2E: 1 resources, 292364 metadata bytes
[2026-10-04 17:31:39.397] [info] Creature sprite catalog shard 5881 ready on demand for animation 0x6405, resref WPMCBG1: 1 resources, 2518076 metadata bytes
[2026-10-04 17:31:39.555] [info] Creature sprite catalog shard 5882 ready on demand for animation 0x6405, resref WPMCBG1E: 1 resources, 1904904 metadata bytes
[2026-10-04 17:31:39.677] [info] Creature sprite catalog shard 5883 ready on demand for animation 0x6405, resref WPMCBINV: 1 resources, 74444 metadata bytes
[2026-10-04 17:31:39.707] [info] Creature sprite catalog shard 5884 ready on demand for animation 0x6405, resref WPMCBSX: 1 resources, 252316 metadata bytes
[2026-10-04 17:31:39.724] [info] Creature sprite catalog shard 5885 ready on demand for animation 0x6405, resref WPMCBSXE: 1 resources, 142552 metadata bytes
[2026-10-04 17:31:39.736] [info] Creature sprite catalog shard 5886 ready on demand for animation 0x6405, resref WPMCBW2: 1 resources, 645444 metadata bytes
[2026-10-04 17:31:39.788] [info] Creature sprite catalog shard 5887 ready on demand for animation 0x6405, resref WPMCBW2E: 1 resources, 569364 metadata bytes
[2026-10-04 17:31:39.837] [info] Creature sprite catalog shard 5888 ready on demand for animation 0x6405, resref WPMCLA1: 1 resources, 578468 metadata bytes
[2026-10-04 17:31:39.883] [info] Creature sprite catalog shard 5889 ready on demand for animation 0x6405, resref WPMCLA1E: 1 resources, 343480 metadata bytes
[2026-10-04 17:31:39.928] [info] Creature sprite catalog shard 5890 ready on demand for animation 0x6405, resref WPMCLA3: 1 resources, 508876 metadata bytes
[2026-10-04 17:31:39.976] [info] Creature sprite catalog shard 5891 ready on demand for animation 0x6405, resref WPMCLA3E: 1 resources, 365488 metadata bytes
[2026-10-04 17:31:40.017] [info] Creature sprite catalog shard 5892 ready on demand for animation 0x6405, resref WPMCLG1: 1 resources, 1829576 metadata bytes
[2026-10-04 17:31:40.137] [info] Creature sprite catalog shard 5893 ready on demand for animation 0x6405, resref WPMCLG1E: 1 resources, 1226804 metadata bytes
[2026-10-04 17:31:40.219] [info] Creature sprite catalog shard 5894 ready on demand for animation 0x6405, resref WPMCLINV: 1 resources, 23684 metadata bytes
[2026-10-04 17:31:40.222] [info] Creature sprite catalog shard 5895 ready on demand for animation 0x6405, resref WPMCLOIN: 1 resources, 23224 metadata bytes
[2026-10-04 17:31:40.239] [info] Creature sprite catalog shard 5896 ready on demand for animation 0x6405, resref WPMCLW2: 1 resources, 484884 metadata bytes
[2026-10-04 17:31:40.284] [info] Creature sprite catalog shard 5897 ready on demand for animation 0x6405, resref WPMCLW2E: 1 resources, 377884 metadata bytes
[2026-10-04 17:31:40.321] [info] Creature sprite catalog shard 5898 ready on demand for animation 0x6405, resref WPMD1A1: 1 resources, 292280 metadata bytes
[2026-10-04 17:31:40.359] [info] Creature sprite catalog shard 5899 ready on demand for animation 0x6405, resref WPMD1A1E: 1 resources, 158788 metadata bytes
[2026-10-04 17:31:40.390] [info] Creature sprite catalog shard 5900 ready on demand for animation 0x6405, resref WPMD1A3: 1 resources, 300536 metadata bytes
[2026-10-04 17:31:40.431] [info] Creature sprite catalog shard 5901 ready on demand for animation 0x6405, resref WPMD1A3E: 1 resources, 164308 metadata bytes
[2026-10-04 17:31:40.451] [info] Creature sprite catalog shard 5902 ready on demand for animation 0x6405, resref WPMD1A5: 1 resources, 172952 metadata bytes
[2026-10-04 17:31:40.469] [info] Creature sprite catalog shard 5903 ready on demand for animation 0x6405, resref WPMD1A5E: 1 resources, 102136 metadata bytes
[2026-10-04 17:31:40.497] [info] Creature sprite catalog shard 5904 ready on demand for animation 0x6405, resref WPMD1G1: 1 resources, 1036236 metadata bytes
[2026-10-04 17:31:40.598] [info] Creature sprite catalog shard 5905 ready on demand for animation 0x6405, resref WPMD1G1E: 1 resources, 583404 metadata bytes
[2026-10-04 17:31:40.647] [info] Creature sprite catalog shard 5906 ready on demand for animation 0x6405, resref WPMD1INV: 1 resources, 38444 metadata bytes
[2026-10-04 17:31:40.657] [info] Creature sprite catalog shard 5907 ready on demand for animation 0x6405, resref WPMD1W2: 1 resources, 283104 metadata bytes
[2026-10-04 17:31:40.693] [info] Creature sprite catalog shard 5908 ready on demand for animation 0x6405, resref WPMD1W2E: 1 resources, 159804 metadata bytes
[2026-10-04 17:31:40.717] [info] Creature sprite catalog shard 5909 ready on demand for animation 0x6405, resref WPMD2A1: 1 resources, 501800 metadata bytes
[2026-10-04 17:31:40.767] [info] Creature sprite catalog shard 5910 ready on demand for animation 0x6405, resref WPMD2A1E: 1 resources, 259268 metadata bytes
[2026-10-04 17:31:40.798] [info] Creature sprite catalog shard 5911 ready on demand for animation 0x6405, resref WPMD2A3: 1 resources, 517676 metadata bytes
[2026-10-04 17:31:40.847] [info] Creature sprite catalog shard 5912 ready on demand for animation 0x6405, resref WPMD2A3E: 1 resources, 275508 metadata bytes
[2026-10-04 17:31:40.875] [info] Creature sprite catalog shard 5913 ready on demand for animation 0x6405, resref WPMD2A5: 1 resources, 281932 metadata bytes
[2026-10-04 17:31:40.906] [info] Creature sprite catalog shard 5914 ready on demand for animation 0x6405, resref WPMD2A5E: 1 resources, 174156 metadata bytes
[2026-10-04 17:31:40.937] [info] Creature sprite catalog shard 5915 ready on demand for animation 0x6405, resref WPMD2G1: 1 resources, 1771336 metadata bytes
[2026-10-04 17:31:41.077] [info] Creature sprite catalog shard 5916 ready on demand for animation 0x6405, resref WPMD2G1E: 1 resources, 954404 metadata bytes
[2026-10-04 17:31:41.156] [info] Creature sprite catalog shard 5917 ready on demand for animation 0x6405, resref WPMD2INV: 1 resources, 64404 metadata bytes
[2026-10-04 17:31:41.167] [info] Creature sprite catalog shard 5918 ready on demand for animation 0x6405, resref WPMD2W2: 1 resources, 479644 metadata bytes
[2026-10-04 17:31:41.213] [info] Creature sprite catalog shard 5919 ready on demand for animation 0x6405, resref WPMD2W2E: 1 resources, 258804 metadata bytes
[2026-10-04 17:31:41.245] [info] Creature sprite catalog shard 5920 ready on demand for animation 0x6405, resref WPMD3A1: 1 resources, 640160 metadata bytes
[2026-10-04 17:31:41.300] [info] Creature sprite catalog shard 5921 ready on demand for animation 0x6405, resref WPMD3A1E: 1 resources, 309468 metadata bytes
[2026-10-04 17:31:41.326] [info] Creature sprite catalog shard 5922 ready on demand for animation 0x6405, resref WPMD3A3: 1 resources, 664376 metadata bytes
[2026-10-04 17:31:41.379] [info] Creature sprite catalog shard 5923 ready on demand for animation 0x6405, resref WPMD3A3E: 1 resources, 324408 metadata bytes
[2026-10-04 17:31:41.418] [info] Creature sprite catalog shard 5924 ready on demand for animation 0x6405, resref WPMD3A5: 1 resources, 356772 metadata bytes
[2026-10-04 17:31:41.452] [info] Creature sprite catalog shard 5925 ready on demand for animation 0x6405, resref WPMD3A5E: 1 resources, 209936 metadata bytes
[2026-10-04 17:31:41.480] [info] Creature sprite catalog shard 5926 ready on demand for animation 0x6405, resref WPMD3G1: 1 resources, 2165916 metadata bytes
[2026-10-04 17:31:41.640] [info] Creature sprite catalog shard 5927 ready on demand for animation 0x6405, resref WPMD3G1E: 1 resources, 1157204 metadata bytes
[2026-10-04 17:31:41.740] [info] Creature sprite catalog shard 5928 ready on demand for animation 0x6405, resref WPMD3INV: 1 resources, 87124 metadata bytes
[2026-10-04 17:31:41.756] [info] Creature sprite catalog shard 5929 ready on demand for animation 0x6405, resref WPMD3W2: 1 resources, 636064 metadata bytes
[2026-10-04 17:31:41.811] [info] Creature sprite catalog shard 5930 ready on demand for animation 0x6405, resref WPMD3W2E: 1 resources, 292364 metadata bytes
[2026-10-04 17:31:41.850] [info] Creature sprite catalog shard 5931 ready on demand for animation 0x6405, resref WPMD4A1: 1 resources, 794900 metadata bytes
[2026-10-04 17:31:41.909] [info] Creature sprite catalog shard 5932 ready on demand for animation 0x6405, resref WPMD4A1E: 1 resources, 450408 metadata bytes
[2026-10-04 17:31:41.952] [info] Creature sprite catalog shard 5933 ready on demand for animation 0x6405, resref WPMD4A3: 1 resources, 855696 metadata bytes
[2026-10-04 17:31:42.025] [info] Creature sprite catalog shard 5934 ready on demand for animation 0x6405, resref WPMD4A3E: 1 resources, 462248 metadata bytes
[2026-10-04 17:31:42.057] [info] Creature sprite catalog shard 5935 ready on demand for animation 0x6405, resref WPMD4A5: 1 resources, 437032 metadata bytes
[2026-10-04 17:31:42.121] [info] Creature sprite catalog shard 5936 ready on demand for animation 0x6405, resref WPMD4A5E: 1 resources, 275516 metadata bytes
[2026-10-04 17:31:42.150] [info] Creature sprite catalog shard 5937 ready on demand for animation 0x6405, resref WPMD4G1: 1 resources, 2503456 metadata bytes
[2026-10-04 17:31:42.338] [info] Creature sprite catalog shard 5938 ready on demand for animation 0x6405, resref WPMD4G1E: 1 resources, 1444744 metadata bytes
[2026-10-04 17:31:42.447] [info] Creature sprite catalog shard 5939 ready on demand for animation 0x6405, resref WPMD4INV: 1 resources, 112984 metadata bytes
[2026-10-04 17:31:42.467] [info] Creature sprite catalog shard 5940 ready on demand for animation 0x6405, resref WPMD4W2: 1 resources, 784744 metadata bytes
[2026-10-04 17:31:42.526] [info] Creature sprite catalog shard 5941 ready on demand for animation 0x6405, resref WPMD4W2E: 1 resources, 421124 metadata bytes
[2026-10-04 17:31:42.565] [info] Creature sprite catalog shard 5942 ready on demand for animation 0x6405, resref WPMDDA1: 1 resources, 260380 metadata bytes
[2026-10-04 17:31:42.598] [info] Creature sprite catalog shard 5943 ready on demand for animation 0x6405, resref WPMDDA1E: 1 resources, 146968 metadata bytes
[2026-10-04 17:31:42.631] [info] Creature sprite catalog shard 5944 ready on demand for animation 0x6405, resref WPMDDA3: 1 resources, 203356 metadata bytes
[2026-10-04 17:31:42.667] [info] Creature sprite catalog shard 5945 ready on demand for animation 0x6405, resref WPMDDA3E: 1 resources, 148168 metadata bytes
[2026-10-04 17:31:42.689] [info] Creature sprite catalog shard 5946 ready on demand for animation 0x6405, resref WPMDDA5: 1 resources, 134532 metadata bytes
[2026-10-04 17:31:42.719] [info] Creature sprite catalog shard 5947 ready on demand for animation 0x6405, resref WPMDDA5E: 1 resources, 87996 metadata bytes
[2026-10-04 17:31:42.733] [info] Creature sprite catalog shard 5948 ready on demand for animation 0x6405, resref WPMDDG1: 1 resources, 783896 metadata bytes
[2026-10-04 17:31:42.820] [info] Creature sprite catalog shard 5949 ready on demand for animation 0x6405, resref WPMDDG1E: 1 resources, 512204 metadata bytes
[2026-10-04 17:31:42.882] [info] Creature sprite catalog shard 5950 ready on demand for animation 0x6405, resref WPMDDINV: 1 resources, 20124 metadata bytes
[2026-10-04 17:31:42.892] [info] Creature sprite catalog shard 5951 ready on demand for animation 0x6405, resref WPMDDOIN: 1 resources, 17124 metadata bytes
[2026-10-04 17:31:42.909] [info] Creature sprite catalog shard 5952 ready on demand for animation 0x6405, resref WPMDDW2: 1 resources, 227524 metadata bytes
[2026-10-04 17:31:42.945] [info] Creature sprite catalog shard 5953 ready on demand for animation 0x6405, resref WPMDDW2E: 1 resources, 172384 metadata bytes
[2026-10-04 17:31:42.971] [info] Creature sprite catalog shard 5954 ready on demand for animation 0x6405, resref WPMF0A1: 1 resources, 537368 metadata bytes
[2026-10-04 17:31:43.026] [info] Creature sprite catalog shard 5955 ready on demand for animation 0x6405, resref WPMF0A1E: 1 resources, 330340 metadata bytes
[2026-10-04 17:31:43.055] [info] Creature sprite catalog shard 5956 ready on demand for animation 0x6405, resref WPMF0A3: 1 resources, 537216 metadata bytes
[2026-10-04 17:31:43.099] [info] Creature sprite catalog shard 5957 ready on demand for animation 0x6405, resref WPMF0A3E: 1 resources, 320428 metadata bytes
[2026-10-04 17:31:43.138] [info] Creature sprite catalog shard 5958 ready on demand for animation 0x6405, resref WPMF0G1: 1 resources, 1527036 metadata bytes
[2026-10-04 17:31:43.281] [info] Creature sprite catalog shard 5959 ready on demand for animation 0x6405, resref WPMF0G1E: 1 resources, 1088904 metadata bytes
[2026-10-04 17:31:43.376] [info] Creature sprite catalog shard 5960 ready on demand for animation 0x6405, resref WPMF0INV: 1 resources, 59584 metadata bytes
[2026-10-04 17:31:43.390] [info] Creature sprite catalog shard 5961 ready on demand for animation 0x6405, resref WPMF0OIN: 1 resources, 54724 metadata bytes
[2026-10-04 17:31:43.407] [info] Creature sprite catalog shard 5962 ready on demand for animation 0x6405, resref WPMF0W2: 1 resources, 433704 metadata bytes
[2026-10-04 17:31:43.455] [info] Creature sprite catalog shard 5963 ready on demand for animation 0x6405, resref WPMF0W2E: 1 resources, 304284 metadata bytes
[2026-10-04 17:31:43.489] [info] Creature sprite catalog shard 5964 ready on demand for animation 0x6405, resref WPMF1A1: 1 resources, 537368 metadata bytes
[2026-10-04 17:31:43.535] [info] Creature sprite catalog shard 5965 ready on demand for animation 0x6405, resref WPMF1A1E: 1 resources, 330340 metadata bytes
[2026-10-04 17:31:43.569] [info] Creature sprite catalog shard 5966 ready on demand for animation 0x6405, resref WPMF1A3: 1 resources, 537216 metadata bytes
[2026-10-04 17:31:43.613] [info] Creature sprite catalog shard 5967 ready on demand for animation 0x6405, resref WPMF1A3E: 1 resources, 320428 metadata bytes
[2026-10-04 17:31:43.652] [info] Creature sprite catalog shard 5968 ready on demand for animation 0x6405, resref WPMF1G1: 1 resources, 1527036 metadata bytes
[2026-10-04 17:31:43.793] [info] Creature sprite catalog shard 5969 ready on demand for animation 0x6405, resref WPMF1G1E: 1 resources, 1088904 metadata bytes
{"resources":128,"frames":6920,"native_cycle_slots":24358,"decoded_pixels":123943104,"palette_encodings":3,"K":6,"passed":true}
