[2026-10-04 17:31:49.997] [info] Creature sprite xBR catalog ready: scale=x2, 147 animations, 6688 components, 6688 resources, 1686325 frames, 5470240480 index bytes across 6688 lazy content-addressed shards; catalog-version=V2; 55318 authenticated directory entries; source=CreatureSprites-XN.catalog; filter=NEAREST; index cache budget=128 MiB; metadata cache budget=128 MiB; shard validation=background-on-demand
[2026-10-04 17:31:50.001] [info] Creature sprite catalog shard 6098 ready on demand for animation 0x6405, resref WPMH3A1: 1 resources, 400880 metadata bytes
[2026-10-04 17:31:50.041] [info] Creature sprite catalog shard 6099 ready on demand for animation 0x6405, resref WPMH3A1E: 1 resources, 265108 metadata bytes
[2026-10-04 17:31:50.063] [info] Creature sprite catalog shard 6100 ready on demand for animation 0x6405, resref WPMH3A2: 1 resources, 396456 metadata bytes
[2026-10-04 17:31:50.102] [info] Creature sprite catalog shard 6101 ready on demand for animation 0x6405, resref WPMH3A2E: 1 resources, 264488 metadata bytes
[2026-10-04 17:31:50.125] [info] Creature sprite catalog shard 6102 ready on demand for animation 0x6405, resref WPMH3A3: 1 resources, 397316 metadata bytes
[2026-10-04 17:31:50.164] [info] Creature sprite catalog shard 6103 ready on demand for animation 0x6405, resref WPMH3A3E: 1 resources, 264548 metadata bytes
[2026-10-04 17:31:50.188] [info] Creature sprite catalog shard 6104 ready on demand for animation 0x6405, resref WPMH3A4: 1 resources, 404656 metadata bytes
[2026-10-04 17:31:50.227] [info] Creature sprite catalog shard 6105 ready on demand for animation 0x6405, resref WPMH3A4E: 1 resources, 264948 metadata bytes
[2026-10-04 17:31:50.249] [info] Creature sprite catalog shard 6106 ready on demand for animation 0x6405, resref WPMH3A5: 1 resources, 243332 metadata bytes
[2026-10-04 17:31:50.279] [info] Creature sprite catalog shard 6107 ready on demand for animation 0x6405, resref WPMH3A5E: 1 resources, 154276 metadata bytes
[2026-10-04 17:31:50.304] [info] Creature sprite catalog shard 6108 ready on demand for animation 0x6405, resref WPMH3A6: 1 resources, 316316 metadata bytes
[2026-10-04 17:31:50.329] [info] Creature sprite catalog shard 6109 ready on demand for animation 0x6405, resref WPMH3A6E: 1 resources, 203552 metadata bytes
[2026-10-04 17:31:50.354] [info] Creature sprite catalog shard 6110 ready on demand for animation 0x6405, resref WPMH3CA: 1 resources, 402768 metadata bytes
[2026-10-04 17:31:50.399] [info] Creature sprite catalog shard 6111 ready on demand for animation 0x6405, resref WPMH3CAE: 1 resources, 253748 metadata bytes
[2026-10-04 17:31:50.425] [info] Creature sprite catalog shard 6112 ready on demand for animation 0x6405, resref WPMH3G1: 1 resources, 1434996 metadata bytes
[2026-10-04 17:31:50.531] [info] Creature sprite catalog shard 6113 ready on demand for animation 0x6405, resref WPMH3G1E: 1 resources, 939504 metadata bytes
[2026-10-04 17:31:50.601] [info] Creature sprite catalog shard 6114 ready on demand for animation 0x6405, resref WPMH3INV: 1 resources, 178184 metadata bytes
[2026-10-04 17:31:50.625] [info] Creature sprite catalog shard 6115 ready on demand for animation 0x6405, resref WPMH3SA: 1 resources, 163696 metadata bytes
[2026-10-04 17:31:50.644] [info] Creature sprite catalog shard 6116 ready on demand for animation 0x6405, resref WPMH3SAE: 1 resources, 110060 metadata bytes
[2026-10-04 17:31:50.658] [info] Creature sprite catalog shard 6117 ready on demand for animation 0x6405, resref WPMH3SX: 1 resources, 124756 metadata bytes
[2026-10-04 17:31:50.672] [info] Creature sprite catalog shard 6118 ready on demand for animation 0x6405, resref WPMH3SXE: 1 resources, 81052 metadata bytes
[2026-10-04 17:31:50.686] [info] Creature sprite catalog shard 6119 ready on demand for animation 0x6405, resref WPMH3W2: 1 resources, 403044 metadata bytes
[2026-10-04 17:31:50.722] [info] Creature sprite catalog shard 6120 ready on demand for animation 0x6405, resref WPMH3W2E: 1 resources, 268564 metadata bytes
[2026-10-04 17:31:50.745] [info] Creature sprite catalog shard 6121 ready on demand for animation 0x6405, resref WPMH4A1: 1 resources, 556860 metadata bytes
[2026-10-04 17:31:50.793] [info] Creature sprite catalog shard 6122 ready on demand for animation 0x6405, resref WPMH4A1E: 1 resources, 344348 metadata bytes
[2026-10-04 17:31:50.826] [info] Creature sprite catalog shard 6123 ready on demand for animation 0x6405, resref WPMH4A2: 1 resources, 556576 metadata bytes
[2026-10-04 17:31:50.869] [info] Creature sprite catalog shard 6124 ready on demand for animation 0x6405, resref WPMH4A2E: 1 resources, 341148 metadata bytes
[2026-10-04 17:31:50.904] [info] Creature sprite catalog shard 6125 ready on demand for animation 0x6405, resref WPMH4A3: 1 resources, 562416 metadata bytes
[2026-10-04 17:31:50.950] [info] Creature sprite catalog shard 6126 ready on demand for animation 0x6405, resref WPMH4A3E: 1 resources, 350588 metadata bytes
[2026-10-04 17:31:50.981] [info] Creature sprite catalog shard 6127 ready on demand for animation 0x6405, resref WPMH4A4: 1 resources, 559396 metadata bytes
[2026-10-04 17:31:51.026] [info] Creature sprite catalog shard 6128 ready on demand for animation 0x6405, resref WPMH4A4E: 1 resources, 343048 metadata bytes
[2026-10-04 17:31:51.056] [info] Creature sprite catalog shard 6129 ready on demand for animation 0x6405, resref WPMH4A5: 1 resources, 334632 metadata bytes
[2026-10-04 17:31:51.086] [info] Creature sprite catalog shard 6130 ready on demand for animation 0x6405, resref WPMH4A5E: 1 resources, 206916 metadata bytes
[2026-10-04 17:31:51.110] [info] Creature sprite catalog shard 6131 ready on demand for animation 0x6405, resref WPMH4A6: 1 resources, 444436 metadata bytes
[2026-10-04 17:31:51.157] [info] Creature sprite catalog shard 6132 ready on demand for animation 0x6405, resref WPMH4A6E: 1 resources, 270212 metadata bytes
[2026-10-04 17:31:51.179] [info] Creature sprite catalog shard 6133 ready on demand for animation 0x6405, resref WPMH4CA: 1 resources, 565728 metadata bytes
[2026-10-04 17:31:51.242] [info] Creature sprite catalog shard 6134 ready on demand for animation 0x6405, resref WPMH4CAE: 1 resources, 345308 metadata bytes
[2026-10-04 17:31:51.280] [info] Creature sprite catalog shard 6135 ready on demand for animation 0x6405, resref WPMH4G1: 1 resources, 1994376 metadata bytes
[2026-10-04 17:31:51.420] [info] Creature sprite catalog shard 6136 ready on demand for animation 0x6405, resref WPMH4G1E: 1 resources, 1219444 metadata bytes
[2026-10-04 17:31:51.511] [info] Creature sprite catalog shard 6137 ready on demand for animation 0x6405, resref WPMH4INV: 1 resources, 178184 metadata bytes
[2026-10-04 17:31:51.522] [info] Creature sprite catalog shard 6138 ready on demand for animation 0x6405, resref WPMH4SA: 1 resources, 229056 metadata bytes
[2026-10-04 17:31:51.543] [info] Creature sprite catalog shard 6139 ready on demand for animation 0x6405, resref WPMH4SAE: 1 resources, 135600 metadata bytes
[2026-10-04 17:31:51.559] [info] Creature sprite catalog shard 6140 ready on demand for animation 0x6405, resref WPMH4SX: 1 resources, 170236 metadata bytes
[2026-10-04 17:31:51.571] [info] Creature sprite catalog shard 6141 ready on demand for animation 0x6405, resref WPMH4SXE: 1 resources, 106212 metadata bytes
[2026-10-04 17:31:51.584] [info] Creature sprite catalog shard 6142 ready on demand for animation 0x6405, resref WPMH4W2: 1 resources, 574484 metadata bytes
[2026-10-04 17:31:51.628] [info] Creature sprite catalog shard 6143 ready on demand for animation 0x6405, resref WPMH4W2E: 1 resources, 353064 metadata bytes
[2026-10-04 17:31:51.661] [info] Creature sprite catalog shard 6144 ready on demand for animation 0x6405, resref WPMH5A1: 1 resources, 430540 metadata bytes
[2026-10-04 17:31:51.698] [info] Creature sprite catalog shard 6145 ready on demand for animation 0x6405, resref WPMH5A1E: 1 resources, 256588 metadata bytes
[2026-10-04 17:31:51.718] [info] Creature sprite catalog shard 6146 ready on demand for animation 0x6405, resref WPMH5A2: 1 resources, 428896 metadata bytes
[2026-10-04 17:31:51.759] [info] Creature sprite catalog shard 6147 ready on demand for animation 0x6405, resref WPMH5A2E: 1 resources, 251688 metadata bytes
[2026-10-04 17:31:51.793] [info] Creature sprite catalog shard 6148 ready on demand for animation 0x6405, resref WPMH5A3: 1 resources, 437036 metadata bytes
[2026-10-04 17:31:51.836] [info] Creature sprite catalog shard 6149 ready on demand for animation 0x6405, resref WPMH5A3E: 1 resources, 247828 metadata bytes
[2026-10-04 17:31:51.870] [info] Creature sprite catalog shard 6150 ready on demand for animation 0x6405, resref WPMH5A4: 1 resources, 440396 metadata bytes
[2026-10-04 17:31:51.913] [info] Creature sprite catalog shard 6151 ready on demand for animation 0x6405, resref WPMH5A4E: 1 resources, 251588 metadata bytes
[2026-10-04 17:31:51.932] [info] Creature sprite catalog shard 6152 ready on demand for animation 0x6405, resref WPMH5A5: 1 resources, 257632 metadata bytes
[2026-10-04 17:31:51.963] [info] Creature sprite catalog shard 6153 ready on demand for animation 0x6405, resref WPMH5A5E: 1 resources, 145776 metadata bytes
[2026-10-04 17:31:51.987] [info] Creature sprite catalog shard 6154 ready on demand for animation 0x6405, resref WPMH5A6: 1 resources, 348616 metadata bytes
[2026-10-04 17:31:52.016] [info] Creature sprite catalog shard 6155 ready on demand for animation 0x6405, resref WPMH5A6E: 1 resources, 201972 metadata bytes
[2026-10-04 17:31:52.037] [info] Creature sprite catalog shard 6156 ready on demand for animation 0x6405, resref WPMH5CA: 1 resources, 439684 metadata bytes
[2026-10-04 17:31:52.083] [info] Creature sprite catalog shard 6157 ready on demand for animation 0x6405, resref WPMH5CAE: 1 resources, 255888 metadata bytes
[2026-10-04 17:31:52.124] [info] Creature sprite catalog shard 6158 ready on demand for animation 0x6405, resref WPMH5G1: 1 resources, 1542256 metadata bytes
[2026-10-04 17:31:52.239] [info] Creature sprite catalog shard 6159 ready on demand for animation 0x6405, resref WPMH5G1E: 1 resources, 889384 metadata bytes
[2026-10-04 17:31:52.316] [info] Creature sprite catalog shard 6160 ready on demand for animation 0x6405, resref WPMH5INV: 1 resources, 178184 metadata bytes
[2026-10-04 17:31:52.349] [info] Creature sprite catalog shard 6161 ready on demand for animation 0x6405, resref WPMH5SA: 1 resources, 178036 metadata bytes
[2026-10-04 17:31:52.362] [info] Creature sprite catalog shard 6162 ready on demand for animation 0x6405, resref WPMH5SAE: 1 resources, 101160 metadata bytes
[2026-10-04 17:31:52.385] [info] Creature sprite catalog shard 6163 ready on demand for animation 0x6405, resref WPMH5SX: 1 resources, 135216 metadata bytes
[2026-10-04 17:31:52.402] [info] Creature sprite catalog shard 6164 ready on demand for animation 0x6405, resref WPMH5SXE: 1 resources, 78032 metadata bytes
[2026-10-04 17:31:52.416] [info] Creature sprite catalog shard 6165 ready on demand for animation 0x6405, resref WPMH5W2: 1 resources, 439024 metadata bytes
[2026-10-04 17:31:52.455] [info] Creature sprite catalog shard 6166 ready on demand for animation 0x6405, resref WPMH5W2E: 1 resources, 255804 metadata bytes
[2026-10-04 17:31:52.489] [info] Creature sprite catalog shard 6167 ready on demand for animation 0x6405, resref WPMH6A1: 1 resources, 424340 metadata bytes
[2026-10-04 17:31:52.531] [info] Creature sprite catalog shard 6168 ready on demand for animation 0x6405, resref WPMH6A1E: 1 resources, 240068 metadata bytes
[2026-10-04 17:31:52.552] [info] Creature sprite catalog shard 6169 ready on demand for animation 0x6405, resref WPMH6A2: 1 resources, 422376 metadata bytes
[2026-10-04 17:31:52.593] [info] Creature sprite catalog shard 6170 ready on demand for animation 0x6405, resref WPMH6A2E: 1 resources, 241908 metadata bytes
[2026-10-04 17:31:52.613] [info] Creature sprite catalog shard 6171 ready on demand for animation 0x6405, resref WPMH6A3: 1 resources, 426216 metadata bytes
[2026-10-04 17:31:52.655] [info] Creature sprite catalog shard 6172 ready on demand for animation 0x6405, resref WPMH6A3E: 1 resources, 244148 metadata bytes
[2026-10-04 17:31:52.689] [info] Creature sprite catalog shard 6173 ready on demand for animation 0x6405, resref WPMH6A4: 1 resources, 419696 metadata bytes
[2026-10-04 17:31:52.732] [info] Creature sprite catalog shard 6174 ready on demand for animation 0x6405, resref WPMH6A4E: 1 resources, 242948 metadata bytes
[2026-10-04 17:31:52.766] [info] Creature sprite catalog shard 6175 ready on demand for animation 0x6405, resref WPMH6A5: 1 resources, 250712 metadata bytes
[2026-10-04 17:31:52.796] [info] Creature sprite catalog shard 6176 ready on demand for animation 0x6405, resref WPMH6A5E: 1 resources, 150316 metadata bytes
[2026-10-04 17:31:52.820] [info] Creature sprite catalog shard 6177 ready on demand for animation 0x6405, resref WPMH6A6: 1 resources, 332396 metadata bytes
[2026-10-04 17:31:52.848] [info] Creature sprite catalog shard 6178 ready on demand for animation 0x6405, resref WPMH6A6E: 1 resources, 197012 metadata bytes
[2026-10-04 17:31:52.871] [info] Creature sprite catalog shard 6179 ready on demand for animation 0x6405, resref WPMH6CA: 1 resources, 413368 metadata bytes
[2026-10-04 17:31:52.916] [info] Creature sprite catalog shard 6180 ready on demand for animation 0x6405, resref WPMH6CAE: 1 resources, 252088 metadata bytes
[2026-10-04 17:31:52.942] [info] Creature sprite catalog shard 6181 ready on demand for animation 0x6405, resref WPMH6G1: 1 resources, 1499476 metadata bytes
[2026-10-04 17:31:53.062] [info] Creature sprite catalog shard 6182 ready on demand for animation 0x6405, resref WPMH6G1E: 1 resources, 866084 metadata bytes
[2026-10-04 17:31:53.139] [info] Creature sprite catalog shard 6183 ready on demand for animation 0x6405, resref WPMH6INV: 1 resources, 31304 metadata bytes
[2026-10-04 17:31:53.152] [info] Creature sprite catalog shard 6184 ready on demand for animation 0x6405, resref WPMH6SA: 1 resources, 175196 metadata bytes
[2026-10-04 17:31:53.177] [info] Creature sprite catalog shard 6185 ready on demand for animation 0x6405, resref WPMH6SAE: 1 resources, 93560 metadata bytes
[2026-10-04 17:31:53.187] [info] Creature sprite catalog shard 6186 ready on demand for animation 0x6405, resref WPMH6SX: 1 resources, 129376 metadata bytes
[2026-10-04 17:31:53.205] [info] Creature sprite catalog shard 6187 ready on demand for animation 0x6405, resref WPMH6SXE: 1 resources, 76172 metadata bytes
[2026-10-04 17:31:53.218] [info] Creature sprite catalog shard 6188 ready on demand for animation 0x6405, resref WPMH6W2: 1 resources, 444724 metadata bytes
[2026-10-04 17:31:53.261] [info] Creature sprite catalog shard 6189 ready on demand for animation 0x6405, resref WPMH6W2E: 1 resources, 241484 metadata bytes
[2026-10-04 17:31:53.293] [info] Creature sprite catalog shard 6190 ready on demand for animation 0x6405, resref WPMH7A1: 1 resources, 427908 metadata bytes
[2026-10-04 17:31:53.336] [info] Creature sprite catalog shard 6191 ready on demand for animation 0x6405, resref WPMH7A1E: 1 resources, 259540 metadata bytes
[2026-10-04 17:31:53.383] [info] Creature sprite catalog shard 6192 ready on demand for animation 0x6405, resref WPMH7A2: 1 resources, 430176 metadata bytes
[2026-10-04 17:31:53.416] [info] Creature sprite catalog shard 6193 ready on demand for animation 0x6405, resref WPMH7A2E: 1 resources, 262508 metadata bytes
[2026-10-04 17:31:53.447] [info] Creature sprite catalog shard 6194 ready on demand for animation 0x6405, resref WPMH7A3: 1 resources, 432936 metadata bytes
[2026-10-04 17:31:53.491] [info] Creature sprite catalog shard 6195 ready on demand for animation 0x6405, resref WPMH7A3E: 1 resources, 257308 metadata bytes
[2026-10-04 17:31:53.527] [info] Creature sprite catalog shard 6196 ready on demand for animation 0x6405, resref WPMH7A4: 1 resources, 434636 metadata bytes
[2026-10-04 17:31:53.568] [info] Creature sprite catalog shard 6197 ready on demand for animation 0x6405, resref WPMH7A4E: 1 resources, 252328 metadata bytes
[2026-10-04 17:31:53.601] [info] Creature sprite catalog shard 6198 ready on demand for animation 0x6405, resref WPMH7A5: 1 resources, 262252 metadata bytes
[2026-10-04 17:31:53.632] [info] Creature sprite catalog shard 6199 ready on demand for animation 0x6405, resref WPMH7A5E: 1 resources, 151556 metadata bytes
[2026-10-04 17:31:53.656] [info] Creature sprite catalog shard 6200 ready on demand for animation 0x6405, resref WPMH7A6: 1 resources, 348016 metadata bytes
[2026-10-04 17:31:53.684] [info] Creature sprite catalog shard 6201 ready on demand for animation 0x6405, resref WPMH7A6E: 1 resources, 202152 metadata bytes
[2026-10-04 17:31:53.704] [info] Creature sprite catalog shard 6202 ready on demand for animation 0x6405, resref WPMH7CA: 1 resources, 435384 metadata bytes
[2026-10-04 17:31:53.752] [info] Creature sprite catalog shard 6203 ready on demand for animation 0x6405, resref WPMH7CAE: 1 resources, 257648 metadata bytes
[2026-10-04 17:31:53.791] [info] Creature sprite catalog shard 6204 ready on demand for animation 0x6405, resref WPMH7G1: 1 resources, 1535516 metadata bytes
[2026-10-04 17:31:53.922] [info] Creature sprite catalog shard 6205 ready on demand for animation 0x6405, resref WPMH7G1E: 1 resources, 908164 metadata bytes
[2026-10-04 17:31:54.003] [info] Creature sprite catalog shard 6206 ready on demand for animation 0x6405, resref WPMH7INV: 1 resources, 39000 metadata bytes
[2026-10-04 17:31:54.015] [info] Creature sprite catalog shard 6207 ready on demand for animation 0x6405, resref WPMH7SA: 1 resources, 178016 metadata bytes
[2026-10-04 17:31:54.042] [info] Creature sprite catalog shard 6208 ready on demand for animation 0x6405, resref WPMH7SAE: 1 resources, 102080 metadata bytes
[2026-10-04 17:31:54.052] [info] Creature sprite catalog shard 6209 ready on demand for animation 0x6405, resref WPMH7SX: 1 resources, 134116 metadata bytes
[2026-10-04 17:31:54.070] [info] Creature sprite catalog shard 6210 ready on demand for animation 0x6405, resref WPMH7SXE: 1 resources, 78132 metadata bytes
[2026-10-04 17:31:54.082] [info] Creature sprite catalog shard 6211 ready on demand for animation 0x6405, resref WPMH7W2: 1 resources, 437824 metadata bytes
[2026-10-04 17:31:54.125] [info] Creature sprite catalog shard 6212 ready on demand for animation 0x6405, resref WPMH7W2E: 1 resources, 261784 metadata bytes
[2026-10-04 17:31:54.161] [info] Creature sprite catalog shard 6213 ready on demand for animation 0x6405, resref WPMHBA2: 1 resources, 1725636 metadata bytes
[2026-10-04 17:31:54.268] [info] Creature sprite catalog shard 6214 ready on demand for animation 0x6405, resref WPMHBA2E: 1 resources, 945828 metadata bytes
[2026-10-04 17:31:54.331] [info] Creature sprite catalog shard 6215 ready on demand for animation 0x6405, resref WPMHBA4: 1 resources, 1341576 metadata bytes
[2026-10-04 17:31:54.416] [info] Creature sprite catalog shard 6216 ready on demand for animation 0x6405, resref WPMHBA4E: 1 resources, 899248 metadata bytes
[2026-10-04 17:31:54.481] [info] Creature sprite catalog shard 6217 ready on demand for animation 0x6405, resref WPMHBA6: 1 resources, 1186116 metadata bytes
[2026-10-04 17:31:54.559] [info] Creature sprite catalog shard 6218 ready on demand for animation 0x6405, resref WPMHBA6E: 1 resources, 781852 metadata bytes
[2026-10-04 17:31:54.624] [info] Creature sprite catalog shard 6219 ready on demand for animation 0x6405, resref WPMHBG1: 1 resources, 4949296 metadata bytes
[2026-10-04 17:31:54.917] [info] Creature sprite catalog shard 6220 ready on demand for animation 0x6405, resref WPMHBG1E: 1 resources, 3303824 metadata bytes
[2026-10-04 17:31:55.103] [info] Creature sprite catalog shard 6221 ready on demand for animation 0x6405, resref WPMHBINV: 1 resources, 90504 metadata bytes
[2026-10-04 17:31:55.118] [info] Creature sprite catalog shard 6222 ready on demand for animation 0x6405, resref WPMHBW2: 1 resources, 1267544 metadata bytes
[2026-10-04 17:31:55.200] [info] Creature sprite catalog shard 6223 ready on demand for animation 0x6405, resref WPMHBW2E: 1 resources, 1107604 metadata bytes
[2026-10-04 17:31:55.277] [info] Creature sprite catalog shard 6224 ready on demand for animation 0x6405, resref WPMJ0A1: 1 resources, 427220 metadata bytes
[2026-10-04 17:31:55.312] [info] Creature sprite catalog shard 6225 ready on demand for animation 0x6405, resref WPMJ0A1E: 1 resources, 259208 metadata bytes
{"resources":128,"frames":5364,"native_cycle_slots":18639,"decoded_pixels":111934296,"palette_encodings":3,"K":6,"passed":true}
