[2026-10-04 17:31:59.914] [info] Creature sprite xBR catalog ready: scale=x2, 147 animations, 6688 components, 6688 resources, 1686325 frames, 5470240480 index bytes across 6688 lazy content-addressed shards; catalog-version=V2; 55318 authenticated directory entries; source=CreatureSprites-XN.catalog; filter=NEAREST; index cache budget=128 MiB; metadata cache budget=128 MiB; shard validation=background-on-demand
[2026-10-04 17:31:59.920] [info] Creature sprite catalog shard 6354 ready on demand for animation 0x6405, resref WPMJ5G1E: 1 resources, 889384 metadata bytes
[2026-10-04 17:31:59.985] [info] Creature sprite catalog shard 6355 ready on demand for animation 0x6405, resref WPMJ5INV: 1 resources, 178184 metadata bytes
[2026-10-04 17:32:00.001] [info] Creature sprite catalog shard 6356 ready on demand for animation 0x6405, resref WPMJ5SA: 1 resources, 178036 metadata bytes
[2026-10-04 17:32:00.019] [info] Creature sprite catalog shard 6357 ready on demand for animation 0x6405, resref WPMJ5SAE: 1 resources, 101160 metadata bytes
[2026-10-04 17:32:00.029] [info] Creature sprite catalog shard 6358 ready on demand for animation 0x6405, resref WPMJ5SX: 1 resources, 135216 metadata bytes
[2026-10-04 17:32:00.046] [info] Creature sprite catalog shard 6359 ready on demand for animation 0x6405, resref WPMJ5SXE: 1 resources, 78032 metadata bytes
[2026-10-04 17:32:00.061] [info] Creature sprite catalog shard 6360 ready on demand for animation 0x6405, resref WPMJ5W2: 1 resources, 439024 metadata bytes
[2026-10-04 17:32:00.096] [info] Creature sprite catalog shard 6361 ready on demand for animation 0x6405, resref WPMJ5W2E: 1 resources, 255804 metadata bytes
[2026-10-04 17:32:00.118] [info] Creature sprite catalog shard 6362 ready on demand for animation 0x6405, resref WPMJ6A1: 1 resources, 427220 metadata bytes
[2026-10-04 17:32:00.159] [info] Creature sprite catalog shard 6363 ready on demand for animation 0x6405, resref WPMJ6A1E: 1 resources, 259208 metadata bytes
[2026-10-04 17:32:00.180] [info] Creature sprite catalog shard 6364 ready on demand for animation 0x6405, resref WPMJ6A2: 1 resources, 430176 metadata bytes
[2026-10-04 17:32:00.220] [info] Creature sprite catalog shard 6365 ready on demand for animation 0x6405, resref WPMJ6A2E: 1 resources, 262508 metadata bytes
[2026-10-04 17:32:00.243] [info] Creature sprite catalog shard 6366 ready on demand for animation 0x6405, resref WPMJ6A3: 1 resources, 432936 metadata bytes
[2026-10-04 17:32:00.284] [info] Creature sprite catalog shard 6367 ready on demand for animation 0x6405, resref WPMJ6A3E: 1 resources, 257308 metadata bytes
[2026-10-04 17:32:00.304] [info] Creature sprite catalog shard 6368 ready on demand for animation 0x6405, resref WPMJ6A4: 1 resources, 434636 metadata bytes
[2026-10-04 17:32:00.346] [info] Creature sprite catalog shard 6369 ready on demand for animation 0x6405, resref WPMJ6A4E: 1 resources, 252328 metadata bytes
[2026-10-04 17:32:00.365] [info] Creature sprite catalog shard 6370 ready on demand for animation 0x6405, resref WPMJ6A5: 1 resources, 262252 metadata bytes
[2026-10-04 17:32:00.396] [info] Creature sprite catalog shard 6371 ready on demand for animation 0x6405, resref WPMJ6A5E: 1 resources, 151556 metadata bytes
[2026-10-04 17:32:00.421] [info] Creature sprite catalog shard 6372 ready on demand for animation 0x6405, resref WPMJ6A6: 1 resources, 348016 metadata bytes
[2026-10-04 17:32:00.449] [info] Creature sprite catalog shard 6373 ready on demand for animation 0x6405, resref WPMJ6A6E: 1 resources, 202152 metadata bytes
[2026-10-04 17:32:00.472] [info] Creature sprite catalog shard 6374 ready on demand for animation 0x6405, resref WPMJ6CA: 1 resources, 435384 metadata bytes
[2026-10-04 17:32:00.517] [info] Creature sprite catalog shard 6375 ready on demand for animation 0x6405, resref WPMJ6CAE: 1 resources, 257648 metadata bytes
[2026-10-04 17:32:00.542] [info] Creature sprite catalog shard 6376 ready on demand for animation 0x6405, resref WPMJ6G1: 1 resources, 1535516 metadata bytes
[2026-10-04 17:32:00.653] [info] Creature sprite catalog shard 6377 ready on demand for animation 0x6405, resref WPMJ6G1E: 1 resources, 908164 metadata bytes
[2026-10-04 17:32:00.716] [info] Creature sprite catalog shard 6378 ready on demand for animation 0x6405, resref WPMJ6INV: 1 resources, 178184 metadata bytes
[2026-10-04 17:32:00.728] [info] Creature sprite catalog shard 6379 ready on demand for animation 0x6405, resref WPMJ6SA: 1 resources, 178016 metadata bytes
[2026-10-04 17:32:00.747] [info] Creature sprite catalog shard 6380 ready on demand for animation 0x6405, resref WPMJ6SAE: 1 resources, 102080 metadata bytes
[2026-10-04 17:32:00.758] [info] Creature sprite catalog shard 6381 ready on demand for animation 0x6405, resref WPMJ6SX: 1 resources, 134116 metadata bytes
[2026-10-04 17:32:00.778] [info] Creature sprite catalog shard 6382 ready on demand for animation 0x6405, resref WPMJ6SXE: 1 resources, 78132 metadata bytes
[2026-10-04 17:32:00.788] [info] Creature sprite catalog shard 6383 ready on demand for animation 0x6405, resref WPMJ6W2: 1 resources, 437824 metadata bytes
[2026-10-04 17:32:00.826] [info] Creature sprite catalog shard 6384 ready on demand for animation 0x6405, resref WPMJ6W2E: 1 resources, 261784 metadata bytes
[2026-10-04 17:32:00.847] [info] Creature sprite catalog shard 6385 ready on demand for animation 0x6405, resref WPMJ7A1: 1 resources, 422600 metadata bytes
[2026-10-04 17:32:00.887] [info] Creature sprite catalog shard 6386 ready on demand for animation 0x6405, resref WPMJ7A1E: 1 resources, 236008 metadata bytes
[2026-10-04 17:32:00.907] [info] Creature sprite catalog shard 6387 ready on demand for animation 0x6405, resref WPMJ7A2: 1 resources, 425096 metadata bytes
[2026-10-04 17:32:00.949] [info] Creature sprite catalog shard 6388 ready on demand for animation 0x6405, resref WPMJ7A2E: 1 resources, 230208 metadata bytes
[2026-10-04 17:32:00.970] [info] Creature sprite catalog shard 6389 ready on demand for animation 0x6405, resref WPMJ7A3: 1 resources, 415436 metadata bytes
[2026-10-04 17:32:01.010] [info] Creature sprite catalog shard 6390 ready on demand for animation 0x6405, resref WPMJ7A3E: 1 resources, 237928 metadata bytes
[2026-10-04 17:32:01.031] [info] Creature sprite catalog shard 6391 ready on demand for animation 0x6405, resref WPMJ7A4: 1 resources, 421556 metadata bytes
[2026-10-04 17:32:01.073] [info] Creature sprite catalog shard 6392 ready on demand for animation 0x6405, resref WPMJ7A4E: 1 resources, 244168 metadata bytes
[2026-10-04 17:32:01.093] [info] Creature sprite catalog shard 6393 ready on demand for animation 0x6405, resref WPMJ7A5: 1 resources, 250592 metadata bytes
[2026-10-04 17:32:01.131] [info] Creature sprite catalog shard 6394 ready on demand for animation 0x6405, resref WPMJ7A5E: 1 resources, 144956 metadata bytes
[2026-10-04 17:32:01.149] [info] Creature sprite catalog shard 6395 ready on demand for animation 0x6405, resref WPMJ7A6: 1 resources, 333256 metadata bytes
[2026-10-04 17:32:01.179] [info] Creature sprite catalog shard 6396 ready on demand for animation 0x6405, resref WPMJ7A6E: 1 resources, 188872 metadata bytes
[2026-10-04 17:32:01.197] [info] Creature sprite catalog shard 6397 ready on demand for animation 0x6405, resref WPMJ7CA: 1 resources, 414748 metadata bytes
[2026-10-04 17:32:01.226] [info] Creature sprite catalog shard 6398 ready on demand for animation 0x6405, resref WPMJ7CAE: 1 resources, 240408 metadata bytes
[2026-10-04 17:32:01.252] [info] Creature sprite catalog shard 6399 ready on demand for animation 0x6405, resref WPMJ7G1: 1 resources, 1490316 metadata bytes
[2026-10-04 17:32:01.374] [info] Creature sprite catalog shard 6400 ready on demand for animation 0x6405, resref WPMJ7G1E: 1 resources, 842464 metadata bytes
[2026-10-04 17:32:01.441] [info] Creature sprite catalog shard 6401 ready on demand for animation 0x6405, resref WPMJ7INV: 1 resources, 48304 metadata bytes
[2026-10-04 17:32:01.449] [info] Creature sprite catalog shard 6402 ready on demand for animation 0x6405, resref WPMJ7SA: 1 resources, 181256 metadata bytes
[2026-10-04 17:32:01.474] [info] Creature sprite catalog shard 6403 ready on demand for animation 0x6405, resref WPMJ7SAE: 1 resources, 89400 metadata bytes
[2026-10-04 17:32:01.484] [info] Creature sprite catalog shard 6404 ready on demand for animation 0x6405, resref WPMJ7SX: 1 resources, 129116 metadata bytes
[2026-10-04 17:32:01.501] [info] Creature sprite catalog shard 6405 ready on demand for animation 0x6405, resref WPMJ7SXE: 1 resources, 74492 metadata bytes
[2026-10-04 17:32:01.514] [info] Creature sprite catalog shard 6406 ready on demand for animation 0x6405, resref WPMJ7W2: 1 resources, 427144 metadata bytes
[2026-10-04 17:32:01.553] [info] Creature sprite catalog shard 6407 ready on demand for animation 0x6405, resref WPMJ7W2E: 1 resources, 224284 metadata bytes
[2026-10-04 17:32:01.587] [info] Creature sprite catalog shard 6408 ready on demand for animation 0x6405, resref WPMJ8A1: 1 resources, 404960 metadata bytes
[2026-10-04 17:32:01.630] [info] Creature sprite catalog shard 6409 ready on demand for animation 0x6405, resref WPMJ8A1E: 1 resources, 252668 metadata bytes
[2026-10-04 17:32:01.651] [info] Creature sprite catalog shard 6410 ready on demand for animation 0x6405, resref WPMJ8A2: 1 resources, 404716 metadata bytes
[2026-10-04 17:32:01.693] [info] Creature sprite catalog shard 6411 ready on demand for animation 0x6405, resref WPMJ8A2E: 1 resources, 253388 metadata bytes
[2026-10-04 17:32:01.731] [info] Creature sprite catalog shard 6412 ready on demand for animation 0x6405, resref WPMJ8A3: 1 resources, 397316 metadata bytes
[2026-10-04 17:32:01.770] [info] Creature sprite catalog shard 6413 ready on demand for animation 0x6405, resref WPMJ8A3E: 1 resources, 264108 metadata bytes
[2026-10-04 17:32:01.789] [info] Creature sprite catalog shard 6414 ready on demand for animation 0x6405, resref WPMJ8A4: 1 resources, 406216 metadata bytes
[2026-10-04 17:32:01.830] [info] Creature sprite catalog shard 6415 ready on demand for animation 0x6405, resref WPMJ8A4E: 1 resources, 259388 metadata bytes
[2026-10-04 17:32:01.851] [info] Creature sprite catalog shard 6416 ready on demand for animation 0x6405, resref WPMJ8A5: 1 resources, 244492 metadata bytes
[2026-10-04 17:32:01.888] [info] Creature sprite catalog shard 6417 ready on demand for animation 0x6405, resref WPMJ8A5E: 1 resources, 154476 metadata bytes
[2026-10-04 17:32:01.907] [info] Creature sprite catalog shard 6418 ready on demand for animation 0x6405, resref WPMJ8A6: 1 resources, 322616 metadata bytes
[2026-10-04 17:32:01.932] [info] Creature sprite catalog shard 6419 ready on demand for animation 0x6405, resref WPMJ8A6E: 1 resources, 204612 metadata bytes
[2026-10-04 17:32:01.956] [info] Creature sprite catalog shard 6420 ready on demand for animation 0x6405, resref WPMJ8CA: 1 resources, 406168 metadata bytes
[2026-10-04 17:32:02.000] [info] Creature sprite catalog shard 6421 ready on demand for animation 0x6405, resref WPMJ8CAE: 1 resources, 258288 metadata bytes
[2026-10-04 17:32:02.028] [info] Creature sprite catalog shard 6422 ready on demand for animation 0x6405, resref WPMJ8G1: 1 resources, 1437316 metadata bytes
[2026-10-04 17:32:02.140] [info] Creature sprite catalog shard 6423 ready on demand for animation 0x6405, resref WPMJ8G1E: 1 resources, 909024 metadata bytes
[2026-10-04 17:32:02.206] [info] Creature sprite catalog shard 6424 ready on demand for animation 0x6405, resref WPMJ8INV: 1 resources, 47744 metadata bytes
[2026-10-04 17:32:02.222] [info] Creature sprite catalog shard 6425 ready on demand for animation 0x6405, resref WPMJ8SA: 1 resources, 167636 metadata bytes
[2026-10-04 17:32:02.247] [info] Creature sprite catalog shard 6426 ready on demand for animation 0x6405, resref WPMJ8SAE: 1 resources, 101500 metadata bytes
[2026-10-04 17:32:02.259] [info] Creature sprite catalog shard 6427 ready on demand for animation 0x6405, resref WPMJ8SX: 1 resources, 124356 metadata bytes
[2026-10-04 17:32:02.276] [info] Creature sprite catalog shard 6428 ready on demand for animation 0x6405, resref WPMJ8SXE: 1 resources, 79112 metadata bytes
[2026-10-04 17:32:02.290] [info] Creature sprite catalog shard 6429 ready on demand for animation 0x6405, resref WPMJ8W2: 1 resources, 404904 metadata bytes
[2026-10-04 17:32:02.327] [info] Creature sprite catalog shard 6430 ready on demand for animation 0x6405, resref WPMJ8W2E: 1 resources, 254824 metadata bytes
[2026-10-04 17:32:02.349] [info] Creature sprite catalog shard 6431 ready on demand for animation 0x6405, resref WPMJ9A1: 1 resources, 430540 metadata bytes
[2026-10-04 17:32:02.392] [info] Creature sprite catalog shard 6432 ready on demand for animation 0x6405, resref WPMJ9A1E: 1 resources, 256588 metadata bytes
[2026-10-04 17:32:02.425] [info] Creature sprite catalog shard 6433 ready on demand for animation 0x6405, resref WPMJ9A2: 1 resources, 428896 metadata bytes
[2026-10-04 17:32:02.468] [info] Creature sprite catalog shard 6434 ready on demand for animation 0x6405, resref WPMJ9A2E: 1 resources, 251688 metadata bytes
[2026-10-04 17:32:02.502] [info] Creature sprite catalog shard 6435 ready on demand for animation 0x6405, resref WPMJ9A3: 1 resources, 437036 metadata bytes
[2026-10-04 17:32:02.545] [info] Creature sprite catalog shard 6436 ready on demand for animation 0x6405, resref WPMJ9A3E: 1 resources, 247828 metadata bytes
[2026-10-04 17:32:02.579] [info] Creature sprite catalog shard 6437 ready on demand for animation 0x6405, resref WPMJ9A4: 1 resources, 440396 metadata bytes
[2026-10-04 17:32:02.632] [info] Creature sprite catalog shard 6438 ready on demand for animation 0x6405, resref WPMJ9A4E: 1 resources, 251588 metadata bytes
[2026-10-04 17:32:02.654] [info] Creature sprite catalog shard 6439 ready on demand for animation 0x6405, resref WPMJ9A5: 1 resources, 257632 metadata bytes
[2026-10-04 17:32:02.685] [info] Creature sprite catalog shard 6440 ready on demand for animation 0x6405, resref WPMJ9A5E: 1 resources, 145776 metadata bytes
[2026-10-04 17:32:02.710] [info] Creature sprite catalog shard 6441 ready on demand for animation 0x6405, resref WPMJ9A6: 1 resources, 348616 metadata bytes
[2026-10-04 17:32:02.754] [info] Creature sprite catalog shard 6442 ready on demand for animation 0x6405, resref WPMJ9A6E: 1 resources, 201972 metadata bytes
[2026-10-04 17:32:02.778] [info] Creature sprite catalog shard 6443 ready on demand for animation 0x6405, resref WPMJ9CA: 1 resources, 439684 metadata bytes
[2026-10-04 17:32:02.822] [info] Creature sprite catalog shard 6444 ready on demand for animation 0x6405, resref WPMJ9CAE: 1 resources, 255888 metadata bytes
[2026-10-04 17:32:02.864] [info] Creature sprite catalog shard 6445 ready on demand for animation 0x6405, resref WPMJ9G1: 1 resources, 1542256 metadata bytes
[2026-10-04 17:32:02.984] [info] Creature sprite catalog shard 6446 ready on demand for animation 0x6405, resref WPMJ9G1E: 1 resources, 889384 metadata bytes
[2026-10-04 17:32:03.064] [info] Creature sprite catalog shard 6447 ready on demand for animation 0x6405, resref WPMJ9INV: 1 resources, 42704 metadata bytes
[2026-10-04 17:32:03.083] [info] Creature sprite catalog shard 6448 ready on demand for animation 0x6405, resref WPMJ9SA: 1 resources, 178036 metadata bytes
[2026-10-04 17:32:03.098] [info] Creature sprite catalog shard 6449 ready on demand for animation 0x6405, resref WPMJ9SAE: 1 resources, 101160 metadata bytes
[2026-10-04 17:32:03.109] [info] Creature sprite catalog shard 6450 ready on demand for animation 0x6405, resref WPMJ9SX: 1 resources, 135216 metadata bytes
[2026-10-04 17:32:03.125] [info] Creature sprite catalog shard 6451 ready on demand for animation 0x6405, resref WPMJ9SXE: 1 resources, 78032 metadata bytes
[2026-10-04 17:32:03.138] [info] Creature sprite catalog shard 6452 ready on demand for animation 0x6405, resref WPMJ9W2: 1 resources, 439024 metadata bytes
[2026-10-04 17:32:03.182] [info] Creature sprite catalog shard 6453 ready on demand for animation 0x6405, resref WPMJ9W2E: 1 resources, 255804 metadata bytes
[2026-10-04 17:32:03.217] [info] Creature sprite catalog shard 6454 ready on demand for animation 0x6405, resref WPMJAA1: 1 resources, 556860 metadata bytes
[2026-10-04 17:32:03.266] [info] Creature sprite catalog shard 6455 ready on demand for animation 0x6405, resref WPMJAA1E: 1 resources, 344348 metadata bytes
[2026-10-04 17:32:03.298] [info] Creature sprite catalog shard 6456 ready on demand for animation 0x6405, resref WPMJAA2: 1 resources, 556576 metadata bytes
[2026-10-04 17:32:03.345] [info] Creature sprite catalog shard 6457 ready on demand for animation 0x6405, resref WPMJAA2E: 1 resources, 341148 metadata bytes
[2026-10-04 17:32:03.376] [info] Creature sprite catalog shard 6458 ready on demand for animation 0x6405, resref WPMJAA3: 1 resources, 562416 metadata bytes
[2026-10-04 17:32:03.419] [info] Creature sprite catalog shard 6459 ready on demand for animation 0x6405, resref WPMJAA3E: 1 resources, 350588 metadata bytes
[2026-10-04 17:32:03.451] [info] Creature sprite catalog shard 6460 ready on demand for animation 0x6405, resref WPMJAA4: 1 resources, 559396 metadata bytes
[2026-10-04 17:32:03.499] [info] Creature sprite catalog shard 6461 ready on demand for animation 0x6405, resref WPMJAA4E: 1 resources, 343048 metadata bytes
[2026-10-04 17:32:03.530] [info] Creature sprite catalog shard 6462 ready on demand for animation 0x6405, resref WPMJAA5: 1 resources, 334632 metadata bytes
[2026-10-04 17:32:03.560] [info] Creature sprite catalog shard 6463 ready on demand for animation 0x6405, resref WPMJAA5E: 1 resources, 206916 metadata bytes
[2026-10-04 17:32:03.582] [info] Creature sprite catalog shard 6464 ready on demand for animation 0x6405, resref WPMJAA6: 1 resources, 444436 metadata bytes
[2026-10-04 17:32:03.630] [info] Creature sprite catalog shard 6465 ready on demand for animation 0x6405, resref WPMJAA6E: 1 resources, 270212 metadata bytes
[2026-10-04 17:32:03.666] [info] Creature sprite catalog shard 6466 ready on demand for animation 0x6405, resref WPMJACA: 1 resources, 565728 metadata bytes
[2026-10-04 17:32:03.719] [info] Creature sprite catalog shard 6467 ready on demand for animation 0x6405, resref WPMJACAE: 1 resources, 345308 metadata bytes
[2026-10-04 17:32:03.758] [info] Creature sprite catalog shard 6468 ready on demand for animation 0x6405, resref WPMJAG1: 1 resources, 1994376 metadata bytes
[2026-10-04 17:32:03.919] [info] Creature sprite catalog shard 6469 ready on demand for animation 0x6405, resref WPMJAG1E: 1 resources, 1219444 metadata bytes
[2026-10-04 17:32:04.012] [info] Creature sprite catalog shard 6470 ready on demand for animation 0x6405, resref WPMJAINV: 1 resources, 58664 metadata bytes
[2026-10-04 17:32:04.019] [info] Creature sprite catalog shard 6471 ready on demand for animation 0x6405, resref WPMJASA: 1 resources, 229056 metadata bytes
[2026-10-04 17:32:04.047] [info] Creature sprite catalog shard 6472 ready on demand for animation 0x6405, resref WPMJASAE: 1 resources, 135600 metadata bytes
[2026-10-04 17:32:04.071] [info] Creature sprite catalog shard 6473 ready on demand for animation 0x6405, resref WPMJASX: 1 resources, 170236 metadata bytes
[2026-10-04 17:32:04.088] [info] Creature sprite catalog shard 6474 ready on demand for animation 0x6405, resref WPMJASXE: 1 resources, 106212 metadata bytes
[2026-10-04 17:32:04.101] [info] Creature sprite catalog shard 6475 ready on demand for animation 0x6405, resref WPMJAW2: 1 resources, 574484 metadata bytes
[2026-10-04 17:32:04.149] [info] Creature sprite catalog shard 6476 ready on demand for animation 0x6405, resref WPMJAW2E: 1 resources, 353064 metadata bytes
[2026-10-04 17:32:04.178] [info] Creature sprite catalog shard 6477 ready on demand for animation 0x6405, resref WPMJBA1: 1 resources, 109800 metadata bytes
[2026-10-04 17:32:04.201] [info] Creature sprite catalog shard 6478 ready on demand for animation 0x6405, resref WPMJBA1E: 1 resources, 66928 metadata bytes
[2026-10-04 17:32:04.225] [info] Creature sprite catalog shard 6479 ready on demand for animation 0x6405, resref WPMJBA2: 1 resources, 109476 metadata bytes
[2026-10-04 17:32:04.247] [info] Creature sprite catalog shard 6480 ready on demand for animation 0x6405, resref WPMJBA2E: 1 resources, 66588 metadata bytes
[2026-10-04 17:32:04.271] [info] Creature sprite catalog shard 6481 ready on demand for animation 0x6405, resref WPMJBA3: 1 resources, 109476 metadata bytes
{"resources":128,"frames":5146,"native_cycle_slots":17510,"decoded_pixels":70939872,"palette_encodings":3,"K":6,"passed":true}
