[2026-10-01 22:36:35.843] [warning] WATER_ROUTE2 registry rejected wed=AR0900 overlay=WTLAKE slot=1
[2026-10-01 22:36:35.843] [warning] WATER_ROUTE2 registry has no validated entry; native q=0 fallback is active
[2026-10-01 22:36:36.165] [info] Creature sprite xBR catalog ready: scale=x4, 2 animations, 1312 components, 1312 resources, 358697 frames, 7654573968 index bytes across 1312 lazy content-addressed shards; catalog-version=V2; 1312 authenticated directory entries; source=CreatureSprites-XN.catalog; filter=BOX/NEAREST; index cache budget=128 MiB; metadata cache budget=128 MiB; shard validation=background-on-demand
[2026-10-01 22:36:36.165] [info] P4_SPRITE_PROBE enabled: target=0x6110, period=1s, maxRows=7200, CSV=G:\AI\BG2_Upscale\sprite\families\playable-characters\6110-human-female-fighter\research\palette-q3m-p4-filters-20261001-v1\captures\box\p4-20261001T203636-1790886996165582.csv
[2026-10-01 22:36:36.180] [warning] RenderTexture prologue is detoured (likely EEex); recovered at reference RVA 0x4257C0 by verifying the un-patched pattern tail
[2026-10-01 22:36:36.637] [info] DrawColorTone hook installed
[2026-10-01 22:36:50.389] [info] Composing creature sprite CHFB1G12 animation=0x6110 frame 198 as Character composite layer 1/3: scale=x4, BAM logical 23x62, final bordered texture 121x96 physical 484x384 via transient replacement id 29 (BOX/NEAREST, delete-pending after queued draw)
[2026-10-01 22:36:50.389] [info] Composing creature sprite WQNJ8G1 animation=0x6110 frame 198 as Character composite layer 2/3: scale=x4, BAM logical 52x54, final bordered texture 121x96 physical 484x384 via transient replacement id 29 (BOX/NEAREST, delete-pending after queued draw)
[2026-10-01 22:36:50.389] [info] Composing creature sprite WQNFSG1 animation=0x6110 frame 326 as Character composite layer 3/3: scale=x4, BAM logical 98x86, final bordered texture 121x96 physical 484x384 via transient replacement id 29 (BOX/NEAREST, delete-pending after queued draw)
[2026-10-01 22:36:52.591] [info] Composing creature sprite CHFB1G17 animation=0x6110 frame 241 as Character composite layer 1/3: scale=x4, BAM logical 20x63, final bordered texture 120x97 physical 480x388 via transient replacement id 78 (BOX/NEAREST, delete-pending after queued draw)
[2026-10-01 22:38:56.401] [info] Composing creature sprite CHFB1G18 animation=0x6110 frame 251 as Character composite layer 1/3: scale=x4, BAM logical 20x63, final bordered texture 120x97 physical 480x388 via transient replacement id 126 (BOX/NEAREST, delete-pending after queued draw)
[2026-10-01 22:38:58.474] [info] Composing creature sprite CHFB1G1 animation=0x6110 frame 200 as Character composite layer 1/3: scale=x4, BAM logical 23x61, final bordered texture 118x99 physical 472x396 via transient replacement id 126 (BOX/NEAREST, delete-pending after queued draw)
[2026-10-01 22:38:58.523] [info] Composing creature sprite CHFB1G11 animation=0x6110 frame 232 as Character composite layer 1/3: scale=x4, BAM logical 17x63, final bordered texture 121x97 physical 484x388 via transient replacement id 126 (BOX/NEAREST, delete-pending after queued draw)
[2026-10-01 22:38:59.579] [info] Native occlusion phase0: owner=Character instance=0x70F75AB0 subject=0x6110, clip_calls=1 successful_clip_calls=1, native_clip=present infinity=0x6D592998 at (1928,2733,z=0) fx_rect=0x15AD30 clip_rect=0x15AD80 dither=1 clip_flags=0x8030094 result=1, final_draw=(668,190) logical=123x97 draw_flags=0x8030095 native_texture=1 replacement=creature-sprite
[2026-10-01 22:38:59.645] [info] Native occlusion phase0: owner=Character instance=0x70F75AB0 subject=0x6110, clip_calls=1 successful_clip_calls=1, native_clip=present infinity=0x6D592998 at (1933,2727,z=0) fx_rect=0x15AD30 clip_rect=0x15AD80 dither=1 clip_flags=0x8030094 result=1, final_draw=(674,184) logical=122x101 draw_flags=0x8030095 native_texture=1 replacement=creature-sprite
[2026-10-01 22:38:59.711] [info] Native occlusion phase0: owner=Character instance=0x70F75AB0 subject=0x6110, clip_calls=1 successful_clip_calls=1, native_clip=present infinity=0x6D592998 at (1937,2722,z=0) fx_rect=0x15AD30 clip_rect=0x15AD80 dither=1 clip_flags=0x8030094 result=1, final_draw=(678,179) logical=122x102 draw_flags=0x8030095 native_texture=1 replacement=creature-sprite
[2026-10-01 22:39:00.710] [warning] Registered creature CVidCell frame could not be resolved: owner=CGameAnimationTypeCharacter, animation=0x6110, resref=CHFB1G11, sequence=6, slot=-1; native rendering retained
[2026-10-01 22:39:04.177] [info] Native occlusion phase0: owner=Character instance=0x70F75AB0 subject=0x6110, clip_calls=1 successful_clip_calls=1, native_clip=present infinity=0x6D592998 at (1589,2728,z=0) fx_rect=0x15AD30 clip_rect=0x15AD80 dither=1 clip_flags=0x8030084 result=1, final_draw=(448,184) logical=123x97 draw_flags=0x8030085 native_texture=1 replacement=creature-sprite
[2026-10-01 22:39:04.244] [info] Native occlusion phase0: owner=Character instance=0x70F75AB0 subject=0x6110, clip_calls=1 successful_clip_calls=1, native_clip=present infinity=0x6D592998 at (1581,2724,z=0) fx_rect=0x15AD30 clip_rect=0x15AD80 dither=1 clip_flags=0x8030084 result=1, final_draw=(440,180) logical=123x99 draw_flags=0x8030085 native_texture=1 replacement=creature-sprite
[2026-10-01 22:39:04.311] [info] Native occlusion phase0: owner=Character instance=0x70F75AB0 subject=0x6110, clip_calls=1 successful_clip_calls=1, native_clip=present infinity=0x6D592998 at (1574,2720,z=0) fx_rect=0x15AD30 clip_rect=0x15AD80 dither=1 clip_flags=0x8030084 result=1, final_draw=(433,176) logical=123x100 draw_flags=0x8030085 native_texture=1 replacement=creature-sprite
